$ git checkout master
Already on "master"
$ git reset --hard stable
HEAD is now at 332edc2 Merge branch 'release' of git://git.kernel.org/pub/scm/linux/kernel/git/lenb/linux-acpi-2.6
Merging origin/master
$ git merge origin/master
Updating 332edc2..f8d56f1
Fast forward
 Documentation/DocBook/deviceiobook.tmpl      |    2 +-
 Documentation/DocBook/kernel-api.tmpl        |   10 +-
 Documentation/DocBook/kernel-hacking.tmpl    |    4 +-
 Documentation/DocBook/mcabook.tmpl           |    2 +-
 Documentation/hwmon/lm90                     |    2 +-
 Documentation/input/elantech.txt             |  405 ++++++++
 Makefile                                     |    6 +-
 arch/arm/Kconfig                             |    9 +-
 arch/arm/Makefile                            |    2 +-
 arch/arm/configs/corgi_defconfig             | 1396 ++++++++++++++++----------
 arch/arm/configs/msm_defconfig               |    2 +-
 arch/arm/configs/spitz_defconfig             | 1294 +++++++++++++++---------
 arch/arm/include/asm/div64.h                 |    6 +-
 arch/arm/mach-at91/gpio.c                    |    1 +
 arch/arm/mach-kirkwood/Makefile              |    2 +-
 arch/arm/mach-msm/Kconfig                    |   17 +-
 arch/arm/mach-msm/Makefile                   |    7 +-
 arch/arm/mach-msm/board-halibut.c            |   38 +-
 arch/arm/mach-msm/clock-7x01a.c              |  126 +++
 arch/arm/mach-msm/clock.c                    |  218 ++++
 arch/arm/mach-msm/clock.h                    |   48 +
 arch/arm/mach-msm/common.c                   |  116 ---
 arch/arm/mach-msm/devices.c                  |  267 +++++
 arch/arm/mach-msm/devices.h                  |   36 +
 arch/arm/mach-msm/dma.c                      |   72 +-
 arch/arm/mach-msm/include/mach/board.h       |    1 +
 arch/arm/mach-msm/include/mach/debug-macro.S |    8 +-
 arch/arm/mach-msm/include/mach/dma.h         |   24 +-
 arch/arm/mach-msm/include/mach/msm_iomap.h   |   69 +-
 arch/arm/mach-msm/include/mach/vreg.h        |   29 +
 arch/arm/mach-msm/io.c                       |   12 +-
 arch/arm/mach-msm/irq.c                      |   10 +-
 arch/arm/mach-msm/proc_comm.c                |  110 ++
 arch/arm/mach-msm/proc_comm.h                |  165 +++
 arch/arm/mach-msm/timer.c                    |    2 +-
 arch/arm/mach-msm/vreg.c                     |  143 +++
 arch/arm/mach-pxa/Kconfig                    |    8 +
 arch/arm/mach-pxa/Makefile                   |    1 +
 arch/arm/mach-pxa/corgi_lcd.c                |  289 ++++++
 arch/arm/mach-pxa/corgi_ssp.c                |  276 +++++
 arch/arm/mach-pxa/include/mach/corgi.h       |    1 +
 arch/arm/mach-pxa/include/mach/spitz.h       |    1 +
 arch/arm/mach-pxa/include/mach/tosa.h        |    3 +
 arch/arm/mach-pxa/sharpsl_pm.c               |   17 +-
 arch/arm/mach-pxa/tosa.c                     |   21 +-
 arch/arm/mm/Kconfig                          |    4 +-
 arch/arm/mm/proc-v7.S                        |    4 +-
 arch/mips/include/asm/txx9/tx4938.h          |   13 +
 arch/mips/txx9/generic/setup_tx4938.c        |   47 +
 arch/mips/txx9/rbtx4938/setup.c              |    1 +
 arch/sparc/kernel/apc.c                      |    2 +-
 arch/sparc/kernel/head.S                     |    1 +
 arch/sparc64/kernel/trampoline.S             |   18 +-
 drivers/Makefile                             |    2 +-
 drivers/acpi/button.c                        |    3 +-
 drivers/acpi/processor_perflib.c             |    5 +
 drivers/acpi/sleep/main.c                    |    2 +
 drivers/acpi/toshiba_acpi.c                  |    2 +
 drivers/ata/libata-core.c                    |   66 +--
 drivers/ata/libata-scsi.c                    |   14 +-
 drivers/ata/libata.h                         |   19 +-
 drivers/char/amiserial.c                     |    6 +-
 drivers/dma/ioat_dma.c                       |    7 +-
 drivers/hid/Kconfig                          |    2 -
 drivers/hid/hid-apple.c                      |   63 +-
 drivers/hid/hid-core.c                       |   43 +-
 drivers/hid/hid-gyration.c                   |    4 +-
 drivers/hid/hid-ids.h                        |    5 +-
 drivers/hid/hid-lg.c                         |    5 -
 drivers/hid/hid-sony.c                       |   44 +-
 drivers/hid/hidraw.c                         |    3 +-
 drivers/hid/usbhid/hid-core.c                |    3 +
 drivers/hid/usbhid/hiddev.c                  |    3 +-
 drivers/hwmon/abituguru3.c                   |   30 +-
 drivers/hwmon/adt7473.c                      |   29 +-
 drivers/hwmon/hwmon-vid.c                    |    1 +
 drivers/hwmon/lm90.c                         |   52 +-
 drivers/hwmon/w83781d.c                      |    4 +-
 drivers/ide/Kconfig                          |   10 +
 drivers/ide/Makefile                         |    4 +-
 drivers/ide/icside.c                         |    4 +-
 drivers/ide/ide-cd.c                         |    1 +
 drivers/ide/ide-disk.c                       |    8 +-
 drivers/ide/{generic.c => ide-pci-generic.c} |    0 
 drivers/ide/rapide.c                         |    4 +-
 drivers/ide/scc_pata.c                       |   10 +-
 drivers/ide/sgiioc4.c                        |   24 +-
 drivers/ide/siimage.c                        |    2 +-
 drivers/ide/tx4938ide.c                      |  310 ++++++
 drivers/ide/tx4939ide.c                      |  754 ++++++++++++++
 drivers/idle/Kconfig                         |   11 +-
 drivers/idle/i7300_idle.c                    |  105 +--
 drivers/input/mouse/Kconfig                  |   25 +-
 drivers/input/mouse/Makefile                 |    1 +
 drivers/input/mouse/elantech.c               |  674 +++++++++++++
 drivers/input/mouse/elantech.h               |  124 +++
 drivers/input/mouse/psmouse-base.c           |   23 +
 drivers/input/mouse/psmouse.h                |    1 +
 drivers/input/serio/i8042-x86ia64io.h        |    8 +
 drivers/input/touchscreen/Kconfig            |    6 +-
 drivers/leds/Kconfig                         |   25 +-
 drivers/leds/Makefile                        |    4 +-
 drivers/leds/led-class.c                     |   12 +-
 drivers/leds/leds-ams-delta.c                |   20 +-
 drivers/leds/leds-cm-x270.c                  |  124 ---
 drivers/leds/leds-da903x.c                   |  175 ++++
 drivers/leds/leds-hp-disk.c                  |  156 +++
 drivers/leds/leds-pca955x.c                  |    2 +-
 drivers/leds/leds-wrap.c                     |    5 +-
 drivers/leds/ledtrig-backlight.c             |  110 ++
 drivers/leds/ledtrig-timer.c                 |    8 +-
 drivers/md/md.c                              |   56 +-
 drivers/mfd/Kconfig                          |   12 +
 drivers/mfd/Makefile                         |    2 +
 drivers/net/8139cp.c                         |    5 +-
 drivers/net/8139too.c                        |    5 +-
 drivers/net/Kconfig                          |    9 +-
 drivers/net/ax88796.c                        |    6 +-
 drivers/net/bonding/bond_main.c              |   16 +-
 drivers/net/cxgb3/l2t.c                      |    1 +
 drivers/net/dm9000.c                         |    9 -
 drivers/net/ehea/ehea.h                      |    2 +-
 drivers/net/ehea/ehea_main.c                 |   25 +-
 drivers/net/ehea/ehea_qmr.c                  |  131 ++-
 drivers/net/ehea/ehea_qmr.h                  |    2 +
 drivers/net/fec_mpc52xx.c                    |   18 +
 drivers/net/gianfar.c                        |   24 +-
 drivers/net/igb/igb_main.c                   |   60 +-
 drivers/net/myri10ge/myri10ge.c              |    6 +-
 drivers/net/qlge/qlge.h                      |    5 +-
 drivers/net/qlge/qlge_main.c                 |   89 +-
 drivers/net/r8169.c                          |   74 +--
 drivers/net/sis190.c                         |    1 +
 drivers/net/smc911x.c                        |   38 +-
 drivers/net/smc911x.h                        |    6 +-
 drivers/net/wireless/ath5k/base.c            |   27 +-
 drivers/net/wireless/ath5k/base.h            |    3 +-
 drivers/net/wireless/orinoco.c               |   42 +-
 drivers/net/wireless/p54/p54common.c         |   28 +-
 drivers/pci/Makefile                         |    3 +-
 drivers/pci/hotplug/acpiphp_ibm.c            |    2 +-
 drivers/pci/hotplug/cpqphp_core.c            |    2 +-
 drivers/pci/hotplug/pciehp.h                 |    2 +-
 drivers/pci/hotplug/pciehp_core.c            |   38 +-
 drivers/pci/hotplug/pciehp_ctrl.c            |   64 +-
 drivers/pci/hotplug/pciehp_hpc.c             |   43 +-
 drivers/pci/hotplug/pciehp_pci.c             |   19 +-
 drivers/pci/hotplug/shpchp.h                 |   22 +-
 drivers/pci/hotplug/shpchp_core.c            |   48 +-
 drivers/pci/hotplug/shpchp_ctrl.c            |  158 ++--
 drivers/pci/hotplug/shpchp_hpc.c             |  113 ++-
 drivers/pci/hotplug/shpchp_pci.c             |   36 +-
 drivers/pci/irq.c                            |   60 ++
 drivers/pci/pci-acpi.c                       |    3 +
 drivers/pci/pci.c                            |   21 +-
 drivers/pci/probe.c                          |    3 -
 drivers/video/backlight/Kconfig              |   37 +-
 drivers/video/backlight/Makefile             |    4 +
 drivers/video/backlight/da903x.c             |  201 ++++
 drivers/video/backlight/kb3886_bl.c          |  204 ++++
 drivers/video/backlight/tosa_bl.c            |  198 ++++
 drivers/video/backlight/tosa_lcd.c           |  280 ++++++
 fs/compat.c                                  |    5 +-
 fs/eventpoll.c                               |   11 +-
 fs/ext3/dir.c                                |   20 +-
 fs/ext4/dir.c                                |   20 +-
 fs/select.c                                  |    5 +-
 include/linux/hid.h                          |    6 +
 include/linux/i7300_idle.h                   |   83 ++
 include/linux/leds.h                         |    4 +-
 include/linux/libata.h                       |    1 -
 include/linux/netdevice.h                    |   12 +-
 include/linux/pci.h                          |    7 +
 include/linux/raid/md_k.h                    |    8 +-
 include/linux/smc911x.h                      |    1 +
 include/math-emu/op-common.h                 |   19 +-
 include/net/sctp/sm.h                        |    1 +
 init/main.c                                  |    3 +-
 kernel/cgroup.c                              |    2 +-
 kernel/stop_machine.c                        |    2 +-
 net/bridge/br_device.c                       |    2 +-
 net/bridge/br_if.c                           |   14 +-
 net/core/dev.c                               |  135 ++--
 net/ipv4/tcp_output.c                        |   25 +-
 net/sctp/input.c                             |    2 +-
 net/sctp/sm_statefuns.c                      |   54 +
 net/sctp/sm_statetable.c                     |    4 +-
 net/wireless/Kconfig                         |   11 +-
 scripts/checkstack.pl                        |    4 +
 scripts/kconfig/confdata.c                   |    3 +-
 scripts/kernel-doc                           |    6 +-
 191 files changed, 8860 insertions(+), 2408 deletions(-)
 create mode 100644 Documentation/input/elantech.txt
 create mode 100644 arch/arm/mach-msm/clock-7x01a.c
 create mode 100644 arch/arm/mach-msm/clock.c
 create mode 100644 arch/arm/mach-msm/clock.h
 delete mode 100644 arch/arm/mach-msm/common.c
 create mode 100644 arch/arm/mach-msm/devices.c
 create mode 100644 arch/arm/mach-msm/devices.h
 create mode 100644 arch/arm/mach-msm/include/mach/vreg.h
 create mode 100644 arch/arm/mach-msm/proc_comm.c
 create mode 100644 arch/arm/mach-msm/proc_comm.h
 create mode 100644 arch/arm/mach-msm/vreg.c
 create mode 100644 arch/arm/mach-pxa/corgi_lcd.c
 create mode 100644 arch/arm/mach-pxa/corgi_ssp.c
 rename drivers/ide/{generic.c => ide-pci-generic.c} (100%)
 create mode 100644 drivers/ide/tx4938ide.c
 create mode 100644 drivers/ide/tx4939ide.c
 create mode 100644 drivers/input/mouse/elantech.c
 create mode 100644 drivers/input/mouse/elantech.h
 delete mode 100644 drivers/leds/leds-cm-x270.c
 create mode 100644 drivers/leds/leds-da903x.c
 create mode 100644 drivers/leds/leds-hp-disk.c
 create mode 100644 drivers/leds/ledtrig-backlight.c
 create mode 100644 drivers/pci/irq.c
 create mode 100644 drivers/video/backlight/da903x.c
 create mode 100644 drivers/video/backlight/kb3886_bl.c
 create mode 100644 drivers/video/backlight/tosa_bl.c
 create mode 100644 drivers/video/backlight/tosa_lcd.c
 create mode 100644 include/linux/i7300_idle.h
Merging powerpc-merge/merge
$ git merge powerpc-merge/merge
Already up-to-date.
Merging scsi-rc-fixes/master
$ git merge scsi-rc-fixes/master
Already up-to-date.
Merging net-current/master
$ git merge net-current/master
Already up-to-date.
Merging sparc-current/master
$ git merge sparc-current/master
Already up-to-date.
Merging sound-current/for-linus
$ git merge sound-current/for-linus
Already up-to-date.
Merging arm-current/master
$ git merge arm-current/master
Already up-to-date.
Merging pci-current/for-linus
$ git merge pci-current/for-linus
Merge made by recursive.
 arch/ia64/include/asm/iommu.h |    1 -
 arch/ia64/kernel/pci-dma.c    |    7 -------
 arch/x86/include/asm/iommu.h  |    1 -
 arch/x86/kernel/pci-dma.c     |   16 ++++++++++++++++
 drivers/pci/quirks.c          |   14 --------------
 5 files changed, 16 insertions(+), 23 deletions(-)
Merging wireless-current/master
$ git merge wireless-current/master
Already up-to-date.
Merging kbuild-current/master
$ git merge kbuild-current/master
Auto-merged Makefile
Merge made by recursive.
 Makefile               |    5 +++++
 scripts/package/mkspec |    3 +++
 2 files changed, 8 insertions(+), 0 deletions(-)
Merging quilt/driver-core.current
$ git merge quilt/driver-core.current
Merge made by recursive.
 Documentation/sysctl/kernel.txt |   24 +++++++++++++++++-------
 drivers/base/sys.c              |   10 ++++++----
 2 files changed, 23 insertions(+), 11 deletions(-)
Merging quilt/usb.current
$ git merge quilt/usb.current
Already up-to-date.
Merging cpufreq-current/fixes
$ git merge cpufreq-current/fixes
Already up-to-date.
Merging input-current/for-linus
$ git merge input-current/for-linus
Already up-to-date.
Merging md-current/for-2.6.26
$ git merge md-current/for-2.6.26
Already up-to-date.
Merging dwmw2/master
$ git merge dwmw2/master
Already up-to-date.
Merging arm/devel
$ git merge arm/devel
Already up-to-date.
Merging avr32/avr32-arch
$ git merge avr32/avr32-arch
Merge made by recursive.
 arch/avr32/mach-at32ap/at32ap700x.c |    8 ++++----
 1 files changed, 4 insertions(+), 4 deletions(-)
Merging blackfin/for-linus
$ git merge blackfin/for-linus
Already up-to-date.
Merging cris/for-next
$ git merge cris/for-next
Merge made by recursive.
 include/asm-cris/arch-v32/io.h |    4 ++--
 1 files changed, 2 insertions(+), 2 deletions(-)
Merging ia64/test
$ git merge ia64/test
Already up-to-date.
Merging quilt/m68k
$ git merge quilt/m68k
Merge made by recursive.
Merging m68knommu/for-next
$ git merge m68knommu/for-next
Merge made by recursive.
 arch/m68knommu/platform/coldfire/entry.S |   15 ++-------------
 1 files changed, 2 insertions(+), 13 deletions(-)
Merging mips/mips-for-linux-next
$ git merge mips/mips-for-linux-next
Already up-to-date.
Merging parisc/master
$ git merge parisc/master
Already up-to-date.
Merging powerpc/next
$ git merge powerpc/next
Already up-to-date.
Merging 4xx/next
$ git merge 4xx/next
Already up-to-date.
Merging galak/powerpc-next
$ git merge galak/powerpc-next
Already up-to-date.
Merging pxa/for-next
$ git merge pxa/for-next
Auto-merged arch/arm/mach-pxa/Kconfig
Auto-merged drivers/video/backlight/Kconfig
Merge made by recursive.
 arch/arm/configs/eseries_pxa_defconfig |    2 +-
 arch/arm/configs/magician_defconfig    |    2 +-
 2 files changed, 2 insertions(+), 2 deletions(-)
Merging s390/features
$ git merge s390/features
Merge made by recursive.
 arch/powerpc/include/asm/elf.h           |    2 +-
 arch/powerpc/kernel/vdso.c               |    3 +-
 arch/s390/Kconfig                        |   19 ++--
 arch/s390/appldata/appldata_base.c       |    2 +-
 arch/s390/include/asm/auxvec.h           |    2 +
 arch/s390/include/asm/elf.h              |   16 ++
 arch/s390/include/asm/kvm_virtio.h       |    2 +-
 arch/s390/include/asm/mmu.h              |    4 +-
 arch/s390/include/asm/mmu_context.h      |   19 ++-
 arch/s390/include/asm/page.h             |    2 +
 arch/s390/include/asm/pgtable.h          |    8 +-
 arch/s390/include/asm/thread_info.h      |    5 -
 arch/s390/include/asm/vdso.h             |   39 +++++
 arch/s390/kernel/Makefile                |    7 +-
 arch/s390/kernel/asm-offsets.c           |   15 ++
 arch/s390/kernel/smp.c                   |   24 ++--
 arch/s390/kernel/time.c                  |   31 ++++
 arch/s390/kernel/vdso.c                  |  232 ++++++++++++++++++++++++++++++
 arch/s390/kernel/vdso32/Makefile         |   55 +++++++
 arch/s390/kernel/vdso32/clock_getres.S   |   39 +++++
 arch/s390/kernel/vdso32/clock_gettime.S  |  128 ++++++++++++++++
 arch/s390/kernel/vdso32/gettimeofday.S   |   82 +++++++++++
 arch/s390/kernel/vdso32/note.S           |   12 ++
 arch/s390/kernel/vdso32/vdso32.lds.S     |  138 ++++++++++++++++++
 arch/s390/kernel/vdso32/vdso32_wrapper.S |   13 ++
 arch/s390/kernel/vdso64/Makefile         |   55 +++++++
 arch/s390/kernel/vdso64/clock_getres.S   |   39 +++++
 arch/s390/kernel/vdso64/clock_gettime.S  |   89 ++++++++++++
 arch/s390/kernel/vdso64/gettimeofday.S   |   56 +++++++
 arch/s390/kernel/vdso64/note.S           |   12 ++
 arch/s390/kernel/vdso64/vdso64.lds.S     |  138 ++++++++++++++++++
 arch/s390/kernel/vdso64/vdso64_wrapper.S |   13 ++
 arch/s390/mm/pgtable.c                   |   16 +-
 arch/sh/include/asm/elf.h                |    2 +-
 arch/sh/kernel/vsyscall/vsyscall.c       |    3 +-
 arch/x86/include/asm/elf.h               |    2 +-
 arch/x86/vdso/vdso32-setup.c             |    2 +-
 arch/x86/vdso/vma.c                      |    2 +-
 drivers/s390/char/tape_block.c           |    6 +-
 drivers/s390/char/tape_core.c            |    8 +-
 drivers/s390/char/vmcp.c                 |    3 -
 drivers/s390/cio/qdio_debug.c            |   19 +--
 drivers/s390/cio/qdio_main.c             |    1 -
 fs/binfmt_elf.c                          |    2 +-
 44 files changed, 1286 insertions(+), 81 deletions(-)
 create mode 100644 arch/s390/include/asm/vdso.h
 create mode 100644 arch/s390/kernel/vdso.c
 create mode 100644 arch/s390/kernel/vdso32/Makefile
 create mode 100644 arch/s390/kernel/vdso32/clock_getres.S
 create mode 100644 arch/s390/kernel/vdso32/clock_gettime.S
 create mode 100644 arch/s390/kernel/vdso32/gettimeofday.S
 create mode 100644 arch/s390/kernel/vdso32/note.S
 create mode 100644 arch/s390/kernel/vdso32/vdso32.lds.S
 create mode 100644 arch/s390/kernel/vdso32/vdso32_wrapper.S
 create mode 100644 arch/s390/kernel/vdso64/Makefile
 create mode 100644 arch/s390/kernel/vdso64/clock_getres.S
 create mode 100644 arch/s390/kernel/vdso64/clock_gettime.S
 create mode 100644 arch/s390/kernel/vdso64/gettimeofday.S
 create mode 100644 arch/s390/kernel/vdso64/note.S
 create mode 100644 arch/s390/kernel/vdso64/vdso64.lds.S
 create mode 100644 arch/s390/kernel/vdso64/vdso64_wrapper.S
Merging sh/master
$ git merge sh/master
Already up-to-date.
Merging sparc/master
$ git merge sparc/master
Already up-to-date.
Merging x86/auto-x86-next
$ git merge x86/auto-x86-next
Merge made by recursive.
 arch/x86/Kconfig.debug         |    8 ++--
 arch/x86/kernel/dumpstack_32.c |   82 ++++++++++++++++++----------------------
 arch/x86/kernel/dumpstack_64.c |   35 +++++++++--------
 arch/x86/mm/fault.c            |   11 +++--
 4 files changed, 67 insertions(+), 69 deletions(-)
Merging xtensa/master
$ git merge xtensa/master
Merge made by recursive.
Merging quilt/driver-core
$ git merge quilt/driver-core
Already up-to-date.
Merging quilt/usb
$ git merge quilt/usb
Merge made by recursive.
 drivers/net/usb/hso.c |   24 ++++++++++++------------
 include/linux/usb.h   |    4 ----
 2 files changed, 12 insertions(+), 16 deletions(-)
$ git revert ef4e05fb433058f3fc996546b8049eadd9352d5f
Finished one revert.
Created commit e889801: Revert "USB: remove info() macro from usb.h"
 1 files changed, 2 insertions(+), 0 deletions(-)
$ git revert 9a0a3610436856d2103ae23c7765120feb4345cc
Finished one revert.
Created commit aaccc1d: Revert "USB: remove warn() macro from usb.h"
 1 files changed, 2 insertions(+), 0 deletions(-)
Merging tip-core/auto-core-next
$ git merge tip-core/auto-core-next
Renamed include/asm-um/system-generic.h => arch/um/include/asm/system.h
Auto-merged arch/um/include/asm/system.h
CONFLICT (rename/modify): Merge conflict in arch/um/include/asm/system.h
Renamed include/asm-x86/percpu.h => arch/x86/include/asm/percpu.h
Auto-merged arch/x86/include/asm/percpu.h
Renamed include/asm-x86/uaccess.h => arch/x86/include/asm/uaccess.h
Auto-merged arch/x86/include/asm/uaccess.h
Renamed include/asm-x86/uaccess_32.h => arch/x86/include/asm/uaccess_32.h
Auto-merged arch/x86/include/asm/uaccess_32.h
Renamed include/asm-x86/uaccess_64.h => arch/x86/include/asm/uaccess_64.h
Auto-merged arch/x86/include/asm/uaccess_64.h
Auto-merged include/linux/kernel.h
Auto-merged kernel/futex.c
Auto-merged kernel/module.c
Auto-merged kernel/sched.c
Auto-merged mm/memory.c
Resolved 'arch/um/include/asm/system.h' using previous resolution.
Automatic merge failed; fix conflicts and then commit the result.
$ git commit -v -a
Created commit 8e8b836: Merge commit 'tip-core/auto-core-next'
$ git diff -M --stat --summary HEAD^..
 Documentation/lockstat.txt        |   51 ++++---
 arch/um/include/asm/system.h      |   14 +-
 arch/x86/include/asm/percpu.h     |   83 ++++++++++-
 arch/x86/include/asm/uaccess.h    |    2 +
 arch/x86/include/asm/uaccess_32.h |    8 +-
 arch/x86/include/asm/uaccess_64.h |    6 +
 arch/x86/lib/usercopy_32.c        |    8 +-
 arch/x86/lib/usercopy_64.c        |    4 +-
 include/asm-generic/percpu.h      |   11 ++-
 include/asm-generic/sections.h    |   10 ++
 include/asm-generic/vmlinux.lds.h |   16 ++
 include/linux/debug_locks.h       |    2 +-
 include/linux/futex.h             |    2 +
 include/linux/kernel.h            |   11 ++
 include/linux/lockdep.h           |   31 ++++-
 include/linux/percpu.h            |   17 ++-
 include/linux/uaccess.h           |    2 +-
 kernel/extable.c                  |   16 ++
 kernel/futex.c                    |  290 +++++++++++++------------------------
 kernel/lockdep.c                  |   37 +++--
 kernel/lockdep_proc.c             |   28 +++-
 kernel/module.c                   |    7 +-
 kernel/mutex.c                    |    2 +-
 kernel/notifier.c                 |    8 +
 kernel/sched.c                    |    2 +-
 kernel/softlockup.c               |    2 +-
 lib/Kconfig.debug                 |   10 ++
 mm/memory.c                       |   15 ++
 28 files changed, 433 insertions(+), 262 deletions(-)
Merging cpus4096/auto-cpus4096-next
$ git merge cpus4096/auto-cpus4096-next
Renamed include/asm-x86/smp.h => arch/x86/include/asm/smp.h
Auto-merged arch/x86/include/asm/smp.h
Auto-merged arch/x86/Kconfig
Merge made by recursive.
 arch/x86/Kconfig           |   17 +++++++++++------
 arch/x86/include/asm/smp.h |    6 +++---
 arch/x86/kernel/smp.c      |    6 +++---
 arch/x86/xen/smp.c         |    6 +++---
 kernel/smp.c               |   12 +++++-------
 5 files changed, 25 insertions(+), 22 deletions(-)
Merging ftrace/auto-ftrace-next
$ git merge ftrace/auto-ftrace-next
Renamed include/asm-x86/ftrace.h => arch/x86/include/asm/ftrace.h
Auto-merged arch/x86/include/asm/ftrace.h
Auto-merged Makefile
Auto-merged arch/arm/Kconfig
Auto-merged arch/powerpc/Kconfig
Auto-merged arch/x86/Kconfig
Auto-merged arch/x86/kernel/entry_32.S
Auto-merged kernel/sysctl.c
Merge made by recursive.
 Makefile                                 |    2 +-
 arch/arm/Kconfig                         |    4 +-
 arch/arm/boot/compressed/Makefile        |    2 +-
 arch/arm/include/asm/ftrace.h            |    2 +-
 arch/arm/kernel/armksyms.c               |    2 +-
 arch/arm/kernel/entry-common.S           |    4 +-
 arch/powerpc/Kconfig                     |    2 +-
 arch/powerpc/Makefile                    |    2 +-
 arch/powerpc/include/asm/ftrace.h        |    2 +-
 arch/powerpc/kernel/Makefile             |    2 +-
 arch/powerpc/kernel/entry_32.S           |    2 +-
 arch/powerpc/kernel/entry_64.S           |    2 +-
 arch/powerpc/kernel/ppc_ksyms.c          |    2 +-
 arch/powerpc/platforms/powermac/Makefile |    2 +-
 arch/sparc64/Kconfig                     |    2 +-
 arch/sparc64/Kconfig.debug               |    2 +-
 arch/sparc64/lib/mcount.S                |    4 +-
 arch/x86/Kconfig                         |    2 +-
 arch/x86/include/asm/ftrace.h            |    4 +-
 arch/x86/kernel/Makefile                 |    2 +-
 arch/x86/kernel/entry_32.S               |    4 +-
 arch/x86/kernel/entry_64.S               |    4 +-
 arch/x86/kernel/ftrace.c                 |    8 ++-
 arch/x86/kernel/i386_ksyms_32.c          |    2 +-
 arch/x86/kernel/x8664_ksyms_64.c         |    2 +-
 arch/x86/xen/Makefile                    |    2 +-
 include/linux/ftrace.h                   |   12 ++--
 include/linux/marker.h                   |    2 -
 kernel/Makefile                          |    4 +-
 kernel/marker.c                          |   77 ++++++++++-------------------
 kernel/sysctl.c                          |    2 +-
 kernel/trace/Kconfig                     |   22 ++++-----
 kernel/trace/Makefile                    |    6 +-
 kernel/trace/ftrace.c                    |   43 +++++++++++++++++
 kernel/trace/trace.c                     |    2 +-
 kernel/trace/trace.h                     |    2 +-
 kernel/trace/trace_functions.c           |    2 +-
 kernel/trace/trace_irqsoff.c             |    4 +-
 kernel/trace/trace_sched_wakeup.c        |    4 +-
 kernel/trace/trace_selftest.c            |    4 +-
 kernel/trace/trace_stack.c               |    4 ++
 lib/Makefile                             |    2 +-
 42 files changed, 141 insertions(+), 121 deletions(-)
Merging genirq/auto-genirq-next
$ git merge genirq/auto-genirq-next
Already up-to-date.
Merging safe-poison-pointers/auto-safe-poison-pointers-next
$ git merge safe-poison-pointers/auto-safe-poison-pointers-next
Auto-merged arch/x86/Kconfig
Merge made by recursive.
 arch/x86/Kconfig       |    5 +++++
 include/linux/poison.h |   16 ++++++++++++++--
 2 files changed, 19 insertions(+), 2 deletions(-)
Merging sched/auto-sched-next
$ git merge sched/auto-sched-next
Already uptodate!
Merge made by recursive.
Merging stackprotector/auto-stackprotector-next
$ git merge stackprotector/auto-stackprotector-next
Renamed include/asm-x86/pda.h => arch/x86/include/asm/pda.h
Auto-merged arch/x86/include/asm/pda.h
CONFLICT (rename/modify): Merge conflict in arch/x86/include/asm/pda.h
Renamed include/asm-x86/system.h => arch/x86/include/asm/system.h
Auto-merged arch/x86/include/asm/system.h
Auto-merged arch/x86/Kconfig
Auto-merged arch/x86/Kconfig.debug
Auto-merged arch/x86/Makefile
Auto-merged arch/x86/kernel/Makefile
Auto-merged arch/x86/kernel/process_64.c
Auto-merged arch/x86/mm/fault.c
Auto-merged include/linux/sched.h
Auto-merged init/main.c
Auto-merged kernel/fork.c
Auto-merged kernel/panic.c
Auto-merged kernel/sched.c
Resolved 'arch/x86/include/asm/pda.h' using previous resolution.
Automatic merge failed; fix conflicts and then commit the result.
$ git commit -v -a
Created commit f51466c: Merge commit 'stackprotector/auto-stackprotector-next'
$ git diff -M --stat --summary HEAD^..
 arch/x86/Kconfig                 |   23 ++++++++++-------------
 arch/x86/Kconfig.debug           |    1 +
 arch/x86/Makefile                |    2 +-
 arch/x86/include/asm/pda.h       |    4 ++--
 arch/x86/include/asm/system.h    |    6 +++++-
 arch/x86/kernel/Makefile         |    1 +
 arch/x86/kernel/process_64.c     |   13 ++++++++++++-
 arch/x86/mm/fault.c              |    7 +++++++
 include/asm-x86/stackprotector.h |   38 ++++++++++++++++++++++++++++++++++++++
 include/linux/magic.h            |    1 +
 include/linux/sched.h            |   16 ++++++++++++++--
 include/linux/stackprotector.h   |   16 ++++++++++++++++
 init/main.c                      |    7 +++++++
 kernel/exit.c                    |    5 +----
 kernel/fork.c                    |    5 +++++
 kernel/panic.c                   |   12 +++++++++++-
 kernel/sched.c                   |    7 +------
 17 files changed, 133 insertions(+), 31 deletions(-)
 create mode 100644 include/asm-x86/stackprotector.h
 create mode 100644 include/linux/stackprotector.h
Merging timers/auto-timers-next
$ git merge timers/auto-timers-next
Already up-to-date.
Merging pci/linux-next
$ git merge pci/linux-next
Merge made by recursive.
 drivers/pci/hotplug/pciehp_ctrl.c |   26 ++++++++++++--------------
 drivers/pci/pci-sysfs.c           |    2 +-
 drivers/pci/pci.h                 |    4 ++++
 drivers/pci/proc.c                |   11 ++++++++++-
 4 files changed, 27 insertions(+), 16 deletions(-)
Merging quilt/device-mapper
$ git merge quilt/device-mapper
Already up-to-date.
Merging hid/mm
$ git merge hid/mm
Auto-merged drivers/hid/usbhid/hid-core.c
Merge made by recursive.
 drivers/hid/usbhid/hid-core.c |    6 ++----
 1 files changed, 2 insertions(+), 4 deletions(-)
Merging quilt/i2c
$ git merge quilt/i2c
Merge made by recursive.
 drivers/i2c/busses/scx200_i2c.c |    1 +
 1 files changed, 1 insertions(+), 0 deletions(-)
Merging quilt/jdelvare-hwmon
$ git merge quilt/jdelvare-hwmon
Auto-merged drivers/hwmon/w83781d.c
Merge made by recursive.
 Documentation/hwmon/it87    |   20 +-
 Documentation/hwmon/ltc4245 |   81 +++
 drivers/hwmon/Kconfig       |   14 +-
 drivers/hwmon/Makefile      |    1 +
 drivers/hwmon/asb100.c      |    5 +-
 drivers/hwmon/f71882fg.c    | 1130 ++++++++++++++++++++++++++++++++++++-------
 drivers/hwmon/it87.c        |   30 +-
 drivers/hwmon/ltc4245.c     |  567 ++++++++++++++++++++++
 drivers/hwmon/w83781d.c     |    5 +-
 drivers/hwmon/w83791d.c     |    5 +-
 drivers/hwmon/w83792d.c     |    5 +-
 drivers/hwmon/w83793.c      |    5 +-
 12 files changed, 1681 insertions(+), 187 deletions(-)
 create mode 100644 Documentation/hwmon/ltc4245
 create mode 100644 drivers/hwmon/ltc4245.c
Merging quilt/kernel-doc
$ git merge quilt/kernel-doc
Auto-merged Documentation/00-INDEX
Auto-merged include/linux/kernel.h
Merge made by recursive.
 Documentation/00-INDEX                         |    2 --
 Documentation/early-userspace/00-INDEX         |    8 ++++++++
 Documentation/{ => early-userspace}/initrd.txt |    6 +++---
 include/linux/kernel.h                         |    4 ++--
 4 files changed, 13 insertions(+), 7 deletions(-)
 create mode 100644 Documentation/early-userspace/00-INDEX
 rename Documentation/{ => early-userspace}/initrd.txt (99%)
Merging jfs/next
$ git merge jfs/next
Already up-to-date.
Merging kbuild/master
$ git merge kbuild/master
Already up-to-date.
Merging quilt/ide
$ git merge quilt/ide
Merge made by recursive.
 drivers/ide/ide-cd.c     |  127 ++++++++--------------------------------
 drivers/ide/ide-cd.h     |    2 -
 drivers/ide/ide-io.c     |  144 +++++++++++++++++++---------------------------
 drivers/ide/ide-ioctls.c |    3 -
 drivers/ide/ide-iops.c   |   48 +++++++--------
 drivers/ide/ide-lib.c    |    7 +--
 drivers/ide/ide-park.c   |   16 +++---
 drivers/ide/ide-probe.c  |   26 +++++----
 drivers/ide/ide-proc.c   |   25 +-------
 drivers/ide/ide.c        |   15 +----
 drivers/ide/umc8672.c    |   11 ++-
 drivers/scsi/ide-scsi.c  |   32 +++++++----
 include/linux/ide.h      |   16 ++---
 13 files changed, 174 insertions(+), 298 deletions(-)
Merging libata/NEXT
$ git merge libata/NEXT
Already up-to-date.
Merging nfs/linux-next
$ git merge nfs/linux-next
Already up-to-date.
Merging xfs/master
$ git merge xfs/master
Auto-merged fs/xfs/linux-2.6/xfs_super.c
Removed fs/xfs/xfs_clnt.h
Auto-merged include/linux/fs.h
Merge made by recursive.
 fs/inode.c                     |  208 ++-
 fs/xfs/Makefile                |    4 +-
 fs/xfs/linux-2.6/xfs_aops.c    |    2 +-
 fs/xfs/linux-2.6/xfs_iops.c    |   19 +-
 fs/xfs/linux-2.6/xfs_stats.c   |    4 +
 fs/xfs/linux-2.6/xfs_stats.h   |   65 +
 fs/xfs/linux-2.6/xfs_super.c   |  851 ++++------
 fs/xfs/linux-2.6/xfs_super.h   |    3 -
 fs/xfs/linux-2.6/xfs_sync.c    |  763 +++++++++
 fs/xfs/linux-2.6/xfs_sync.h    |   55 +
 fs/xfs/linux-2.6/xfs_vfs.h     |   31 -
 fs/xfs/linux-2.6/xfs_vnode.c   |   15 +-
 fs/xfs/linux-2.6/xfs_vnode.h   |    5 -
 fs/xfs/quota/xfs_dquot.c       |   39 +-
 fs/xfs/quota/xfs_dquot.h       |    4 +-
 fs/xfs/quota/xfs_dquot_item.c  |   45 +-
 fs/xfs/quota/xfs_qm.c          |   13 +-
 fs/xfs/quota/xfs_qm.h          |    1 -
 fs/xfs/quota/xfs_qm_bhv.c      |    1 -
 fs/xfs/quota/xfs_qm_syscalls.c |  137 +-
 fs/xfs/support/debug.c         |    2 +-
 fs/xfs/xfs.h                   |    2 +-
 fs/xfs/xfs_ag.h                |   10 +-
 fs/xfs/xfs_alloc.c             |  195 ++-
 fs/xfs/xfs_alloc.h             |   27 +-
 fs/xfs/xfs_alloc_btree.c       | 2387 ++++-----------------------
 fs/xfs/xfs_alloc_btree.h       |  107 +-
 fs/xfs/xfs_arch.h              |   39 +-
 fs/xfs/xfs_bit.h               |    3 +-
 fs/xfs/xfs_bmap.c              |  296 ++--
 fs/xfs/xfs_bmap.h              |   61 +-
 fs/xfs/xfs_bmap_btree.c        | 2614 ++++++------------------------
 fs/xfs/xfs_bmap_btree.h        |  171 +--
 fs/xfs/xfs_btree.c             | 3596 +++++++++++++++++++++++++++++++++++-----
 fs/xfs/xfs_btree.h             |  392 +++--
 fs/xfs/xfs_btree_trace.c       |  249 +++
 fs/xfs/xfs_btree_trace.h       |  116 ++
 fs/xfs/xfs_buf_item.c          |   25 +-
 fs/xfs/xfs_clnt.h              |  105 --
 fs/xfs/xfs_da_btree.c          |    5 +
 fs/xfs/xfs_da_btree.h          |   24 +-
 fs/xfs/xfs_dinode.h            |    5 +-
 fs/xfs/xfs_dir2.c              |    6 +
 fs/xfs/xfs_dmops.c             |    5 +-
 fs/xfs/xfs_extfree_item.c      |   45 +-
 fs/xfs/xfs_fsops.c             |   24 +-
 fs/xfs/xfs_ialloc.c            |  132 ++-
 fs/xfs/xfs_ialloc.h            |   21 +-
 fs/xfs/xfs_ialloc_btree.c      | 2193 +++----------------------
 fs/xfs/xfs_ialloc_btree.h      |  111 +-
 fs/xfs/xfs_iget.c              |  487 +++----
 fs/xfs/xfs_imap.h              |    2 -
 fs/xfs/xfs_inode.c             |  292 ++--
 fs/xfs/xfs_inode.h             |  288 ++--
 fs/xfs/xfs_inode_item.c        |   30 +-
 fs/xfs/xfs_inode_item.h        |   41 +-
 fs/xfs/xfs_itable.c            |   33 +-
 fs/xfs/xfs_log.c               |   10 +-
 fs/xfs/xfs_log_priv.h          |    1 +
 fs/xfs/xfs_log_recover.c       |  105 +-
 fs/xfs/xfs_mount.c             |   47 +-
 fs/xfs/xfs_mount.h             |   55 +-
 fs/xfs/xfs_qmops.c             |    5 +-
 fs/xfs/xfs_trans.c             |   13 +-
 fs/xfs/xfs_trans.h             |  322 ++--
 fs/xfs/xfs_trans_ail.c         |  362 +++--
 fs/xfs/xfs_trans_buf.c         |    7 +-
 fs/xfs/xfs_trans_item.c        |   10 +
 fs/xfs/xfs_trans_priv.h        |   98 +-
 fs/xfs/xfs_vfsops.c            |  617 +-------
 fs/xfs/xfs_vfsops.h            |    2 -
 fs/xfs/xfs_vnodeops.c          |  122 +--
 include/linux/fs.h             |    2 +
 73 files changed, 8076 insertions(+), 10108 deletions(-)
 create mode 100644 fs/xfs/linux-2.6/xfs_sync.c
 create mode 100644 fs/xfs/linux-2.6/xfs_sync.h
 create mode 100644 fs/xfs/xfs_btree_trace.c
 create mode 100644 fs/xfs/xfs_btree_trace.h
 delete mode 100644 fs/xfs/xfs_clnt.h
Merging infiniband/for-next
$ git merge infiniband/for-next
Already up-to-date.
Merging acpi/test
$ git merge acpi/test
Merge made by recursive.
 kernel/power/disk.c |    6 +++---
 1 files changed, 3 insertions(+), 3 deletions(-)
Merging nfsd/nfsd-next
$ git merge nfsd/nfsd-next
Already up-to-date.
Merging ieee1394/for-next
$ git merge ieee1394/for-next
Merge made by recursive.
 drivers/firewire/fw-cdev.c        |   36 +++++------
 drivers/firewire/fw-device.c      |    3 +
 drivers/firewire/fw-device.h      |    4 +
 drivers/firewire/fw-ohci.c        |  123 +++++++++++++++++++++++--------------
 drivers/firewire/fw-sbp2.c        |   38 ++++++++---
 drivers/firewire/fw-topology.c    |    6 +-
 drivers/firewire/fw-transaction.h |    2 +-
 7 files changed, 130 insertions(+), 82 deletions(-)
Merging ubi/linux-next
$ git merge ubi/linux-next
Already up-to-date.
Merging kvm/master
$ git merge kvm/master
Renamed include/asm-x86/kvm_host.h => arch/x86/include/asm/kvm_host.h
Auto-merged arch/x86/include/asm/kvm_host.h
Renamed include/asm-x86/kvm_x86_emulate.h => arch/x86/include/asm/kvm_x86_emulate.h
Auto-merged arch/x86/include/asm/kvm_x86_emulate.h
Renamed include/asm-x86/mtrr.h => arch/x86/include/asm/mtrr.h
Auto-merged arch/x86/include/asm/mtrr.h
Auto-merged arch/ia64/kvm/kvm-ia64.c
Auto-merged arch/x86/kvm/i8254.c
Auto-merged arch/x86/kvm/lapic.c
Merge made by recursive.
 arch/ia64/include/asm/kvm_host.h       |    6 +-
 arch/ia64/kvm/Makefile                 |    8 +-
 arch/ia64/kvm/kvm-ia64.c               |   80 ++++----
 arch/ia64/kvm/kvm_fw.c                 |    9 +-
 arch/ia64/kvm/process.c                |    2 +-
 arch/x86/include/asm/kvm_host.h        |   23 ++-
 arch/x86/include/asm/kvm_x86_emulate.h |   10 +-
 arch/x86/include/asm/mtrr.h            |   25 +++
 arch/x86/kernel/cpu/mtrr/generic.c     |   12 +-
 arch/x86/kernel/cpu/mtrr/main.c        |    4 +-
 arch/x86/kernel/cpu/mtrr/mtrr.h        |   18 +--
 arch/x86/kvm/i8254.c                   |   30 +++-
 arch/x86/kvm/i8254.h                   |    1 +
 arch/x86/kvm/irq.h                     |    1 +
 arch/x86/kvm/lapic.c                   |   58 +++++-
 arch/x86/kvm/mmu.c                     |  122 ++++++++++++-
 arch/x86/kvm/svm.c                     |    6 +
 arch/x86/kvm/vmx.c                     |  315 ++++++++++++++++++++++----------
 arch/x86/kvm/vmx.h                     |   12 +-
 arch/x86/kvm/x86.c                     |  135 ++++++++++++--
 arch/x86/kvm/x86_emulate.c             |   10 +-
 include/linux/kvm.h                    |   17 ++-
 include/linux/kvm_host.h               |   10 +-
 virt/kvm/ioapic.c                      |    1 +
 virt/kvm/irq_comm.c                    |   50 +++++-
 virt/kvm/kvm_main.c                    |   14 +-
 26 files changed, 746 insertions(+), 233 deletions(-)
Merging dlm/next
$ git merge dlm/next
Already up-to-date.
Merging scsi/master
$ git merge scsi/master
Already up-to-date.
Merging tests/master
$ git merge tests/master
Auto-merged Makefile
Auto-merged drivers/misc/Makefile
Auto-merged kernel/Makefile
Auto-merged lib/Kconfig.debug
CONFLICT (content): Merge conflict in lib/Kconfig.debug
Auto-merged lib/Makefile
Resolved 'lib/Kconfig.debug' using previous resolution.
Automatic merge failed; fix conflicts and then commit the result.
$ git commit -v -a
Created commit ffb3b59: Merge commit 'tests/master'
$ git diff -M --stat --summary HEAD^..
 Makefile                                        |    1 +
 drivers/misc/Makefile                           |    1 -
 kernel/Makefile                                 |    4 -
 lib/Kconfig.debug                               |   93 +--------------------
 lib/Makefile                                    |    1 -
 tests/Kconfig                                   |  101 +++++++++++++++++++++++
 tests/Makefile                                  |   10 ++
 {kernel => tests}/backtracetest.c               |    0 
 {drivers/misc => tests}/lkdtm.c                 |    0 
 {lib => tests}/locking-selftest-hardirq.h       |    0 
 {lib => tests}/locking-selftest-mutex.h         |    0 
 {lib => tests}/locking-selftest-rlock-hardirq.h |    0 
 {lib => tests}/locking-selftest-rlock-softirq.h |    0 
 {lib => tests}/locking-selftest-rlock.h         |    0 
 {lib => tests}/locking-selftest-rsem.h          |    0 
 {lib => tests}/locking-selftest-softirq.h       |    0 
 {lib => tests}/locking-selftest-spin-hardirq.h  |    0 
 {lib => tests}/locking-selftest-spin-softirq.h  |    0 
 {lib => tests}/locking-selftest-spin.h          |    0 
 {lib => tests}/locking-selftest-wlock-hardirq.h |    0 
 {lib => tests}/locking-selftest-wlock-softirq.h |    0 
 {lib => tests}/locking-selftest-wlock.h         |    0 
 {lib => tests}/locking-selftest-wsem.h          |    0 
 {lib => tests}/locking-selftest.c               |    0 
 {kernel => tests}/rcutorture.c                  |    0 
 {kernel => tests}/rtmutex-tester.c              |    2 +-
 {kernel => tests}/test_kprobes.c                |    0 
 27 files changed, 115 insertions(+), 98 deletions(-)
 create mode 100644 tests/Kconfig
 create mode 100644 tests/Makefile
 rename {kernel => tests}/backtracetest.c (100%)
 rename {drivers/misc => tests}/lkdtm.c (100%)
 rename {lib => tests}/locking-selftest-hardirq.h (100%)
 rename {lib => tests}/locking-selftest-mutex.h (100%)
 rename {lib => tests}/locking-selftest-rlock-hardirq.h (100%)
 rename {lib => tests}/locking-selftest-rlock-softirq.h (100%)
 rename {lib => tests}/locking-selftest-rlock.h (100%)
 rename {lib => tests}/locking-selftest-rsem.h (100%)
 rename {lib => tests}/locking-selftest-softirq.h (100%)
 rename {lib => tests}/locking-selftest-spin-hardirq.h (100%)
 rename {lib => tests}/locking-selftest-spin-softirq.h (100%)
 rename {lib => tests}/locking-selftest-spin.h (100%)
 rename {lib => tests}/locking-selftest-wlock-hardirq.h (100%)
 rename {lib => tests}/locking-selftest-wlock-softirq.h (100%)
 rename {lib => tests}/locking-selftest-wlock.h (100%)
 rename {lib => tests}/locking-selftest-wsem.h (100%)
 rename {lib => tests}/locking-selftest.c (100%)
 rename {kernel => tests}/rcutorture.c (100%)
 rename {kernel => tests}/rtmutex-tester.c (99%)
 rename {kernel => tests}/test_kprobes.c (100%)
Merging ocfs2/linux-next
$ git merge ocfs2/linux-next
Merge made by recursive.
 fs/ocfs2/file.c     |   20 +++---
 fs/ocfs2/inode.c    |    6 ++
 fs/ocfs2/journal.c  |    1 +
 fs/ocfs2/mmap.c     |    6 ++-
 fs/ocfs2/namei.c    |    8 ++-
 fs/ocfs2/ocfs2.h    |    3 +
 fs/ocfs2/ocfs2_fs.h |   17 +++--
 fs/ocfs2/xattr.c    |  189 +++++++++++++++++---------------------------------
 fs/ocfs2/xattr.h    |   38 ++---------
 9 files changed, 109 insertions(+), 179 deletions(-)
Merging ext4/next
$ git merge ext4/next
Already up-to-date.
Merging async_tx/next
$ git merge async_tx/next
Already up-to-date.
Merging udf/for_next
$ git merge udf/for_next
Already up-to-date.
Merging net/master
$ git merge net/master
Already up-to-date.
Merging mtd/master
$ git merge mtd/master
Merge made by recursive.
 drivers/mtd/onenand/omap2.c |    1 -
 fs/jffs2/nodemgmt.c         |    2 ++
 2 files changed, 2 insertions(+), 1 deletions(-)
Merging wireless/master
$ git merge wireless/master
Already up-to-date.
Merging crypto/master
$ git merge crypto/master
Merge made by recursive.
 crypto/camellia.c          |   84 +++++++++------------
 crypto/testmgr.c           |    7 ++-
 drivers/crypto/hifn_795x.c |    5 ++
 drivers/crypto/talitos.c   |  171 ++++++++++++++++++++++++++++----------------
 drivers/crypto/talitos.h   |   11 +++-
 5 files changed, 166 insertions(+), 112 deletions(-)
Merging vfs/for-next
$ git merge vfs/for-next
Already up-to-date.
Merging sound/for-next
$ git merge sound/for-next
Already uptodate!
Merge made by recursive.
Merging cpufreq/next
$ git merge cpufreq/next
Already up-to-date.
Merging v9fs/for-next
$ git merge v9fs/for-next
Merge made by recursive.
 net/9p/client.c     |   19 +++++++++----------
 net/9p/trans_rdma.c |    4 +++-
 2 files changed, 12 insertions(+), 11 deletions(-)
Merging quilt/rr
$ git merge quilt/rr
Renamed include/asm-x86/genapic_32.h => arch/x86/include/asm/genapic_32.h
Auto-merged arch/x86/include/asm/genapic_32.h
Renamed include/asm-x86/genapic_64.h => arch/x86/include/asm/genapic_64.h
Auto-merged arch/x86/include/asm/genapic_64.h
Renamed include/asm-x86/ipi.h => arch/x86/include/asm/ipi.h
Auto-merged arch/x86/include/asm/ipi.h
CONFLICT (rename/modify): Merge conflict in arch/x86/include/asm/ipi.h
Renamed include/asm-x86/mach-default/mach_apic.h => arch/x86/include/asm/mach-default/mach_apic.h
Auto-merged arch/x86/include/asm/mach-default/mach_apic.h
Renamed include/asm-x86/mach-default/mach_ipi.h => arch/x86/include/asm/mach-default/mach_ipi.h
Auto-merged arch/x86/include/asm/mach-default/mach_ipi.h
Auto-merged arch/ia64/kernel/acpi.c
Auto-merged arch/ia64/kernel/perfmon.c
Auto-merged arch/ia64/kernel/setup.c
Auto-merged arch/powerpc/kernel/machine_kexec_64.c
Auto-merged arch/powerpc/kernel/setup-common.c
Auto-merged arch/powerpc/mm/numa.c
Auto-merged arch/s390/Kconfig
Auto-merged arch/s390/kernel/smp.c
Auto-merged arch/sh/kernel/smp.c
Auto-merged arch/x86/Kconfig
CONFLICT (content): Merge conflict in arch/x86/Kconfig
Auto-merged arch/x86/kernel/genapic_flat_64.c
Auto-merged arch/x86/kernel/genx2apic_cluster.c
Auto-merged arch/x86/kernel/genx2apic_phys.c
Auto-merged arch/x86/kernel/genx2apic_uv_x.c
Auto-merged arch/x86/kernel/setup_percpu.c
Auto-merged arch/x86/kernel/smp.c
Auto-merged arch/x86/kernel/smpboot.c
Auto-merged arch/x86/xen/smp.c
Auto-merged drivers/pci/pci-sysfs.c
Auto-merged drivers/pci/probe.c
Auto-merged include/linux/workqueue.h
Auto-merged init/Kconfig
Auto-merged init/main.c
Auto-merged kernel/module.c
Auto-merged kernel/panic.c
Auto-merged kernel/params.c
CONFLICT (content): Merge conflict in kernel/params.c
Auto-merged kernel/sched.c
CONFLICT (content): Merge conflict in kernel/sched.c
Auto-merged kernel/sched_stats.h
Auto-merged kernel/smp.c
Auto-merged kernel/stop_machine.c
CONFLICT (content): Merge conflict in kernel/stop_machine.c
Auto-merged kernel/time/timer_list.c
Auto-merged kernel/trace/trace.c
Auto-merged kernel/workqueue.c
Auto-merged lib/Kconfig.debug
Auto-merged mm/slub.c
Auto-merged mm/vmstat.c
Recorded preimage for 'kernel/stop_machine.c'
Resolved 'arch/x86/Kconfig' using previous resolution.
Resolved 'arch/x86/include/asm/ipi.h' using previous resolution.
Resolved 'kernel/params.c' using previous resolution.
Resolved 'kernel/sched.c' using previous resolution.
Automatic merge failed; fix conflicts and then commit the result.
$ git commit -v -a
Recorded resolution for 'kernel/stop_machine.c'.
Created commit aee9ccc: Merge branch 'quilt/rr'
$ git diff -M --stat --summary HEAD^..
 Documentation/lguest/lguest.c                      |   60 +--
 arch/alpha/include/asm/smp.h                       |    1 -
 arch/alpha/kernel/irq.c                            |    3 +-
 arch/alpha/kernel/process.c                        |    2 +
 arch/alpha/kernel/smp.c                            |   15 +-
 arch/arm/kernel/irq.c                              |    2 +-
 arch/arm/kernel/smp.c                              |   10 -
 arch/cris/arch-v32/kernel/smp.c                    |    4 -
 arch/cris/kernel/setup.c                           |    2 +-
 arch/frv/kernel/setup.c                            |    2 +-
 arch/h8300/kernel/setup.c                          |    2 +-
 arch/ia64/include/asm/smp.h                        |    1 -
 arch/ia64/kernel/acpi.c                            |    2 +-
 arch/ia64/kernel/iosapic.c                         |    4 +-
 arch/ia64/kernel/irq.c                             |    2 +-
 arch/ia64/kernel/mca.c                             |    6 +-
 arch/ia64/kernel/perfmon.c                         |    4 +-
 arch/ia64/kernel/salinfo.c                         |    6 +-
 arch/ia64/kernel/setup.c                           |    4 +-
 arch/ia64/kernel/smpboot.c                         |    6 -
 arch/ia64/kernel/topology.c                        |    2 +-
 arch/ia64/sn/kernel/setup.c                        |    2 +-
 arch/ia64/sn/kernel/sn2/sn2_smp.c                  |    6 +-
 arch/ia64/sn/kernel/sn2/sn_hwperf.c                |    2 +-
 arch/m32r/Kconfig                                  |    1 +
 arch/m32r/kernel/setup.c                           |    2 +-
 arch/m32r/kernel/smpboot.c                         |    8 +-
 arch/m68knommu/kernel/setup.c                      |    2 +-
 arch/mips/include/asm/smp.h                        |    3 -
 arch/mips/kernel/irq-gic.c                         |    2 +-
 arch/mips/kernel/proc.c                            |    2 +-
 arch/mips/kernel/smp-cmp.c                         |    8 +-
 arch/mips/kernel/smp-mt.c                          |    2 +-
 arch/mips/kernel/smp.c                             |    7 +-
 arch/mips/kernel/smtc.c                            |   12 +-
 arch/mips/pmc-sierra/yosemite/smp.c                |    6 +-
 arch/mips/sgi-ip27/ip27-smp.c                      |    2 +-
 arch/mips/sibyte/bcm1480/irq.c                     |    2 +-
 arch/mips/sibyte/bcm1480/smp.c                     |   10 +-
 arch/mips/sibyte/sb1250/smp.c                      |   10 +-
 arch/mn10300/kernel/irq.c                          |    4 +-
 arch/mn10300/kernel/setup.c                        |    2 +-
 arch/parisc/Kconfig                                |    1 +
 arch/parisc/kernel/irq.c                           |    4 +-
 arch/parisc/kernel/processor.c                     |    4 +-
 arch/parisc/kernel/smp.c                           |   15 -
 arch/powerpc/include/asm/cputhreads.h              |    2 +-
 arch/powerpc/kernel/irq.c                          |    2 +-
 arch/powerpc/kernel/machine_kexec_64.c             |    2 +-
 arch/powerpc/kernel/process.c                      |    2 +-
 arch/powerpc/kernel/setup-common.c                 |   10 +-
 arch/powerpc/kernel/smp.c                          |    4 -
 arch/powerpc/mm/numa.c                             |    4 +-
 arch/powerpc/platforms/cell/spu_base.c             |    5 +-
 arch/powerpc/platforms/powermac/setup.c            |    2 +-
 arch/powerpc/platforms/powermac/smp.c              |    4 +-
 arch/powerpc/platforms/pseries/hotplug-cpu.c       |    2 +-
 arch/powerpc/platforms/pseries/rtasd.c             |    2 +-
 arch/powerpc/platforms/pseries/xics.c              |    4 +-
 arch/powerpc/xmon/xmon.c                           |    4 +-
 arch/s390/Kconfig                                  |    1 +
 arch/s390/kernel/smp.c                             |   16 +-
 arch/sh/kernel/setup.c                             |    2 +-
 arch/sh/kernel/smp.c                               |    6 -
 arch/sparc/include/asm/smp_32.h                    |    2 -
 arch/sparc/kernel/smp.c                            |   17 +-
 arch/sparc/kernel/sparc_ksyms.c                    |    4 -
 arch/sparc/kernel/sun4d_smp.c                      |    9 +-
 arch/sparc/kernel/sun4m_smp.c                      |    8 +-
 arch/sparc/mm/srmmu.c                              |    2 +-
 arch/sparc64/kernel/ds.c                           |    2 +-
 arch/sparc64/kernel/irq.c                          |    4 +-
 arch/sparc64/kernel/smp.c                          |    4 -
 arch/sparc64/mm/init.c                             |    2 +-
 arch/um/kernel/smp.c                               |    7 -
 arch/um/kernel/um_arch.c                           |    2 +-
 arch/x86/Kconfig                                   |   11 +-
 arch/x86/include/asm/bigsmp/apic.h                 |   14 +-
 arch/x86/include/asm/bigsmp/ipi.h                  |    9 +-
 arch/x86/include/asm/es7000/apic.h                 |   18 +-
 arch/x86/include/asm/es7000/ipi.h                  |    9 +-
 arch/x86/include/asm/genapic_32.h                  |   11 +-
 arch/x86/include/asm/genapic_64.h                  |   11 +-
 arch/x86/include/asm/ipi.h                         |   21 +-
 arch/x86/include/asm/mach-default/mach_apic.h      |   17 +-
 arch/x86/include/asm/mach-default/mach_ipi.h       |   18 +-
 arch/x86/include/asm/numaq/apic.h                  |    4 +-
 arch/x86/include/asm/numaq/ipi.h                   |    9 +-
 arch/x86/include/asm/summit/apic.h                 |   12 +-
 arch/x86/include/asm/summit/ipi.h                  |    9 +-
 arch/x86/kernel/apic.c                             |    4 +-
 arch/x86/kernel/cpu/intel_cacheinfo.c              |    4 +-
 arch/x86/kernel/crash.c                            |    5 +-
 arch/x86/kernel/genapic_flat_64.c                  |   76 ++-
 arch/x86/kernel/genx2apic_cluster.c                |   60 +-
 arch/x86/kernel/genx2apic_phys.c                   |   54 +-
 arch/x86/kernel/genx2apic_uv_x.c                   |   43 +-
 arch/x86/kernel/io_apic.c                          |  118 ++--
 arch/x86/kernel/ipi.c                              |   26 +-
 arch/x86/kernel/irq_32.c                           |    2 +-
 arch/x86/kernel/setup_percpu.c                     |    9 +-
 arch/x86/kernel/smp.c                              |    4 +-
 arch/x86/kernel/smpboot.c                          |    6 -
 arch/x86/kernel/tlb_32.c                           |    2 +-
 arch/x86/kernel/tlb_64.c                           |    2 +-
 arch/x86/lguest/boot.c                             |   32 +-
 arch/x86/lguest/i386_head.S                        |   15 -
 arch/x86/mach-generic/bigsmp.c                     |    5 +-
 arch/x86/mach-generic/es7000.c                     |    5 +-
 arch/x86/mach-generic/numaq.c                      |    5 +-
 arch/x86/mach-generic/summit.c                     |    5 +-
 arch/x86/mach-voyager/voyager_smp.c                |   11 +-
 arch/x86/mm/numa_64.c                              |    4 +-
 arch/x86/mm/srat_64.c                              |    2 +-
 arch/x86/xen/smp.c                                 |   13 +-
 drivers/base/cpu.c                                 |    2 +-
 drivers/base/node.c                                |    4 +-
 drivers/base/topology.c                            |    4 +-
 drivers/infiniband/hw/ehca/ehca_irq.c              |    2 +-
 drivers/lguest/lg.h                                |    2 +-
 drivers/lguest/lguest_user.c                       |   13 +-
 drivers/lguest/page_tables.c                       |   72 ++-
 drivers/net/virtio_net.c                           |  189 ++++-
 drivers/pci/pci-sysfs.c                            |    4 +-
 drivers/pci/probe.c                                |    4 +-
 drivers/pnp/pnpbios/bioscalls.c                    |    2 +-
 include/asm-cris/smp.h                             |    1 -
 include/asm-m32r/smp.h                             |    2 -
 include/linux/cpumask.h                            |  794 +++++++++++---------
 include/linux/lguest_launcher.h                    |    2 +-
 include/linux/seq_file.h                           |    2 +-
 include/linux/smp.h                                |    9 +
 include/linux/stop_machine.h                       |    6 +
 include/linux/threads.h                            |   16 +-
 include/linux/virtio_net.h                         |    9 +
 include/linux/workqueue.h                          |    8 +
 init/Kconfig                                       |   15 +-
 init/main.c                                        |   16 +-
 kernel/Kconfig.preempt                             |   10 +
 kernel/cpu.c                                       |   93 ++-
 kernel/cpuset.c                                    |    4 +-
 kernel/irq/proc.c                                  |    4 +-
 kernel/kexec.c                                     |    2 +-
 kernel/kmod.c                                      |    2 +-
 kernel/kthread.c                                   |    4 +-
 kernel/profile.c                                   |    4 +-
 kernel/sched.c                                     |  192 +++---
 kernel/sched_stats.h                               |    2 +-
 kernel/smp.c                                       |    2 +-
 kernel/stop_machine.c                              |    4 +-
 kernel/taskstats.c                                 |    2 +-
 kernel/time/timer_list.c                           |    4 +-
 kernel/trace/trace.c                               |    4 +-
 kernel/workqueue.c                                 |   51 ++-
 lib/Kconfig.debug                                  |    6 +
 lib/cpumask.c                                      |   68 ++-
 mm/allocpercpu.c                                   |    4 +-
 mm/slub.c                                          |    2 +-
 mm/vmstat.c                                        |    2 +-
 net/core/neighbour.c                               |    4 +-
 .../netfilter/nf_conntrack_l3proto_ipv4_compat.c   |    4 +-
 net/ipv4/route.c                                   |    4 +-
 net/netfilter/nf_conntrack_standalone.c            |    4 +-
 security/selinux/selinuxfs.c                       |    2 +-
 164 files changed, 1554 insertions(+), 1189 deletions(-)
$ git am -3 ../patches/0001-x86-cpumask-change-fallout.patch
Applying x86: cpumask change fallout
$ git reset HEAD^
arch/x86/kernel/smp.c: needs update
arch/x86/xen/smp.c: needs update
$ git add .
$ git commit -v -a --amend
Created commit 75f6acd: Merge branch 'quilt/rr'
Merging cifs/master
$ git merge cifs/master
Already up-to-date.
Merging mmc/next
$ git merge mmc/next
Already up-to-date.
Merging gfs2/master
$ git merge gfs2/master
Removed fs/gfs2/ops_dentry.h
Auto-merged fs/gfs2/ops_export.c
Removed fs/gfs2/ops_fstype.h
Auto-merged fs/gfs2/ops_inode.c
Removed fs/gfs2/ops_inode.h
Removed fs/gfs2/ops_super.h
Auto-merged include/linux/fs.h
Merge made by recursive.
 fs/gfs2/inode.c       |    1 -
 fs/gfs2/inode.h       |   11 +++++++++++
 fs/gfs2/main.c        |    2 +-
 fs/gfs2/ops_address.c |   16 +++++++---------
 fs/gfs2/ops_dentry.c  |    2 +-
 fs/gfs2/ops_dentry.h  |   17 -----------------
 fs/gfs2/ops_export.c  |    3 +--
 fs/gfs2/ops_file.c    |    1 -
 fs/gfs2/ops_fstype.c  |    3 ---
 fs/gfs2/ops_fstype.h  |   19 -------------------
 fs/gfs2/ops_inode.c   |   49 +++++++++++++++++++++++++++++++++++++++++++++++--
 fs/gfs2/ops_inode.h   |   25 -------------------------
 fs/gfs2/ops_super.c   |    8 ++++----
 fs/gfs2/ops_super.h   |   17 -----------------
 fs/gfs2/super.h       |    8 ++++++++
 fs/ioctl.c            |   44 ++++++++++++++++++++++++++++++++++----------
 include/linux/fs.h    |    3 +++
 17 files changed, 117 insertions(+), 112 deletions(-)
 delete mode 100644 fs/gfs2/ops_dentry.h
 delete mode 100644 fs/gfs2/ops_fstype.h
 delete mode 100644 fs/gfs2/ops_inode.h
 delete mode 100644 fs/gfs2/ops_super.h
Merging input/next
$ git merge input/next
Already up-to-date.
Merging semaphore/semaphore
$ git merge semaphore/semaphore
Already up-to-date.
Merging semaphore-removal/semaphore-removal
$ git merge semaphore-removal/semaphore-removal
Auto-merged arch/arm/mach-lh7a40x/clocks.c
Auto-merged drivers/net/bonding/bond_main.c
Auto-merged drivers/net/bonding/bond_sysfs.c
Auto-merged drivers/net/ps3_gelic_wireless.c
Auto-merged drivers/scsi/qla2xxx/qla_def.h
Auto-merged include/net/bluetooth/hci_core.h
Auto-merged net/9p/trans_virtio.c
CONFLICT (content): Merge conflict in net/9p/trans_virtio.c
Auto-merged net/bluetooth/hci_core.c
Auto-merged sound/soc/s3c24xx/s3c2443-ac97.c
Resolved 'net/9p/trans_virtio.c' using previous resolution.
Automatic merge failed; fix conflicts and then commit the result.
$ git commit -v -a
Created commit af8a66b: Merge commit 'semaphore-removal/semaphore-removal'
$ git diff -M --stat --summary HEAD^..
 arch/arm/mach-lh7a40x/clocks.c   |   15 ++++++++-------
 drivers/net/bonding/bond_main.c  |   21 +++++++++++----------
 drivers/net/bonding/bond_sysfs.c |   15 ++++++++-------
 drivers/net/ppp_async.c          |    8 ++++----
 drivers/net/ps3_gelic_net.c      |    1 +
 drivers/net/ps3_gelic_wireless.c |    1 +
 drivers/pci/hotplug/ibmphp_hpc.c |   30 ++++++++++++++----------------
 include/net/bluetooth/hci_core.h |    7 ++++---
 net/9p/trans_virtio.c            |   21 +++++++++++----------
 net/bluetooth/hci_core.c         |    2 +-
 sound/soc/s3c24xx/s3c2443-ac97.c |   11 ++++++-----
 11 files changed, 69 insertions(+), 63 deletions(-)
Merging bkl-removal/bkl-removal
$ git merge bkl-removal/bkl-removal
Already up-to-date.
Merging trivial/next
$ git merge trivial/next
Auto-merged Documentation/edac.txt
CONFLICT (content): Merge conflict in Documentation/edac.txt
Auto-merged arch/mips/kernel/vpe.c
Auto-merged drivers/base/sys.c
Auto-merged drivers/media/dvb/ttpci/av7110.c
Auto-merged drivers/message/i2o/i2o_block.c
Auto-merged drivers/net/spider_net.c
Auto-merged drivers/serial/mpc52xx_uart.c
Auto-merged drivers/usb/serial/ftdi_sio.c
Auto-merged fs/jffs2/fs.c
Auto-merged fs/ntfs/aops.c
Auto-merged fs/proc/nommu.c
Auto-merged include/linux/securebits.h
CONFLICT (content): Merge conflict in include/linux/securebits.h
Auto-merged mm/migrate.c
Auto-merged mm/slub.c
Auto-merged net/wireless/wext.c
Resolved 'Documentation/edac.txt' using previous resolution.
Resolved 'include/linux/securebits.h' using previous resolution.
Automatic merge failed; fix conflicts and then commit the result.
$ git commit -v -a
Created commit 0787257: Merge commit 'trivial/next'
$ git diff -M --stat --summary HEAD^..
 Documentation/filesystems/hfs.txt     |    2 +-
 Documentation/ja_JP/SubmittingPatches |    4 ++--
 Documentation/zh_CN/SubmittingPatches |    4 ++--
 arch/mips/kernel/vpe.c                |    2 +-
 arch/sh/lib64/c-checksum.c            |    4 ++--
 drivers/base/sys.c                    |    2 +-
 drivers/char/serial167.c              |    2 +-
 drivers/media/dvb/ttpci/av7110.c      |    2 +-
 drivers/message/i2o/i2o_block.c       |    2 +-
 drivers/misc/ibmasm/event.c           |    2 +-
 drivers/net/spider_net.c              |    2 +-
 drivers/serial/mpc52xx_uart.c         |    4 ++--
 drivers/usb/serial/ftdi_sio.c         |    2 +-
 fs/jffs2/fs.c                         |    2 +-
 fs/ntfs/aops.c                        |    2 +-
 fs/proc/nommu.c                       |    2 +-
 mm/migrate.c                          |    2 +-
 mm/slub.c                             |    4 ++--
 net/wireless/wext.c                   |    2 +-
 19 files changed, 24 insertions(+), 24 deletions(-)
Merging ubifs/linux-next
$ git merge ubifs/linux-next
Already up-to-date.
Merging lsm/for-next
$ git merge lsm/for-next
Already up-to-date.
Merging block/for-next
$ git merge block/for-next
Merge made by recursive.
 block/blk-merge.c   |   21 ---------------------
 block/cfq-iosched.c |    8 ++------
 2 files changed, 2 insertions(+), 27 deletions(-)
Merging embedded/master
$ git merge embedded/master
Already up-to-date.
Merging firmware/master
$ git merge firmware/master
Auto-merged drivers/media/dvb/ttpci/Kconfig
Auto-merged drivers/media/dvb/ttpci/av7110.c
Removed drivers/media/dvb/ttpci/fdump.c
Removed drivers/net/acenic_firmware.h
Auto-merged drivers/net/e100.c
Removed drivers/net/starfire_firmware.h
Removed drivers/net/starfire_firmware.pl
Auto-merged drivers/net/tg3.c
Auto-merged drivers/net/tg3.h
Removed drivers/scsi/ql1040_fw.h
Removed drivers/scsi/ql12160_fw.h
Removed drivers/scsi/ql1280_fw.h
Auto-merged drivers/scsi/qla1280.c
Auto-merged drivers/scsi/qlogicpti.c
CONFLICT (content): Merge conflict in drivers/scsi/qlogicpti.c
Removed drivers/scsi/qlogicpti_asm.c
Auto-merged firmware/Makefile
Auto-merged firmware/WHENCE
CONFLICT (content): Merge conflict in firmware/WHENCE
Auto-merged sound/isa/Kconfig
Auto-merged sound/isa/wavefront/wavefront_fx.c
Removed sound/isa/wavefront/yss225.c
Resolved 'drivers/scsi/qlogicpti.c' using previous resolution.
Resolved 'firmware/WHENCE' using previous resolution.
Automatic merge failed; fix conflicts and then commit the result.
$ git commit -v -a
Created commit 5e31fb0: Merge commit 'firmware/master'
$ git diff -M --stat --summary HEAD^..
 drivers/media/dvb/ttpci/Kconfig           |   23 +-
 drivers/media/dvb/ttpci/Makefile          |    9 -
 drivers/media/dvb/ttpci/av7110.c          |   16 -
 drivers/media/dvb/ttpci/av7110_hw.c       |   35 +-
 drivers/media/dvb/ttpci/av7110_hw.h       |    3 +-
 drivers/media/dvb/ttpci/fdump.c           |   44 -
 drivers/net/acenic.c                      |  117 +-
 drivers/net/acenic.h                      |    4 +
 drivers/net/acenic_firmware.h             | 9456 -----------------------------
 drivers/net/e100.c                        |  283 +-
 drivers/net/starfire.c                    |   51 +-
 drivers/net/starfire_firmware.h           |  346 --
 drivers/net/starfire_firmware.pl          |   31 -
 drivers/net/tg3.c                         |  789 +---
 drivers/net/tg3.h                         |    4 +
 drivers/scsi/advansys.c                   | 1731 +-----
 drivers/scsi/ql1040_fw.h                  | 2130 -------
 drivers/scsi/ql12160_fw.h                 | 1811 ------
 drivers/scsi/ql1280_fw.h                  | 2048 -------
 drivers/scsi/qla1280.c                    |  114 +-
 drivers/scsi/qla1280.h                    |    6 +
 drivers/scsi/qlogicpti.c                  |   63 +-
 drivers/scsi/qlogicpti_asm.c              | 1160 ----
 firmware/Makefile                         |   20 +
 firmware/WHENCE                           |  121 +
 firmware/acenic/tg1.bin.ihex              | 4573 ++++++++++++++
 firmware/acenic/tg2.bin.ihex              | 4844 +++++++++++++++
 firmware/adaptec/starfire_rx.bin.ihex     |   53 +
 firmware/adaptec/starfire_tx.bin.ihex     |   53 +
 firmware/advansys/3550.bin.ihex           |  317 +
 firmware/advansys/38C0800.bin.ihex        |  336 +
 firmware/advansys/38C1600.bin.ihex        |  398 ++
 firmware/advansys/mcode.bin.ihex          |  147 +
 firmware/av7110/Boot.S                    |  109 +
 firmware/av7110/bootcode.bin.ihex         |   15 +
 firmware/e100/d101m_ucode.bin.ihex        |   38 +
 firmware/e100/d101s_ucode.bin.ihex        |   38 +
 firmware/e100/d102e_ucode.bin.ihex        |   38 +
 firmware/qlogic/1040.bin.ihex             | 2111 +++++++
 firmware/qlogic/12160.bin.ihex            | 1771 ++++++
 firmware/qlogic/1280.bin.ihex             | 2008 ++++++
 firmware/qlogic/isp1000.bin.ihex          | 1158 ++++
 firmware/tigon/tg3.bin.ihex               |  175 +
 firmware/tigon/tg3_tso.bin.ihex           |  446 ++
 firmware/tigon/tg3_tso5.bin.ihex          |  252 +
 firmware/yamaha/yss225_registers.bin.ihex |  998 +++
 sound/isa/Kconfig                         |   10 -
 sound/isa/wavefront/wavefront_fx.c        |   16 -
 sound/isa/wavefront/yss225.c              | 2739 ---------
 49 files changed, 20560 insertions(+), 22498 deletions(-)
 delete mode 100644 drivers/media/dvb/ttpci/fdump.c
 delete mode 100644 drivers/net/acenic_firmware.h
 delete mode 100644 drivers/net/starfire_firmware.h
 delete mode 100644 drivers/net/starfire_firmware.pl
 delete mode 100644 drivers/scsi/ql1040_fw.h
 delete mode 100644 drivers/scsi/ql12160_fw.h
 delete mode 100644 drivers/scsi/ql1280_fw.h
 delete mode 100644 drivers/scsi/qlogicpti_asm.c
 create mode 100644 firmware/acenic/tg1.bin.ihex
 create mode 100644 firmware/acenic/tg2.bin.ihex
 create mode 100644 firmware/adaptec/starfire_rx.bin.ihex
 create mode 100644 firmware/adaptec/starfire_tx.bin.ihex
 create mode 100644 firmware/advansys/3550.bin.ihex
 create mode 100644 firmware/advansys/38C0800.bin.ihex
 create mode 100644 firmware/advansys/38C1600.bin.ihex
 create mode 100644 firmware/advansys/mcode.bin.ihex
 create mode 100644 firmware/av7110/Boot.S
 create mode 100644 firmware/av7110/bootcode.bin.ihex
 create mode 100644 firmware/e100/d101m_ucode.bin.ihex
 create mode 100644 firmware/e100/d101s_ucode.bin.ihex
 create mode 100644 firmware/e100/d102e_ucode.bin.ihex
 create mode 100644 firmware/qlogic/1040.bin.ihex
 create mode 100644 firmware/qlogic/12160.bin.ihex
 create mode 100644 firmware/qlogic/1280.bin.ihex
 create mode 100644 firmware/qlogic/isp1000.bin.ihex
 create mode 100644 firmware/tigon/tg3.bin.ihex
 create mode 100644 firmware/tigon/tg3_tso.bin.ihex
 create mode 100644 firmware/tigon/tg3_tso5.bin.ihex
 create mode 100644 firmware/yamaha/yss225_registers.bin.ihex
 delete mode 100644 sound/isa/wavefront/yss225.c
Merging pcmcia/master
$ git merge pcmcia/master
Merge made by recursive.
 drivers/bluetooth/bluecard_cs.c   |    2 +-
 drivers/bluetooth/bt3c_cs.c       |    6 ++++--
 drivers/bluetooth/btuart_cs.c     |    6 ++++--
 drivers/bluetooth/dtl1_cs.c       |    7 +++++--
 drivers/char/pcmcia/synclink_cs.c |    2 +-
 drivers/parport/parport_cs.c      |    2 +-
 drivers/pcmcia/pcmcia_resource.c  |    3 ++-
 drivers/scsi/fdomain.c            |    2 ++
 8 files changed, 20 insertions(+), 10 deletions(-)
Merging battery/master
$ git merge battery/master
Already up-to-date.
Merging leds/for-mm
$ git merge leds/for-mm
Already up-to-date.
Merging backlight/for-mm
$ git merge backlight/for-mm
Already up-to-date.
Merging kgdb/kgdb-next
$ git merge kgdb/kgdb-next
Merge made by recursive.
 include/linux/kgdb.h |   42 ++++++++++++++++++++++++++++++++++++++++--
 kernel/kgdb.c        |    6 +++---
 2 files changed, 43 insertions(+), 5 deletions(-)
Merging slab/for-next
$ git merge slab/for-next
Auto-merged Documentation/kernel-parameters.txt
Auto-merged MAINTAINERS
Auto-merged include/linux/slab.h
Auto-merged init/main.c
Auto-merged lib/Kconfig.debug
Auto-merged mm/Makefile
CONFLICT (content): Merge conflict in mm/Makefile
Auto-merged mm/slab.c
Auto-merged mm/slob.c
Auto-merged mm/slub.c
Resolved 'mm/Makefile' using previous resolution.
Automatic merge failed; fix conflicts and then commit the result.
$ git commit -v -a
Created commit de3feec: Merge commit 'slab/for-next'
$ git diff -M --stat --summary HEAD^..
 Documentation/ABI/testing/debugfs-kmemtrace |   71 ++++++
 Documentation/kernel-parameters.txt         |   10 +
 Documentation/vm/kmemtrace.txt              |  126 ++++++++++
 MAINTAINERS                                 |    6 +
 include/linux/kmemtrace.h                   |   86 +++++++
 include/linux/slab.h                        |    8 +-
 include/linux/slab_def.h                    |   68 +++++-
 include/linux/slob_def.h                    |    9 +-
 include/linux/slub_def.h                    |   53 ++++-
 init/main.c                                 |    2 +
 kernel/relay.c                              |    7 +-
 lib/Kconfig.debug                           |   20 ++
 mm/Makefile                                 |    1 +
 mm/kmemtrace.c                              |  333 +++++++++++++++++++++++++++
 mm/slab.c                                   |   79 ++++++-
 mm/slob.c                                   |   37 +++-
 mm/slub.c                                   |  141 +++++++++---
 17 files changed, 980 insertions(+), 77 deletions(-)
 create mode 100644 Documentation/ABI/testing/debugfs-kmemtrace
 create mode 100644 Documentation/vm/kmemtrace.txt
 create mode 100644 include/linux/kmemtrace.h
 create mode 100644 mm/kmemtrace.c
Merging uclinux/for-next
$ git merge uclinux/for-next
Already up-to-date.
Merging md/for-next
$ git merge md/for-next
Auto-merged drivers/md/md.c
Merge made by recursive.
 drivers/md/md.c            |   19 +++--
 drivers/md/raid0.c         |  168 ++++++++++++++++++++++----------------------
 include/linux/raid/md_k.h  |    1 +
 include/linux/raid/raid0.h |   10 ++--
 4 files changed, 102 insertions(+), 96 deletions(-)
Merging kmemcheck/auto-kmemcheck-next
$ git merge kmemcheck/auto-kmemcheck-next
Renamed include/asm-x86/dma-mapping.h => arch/x86/include/asm/dma-mapping.h
Auto-merged arch/x86/include/asm/dma-mapping.h
Renamed include/asm-x86/pgtable.h => arch/x86/include/asm/pgtable.h
Auto-merged arch/x86/include/asm/pgtable.h
Renamed include/asm-x86/pgtable_32.h => arch/x86/include/asm/pgtable_32.h
Auto-merged arch/x86/include/asm/pgtable_32.h
Renamed include/asm-x86/pgtable_64.h => arch/x86/include/asm/pgtable_64.h
Auto-merged arch/x86/include/asm/pgtable_64.h
Renamed include/asm-x86/string_32.h => arch/x86/include/asm/string_32.h
Auto-merged arch/x86/include/asm/string_32.h
Renamed include/asm-x86/string_64.h => arch/x86/include/asm/string_64.h
Auto-merged arch/x86/include/asm/string_64.h
Auto-merged MAINTAINERS
CONFLICT (content): Merge conflict in MAINTAINERS
Auto-merged arch/x86/Kconfig.debug
Auto-merged arch/x86/Makefile
Auto-merged arch/x86/kernel/traps.c
Auto-merged arch/x86/mm/fault.c
Auto-merged include/linux/slab.h
Auto-merged include/linux/slab_def.h
Auto-merged init/main.c
Auto-merged kernel/fork.c
Auto-merged kernel/sysctl.c
Auto-merged mm/Makefile
Auto-merged mm/slab.c
CONFLICT (content): Merge conflict in mm/slab.c
Auto-merged mm/slub.c
CONFLICT (content): Merge conflict in mm/slub.c
Resolved 'MAINTAINERS' using previous resolution.
Resolved 'mm/slab.c' using previous resolution.
Resolved 'mm/slub.c' using previous resolution.
Automatic merge failed; fix conflicts and then commit the result.
$ git commit -v -a
Created commit 9f8ecf5: Merge commit 'kmemcheck/auto-kmemcheck-next'
$ git diff -M --stat --summary HEAD^..
 Documentation/kmemcheck.txt        |  135 +++++++
 MAINTAINERS                        |    8 +
 arch/x86/Kconfig.debug             |   87 +++++
 arch/x86/Makefile                  |    5 +
 arch/x86/include/asm/dma-mapping.h |    2 +
 arch/x86/include/asm/pgtable.h     |    4 +-
 arch/x86/include/asm/pgtable_32.h  |    6 +
 arch/x86/include/asm/pgtable_64.h  |    6 +
 arch/x86/include/asm/string_32.h   |    8 +
 arch/x86/include/asm/string_64.h   |    8 +
 arch/x86/kernel/cpu/common.c       |    4 +
 arch/x86/kernel/head_32.S          |    2 +-
 arch/x86/kernel/process.c          |    2 +-
 arch/x86/kernel/stacktrace.c       |    7 +
 arch/x86/kernel/traps.c            |    5 +
 arch/x86/mm/Makefile               |    2 +
 arch/x86/mm/fault.c                |   18 +-
 arch/x86/mm/init_32.c              |    4 +-
 arch/x86/mm/init_64.c              |    2 +-
 arch/x86/mm/kmemcheck/Makefile     |    1 +
 arch/x86/mm/kmemcheck/error.c      |  229 +++++++++++
 arch/x86/mm/kmemcheck/error.h      |   15 +
 arch/x86/mm/kmemcheck/kmemcheck.c  |  752 ++++++++++++++++++++++++++++++++++++
 arch/x86/mm/kmemcheck/opcode.c     |   90 +++++
 arch/x86/mm/kmemcheck/opcode.h     |   10 +
 arch/x86/mm/kmemcheck/pte.c        |   22 +
 arch/x86/mm/kmemcheck/pte.h        |   10 +
 arch/x86/mm/kmemcheck/shadow.c     |  124 ++++++
 arch/x86/mm/kmemcheck/shadow.h     |   16 +
 include/asm-x86/kmemcheck.h        |   42 ++
 include/linux/gfp.h                |    3 +-
 include/linux/interrupt.h          |   14 +
 include/linux/kmemcheck.h          |   86 ++++
 include/linux/mm_types.h           |    3 +
 include/linux/slab.h               |    7 +
 include/linux/slab_def.h           |   81 ++++
 include/linux/stacktrace.h         |    3 +
 init/main.c                        |    4 +
 kernel/fork.c                      |   16 +-
 kernel/softirq.c                   |   11 +
 kernel/sysctl.c                    |   25 +-
 mm/Makefile                        |    1 +
 mm/kmemcheck.c                     |  103 +++++
 mm/slab.c                          |  101 +----
 mm/slub.c                          |   20 +-
 45 files changed, 1993 insertions(+), 111 deletions(-)
 create mode 100644 Documentation/kmemcheck.txt
 create mode 100644 arch/x86/mm/kmemcheck/Makefile
 create mode 100644 arch/x86/mm/kmemcheck/error.c
 create mode 100644 arch/x86/mm/kmemcheck/error.h
 create mode 100644 arch/x86/mm/kmemcheck/kmemcheck.c
 create mode 100644 arch/x86/mm/kmemcheck/opcode.c
 create mode 100644 arch/x86/mm/kmemcheck/opcode.h
 create mode 100644 arch/x86/mm/kmemcheck/pte.c
 create mode 100644 arch/x86/mm/kmemcheck/pte.h
 create mode 100644 arch/x86/mm/kmemcheck/shadow.c
 create mode 100644 arch/x86/mm/kmemcheck/shadow.h
 create mode 100644 include/asm-x86/kmemcheck.h
 create mode 100644 include/linux/kmemcheck.h
 create mode 100644 mm/kmemcheck.c
Merging generic-ipi/auto-generic-ipi-next
$ git merge generic-ipi/auto-generic-ipi-next
Already up-to-date.
Merging mfd/for-next
$ git merge mfd/for-next
Merge made by recursive.
 drivers/mfd/wm8350-regmap.c |    2 +-
 1 files changed, 1 insertions(+), 1 deletions(-)
Merging hdlc/hdlc-next
$ git merge hdlc/hdlc-next
Removed Documentation/DocBook/wanbook.tmpl
Removed drivers/net/wan/syncppp.c
Removed include/net/syncppp.h
Merge made by recursive.
 Documentation/DocBook/Makefile            |    2 +-
 Documentation/DocBook/networking.tmpl     |    3 -
 Documentation/DocBook/wanbook.tmpl        |   99 --
 Documentation/networking/generic-hdlc.txt |    8 +-
 drivers/net/wan/Makefile                  |    2 +-
 drivers/net/wan/c101.c                    |    6 +-
 drivers/net/wan/{hd6457x.c => hd64570.c}  |  254 ++----
 drivers/net/wan/hd64572.c                 |  641 +++++++++++++
 drivers/net/wan/hdlc_fr.c                 |   10 +-
 drivers/net/wan/hdlc_ppp.c                |  648 ++++++++++++-
 drivers/net/wan/n2.c                      |    9 +-
 drivers/net/wan/pc300_drv.c               |   17 +-
 drivers/net/wan/pc300too.c                |   73 +-
 drivers/net/wan/pci200syn.c               |   77 +-
 drivers/net/wan/syncppp.c                 | 1479 -----------------------------
 include/linux/hdlc.h                      |    2 +-
 include/net/syncppp.h                     |  102 --
 17 files changed, 1372 insertions(+), 2060 deletions(-)
 delete mode 100644 Documentation/DocBook/wanbook.tmpl
 rename drivers/net/wan/{hd6457x.c => hd64570.c} (78%)
 create mode 100644 drivers/net/wan/hd64572.c
 delete mode 100644 drivers/net/wan/syncppp.c
 delete mode 100644 include/net/syncppp.h
Merging drm/drm-next
$ git merge drm/drm-next
Already up-to-date.
Merging voltage/for-linus
$ git merge voltage/for-linus
Auto-merged drivers/Kconfig
Merge made by recursive.
 drivers/Kconfig |    2 ++
 1 files changed, 2 insertions(+), 0 deletions(-)
Merging security-testing/next
$ git merge security-testing/next
Already up-to-date.
Merging lblnet/master
$ git merge lblnet/master
Already up-to-date.
Merging quilt/ttydev
$ git merge quilt/ttydev
Already up-to-date.
Merging agp/agp-next
$ git merge agp/agp-next
Already up-to-date.
Merging creds/creds-v4
$ git merge creds/creds-v4
Auto-merged arch/ia64/kernel/perfmon.c
Auto-merged arch/mips/kernel/vpe.c
Auto-merged arch/x86/mm/fault.c
Auto-merged fs/binfmt_elf.c
Auto-merged fs/compat.c
Auto-merged fs/gfs2/inode.c
Auto-merged fs/ocfs2/namei.c
Auto-merged fs/xfs/xfs_inode.h
Auto-merged include/linux/fs.h
Removed include/linux/key-ui.h
Auto-merged include/linux/sched.h
Auto-merged init/main.c
Auto-merged kernel/Makefile
Auto-merged kernel/cgroup.c
Auto-merged kernel/exit.c
Auto-merged kernel/fork.c
Auto-merged kernel/futex.c
Auto-merged kernel/kmod.c
Auto-merged kernel/sched.c
Auto-merged kernel/sysctl.c
Auto-merged kernel/trace/trace.c
Auto-merged kernel/workqueue.c
Auto-merged lib/Makefile
Auto-merged mm/migrate.c
Auto-merged net/9p/client.c
Auto-merged security/selinux/selinuxfs.c
Merge made by recursive.
 Documentation/credentials.txt                |  582 +++++++++++++
 arch/alpha/kernel/asm-offsets.c              |   11 +-
 arch/alpha/kernel/entry.S                    |   10 +-
 arch/ia64/ia32/sys_ia32.c                    |    7 +-
 arch/ia64/kernel/mca_drv.c                   |    2 +-
 arch/ia64/kernel/perfmon.c                   |   43 +-
 arch/ia64/kernel/signal.c                    |    4 +-
 arch/mips/kernel/kspd.c                      |    4 +-
 arch/mips/kernel/mips-mt-fpaff.c             |    5 +-
 arch/mips/kernel/vpe.c                       |    4 +-
 arch/parisc/kernel/signal.c                  |    2 +-
 arch/powerpc/mm/fault.c                      |    2 +-
 arch/powerpc/platforms/cell/spufs/inode.c    |    8 +-
 arch/s390/hypfs/inode.c                      |    4 +-
 arch/s390/kernel/compat_linux.c              |   28 +-
 arch/um/drivers/mconsole_kern.c              |    3 +-
 arch/x86/ia32/ia32_aout.c                    |    2 +-
 arch/x86/mm/fault.c                          |    2 +-
 drivers/block/loop.c                         |    6 +-
 drivers/char/tty_audit.c                     |    6 +-
 drivers/connector/cn_proc.c                  |   16 +-
 drivers/isdn/capi/capifs.c                   |    4 +-
 drivers/isdn/hysdn/hysdn_procconf.c          |    6 +-
 drivers/net/tun.c                            |    8 +-
 drivers/usb/core/devio.c                     |   10 +-
 drivers/usb/core/inode.c                     |    4 +-
 fs/9p/fid.c                                  |    2 +-
 fs/9p/vfs_inode.c                            |    4 +-
 fs/9p/vfs_super.c                            |    4 +-
 fs/affs/inode.c                              |    4 +-
 fs/affs/super.c                              |    4 +-
 fs/anon_inodes.c                             |    4 +-
 fs/attr.c                                    |    4 +-
 fs/autofs/inode.c                            |    4 +-
 fs/autofs4/dev-ioctl.c                       |    3 +-
 fs/autofs4/inode.c                           |    4 +-
 fs/autofs4/waitq.c                           |    4 +-
 fs/bfs/dir.c                                 |    4 +-
 fs/binfmt_aout.c                             |    2 +-
 fs/binfmt_elf.c                              |   20 +-
 fs/binfmt_elf_fdpic.c                        |   19 +-
 fs/binfmt_flat.c                             |    2 +-
 fs/binfmt_som.c                              |    2 +-
 fs/cifs/cifs_fs_sb.h                         |    2 +-
 fs/cifs/cifsproto.h                          |    2 +-
 fs/cifs/connect.c                            |    4 +-
 fs/cifs/dir.c                                |   12 +-
 fs/cifs/inode.c                              |    8 +-
 fs/cifs/ioctl.c                              |    2 +-
 fs/cifs/misc.c                               |    4 +-
 fs/coda/cache.c                              |    6 +-
 fs/coda/file.c                               |    2 +-
 fs/coda/upcall.c                             |    2 +-
 fs/compat.c                                  |   42 +-
 fs/devpts/inode.c                            |    4 +-
 fs/dquot.c                                   |    4 +-
 fs/ecryptfs/ecryptfs_kernel.h                |    3 +-
 fs/ecryptfs/kthread.c                        |    9 +-
 fs/ecryptfs/main.c                           |    3 +-
 fs/ecryptfs/messaging.c                      |   18 +-
 fs/ecryptfs/miscdev.c                        |   20 +-
 fs/exec.c                                    |  183 +++--
 fs/exportfs/expfs.c                          |    4 +-
 fs/ext2/balloc.c                             |    2 +-
 fs/ext2/ialloc.c                             |    4 +-
 fs/ext3/balloc.c                             |    2 +-
 fs/ext3/ialloc.c                             |    4 +-
 fs/ext4/balloc.c                             |    5 +-
 fs/ext4/ialloc.c                             |    4 +-
 fs/fat/file.c                                |    2 +-
 fs/fat/inode.c                               |    4 +-
 fs/fcntl.c                                   |   18 +-
 fs/file_table.c                              |   10 +-
 fs/fuse/dev.c                                |    4 +-
 fs/fuse/dir.c                                |   25 +-
 fs/gfs2/inode.c                              |   10 +-
 fs/hfs/inode.c                               |    4 +-
 fs/hfs/super.c                               |    4 +-
 fs/hfsplus/inode.c                           |    4 +-
 fs/hfsplus/options.c                         |    4 +-
 fs/hpfs/namei.c                              |   24 +-
 fs/hpfs/super.c                              |    4 +-
 fs/hppfs/hppfs.c                             |    6 +-
 fs/hugetlbfs/inode.c                         |   21 +-
 fs/inotify_user.c                            |    2 +-
 fs/internal.h                                |    6 +
 fs/ioprio.c                                  |   18 +-
 fs/jfs/jfs_inode.c                           |    4 +-
 fs/locks.c                                   |    2 +-
 fs/minix/bitmap.c                            |    4 +-
 fs/namei.c                                   |   10 +-
 fs/namespace.c                               |    2 +-
 fs/ncpfs/ioctl.c                             |   91 +--
 fs/nfsctl.c                                  |    3 +-
 fs/nfsd/auth.c                               |   95 ++-
 fs/nfsd/nfs4recover.c                        |   71 +-
 fs/nfsd/nfsfh.c                              |   11 +-
 fs/nfsd/vfs.c                                |    9 +-
 fs/ocfs2/dlm/dlmfs.c                         |    8 +-
 fs/ocfs2/namei.c                             |    4 +-
 fs/omfs/inode.c                              |    8 +-
 fs/open.c                                    |   59 +-
 fs/pipe.c                                    |    4 +-
 fs/posix_acl.c                               |    4 +-
 fs/proc/array.c                              |   32 +-
 fs/proc/base.c                               |   32 +-
 fs/quota.c                                   |    4 +-
 fs/ramfs/inode.c                             |    4 +-
 fs/reiserfs/namei.c                          |    4 +-
 fs/smbfs/dir.c                               |    3 +-
 fs/smbfs/inode.c                             |    2 +-
 fs/smbfs/proc.c                              |    2 +-
 fs/sysv/ialloc.c                             |    4 +-
 fs/ubifs/budget.c                            |    2 +-
 fs/ubifs/dir.c                               |    4 +-
 fs/udf/ialloc.c                              |    4 +-
 fs/udf/namei.c                               |    2 +-
 fs/ufs/ialloc.c                              |    4 +-
 fs/xfs/linux-2.6/xfs_cred.h                  |    6 +-
 fs/xfs/linux-2.6/xfs_globals.h               |    2 +-
 fs/xfs/linux-2.6/xfs_ioctl.c                 |    5 +-
 fs/xfs/xfs_acl.c                             |    6 +-
 fs/xfs/xfs_inode.h                           |    2 +-
 fs/xfs/xfs_vnodeops.h                        |   10 +-
 include/keys/keyring-type.h                  |   31 +
 include/linux/binfmts.h                      |   16 +-
 include/linux/capability.h                   |    2 -
 include/linux/cred.h                         |  340 +++++++-
 include/linux/fs.h                           |    8 +-
 include/linux/init_task.h                    |   13 +-
 include/linux/key-ui.h                       |   66 --
 include/linux/key.h                          |   32 +-
 include/linux/keyctl.h                       |    4 +-
 include/linux/sched.h                        |   64 +--
 include/linux/securebits.h                   |    2 +-
 include/linux/security.h                     |  326 ++++----
 include/net/scm.h                            |    4 +-
 init/main.c                                  |    1 +
 ipc/mqueue.c                                 |   19 +-
 ipc/shm.c                                    |    9 +-
 ipc/util.c                                   |   18 +-
 kernel/Makefile                              |    2 +-
 kernel/acct.c                                |    7 +-
 kernel/auditsc.c                             |   57 +-
 kernel/capability.c                          |  268 +------
 kernel/cgroup.c                              |   17 +-
 kernel/cred-internals.h                      |   21 +
 kernel/cred.c                                |  577 +++++++++++++
 kernel/exit.c                                |   23 +-
 kernel/fork.c                                |   44 +-
 kernel/futex.c                               |   20 +-
 kernel/futex_compat.c                        |    7 +-
 kernel/kmod.c                                |   30 +-
 kernel/ptrace.c                              |   29 +-
 kernel/sched.c                               |   26 +-
 kernel/signal.c                              |   60 +-
 kernel/sys.c                                 |  579 ++++++++------
 kernel/sysctl.c                              |    2 +-
 kernel/timer.c                               |    8 +-
 kernel/trace/trace.c                         |    2 +-
 kernel/tsacct.c                              |    6 +-
 kernel/uid16.c                               |   31 +-
 kernel/user.c                                |   37 +-
 kernel/user_namespace.c                      |   14 +-
 kernel/workqueue.c                           |    8 +-
 lib/Makefile                                 |    2 +-
 lib/is_single_threaded.c                     |   45 +
 mm/mempolicy.c                               |    9 +-
 mm/migrate.c                                 |    9 +-
 mm/oom_kill.c                                |    6 +-
 mm/shmem.c                                   |    8 +-
 net/9p/client.c                              |    2 +-
 net/ax25/af_ax25.c                           |    2 +-
 net/ax25/ax25_route.c                        |    2 +-
 net/core/dev.c                               |    8 +-
 net/core/scm.c                               |   10 +-
 net/ipv4/netfilter/ipt_LOG.c                 |    4 +-
 net/ipv6/ip6_flowlabel.c                     |    2 +-
 net/ipv6/netfilter/ip6t_LOG.c                |    4 +-
 net/netfilter/nfnetlink_log.c                |    5 +-
 net/netfilter/xt_owner.c                     |   16 +-
 net/netrom/af_netrom.c                       |    4 +-
 net/rose/af_rose.c                           |    4 +-
 net/rxrpc/ar-key.c                           |    6 +-
 net/sched/cls_flow.c                         |    4 +-
 net/socket.c                                 |    4 +-
 net/sunrpc/auth.c                            |   14 +-
 net/unix/af_unix.c                           |   11 +-
 security/capability.c                        |   56 +-
 security/commoncap.c                         |  699 ++++++++++------
 security/keys/internal.h                     |   47 +-
 security/keys/key.c                          |   25 +-
 security/keys/keyctl.c                       |  210 +++--
 security/keys/keyring.c                      |   15 +-
 security/keys/permission.c                   |   29 +-
 security/keys/proc.c                         |    8 +-
 security/keys/process_keys.c                 |  469 +++++------
 security/keys/request_key.c                  |  133 ++--
 security/keys/request_key_auth.c             |   46 +-
 security/root_plug.c                         |   13 +-
 security/security.c                          |   96 +--
 security/selinux/exports.c                   |    8 +-
 security/selinux/hooks.c                     | 1151 ++++++++++++++------------
 security/selinux/include/av_perm_to_string.h |    2 +
 security/selinux/include/av_permissions.h    |    2 +
 security/selinux/include/class_to_string.h   |    5 +
 security/selinux/include/flask.h             |    1 +
 security/selinux/include/objsec.h            |   11 -
 security/selinux/selinuxfs.c                 |   13 +-
 security/selinux/xfrm.c                      |    6 +-
 security/smack/smack_access.c                |    4 +-
 security/smack/smack_lsm.c                   |  173 +++--
 security/smack/smackfs.c                     |    6 +-
 213 files changed, 5062 insertions(+), 3098 deletions(-)
 create mode 100644 Documentation/credentials.txt
 create mode 100644 include/keys/keyring-type.h
 delete mode 100644 include/linux/key-ui.h
 create mode 100644 kernel/cred-internals.h
 create mode 100644 kernel/cred.c
 create mode 100644 lib/is_single_threaded.c
Merging oprofile/auto-oprofile-next
$ git merge oprofile/auto-oprofile-next
Already up-to-date.
Merging fastboot/auto-fastboot-next
$ git merge fastboot/auto-fastboot-next
Already up-to-date.
Merging sparseirq/auto-sparseirq-next
$ git merge sparseirq/auto-sparseirq-next
Already up-to-date.
Merging iommu/auto-iommu-next
$ git merge iommu/auto-iommu-next
Already up-to-date.
Merging uwb/for-upstream
$ git merge uwb/for-upstream
Already uptodate!
Merge made by recursive.
Merging watchdog/master
$ git merge watchdog/master
Merge made by recursive.
 drivers/watchdog/Kconfig       |   12 +
 drivers/watchdog/Makefile      |    1 +
 drivers/watchdog/i6300esb.c    |    3 +-
 drivers/watchdog/ib700wdt.c    |   49 ++--
 drivers/watchdog/sch311x_wdt.c |  578 ++++++++++++++++++++++++++++++++++++++++
 5 files changed, 611 insertions(+), 32 deletions(-)
 create mode 100644 drivers/watchdog/sch311x_wdt.c
Merging proc/proc
$ git merge proc/proc
Merge made by recursive.
 fs/proc/generic.c  |    8 ++------
 fs/proc/inode.c    |    3 ---
 fs/proc/proc_net.c |    2 +-
 fs/proc/root.c     |    8 +-------
 4 files changed, 4 insertions(+), 17 deletions(-)
Merging bdev/master
$ git merge bdev/master
Already up-to-date.
Merging dwmw2-iommu/master
$ git merge dwmw2-iommu/master
Already up-to-date.
Merging scsi-post-merge/master
$ git merge scsi-post-merge/master
Already up-to-date.
$ git am -3 ../patches/0001-sparc-qlogicpti-fallout-from-sbus-removal.patch
Applying sparc: qlogicpti fallout from sbus removal
$ git am -3 ../patches/Work_around_ld_bug_in_older_binutils
Applying Work around ld bug in older binutils
$ git am -3 ../patches/ftrace__rename_FTRACE_to_FUNCTION_TRACER_more_successfully.
Applying ftrace: rename FTRACE to FUNCTION_TRACER more successfully.
$ git am -3 ../patches/nfsctl__credentials_error
Applying nfsctl: credentials error
$ git am -3 ../patches/coda__credentials_error
Applying coda: credentials error
