Importing driver-core.current based on 2.6.34-rc1
Unchanged quilt series driver-core.current
Importing tty.current based on quilt/driver-core.current
Unchanged quilt series tty.current
Importing usb.current based on quilt/tty.current
Unchanged quilt series usb.current
Importing staging.current based on quilt/usb.current
Unchanged quilt series staging.current
Importing i2c based on 2.6.34-rc1-git1
$ git clone -s -l -n -q . ../quilt-tmp
$ cd ../quilt-tmp
$ git reset --hard 522dba7134d6b2e5821d3457f7941ec34f668e6d
HEAD is now at 522dba7 Merge branch 'for-linus' of git://git.kernel.org/pub/scm/linux/kernel/git/jbarnes/pci-2.6
$ git quiltimport --author Jean Delvare <khali@linux-fr.org> --patches ../quilt/i2c
i2c-smbus-use-device_lock-API.patch
i2c-powermac-less-verbose.patch
i2c-i801-01-no-block-buffer-for-i2c-block-write.patch
i2c-i801-02-new-parameter-to-disable-features.patch
i2c-i801-03-default-to-all-features-present.patch
acpi-support-ibm-smbus-cmi-devices.patch
i2c-scmi-support-ibm-smbus-cmi-devices.patch
i2c-scmi-provide-module-aliases-for-automatic-loading.patch
i2c-move-tsl2550-to-misc.patch
i2c-drop-chip-debug-option.patch
eeprom-at24-init-dynamic-bin_attribute-structures.patch
i2c-scx200_acb-make-pci-device-ids-constant.patch
i2c-stub-show-actual-functionality.patch
eeprom-at24-fallback-to-byte-reads.patch
i2c-dev-remove-unnecessary-casts.patch
i2c-parport-make-template-struct-const.patch
$ cd ../next
$ git fetch -f ../quilt-tmp master:quilt/i2c
From ../quilt-tmp
 + 5f8036f...55b7ef9 master     -> quilt/i2c  (forced update)
Importing jdelvare-hwmon based on 2.6.34-rc1-git1
$ cd ../quilt-tmp
$ git reset --hard 522dba7134d6b2e5821d3457f7941ec34f668e6d
HEAD is now at 522dba7 Merge branch 'for-linus' of git://git.kernel.org/pub/scm/linux/kernel/git/jbarnes/pci-2.6
$ git quiltimport --author Jean Delvare <khali@linux-fr.org> --patches ../quilt/jdelvare-hwmon
hwmon-coretemp-fix-cpu-model-output.patch
hwmon-w83793-saving-negative-errors-in-unsigned.patch
hwmon-asus_atk0110-dont-use-if-unsafe.patch
$ cd ../next
$ git fetch -f ../quilt-tmp master:quilt/jdelvare-hwmon
From ../quilt-tmp
 + 0fa948f...942e364 master     -> quilt/jdelvare-hwmon  (forced update)
Importing kernel-doc based on 2.6.33-rc3-git5
Unchanged quilt series kernel-doc
Importing rr based on v2.6.33-rc7-10-g6339204
Unchanged quilt series rr
Importing device-mapper based on v2.6.33-5070-g64ba992
Unchanged quilt series device-mapper
Importing aoe based on v2.6.31-rc9
Unchanged quilt series aoe
Importing driver-core based on quilt/staging.current
Unchanged quilt series driver-core
Importing tty based on quilt/driver-core
Unchanged quilt series tty
Importing usb based on quilt/tty
Unchanged quilt series usb
Importing staging based on quilt/usb
Unchanged quilt series staging
