Unchanged quilt series driver-core.current
Unchanged quilt series usb.current
Unchanged quilt series driver-core
Unchanged quilt series usb
Unchanged quilt series device-mapper
Importing i2c based on 2.6.26-git4
$ git checkout quilt/i2c
Switched to branch "quilt/i2c"
$ git reset --hard a3cf859321486f69506326146ab3e2fd15c05c3f
HEAD is now at a3cf859 Merge branch 'i2c-for-linus' of git://jdelvare.pck.nerim.net/jdelvare-2.6
$ git quiltimport --author Jean Delvare <khali@linux-fr.org> --patches ../quilt/i2c
i2c-isp1301_omap-convert-to-new-style-part-1.patch
i2c-isp1301_omap-convert-to-new-style-part-2.patch
video-matrox-maven-fix-error-path.patch
video-matrox-clean-up-i2c-templates.patch
video-matrox-maven-convert-to-new-style.patch
Context reduced to (1/1) to apply fragment at 45
Unchanged quilt series kernel-doc
Importing ide based on 45158894d4d6704afbb4cefe55e5f6ca279fe12a
$ git checkout quilt/ide
Switched to branch "quilt/ide"
$ git reset --hard 45158894d4d6704afbb4cefe55e5f6ca279fe12a
HEAD is now at 4515889 Merge branch 'merge' of git://git.kernel.org/pub/scm/linux/kernel/git/benh/powerpc
$ git quiltimport --author Bartlomiej Zolnierkiewicz <bzolnier@gmail.com> --patches ../quilt/ide
ide-it821x-in-pass-through-mode-segfaults-in-2.6.26-stable.patch
ide-avoid-dma-on-the-stack-for-req_type_ata_pc.patch
ide-use-the-dma-safe-check-for-req_type_ata_pc.patch
0001-BAST-Remove-old-IDE-driver.patch
ide-remove-needless-includes-from-ide-lib-c.patch
ide-remove-unused-xfer_udma_slow.patch
ide-use-u8-for-xfer-modes-in-ide-timing-h.patch
ide-move-some-bits-from-ide-timing-h-to-linux-ide-h.patch
ide-remove-xfer_-masks-from-ide-timing-h.patch
ide-checkpatch-pl-fixes-for-ide-timing-h.patch
ide-convert-ide-timing-h-to-ide-timings-c-library.patch
ali14xx-convert-to-use-ide_timing_find_mode.patch
ht6560b-convert-to-use-ide_timing_find_mode.patch
qd65xx-convert-to-use-ide_timing_find_mode.patch
alim15x3-convert-to-use-ide_timing_find_mode.patch
cmd640-convert-to-use-ide_timing_find_mode.patch
cmd64x-convert-to-use-ide_timing_find_mode.patch
cy82c693-convert-to-use-ide_timing_find_mode.patch
sl82c105-convert-to-use-ide_timing_find_mode.patch
ide-mpc8xx-convert-to-use-ide_timing_find_mode.patch
ide-pmac-convert-to-use-ide_timing_find_mode.patch
ide-move-ide_pio_cycle_time-to-ide-timings-c.patch
ide-remove-no-longer-used-ide_pio_timings.patch
ide-move-pio-blacklist-to-ide-pio-blacklist-c.patch
ide-fix-hwif-s-initialization.patch
ide-make-ide_hwifs-static.patch
ide-set-hwif-dev-in-ide_init_port_hw-take-2.patch
au1xxx-ide-dont-use-hwif-hwif_data.patch
ide-4drives-use-struct-ide_port_info.patch
ide-cs-use-struct-ide_port_info.patch
icside-dont-use-hwif-hwif_data.patch
icside-use-ide_init_port_hw.patch
sgiioc4-use-driver-name-for-resource-allocation.patch
ide-tighten-checks-on-pci-bars-in-ide_hwif_configure.patch
swarm-use-struct-ide_port_info.patch
powerpc-ide-remove-mpc8xx-ide-driver.patch
cmd640-fix-warm-plug-support-for-the-secondary-interface.patch
ide-port_init_devs-to-init_dev.patch
cmd640-add-init_dev-method.patch
rapide-use-struct-ide_port_info.patch
ide-h8300-use-struct-ide_port_info.patch
ide_platform-use-struct-ide_port_info.patch
ide-print-message-on-error-in-ide_find_port_slot.patch
ide-h8300-print-driver-banner-message-early.patch
ide-pnp-print-driver-banner-message-early.patch
ide-allow-any-command-requesting-dma-data-phase-for-hdio_drive_taskfile.patch
ide-remove-superfluous-bug_on-from-set_geometry_intr.patch
ide-remove-needless-includes-from-ide-c.patch
ide-remove-needless-includes-from-ide-taskfile-c-take-2.patch
ide-remove-needless-includes-from-setup-pci-c-take-2.patch
rapide-fix-rapide_probe-return-value.patch
icside-always-try-to-probe-first-interface.patch
swarm-call-ide_find_port_slot-later.patch
sgiioc4-call-ide_find_port_slot-later.patch
ide-cd-remove-wait-for-idle-controller-bit-in-cdrom_start_packet_command.patch
ide-cd-remove-ide_cd_drain_data-and-ide_cd_pad_transfer.patch
ide-cd-ide_do_rw_cdrom-add-the-catch-all-bad-request-case-to-the-if-else-block.patch
ide-cd-cdrom_start_seek-remove-unused-argument-block.patch
ide-cd-mv-ide_do_rw_cdrom-ide_cd_do_request.patch
ide-cd-simplify-request-issuing-path.patch
ide-cd-fold-cdrom_start_seek-into-ide_cd_do_request.patch
ide-cd-move-request-prep-from-cdrom_start_seek_continuation-to-rq-issue-path.patch
ide-cd-move-request-prep-from-cdrom_start_rw_cont-to-rq-issue-path.patch
ide-cd-move-request-prep-chunk-from-cdrom_do_newpc_cont-to-rq-issue-path.patch
ide-floppy-fold-idefloppy_create_test_unit_ready_cmd-into-idefloppy_open.patch
ide-floppy-zero-out-the-whole-struct-ide_atapi_pc-on-init.patch
ide-endian-annotations-in-ide-floppy.patch
remove-blk_dev_hd_only.patch
ide-legacy-hd-c-use-late_initcall.patch
move-ide-legacy-hd-to-drivers-block.patch
update-the-blk_dev_hd-help-text.patch
hd-c-remove-the-include-linux_mc146818rtc.patch
ide-fix-hdio_drive_reset-handling.patch
ide-remove-unused-code.patch
update-documentation-of-hdio_drive_reset-ioctl.patch
ide-report-errors-during-drive-reset-back-to-user-space.patch
pmac-media-bay-support-fixes-take-4.patch
pmac-store-pmif-instead-of-hwif-in-driver_data-take-2.patch
pmac-add-init_dev-method-take-4.patch
pmac-move-ide_find_port-call-to-pmac_ide_setup_device-take-2.patch
ide-move-ide_pci_setup_ports-call-out-from-do_ide_setup_pci_device.patch
ide-pass-hw_regs_t-s-to-ide_device_add-all-take-3.patch
ide-add-read_sff_dma_status-method.patch
ide-use-io-ops-directly-in-ide-dma-c.patch
ide-remove-dma_status-command-fields-from-ide_hwif_t.patch
ide-remove-ide_setup_dma.patch
ide-factor-out-simplex-handling-from-ide_pci_dma_base.patch
ide-add-exec_command-method.patch
ide-add-read_status-method.patch
ide-add-read_altstatus-method.patch
ide-add-set_irq-method.patch
ide-change-order-of-register-access-in-ide_config_drive_speed.patch
ide-use-tf_load-in-ide_config_drive_speed.patch
ide-use-tf_load-in-actual_try_to_identify.patch
ide-use-tf_load-in-select_drive.patch
ide-use-tf_read-in-ide_read_error.patch
ide-add-ide_read_device-helper.patch
ide-add-ide_read_ireason-helper.patch
ide-add-ide_read_bcount_and_ireason-helper.patch
ide-remove-inb-outb-and-outbsync-methods.patch
ide-limit-cy82c693-host-driver-to-alpha.patch
ide-mark-hpt34x-host-driver-as-broken.patch
ide-remove-dead-virtual-dma-support.patch
ide-filter-out-invalid-transfer-mode-values-in-set_xfer_rate.patch
ide-filter-out-default-transfer-mode-values-in-set_xfer_rate.patch
gayle-reserve-memory-resources-at-once.patch
ide-generic-probing-fix.patch
ide-add-config-field-to-hw_regs_t.patch
ide-add-struct-ide_tp_ops-take-2.patch
ide-add-struct-ide_host-take-3.patch
ide-add-ide_host_add-helper.patch
ide-fix-ide_host_register-return-value.patch
ide-fix-ide-port-slots-reservation-and-freeing-take-2.patch
ide-move-ide_remove_port_from_hwgroup-to-ide-probe-c.patch
ide-add-ide_ports.patch
ide-allocate-ide_hwif_t-instances-dynamically.patch
ide-add-ide_host_free-helper-take-2.patch
ide-tape-c-remove-double-kfree.patch
ide-push-pc-callback-pointer-into-the-ide_drive_t-structure.patch
ide-floppy-use-drive--pc_callback-instead-of-pc--callback.patch
ide-tape-use-drive--pc_callback-instead-of-pc--callback.patch
ide-scsi-use-drive--pc_callback-instead-of-pc--callback.patch
ide-remove-pc--callback-member-from-ide_atapi_pc.patch
ide-floppy-pass-packet-command-in-rq--cmd.patch
ide-tape-make-room-for-packet-command-ids-in-rq--cmd.patch
ide-tape-pass-packet-command-in-rq--cmd.patch
ide-scsi-pass-packet-command-in-rq--cmd.patch
ide-use-rq--cmd-instead-of-pc--c-in-atapi-common-code.patch
ide-add-per-device-flags.patch
ide-floppy-convert-to-using-the-new-atapi_flags-take-2.patch
ide-tape-convert-to-using-the-new-atapi_flags.patch
ide-scsi-convert-to-using-the-new-atapi_flags.patch
ide-remove-unused-pc_flag_drq_interrupt.patch
ide-cd-convert-to-using-the-new-atapi_flags.patch
ide-ide-cd-c-fix-sparse-endianness-warnings.patch
ide-ide-cd_ioctl-c-fix-sparse-integer-as-null-pointer-warnings.patch
ide-small-whitespace-fixes.patch
ide-always-call-init_chipset-method-in-do_ide_setup_pci_device.patch
ide-respect-dev-irq-in-do_ide_setup_pci_device-also-if-tried_config.patch
ide-move-ide_setup_pci_controller-call-to-ide_setup_pci_device-s.patch
ide-call-ide_pci_setup_ports-before-do_ide_setup_pci_device.patch
ide-add-dev-and-host_priv-fields-to-struct-ide_host.patch
ide-add-ide_device_get-put-helpers.patch
aec62xx-convert-to-use-host_priv.patch
hpt366-convert-to-use-host_priv.patch
it821x-convert-to-use-host_priv.patch
sc1200-convert-to-use-host_priv.patch
siimage-convert-to-use-host_priv.patch
via82cxxx-convert-to-use-host_priv.patch
tc86c001-remove-init_chipset-method.patch
amd74xx-cleanup-init_chipset-method.patch
cmd64x-cleanup-init_chipset-method.patch
via82cxxx-cleanup-init_chipset-method.patch
ide-add-ide_pci_remove-helper.patch
aec62xx-add-remove-method-and-module_exit.patch
alim15x3-add-remove-method-and-module_exit.patch
amd74xx-add-remove-method-and-module_exit.patch
atiixp-add-remove-method-and-module_exit.patch
cmd64x-add-remove-method-and-module_exit.patch
cs5530-add-remove-method-and-module_exit.patch
cs5535-add-remove-method-and-module_exit.patch
cy82c693-add-remove-method-and-module_exit.patch
generic-add-remove-method-and-module_exit.patch
hpt34x-add-remove-method-and-module_exit.patch
hpt366-add-remove-method-and-module_exit.patch
it8213-add-remove-method-and-module_exit.patch
it821x-add-remove-method-and-module_exit.patch
jmicron-add-remove-method-and-module_exit.patch
ns87415-add-remove-method-and-module_exit.patch
opti621-add-remove-method-and-module_exit.patch
pdc202xx_new-add-remove-method-and-module_exit.patch
pdc202xx_old-add-remove-method-and-module_exit.patch
piix-add-remove-method-and-module_exit.patch
rz1000-add-remove-method-and-module_exit.patch
sc1200-add-remove-method-and-module_exit.patch
serverworks-add-remove-method-and-module_exit.patch
siimage-add-remove-method-and-module_exit.patch
sis5513-add-remove-method-and-module_exit.patch
sl82c105-add-remove-method-and-module_exit.patch
slc90e66-add-remove-method-and-module_exit.patch
tc86c001-add-remove-method-and-module_exit.patch
triflex-add-remove-method-and-module_exit.patch
trm290-add-remove-method-and-module_exit.patch
via82cxxx-add-remove-method-and-module_exit.patch
icside-add-module_exit.patch
rapide-add-module_exit.patch
ide-fix-asm-xtensa-ide-h.patch
ide-generic-fix-ide_default_io_base-for-m32r.patch
ide-generic-minor-fix-for-mips.patch
ide-generic-remove-no_pci_devices-quirk-from-ide_default_io_base.patch
ide-remove-asm-cris-ide-h.patch
ide-define-max_hwifs-in-linux-ide-h.patch
ide-generic-remove-broken-ppc_prep-support.patch
ide-generic-is-no-longer-needed-on-ppc32.patch
ide-generic-remove-ide_default_io_base-irq-inlines-take-2.patch
ide-remove-asm-ide-h-for-some-archs.patch
ide-include-pci-device-name-in-messages-from-ide-pci-host-drivers.patch
it8213-remove-declare_ite_dev-macro.patch
it821x-remove-declare_ite_dev-macro.patch
ide-prefix-messages-from-ide-pci-host-drivers-by-driver-name.patch
ide-drop-name-parameter-from-init_chipset-method.patch
ide-ide-tape-c-sparse-annotations-and-unaligned-access-removal.patch
ide-trivial-sparse-annotations.patch
Unchanged quilt series m68k
Unchanged quilt series rr
