Unchanged quilt series driver-core.current
Importing usb.current based on quilt/driver-core.current
$ git clone -s -l -n -q . ../quilt-tmp
$ cd ../quilt-tmp
$ git reset --hard 2c428694256482dcbe74c65d770d722253786b4f
HEAD is now at 2c42869 Driver core: move dev_get/set_drvdata to drivers/base/dd.c
$ git quiltimport --author Greg KH <greg@kroah.com> --patches ../quilt/usb.current
usb-pl2303-new-vendor-and-product-id-for-the-prolific-driver.patch
usb-gadget-fix-imx_udc-entry-in-kconfig.patch
usb-ftdi_sio-product-id-s-for-ccs-pic-programmers.patch
usb-fhci-mutually-exclusive-port_status.patch
usb-ehci-update-toggle-state-for-linked-qhs.patch
usb-isp1760-use-__devexit_p-for-remove-function.patch
usb-option.c-add-qualcomm-option-icon-210-modem.patch
usb-option.c-to-support-qisda-h21-h20-usb-modem.patch
revert-usb-add-intel-langwell-usb-otg-transceiver-drive.patch
usb-gadget-audio-provide-correct-device-id.patch
usb-ti_usb_3410_5052-fix-duplicate-device-ids.patch
$ cd ../next
$ git fetch -f ../quilt-tmp master:quilt/usb.current
From ../quilt-tmp
 + 0bd15da...3b68ab2 master     -> quilt/usb.current  (forced update)
Unchanged quilt series i2c
Unchanged quilt series jdelvare-hwmon
Unchanged quilt series kernel-doc
Importing rr based on v2.6.31-rc1-47-g987fed3
$ cd ../quilt-tmp
$ git reset --hard 987fed3bf6982f2627d4fa242caa9026ef61132a
HEAD is now at 987fed3 Merge branch 'drm-fixes' of git://git.kernel.org/pub/scm/linux/kernel/git/airlied/drm-2.6
$ git quiltimport --author Rusty Russell <rusty@rustcorp.com.au> --patches ../quilt/rr
cpumask:use_zalloc_cpumask_var_where_possible.patch
cpumask:remove-pcibus_to_cpumask-alpha.patch
cpumask:remove-pcibus_to_cpumask-mips.patch
cpumask:remove-pcibus_to_cpumask-powerpc.patch
cpumask:remove-node_to_cpumask.patch
cpumask:remove-CPU_MASK_ALL_PTR.patch
cpumask:remove-address-of-CPU_MASK_ALL-mips.patch
cpumask:remove-cpu_mask_all.patch
cpumask:remove-last-remaining-irqaction-mask.patch
cpumask:irqaction-remove-mask.patch
cpumask:remove_mask_field_from_comments.patch
cpumask:remove-set_cpus_allowed.patch
cpumask:ia64-smp_call_function_many.patch
cpumask:remove-smp_call_function_mask.patch
cpumask:remove-topology_core_siblings-and-topology_thread_siblings-core.patch
cpumask:remove-topology_core_siblings-and-topology_thread_siblings-sparc.patch
cpumask:remove-topology_core_siblings-and-topology_thread_siblings-s390.patch
cpumask:remove-topology_core_siblings-and-topology_thread_siblings-powerpc.patch
cpumask:remove-topology_core_siblings-and-topology_thread_siblings-ia64.patch
cpumask:arch_send_call_function_ipi_mask-alpha.patch
cpumask:arch_send_call_function_ipi_mask-m32r.patch
cpumask:arch_send_call_function_ipi_mask-mips.patch
cpumask:arch_send_call_function_ipi_mask-powerpc.patch
cpumask:arch_send_call_function_ipi_mask-s390.patch
cpumask:remove-arch_send_call_function_ipi.patch
cpumask:use-cpumap-accessors-m32r.patch
cpumask:use-cpumap-accessors-mips.patch
cpumask:use-cpumap-accessors-powerpc.patch
cpumask:use-cpumap-accessors-um.patch
cpumask:use-mm_cpumask-arm.patch
cpumask:use-mm_cpumask-m32r.patch
cpumask:use-mm_cpumask-mn10300.patch
cpumask:use-mm_cpumask-mips.patch
cpumask:use-mm_cpumask-um.patch
cpumask:use-mm_cpumask-x86.patch
cpumask:mm_quicklist-new-cpumask-ops.patch
cpumask:remove-unused-deprecated-functions.patch
cpumask:move-obsolete-functions-to-end-of-header.patch
lguest:fix_journey.patch
lguest:remove-fwd-declaration.patch
virtio:blk_don_t_bounce_highmem_requests.patch
virtio:blk_ioctl_return_value_fix.patch
module:use_symbol_prefix_with_layout.patch
kthread:update_the_comment_in_kthread_stop.patch
arch-x86-kernel-acpi-cstatec-avoid-using-work_on_cpu.patch
misc:work_on_cpu-acpi.patch
misc:work_on_cpu-dcdbas.patch
misc:remove-start_kernel-prototypes.patch
$ cd ../next
$ git fetch -f ../quilt-tmp master:quilt/rr
From ../quilt-tmp
 + 1e8c3fd...e613940 master     -> quilt/rr  (forced update)
Importing device-mapper based on block/for-next
$ cd ../quilt-tmp
$ git reset --hard ae10fff41e318e795c910fc388b89213aa18ae7b
HEAD is now at ae10fff Merge branch 'writeback' into for-next
$ git quiltimport --author Alasdair G Kergon <agk@redhat.com> --patches ../quilt/device-mapper
dm-exception-store-really-fix-type-lookup.patch
dm-table-fix-blk_stack_limits-arg-to-use-bytes-not-sectors.patch
$ cd ../next
$ git fetch -f ../quilt-tmp master:quilt/device-mapper
From ../quilt-tmp
 + 404befe...0919445 master     -> quilt/device-mapper  (forced update)
Unchanged quilt series ttydev
Unchanged quilt series aoe
Importing driver-core based on quilt/usb.current
$ cd ../quilt-tmp
$ git reset --hard 3b68ab2e3a4927736e35d548f3ce01c1418cc921
HEAD is now at 3b68ab2 USB: ti_usb_3410_5052: fix duplicate device ids.
$ git quiltimport --author Greg KH <greg@kroah.com> --patches ../quilt/driver-core
driver-core-devtmpfs-driver-core-maintained-dev-tmpfs.patch
$ cd ../next
$ git fetch -f ../quilt-tmp master:quilt/driver-core
From ../quilt-tmp
 + 7625a54...c2e43c7 master     -> quilt/driver-core  (forced update)
Importing usb based on quilt/driver-core
$ cd ../quilt-tmp
$ git reset --hard c2e43c74c6f753d8d24279dee8945ef37735b9a8
HEAD is now at c2e43c7 Driver Core: devtmpfs - kernel-maintained tmpfs-based /dev
$ git quiltimport --author Greg KH <greg@kroah.com> --patches ../quilt/usb
usb-ehci-dbg.c-no-need-for-checking-it-before-call-vfree.patch
usb-sisusbvga-drop-usb_buffer_alloc.patch
usb-usbmon-drop-kconfig-defaults.patch
usb-usbmon-touch-up-the-documentation.patch
usb-usbmon-end-ugly-tricks-with-dma-peeking.patch
usb-let-usb_sg_init-to-set-transfer_buffer-more-often.patch
$ cd ../next
$ git fetch -f ../quilt-tmp master:quilt/usb
From ../quilt-tmp
 + 0c929aa...55ec0d7 master     -> quilt/usb  (forced update)
Importing staging based on quilt/usb
$ cd ../quilt-tmp
$ git reset --hard 55ec0d74aabafd27b262fe8ef8c6ec76975c72a3
HEAD is now at 55ec0d7 USB: Let usb_sg_init to set transfer_buffer more often
$ git quiltimport --author Greg KH <greg@kroah.com> --patches ../quilt/staging
staging-rt2870-add-usb-id-for-sitecom-wl-608.patch
staging-vt6655-compile-fix.patch
staging-rspiusb-use-null-virtual-address-instead-of-a-bogus-one.patch
staging-android-binder-move-debugging-mask-into-a-macro.patch
/home/sfr/kernels/next/quilt-tmp/.git/rebase-apply/patch:645: space before tab in indent.
					    	     proc->pid, thread->pid, node->debug_id,
warning: 1 line adds whitespace errors.
staging-android-binder-remove-a-predefine.patch
staging-android-binder-add-enum-usage-in-function-arguments.patch
staging-android-binder-global-variable-cleanup.patch
staging-android-binder-clean-up-for-all-the-stat-statments.patch
staging-wlan-ng-scripts-checkpatch.pl-error-fixes.patch
staging-et1310-fix-the-coding-style.patch
$ cd ../next
$ git fetch -f ../quilt-tmp master:quilt/staging
From ../quilt-tmp
 + 6742884...c67e402 master     -> quilt/staging  (forced update)
