Unchanged quilt series driver-core.current
Unchanged quilt series usb.current
Unchanged quilt series driver-core
Unchanged quilt series usb
Importing device-mapper based on v2.6.29-rc7-3-g559595a
$ git clone -s -l -n -q . ../quilt-tmp
$ cd ../quilt-tmp
$ git reset --hard 559595a985e106d2fa9f0c79b7f5805453fed593
HEAD is now at 559595a Merge branch 'merge' of git://git.kernel.org/pub/scm/linux/kernel/git/benh/powerpc
$ git quiltimport --author Alasdair G Kergon <agk@redhat.com> --patches ../quilt/device-mapper
dm-ioctl-validate-name-length-when-renaming.patch
dm-table-rework-reference-counting-fix.patch
dm-io-respect-BIO_MAX_PAGES-limit.patch
dm-crypt-fix-kcryptd_async_done-parameter.patch
dm-target-use-module-refcount-directly.patch
dm-target-remove-struct-tt_internal.patch
dm-crypt-use-kzfree.patch
$ cd ../next
$ git fetch -f ../quilt-tmp master:quilt/device-mapper
From ../quilt-tmp
 + 4e9018d...24fce4d master     -> quilt/device-mapper  (forced update)
Importing i2c based on 2.6.29-rc7
$ cd ../quilt-tmp
$ git reset --hard fec6c6fec3e20637bee5d276fb61dd8b49a3f9cc
HEAD is now at fec6c6f Linux 2.6.29-rc7
$ git quiltimport --author Jean Delvare <khali@linux-fr.org> --patches ../quilt/i2c
i2c-nforce2-add-MCP79-support.patch
eeprom-at24-remove-EXPERIMENTAL.patch
i2c-algo-pcf-01-style-cleanups.patch
i2c-algo-pcf-02-handle-timeout-correctly.patch
i2c-add-missing-KERN-constants-to-printks.patch
i2c-set-default-timeout-value.patch
i2c-adapter-timeout-is-in-jiffies.patch
i2c-davinci-fix-timeout.patch
i2c-algo-pca-01-adapt-debug-macros-for-KERN-constants.patch
i2c-algo-pca-02-add-pca9665-support.patch
i2c-algo-pca-03-rework-waiting-for-a-free-bus.patch
i2c-algo-pca-04-use-timeout-for-checking-the-state-machine.patch
i2c-pca-platform-use-defaults-if-no-platform_data-given.patch
i2c-piix4-add-support-for-sb800.patch
i2c-core-some-style-cleanups.patch
$ cd ../next
$ git fetch -f ../quilt-tmp master:quilt/i2c
From ../quilt-tmp
 + e29c6e1...8449ce1 master     -> quilt/i2c  (forced update)
Importing jdelvare-hwmon based on 2.6.29-rc7
$ cd ../quilt-tmp
$ git reset --hard fec6c6fec3e20637bee5d276fb61dd8b49a3f9cc
HEAD is now at fec6c6f Linux 2.6.29-rc7
$ git quiltimport --author Jean Delvare <khali@linux-fr.org> --patches ../quilt/jdelvare-hwmon
hwmon-abituguru3-fix-IO-error-handling.patch
hwmon-lm90-document-support-for-the-max6648-6692-chips.patch
hwmon-ds1621-01-reorder-functions.patch
hwmon-ds1621-02-simplify-reg-access.patch
hwmon-ds1621-03-avoid-unneeded-register-access.patch
hwmon-ds1621-04-cleanup-documentation.patch
hwmon-hdaps-01-inversion-of-separate-axis.patch
hwmon-hdaps-02-fix-thinkpad-x41-axis-inversion.patch
hwmon-w83627ehf-01-invert-fan-pin-logic.patch
hwmon-w83627ehf-02-add-support-for-w83667hg.patch
hwmon-w83627ehf-03-fix-temp3-vs-in6.patch
hwmon-pcf8591-move-to-hwmon.patch
$ cd ../next
$ git fetch -f ../quilt-tmp master:quilt/jdelvare-hwmon
From ../quilt-tmp
 + bff180f...6553a77 master     -> quilt/jdelvare-hwmon  (forced update)
Unchanged quilt series kernel-doc
Importing ide based on fec6c6fec3e20637bee5d276fb61dd8b49a3f9cc
$ cd ../quilt-tmp
$ git reset --hard fec6c6fec3e20637bee5d276fb61dd8b49a3f9cc
HEAD is now at fec6c6f Linux 2.6.29-rc7
$ git quiltimport --author Bartlomiej Zolnierkiewicz <bzolnier@gmail.com> --patches ../quilt/ide
ide-negative-expiry-return-values-wont-be-noticed.patch
ide-null-noise-drivers_ide_ide-__c.patch
ide-iops-fix-odd-length-atapi-pio-transfers.patch
ide-allow-to-wrap-interrupt-handler.patch
ide-add-at91_ide-driver-v3.patch
at91-initialize-compact-flash-on-at91sam9263-cpu-v4.patch
remove-stale-comment-from-linux-hdreg-h.patch
ide-fix-ide_dflag_no_io_32bit-handling.patch
ide-move-ide_pktcmd_tf_load-to-ide-atapi-c.patch
ide-no-need-to-touch-local-irqs-in-ide_probe_port.patch
ide-move-lock-and-timer-init-from-init_irq-to-ide_init_port_data.patch
ide-init_irq-doesnt-need-to-hold-ide_cfg_mtx.patch
ide-remove-superfluous-check-from-ide_proc_port_register_devices.patch
ide-acpi-no-need-to-zero-acpidata-for-devices.patch
ide-acpi-init-acpi-handles-early-for-devices.patch
ide-add-ide_for_each_present_dev-iterator.patch
ide-sanitize-acpi-initialization.patch
ide-acpi-cleanup-do_drive_get_gtf.patch
ide-acpi-cleanup-do_drive_set_taskfiles.patch
ide-acpi-remove-taskfile_load_raw.patch
ide-remove-stale-comments-from-drive_is_ready.patch
ide-unexport-ide_devset_execute.patch
ide-move-drive_is_ready-to-ide-io-c.patch
ide-move-ide_dma_timeout_retry-to-ide-dma-c.patch
ide-remove-ide_do_drive_cmd.patch
ide-factor-out-processing-of-special-commands-from-ide_special_rq.patch
ide-move-ide_do_park_unpark-to-ide-park-c.patch
ide-move-device-settings-code-to-ide-devsets-c.patch
ide-move-xfer-mode-tuning-to-ide-xfer-mode-c.patch
ide-move-ide_read_bcount_and_ireason-to-ide-atapi-c.patch
ide-move-standard-io-code-to-ide-io-std-c.patch
ide-fix-printk-levels-in-atapi_-reset_pollfunc.patch
ide-fix-comments-in-ide_config_drive_speed.patch
ide-checkpatch-pl-fixes-for-ide-iops-c.patch
ide-move-error-handling-code-to-ide-eh-c-v2.patch
mn10300-add-pci_get_legacy_ide_irq-to-asm-pci-h.patch
amd74xx-use-ide_pci_is_in_compatibility_mode.patch
ns87415-use-pci_get_legacy_ide_irq.patch
ns87415-small-init_hwif-cleanup.patch
trm290-small-init_hwif-cleanup.patch
ide-handle-ide_hflag_-force-_legacy_irqs-in-ide_pci_init_-one-two-.patch
ide-use-pci_get_legacy_ide_irq-in-ide_pci_init_-one-two-.patch
ide-use-ide_pci_is_in_compatibility_mode-in-ide_pci_init_-one-two-.patch
ide-remove-no-longer-needed-ide_hflag_-force-_legacy_irqs.patch
amd74xx-remove-no-longer-needed-init_hwif-method.patch
ide-remove-no-longer-needed-irq-fallback-code-from-hwif_init.patch
ide-remove-no-longer-needed-irq-auto-probing-from-try_to_identify-v2.patch
ide-remove-try_to_identify-wrapper.patch
ide-fix-init_chipset-method-to-return-int.patch
ide-remove-pciirq-argument-from-ide_pci_setup_ports.patch
frv-remove-asm-ide-h.patch
mn10300-remove-asm-ide-h.patch
ide-fix-kmalloc-failure-handling-in-ide_driveid_update.patch
ide-propagate-altstatus-workarounds-to-ide_driveid_update.patch
ide-shorten-timeout-value-in-ide_driveid_update.patch
ide-remove-broken-exabytenest-support.patch
ide-classify-device-type-in-do_probe.patch
ide-sanitize-select_mask-usage-in-ide_driveid_update.patch
ide-clear-drive-irq-after-re-enabling-local-irqs-in-ide_driveid_update.patch
ide-use-try_to_identify-in-ide_driveid_update.patch
icside-use-struct-ide_port_info-also-for-pcb-version-5.patch
ide_arm-use-struct-ide_port_info.patch
ide-generic-use-struct-ide_port_info.patch
ide-pnp-use-struct-ide_port_info.patch
buddha-use-struct-ide_port_info.patch
macide-use-struct-ide_port_info.patch
ide-move-rqsize-init-from-init_irq-to-ide_init_port.patch
ide-improve-debugging-scheme.patch
ide-remove-ide_arch_intr-v2.patch
ide-remove-ide_arch_lock-v2.patch
ide-make-m68k-host-drivers-use-ide_hflag_mmio.patch
m68k-cleanup-asm-ide-h.patch
ide-palm_bk3710-use-ioremap-instead-of-arch-specific-io_address.patch
ide-cd-use-ide_drive_t-s-rq-in-cdrom_queue_request_sense.patch
ide-include-asm-ide-h-only-when-needed.patch
scc_pata-remove-declare_scc_dev-macro-v2.patch
ide-fix-memleak-on-failure-in-probe_for_drive.patch
ide-fix-error-message-in-pre_task_out_intr.patch
ide-allow-host-drivers-to-specify-irq-flags.patch
ide-remove-now-superfluous-check-from-ide_host_register.patch
ide-add-ide_hflag_dtc2278-host-flag.patch
ide-add-ide_hflag_4drives-host-flag.patch
ide-add-flagged_tf_flags-to-struct-ide_taskfile-v2.patch
ide-complete-power-step-in-ide_complete_pm_request.patch
ide-factor-out-completion-of-taskfile-from-ide_end_drive_cmd.patch
ide-move-request-type-specific-code-from-ide_end_drive_cmd-to-the-callers-v3.patch
ide-no-need-to-read-status-and-error-registers-for-empty-taskfile-requests.patch
ide-remove-data_phase-field-from-ide_hwif_t.patch
ide-move-smart_enable-call-out-from-get_smart_data.patch
icside-icside_dma_setup-fixes.patch
trm290-trm290_dma_setup-fix.patch
au1xxx-ide-auide_dma_end-cleanup.patch
ide-remove-no-longer-needed-pc_flag_timedout-packet-command-flag.patch
ide-floppy-remove-stale-check-from-ide_floppy_end_request.patch
ide-tape-remove-superfluous-tape-lock.patch
ide-move-failed_pc-to-ide_drive_t.patch
ide-use-end_request-only-for-private-device-driver-requests.patch
ide-floppy-tape-cleanup-ide-_end_request.patch
ide-remove-end_request-method.patch
ide-return-request-status-from-pc_callback-method.patch
ide-use-blk_fs_request-check-in-ide-taskfile-c.patch
ide-call-ide_build_sglist-prior-to-dma_setup-v2.patch
ide-remove-ide_task_t-typedef.patch
ide-pass-command-instead-of-request-to-ide_pio_datablock.patch
ide-move-command-related-fields-from-ide_hwif_t-to-struct-ide_cmd.patch
ide-set-ide_tflag_write-basing-on-data-phase-used-in-ide_taskfile_ioctl.patch
ide-use-ata_tf_protocols-enums.patch
ide-merge-task_in-out_intr.patch
ide-inline-task_in_unexpected-into-task_pio_intr.patch
ide-unify-exit-paths-in-task_pio_intr.patch
ide-task_error-to-ide_error_cmd.patch
ide-use-ide_complete_cmd-for-head-unload-commands.patch
ide-use-ide_complete_cmd-for-req_unpark_heads.patch
ide-sanitize-ide_finish_cmd.patch
ide-make-ide_special_rq-bug-on-unknown-requests.patch
ide-add-ide_end_rq-v2.patch
ide-sanitize-ide_end_rq.patch
ide-pass-error-value-to-ide_complete_rq.patch
ide-move-rq-errors-quirk-out-from-ide_end_request.patch
ide-remove-bug-from-ide_complete_rq.patch
ide-pass-number-of-bytes-to-complete-to-ide_complete_rq.patch
ide-use-ide_end_rq-in-ide_complete_rq.patch
ide-remove-ide_end_request.patch
ide-pass-command-to-ide_map_sg.patch
ide-use-do_rw_taskfile-for-ata_cmd_packet-commands.patch
ide-set-hwif-expiry-prior-to-calling-__-ide_set_handler.patch
ide-add-dma_timer_expiry-method-and-remove-dma_exec_cmd-one.patch
ide-remove-ide_execute_pkt_cmd.patch
ide-keep-track-of-number-of-bytes-instead-of-sectors-in-struct-ide_cmd.patch
ide-add-support-for-arbitrary-transfer-lengths-to-ide_pio_bytes.patch
ide-use-pagehighmem-instead-of-ifdefs-in-ide_pio_bytes.patch
ide-cd-remove-dead-urls.patch
ide-cd-use-ide_end_rq-also-for-non-fs-requests.patch
ide-cd-remove-dead-code-from-cdrom_decode_status.patch
ide-cd-remove-needless-ide_dump_status_no_sense-wrapper.patch
ide-cd-remove-no-longer-needed-ignore-module-parameter.patch
ide-cd-factor-out-failed-request-completion-from-cdrom_end_request.patch
ide-cd-unify-ide_cd_do_request-exit-paths.patch
ide-cd-move-setting-req_failed-flag-out-from-end_request-exit-path.patch
ide-cd-unify-cdrom_newpc_intr-exit-paths.patch
ide-cd-remove-cdrom_end_request.patch
ide-cd-kill-whole-failed-request-in-ide_cd_do_request.patch
ide-cd-cleanup-ide_cd_do_request.patch
ide-cd-use-scatterlists-for-pio-transfers-fs-requests.patch
ide-cd-fix-non-sector_size-multiples-pio-transfers-for-fs-requests.patch
ide-cd-merge-ide_cd_prepare_rw_request-into-cdrom_start_rw.patch
ide-cd-use-scatterlists-for-pio-transfers-non-fs-requests.patch
ide-cd-use-common-completion-path-for-dma-requests-in-cdrom_newpc_intr.patch
ide-cd-unify-transfer-padding-in-cdrom_newpc_intr.patch
ide-cd-minor-ide_cdrom_setup-cleanup.patch
ide-save-the-returned-value-of-dma_map_sg.patch
ide-add-dma_clear-method-and-remove-dma_timeout-one.patch
ide-inline-ide_dma_timeout-into-ide_dma_timeout_retry.patch
ide-destroy-dma-mappings-after-ending-dma.patch
ide-add-ide_dma_prepare-helper.patch
ns87415-use-custom-dma_start-end-to-handle-ns87415_prepare_drive.patch
trm290-use-custom-dma_start-end-to-handle-trm290_prepare_drive.patch
ide-add-dma_check-method.patch
ide-move-ide_map_sg-call-out-from-dma_setup-method.patch
ide-set-clear-drive-waiting_for_dma-flag-in-the-core-code.patch
ide-sanitize-ide_build_sglist-and-ide_destroy_dmatable.patch
ide-generic-remove-no-longer-needed-sysfs-interface.patch
ide-merge-ide_arm-and-ide_generic-host-drivers.patch
ide-fix-locking-in-drive_release_dev.patch
ide-decrease-size-of-pc_buf-field-in-struct-ide_atapi_pc.patch
ide-remove-config_blk_dev_idedoubler-config-option.patch
ide-floppy-tape-fix-padding-for-pio-transfers.patch
ide-floppy-use-ide_pio_bytes.patch
$ cd ../next
$ git fetch -f ../quilt-tmp master:quilt/ide
From ../quilt-tmp
 + a1d7159...ea3c6ca master     -> quilt/ide  (forced update)
Unchanged quilt series rr
Unchanged quilt series ttydev
Unchanged quilt series aoe
Unchanged quilt series staging
