Importing i2c based on 2.6.38
$ git clone -s -l -n -q . ../quilt-tmp
$ cd ../quilt-tmp
$ git reset --hard 521cb40b0c44418a4fd36dc633f575813d59a43d
HEAD is now at 521cb40 Linux 2.6.38
$ git quiltimport --author Jean Delvare <khali@linux-fr.org> --patches ../quilt/i2c
i2c-boardinfo-fix-typo-in-comment.patch
i2c-instantiating-devices-fix-typo.patch
i2c-adapter-nr-not-id.patch
i2c-upgrading-clients-fixes.patch
i2c-delete-linux-i2c-id-h.patch
i2c-01-core-export-i2c_for_each_dev.patch
i2c-02-dev-use-bus-notifier.patch
i2c-03-deprecate-attach-detach_adapter.patch
$ cd ../next
$ git fetch -f ../quilt-tmp master:quilt/i2c
From ../quilt-tmp
 + ad6c81d...e2a56a4 master     -> quilt/i2c  (forced update)
Importing jdelvare-hwmon based on 2.6.38
$ cd ../quilt-tmp
$ git reset --hard 521cb40b0c44418a4fd36dc633f575813d59a43d
HEAD is now at 521cb40 Linux 2.6.38
$ git quiltimport --author Jean Delvare <khali@linux-fr.org> --patches ../quilt/jdelvare-hwmon
hwmon-w83795-document-pin-mapping.patch
hwmon-sht15-01-spelling-fix.patch
hwmon-sht15-02-fix-integer-overflow-in-humidity-calculation.patch
hwmon-lis3lv02d-01-rework-dependencies.patch
hwmon-lis3lv02d-02-move-hp_accel.patch
/home/sfr/kernels/next/quilt-tmp/.git/rebase-apply/patch:427: new blank line at EOF.
+
warning: 1 line adds whitespace errors.
hwmon-lis3lv02d-03-move-to-misc.patch
hwmon-lis3lv02d-04-fix-hp_accel-driver-name.patch
hwmon-lm75-01-add-support-for-lm75a.patch
hwmon-lm75-02-speed-up-detection.patch
hwmon-add-support-for-texas-instruments-ads1015.patch
hwmon-ads1015-drop-dynamic-attribute-group.patch
hwmon-ads1015-add-maintainers-entry.patch
hwmon-abituguru-update-email-address.patch
hwmon-new-driver-for-smsc-sch5627.patch
$ cd ../next
$ git fetch -f ../quilt-tmp master:quilt/jdelvare-hwmon
From ../quilt-tmp
 + ee33669...9ce7d96 master     -> quilt/jdelvare-hwmon  (forced update)
Importing kernel-doc based on 2.6.38-rc8
Unchanged quilt series kernel-doc
Importing rr based on v2.6.38-rc6-93-gef32428
$ cd ../quilt-tmp
$ git reset --hard ef3242859fae47e728b50b7ce3d17b201a71779a
HEAD is now at ef32428 Merge git://git.kernel.org/pub/scm/linux/kernel/git/davem/net-2.6
$ git quiltimport --author Rusty Russell <rusty@rustcorp.com.au> --patches ../quilt/rr
virtio:console_don_t_access_vqs_if_device_was_unplugged.patch
module:deal_with_alignment_issues_in_built_in_versions.patch
module:do_not_hide_modver_version_show_declaration_behind_ifdef.patch
Context reduced to (1/1) to apply fragment at 66
module:remove-padding-64-bit.patch
module:reorder_kparam_array_to_remove_alignment_padding_on_64_bit_builds.patch
module-minor_ansi_prototype_sparse_fix.patch
virtio:blk_allow_re_reading_config_space_at_runtime.patch
virtio_console-dont-manually-set-features.patch
virtio:pci_prevent_double_free_of_pci_regions_after_device_hot_unplug.patch
virtio:console_enable_call_to_hvc_remove_on_console_port_remove.patch
$ cd ../next
$ git fetch -f ../quilt-tmp master:quilt/rr
From ../quilt-tmp
 + ef20012...9a3a41c master     -> quilt/rr  (forced update)
Importing device-mapper based on v2.6.38-rc4-213-g055d219
Unchanged quilt series device-mapper
