Importing driver-core.current based on 2.6.26-rc5-git7
$ git checkout quilt/driver-core.current
Switched to branch "quilt/driver-core.current"
$ git reset --hard 95dcf8350dc889e735d03c0debe2f7b26d243185
HEAD is now at 95dcf83 Merge git://git.kernel.org/pub/scm/linux/kernel/git/sam/kbuild-fixes
$ git quiltimport --author Greg KH <greg@kroah.com> --patches ../quilt/driver-core.current
kobject-fix-kobject_rename-and-config_sysfs.patch
Importing usb.current based on quilt/driver-core.current
	quilt series is empty
$ git update-ref refs/heads/quilt/usb.current 21765aa091fba23ff2c7e0577493a46fcf9b5f97
Importing driver-core based on quilt/usb.current
$ git checkout quilt/driver-core
Switched to branch "quilt/driver-core"
$ git reset --hard 21765aa091fba23ff2c7e0577493a46fcf9b5f97
HEAD is now at 21765aa kobject: Fix kobject_rename and !CONFIG_SYSFS
$ git quiltimport --author Greg KH <greg@kroah.com> --patches ../quilt/driver-core
sysfs-add-sys-dev-char-block-to-lookup-sysfs-path-by-major-minor.patch
kobject-replace-with-in-name.patch
debugfs-add-a-reference-to-the-debugfs-api-documentation.patch
firmware-fix-typo-in-example-code.patch
device-create-block-convert-device_create-to-device_create_drvdata.patch
device-create-char-convert-device_create-to-device_create_drvdata.patch
device-create-coda-convert-device_create-to-device_create_drvdata.patch
device-create-dca-convert-device_create-to-device_create_drvdata.patch
device-create-dvb-convert-device_create-to-device_create_drvdata.patch
device-create-framebuffer-convert-device_create-to-device_create_drvdata.patch
device-create-hid-convert-device_create-to-device_create_drvdata.patch
device-create-hwmon-convert-device_create-to-device_create_drvdata.patch
device-create-i2c-convert-device_create-to-device_create_drvdata.patch
device-create-ide-convert-device_create-to-device_create_drvdata.patch
device-create-ieee1394-convert-device_create-to-device_create_drvdata.patch
device-create-infiniband-convert-device_create-to-device_create_drvdata.patch
device-create-isdn-convert-device_create-to-device_create_drvdata.patch
device-create-macintosh-convert-device_create-to-device_create_drvdata.patch
device-create-mips-convert-device_create-to-device_create_drvdata.patch
device-create-misc-convert-device_create-to-device_create_drvdata.patch
device-create-mtd-convert-device_create-to-device_create_drvdata.patch
device-create-net-convert-device_create-to-device_create_drvdata.patch
device-create-s390-convert-device_create-to-device_create_drvdata.patch
device-create-scsi-convert-device_create-to-device_create_drvdata.patch
device-create-sound-convert-device_create-to-device_create_drvdata.patch
device-create-spi-convert-device_create-to-device_create_drvdata.patch
device-create-usb-convert-device_create-to-device_create_drvdata.patch
device-create-x86-convert-device_create-to-device_create_drvdata.patch
driver-core-remove-device_create.patch
driver-core-add-ability-for-class_for_each_device-to-start-in-middle-of-list.patch
driver-core-add-ability-for-class_find_device-to-start-in-middle-of-list.patch
block-fix-compiler-warning-in-genhd.c.patch
block-make-printk_partition-use-the-class-iterator-function.patch
block-make-blk_lookup_devt-use-the-class-iterator-function.patch
block-make-proc-diskstats-only-build-if-config_proc_fs-is-enabled.patch
block-make-proc-files-seq_start-use-the-class_find_device.patch
block-move-header-for-proc-partitions-to-seq_start.patch
block-make-proc-partitions-and-proc-diskstats-use-class_find_device.patch
i2c-use-class_for_each_device.patch
infiniband-rename-device-to-ib_device-in-cm_device.patch
infiniband-make-cm_device-use-a-struct-device-and-not-a-kobject.patch
bluetooth-remove-improper-bluetooth-class-symlinks.patch
class-move-driver-core-specific-parts-to-a-private-structure.patch
class-rename-devices-to-class_devices-in-internal-class-structure.patch
class-rename-interfaces-to-class_interfaces-in-internal-class-structure.patch
class-rename-subsys-to-class_subsys-in-internal-class-structure.patch
class-rename-sem-to-class_sem-in-internal-class-structure.patch
class-fix-docbook-comments-for-class_private-structure.patch
class-add-lockdep-infrastructure.patch
class-change-internal-semaphore-to-a-mutex.patch
driver-core-remove-kobj_name_len-define.patch
driver-core-remove-device_name_size-define.patch
driver-core-remove-device_id_size-define.patch
driver-core-fix-a-lot-of-printk-usages-of-bus_id.patch
pnp-add-acpi-modalias-entries.patch
uio-fix-uio-kconfig-dependancies.patch
uio-add-write-function-to-allow-irq-masking.patch
uio-add-generic-uio-platform-driver.patch
kobject-reorder-kobject-to-save-space-on-64-bit-builds.patch
pci-make-pci_name-use-dev_name.patch
sparc64-fix-up-bus_id-changes-in-sparc-core-code.patch
s390-bus_id-dev_name-conversions.patch
s390-more-bus_id-dev_name-conversions.patch
s390-use-s390_root_dev_-in-kvm_virtio.patch
s390-bus_id-dev_set_name-changes.patch
arm-bus_id-dev_name-and-dev_set_name-conversions.patch
libertas-treat-firmware-data-as-const.patch
bluetooth-treat-firmware-data-as-const.patch
cyclades-treat-firmware-data-as-const.patch
cx25840-treat-firmware-data-as-const.patch
myri10ge-treat-firmware-data-as-const.patch
vx222-treat-firmware-data-as-const.patch
riptide-treat-firmware-data-as-const.patch
pcxhr-treat-firmware-data-as-const.patch
vx-treat-firmware-data-as-const.patch
ueagle-atm-treat-firmware-data-as-const.patch
cxacru-treat-firmware-data-as-const.patch
aic94xx-treat-firmware-data-as-const.patch
zd1201-treat-firmware-data-as-const.patch
rt2x00-treat-firmware-data-as-const.patch
p54-treat-firmware-data-as-const.patch
atmel-treat-firmware-data-as-const.patch
irda-usb-treat-firmware-data-as-const.patch
cxgb3-treat-firmware-data-as-const.patch
bt8xx-treat-firmware-data-as-const.patch
ttusb-dec-treat-firmware-data-as-const.patch
dvb-frontends-treat-firmware-data-as-const.patch
cxusb-treat-firmware-data-as-const.patch
gp8psk-treat-firmware-data-as-const.patch
tuners-treat-firmware-data-as-const.patch
maestro3-treat-firmware-data-as-const.patch
ymfpci-treat-firmware-data-as-const.patch
isight-firmware-data-is-const.patch
dell_rbu-firmware-data-is-const.patch
x86-microcode-firmware-data-is-const.patch
firmware-make-fw-data-const.patch
net-convert-the-phy_device-file-to-use-bus_find_device_by_name.patch
put_device-might_sleep.patch
warn-when-statically-allocated-kobjects-are-used.patch
sysfs-crash-debugging.patch
Importing usb based on quilt/driver-core
$ git checkout quilt/usb
Switched to branch "quilt/usb"
$ git reset --hard 834fb12f2c0d617c795a2f736e6c8524079be430
HEAD is now at 834fb12 sysfs: crash debugging
$ git quiltimport --author Greg KH <greg@kroah.com> --patches ../quilt/usb
usb-make-bus_id-const-in-struct-usb_bus.patch
usb-usb-dev_name-instead-of-dev-bus_id.patch
usb-usb-dev_set_name-instead-of-dev-bus_id.patch
usb-use-get_unaligned_-helpers-for-kl5kusb105-driver.patch
ti_usb-kick-firmware-into-user-space.patch
usb-add-new-routine-for-checking-port-resume-type.patch
usb-debounce-before-unregistering.patch
usb-revert-don-t-use-reset-resume-if-drivers-don-t-support-it.patch
usb-simplify-hub_restart-logic.patch
usb-try-to-salvage-lost-power-sessions.patch
usb-optimize-port-debouncing-during-hub-activation.patch
usb-combine-hub_activate-and-hub_restart.patch
usb-combine-hub_quiesce-and-hub_stop.patch
usb-io_ti-first-cut-at-a-big-clean-up.patch
usb-storage-separate-dynamic-flags-from-fixed-flags.patch
usb-storage-change-remaining-semaphore-to-completion.patch
usb-isp1760-hcd.c-make-2-functions-static.patch
usb-implement-soft-unbinding.patch
usb-storage-implement-soft-unbinding.patch
usb-remove-cvs-keywords.patch
usb-remove-documentation-usb-uhci.txt.patch
usb-serial-gadget-modular-tty-glue.patch
usb-serial-gadget-use-new-tty-glue.patch
usb-rndis-switch-to-seq_files.patch
usb-at91_udc-updated-fifo-sizes.patch
usb-gadget-support-descriptor-copying.patch
usb-gadget-composite-gadget-framework.patch
usb-gadget-zero-sourcesink-config-driver.patch
usb-gadget-zero-loopback-function-driver.patch
usb-gadget-zero-use-updated-framework.patch
usb-serial-gadget-cdc-acm-function-driver.patch
usb-serial-gadget-generic-serial-function-driver.patch
usb-serial-gadget-use-updated-framework.patch
usb-composite-support-16-interfaces-by-default.patch
usb-gadget-push-bkl-down-into-drivers.patch
usb-ftdi_usb-eliminate-ioctl-and-bkl-ioctl-use.patch
usb-usblcd-push-down-bkl-into-driver.patch
usb-iowarrior-push-down-bkl.patch
usb-auerwald-push-down-the-bkl-into-the-driver.patch
usb-rio100-push-down-the-bkl.patch
usb-sisusb-push-down-the-bkl.patch
usb-ohci-ppc-of-use-linux-of_platform.h-instead-of-asm.patch
usb-digi_accelport.c-trivial-sparse-lock-annotation.patch
usb-cp2101.c-fix-sparse-signedness-mismatch-warnings.patch
usb-speedtch.c-fix-sparse-shadowed-variable-warning.patch
usb-missing-usb_put_hcd-to-ohci-at91.patch
usb-make-sa1111-ohci-driver-sa11x0-specific.patch
usb-ohci_hcd-hang-submit-vs.-rmmod-race.patch
bitmap-add-bitmap_copy_le.patch
add-linux-byteorder-bitfields.h.patch
usb-add-usb_dev_reset_delayed.patch
uwb-documentation.patch
uwb-add-the-uwb-include-files.patch
uwb-stack-core.patch
uwb-stack-urci.patch
uwb-stack-mlme.patch
uwb-stack-reservation-manager.patch
uwb-stack-debug.patch
uwb-stack-build-system.patch
uwb-add-umc-bus.patch
uwb-add-whci-enumerator.patch
uwb-add-whc-rc-radio-control-driver.patch
uwb-add-hwa-rc-radio-controller-driver.patch
uwb-add-wimedia-llc-protocol-core.patch
uwb-wlp-messages.patch
uwb-wlp-wss.patch
uwb-wlp-build-system.patch
uwb-i1480-driver.patch
uwb-i1480-wlp-driver.patch
wusb-add-usb-specific-wusb-include-files.patch
wusb-core.patch
wusb-protocol.patch
wusb-security.patch
wusb-build-system.patch
wusb-add-the-usb-wusb-cbaf-driver.patch
wusb-whci-hcd-driver.patch
wusb-add-the-wire-adapter-core.patch
wusb-add-hwa-hc-wireless-host-controller-driver.patch
wusb-fix-error-path-for-wusb_set_dev_addr.patch
uwb-disable-command-event-filtering-for-DUB-1210.patch
wusb-drivers-uwb-wlp-sysfs.c-move-misplaced-debug-statement.patch
usb-gotemp.patch
Importing device-mapper based on v2.6.26-rc5
	quilt series is empty
$ git update-ref refs/heads/quilt/device-mapper 53c8ba95402be65d412a806cda3430f0e72cd107
Unchanged quilt series i2c
Unchanged quilt series kernel-doc
Importing ide based on commit 28ffb5d3e0b563be5a9639c3a2b42f1a9430454f
$ git checkout quilt/ide
Switched to branch "quilt/ide"
$ git reset --hard 28ffb5d3e0b563be5a9639c3a2b42f1a9430454f
HEAD is now at 28ffb5d Merge git://git.kernel.org/pub/scm/linux/kernel/git/bart/ide-2.6
$ git quiltimport --author Bartlomiej Zolnierkiewicz <bzolnier@gmail.com> --patches ../quilt/ide
ide-remove-obsoleted-idebus-kernel-parameter.patch
ide-remove-obsoleted-hdx-kernel-parameters.patch
ide-cleanup-init_ide_data.patch
ide-remove-obsoleted-ide-parameters.patch
ide-eliminate-fit-macro.patch
ide-tape-use-clamp_t-rather-than-nested-min_t-_max_t.patch
ide-use-get_unaligned_-helpers.patch
ide-set-req_preempt-request-flag-in-ide_do_drive_cmd-users.patch
ide-use-__generic_unplug_device-in-ide_do_drive_cmd-take-2.patch
ide-cd-convert-ide_cd_queue_pc-to-use-blk_execute_rq.patch
ide-cd-convert-ide_do_drive_cmd-path-to-use-blk_execute_rq.patch
ide-disk-convert-ide_do_drive_cmd-path-to-use-blk_execute_rq.patch
ide-floppy-convert-ide_do_drive_cmd-path-to-use-blk_execute_rq.patch
ide-taskfile-convert-ide_do_drive_cmd-path-to-use-blk_execute_rq.patch
ide-tape-convert-ide_do_drive_cmd-path-to-use-blk_execute_rq.patch
block-handle-blk_pm_resume_request-requests-in-blk_execute_rq_nowait.patch
ide-convert-ide_do_drive_cmd-path-to-use-blk_execute_rq.patch
ide-remove-ide_wait_head_wait-path-in-ide_do_drive_cmd.patch
ide-remove-ide_init_drive_cmd.patch
ide-cd-remove-ide_cd_init_rq.patch
block-convert-pd_special_command-to-use-blk_execute_rq.patch
block-remove-the-checking-for-null-queue-in-blk_put_request.patch
block-unexport-blk_end_sync_rq.patch
ide-remove-try_to_flush_leftover_data.patch
sgiioc4-use-extra_base-instead-of-dma_status-for-dma_handle.patch
ide-remove-commented-out-code-from-ide_config_drive_speed.patch
ide-fix-do_probe-to-use-select_drive.patch
ide-remove-ide_tflag_no_select_mask-taskfile-flag.patch
ide-move-irq-unmasking-out-from-tf_load-method.patch
ide-remove-mmio-flag-from-ide_hwif_t.patch
ide-pass-hwif-instead-of-drive-to-outbsync-method.patch
ide-use-outbsync-in-init_irq.patch
ide-use-outbsync-in-ide_set_irq.patch
ide-remove-drive-ctl.patch
ide-scsi-replace-ide_do_drive_cmd-with-blk_execute_rq_nowait.patch
ide-remove-action-argument-in-ide_do_drive_cmd.patch
ide-scsi-fix-race-in-idescsi_transfer_pc.patch
ide-scsi-fix-drq-checking-for-dma-transfers-in-idescsi_pc_intr.patch
ide-scsi-fix-handling-of-dma-errors-in-idescsi_pc_intr.patch
ide-scsi-fix-interrupt-reason-checking-in-idescsi_pc_intr.patch
ide-scsi-merge-idescsi_input_buffers-and-idescsi_output_buffers.patch
ide-scsi-remove-superfluous-bug_on-from-idescsi_transfer_pc.patch
ide-scsi-add-debug_log-macro.patch
ide-tape-idetape_pc_intr-should-use-local_irq_enable_in_hardirq.patch
ide-tape-remove-superfluous-error-message-from-idetape_pc_intr.patch
ide-tape-remove-superfluous-warning-message-from-idetape_issue_pc.patch
ide-tape-remove-unneeded-config_blk_dev_idedma-ifdef.patch
ide-tape-remove-stale-comments-from-idetape_pc_intr.patch
ide-tape-remove-simulate_errors-debug-code.patch
ide-floppy-merge-idefloppy_transfer_pc-and-idefloppy_transfer_pc1.patch
ide-floppy-tape-scsi-log-device-name-instead-of-driver-name.patch
ide-tape-make-idetape_retry_pc-void.patch
ide-tape-merge-callbacks.patch
ide-tape-make-pc-idetape_callback-void.patch
ide-floppy-merge-callbacks.patch
ide-floppy-tape-merge-pc-idefloppy_callback-and-pc-idetape_callback.patch
ide-floppy-tape-pc_flag_dma_recommended-to-pc_flag_dma_ok.patch
ide-floppy-start-dma-engine-in-idefloppy_transfer_pc1.patch
ide-tape-set-pc_flag_dma_in_progress-flag-in-idetape_transfer_pc.patch
ide-tape-factor-out-waiting-for-good-ireason-from-idetape_transfer_pc.patch
ide-add-pc_flag_zip_drive-pc-flag.patch
ide-cd-floppy-tape-remove-checking-for-drive-scsi.patch
ide-scsi-set-drive-scsi-flag-for-devices-handled-by-the-driver.patch
ide-add-ide_transfer_pc-helper.patch
ide-scsi-move-idescsi_map_sg-call-out-from-idescsi_issue_pc.patch
ide-add-pc_flag_drq_interrupt-pc-flag.patch
ide-add-ide_issue_pc-helper.patch
ide-floppy-tape-move-checking-of-failed_pc-to-callback.patch
ide-tape-factor-out-dsc-handling-from-idetape_pc_intr.patch
ide-tape-add-ide_tape_io_buffers-helper.patch
ide-tape-always-log-debug-info-in-idetape_pc_intr-if-debugging-is-enabled.patch
ide-floppy-add-more-debugging-to-idefloppy_pc_intr.patch
ide-scsi-use-pc-callback.patch
ide-scsi-add-more-debugging-to-idescsi_pc_intr.patch
ide-floppy-scsi-read-status-register-before-stopping-dma-engine.patch
ide-add-ide_pc_intr-helper.patch
ide-tape-unify-idetape_create_read-write_cmd.patch
ide-remove-needless-includes-from-ide-lib-c.patch
ide-remove-unused-xfer_udma_slow.patch
ide-use-u8-for-xfer-modes-in-ide-timing-h.patch
ide-move-some-bits-from-ide-timing-h-to-linux-ide-h.patch
ide-remove-xfer_-masks-from-ide-timing-h.patch
ide-checkpatch-pl-fixes-for-ide-timing-h.patch
ide-convert-ide-timing-h-to-ide-timings-c-library.patch
ali14xx-convert-to-use-ide_timing_find_mode.patch
ht6560b-convert-to-use-ide_timing_find_mode.patch
qd65xx-convert-to-use-ide_timing_find_mode.patch
alim15x3-convert-to-use-ide_timing_find_mode.patch
cmd640-convert-to-use-ide_timing_find_mode.patch
cmd64x-convert-to-use-ide_timing_find_mode.patch
cy82c693-convert-to-use-ide_timing_find_mode.patch
opti621-convert-to-use-ide_timing_find_mode.patch
sl82c105-convert-to-use-ide_timing_find_mode.patch
ide-mpc8xx-convert-to-use-ide_timing_find_mode.patch
ide-pmac-convert-to-use-ide_timing_find_mode.patch
ide-move-ide_pio_cycle_time-to-ide-timings-c.patch
ide-remove-no-longer-used-ide_pio_timings.patch
ide-move-pio-blacklist-to-ide-pio-blacklist-c.patch
ide-floppy-fix-unfortunate-function-naming.patch
ide-fix-hwif-s-initialization.patch
ide-make-ide_hwifs-static.patch
ide-set-hwif-dev-in-ide_init_port_hw.patch
au1xxx-ide-dont-use-hwif-hwif_data.patch
ide-4drives-use-struct-ide_port_info.patch
ide-cs-use-struct-ide_port_info.patch
icside-dont-use-hwif-hwif_data.patch
icside-use-ide_init_port_hw.patch
sgiioc4-use-driver-name-for-resource-allocation.patch
ide-tighten-checks-on-pci-bars-in-ide_hwif_configure.patch
swarm-use-struct-ide_port_info.patch
powerpc-ide-remove-mpc8xx-ide-driver.patch
cmd640-fix-warm-plug-support-for-the-secondary-interface.patch
ide-port_init_devs-to-init_dev.patch
cmd640-add-init_dev-method.patch
rapide-use-struct-ide_port_info.patch
ide-h8300-use-struct-ide_port_info.patch
ide_platform-use-struct-ide_port_info.patch
ide-print-message-on-error-in-ide_find_port_slot.patch
ide-h8300-print-driver-banner-message-early.patch
ide-pnp-print-driver-banner-message-early.patch
ide-allow-any-command-requesting-dma-data-phase-for-hdio_drive_taskfile.patch
ide-remove-superfluous-bug_on-from-set_geometry_intr.patch
ide-remove-needless-includes-from-ide-c.patch
ide-remove-needless-includes-from-ide-taskfile-c.patch
ide-remove-needless-includes-from-setup-pci-c.patch
ide-cs-fix-probing-and-add-warm-plug-support.patch
rapide-fix-rapide_probe-return-value.patch
icside-always-try-to-probe-first-interface.patch
swarm-call-ide_find_port_slot-later.patch
sgiioc4-call-ide_find_port_slot-later.patch
pmac-bugfix-for-media-bay-support-rework.patch
pmac-add-cable-detect-method.patch
pmac-remove-bogus-comment-about-pmac_ide_setup_device.patch
Unchanged quilt series m68k
Importing rr based on v2.6.26-rc6
$ git checkout quilt/rr
Switched to branch "quilt/rr"
$ git reset --hard 5dd34572ad9a3be430632dd42e4af2ea370b397b
HEAD is now at 5dd3457 Linux 2.6.26-rc6
$ git quiltimport --author Rusty Russell <rusty@rustcorp.com.au> --patches ../quilt/rr
lguest:rng.patch
virtio:net_add_ethtool_ops_for_sg_gso.patch
virtio:net_allow_receiving_sg_packets.patch
virtio:net-recycle-unused-pages.patch
virtio:transport-features.patch
virtio:vring-enhance.patch
lguest:publish-indices.patch
Context reduced to (1/1) to apply fragment at 1141
virtio:blk_check_for_hardsector_size_from_host.patch
misc:add_all_cpus_option_to_stop_machine_run.patch
stop_machine:simplify.patch
misc:kernel-locking-doc-remove-semaphores.patch
.dotest/patch:61: trailing whitespace.
       and <function>mutex_unlock()</function> to release it.  There is also a 
.dotest/patch:62: trailing whitespace.
       <function>mutex_lock()</function>, which should be avoided, because it 
.dotest/patch:68: trailing whitespace.
       Example: <filename>net/netfilter/nf_sockopt.c</filename> allows 
warning: 3 lines add whitespace errors.
misc:kthread-printf-attribute.patch
misc:cast_if_type.patch
misc:typesafe_cb.patch
misc:stop_machine-typesafe.patch
misc:kthread-typesafe.patch
misc:timer-typesafe.patch
misc:introduce-down_nowait.patch
misc:down_nowait.patch
misc:down_nowait-documentation.patch
misc:down_nowait-arch_ia64_kernel_salinfo.patch
misc:down_nowait-drivers_char_snsc.patch
misc:down_nowait-drivers_char_viotape.patch
misc:down_nowait-drivers_infiniband_core_user_mad.patch
misc:down_nowait-drivers_input_serio_hil_mlc.patch
misc:down_nowait-drivers_input_serio_hp_sdc_mlc.patch
misc:down_nowait-drivers_md_dm-raid1.patch
misc:down_nowait-drivers_net_3c527.patch
misc:down_nowait-drivers_net_irda_sir_dev.patch
misc:down_nowait-drivers_net_wireless_airo.patch
misc:down_nowait-drivers_scsi_aacraid_commsup.patch
misc:down_nowait-drivers_usb_core_usb.patch
misc:down_nowait-drivers_usb_gadget_inode.patch
misc:down_nowait-fs_reiserfs_journal.patch
misc:down_nowait-xfs.patch
misc:down_nowait-kernel_printk.patch
