Importing driver-core.current based on 2.6.32-rc5
Unchanged quilt series driver-core.current
Importing tty.current based on quilt/driver-core.current
Unchanged quilt series tty.current
Importing usb.current based on quilt/tty.current
Unchanged quilt series usb.current
Importing staging.current based on quilt/usb.current
Unchanged quilt series staging.current
Importing i2c based on 2.6.32-rc5-git6
Unchanged quilt series i2c
Importing jdelvare-hwmon based on 2.6.32-rc5-git6
Unchanged quilt series jdelvare-hwmon
Importing kernel-doc based on 2.6.32-rc6
$ git clone -s -l -n -q . ../quilt-tmp
$ cd ../quilt-tmp
$ git reset --hard b419148e567728f6af0c3b01965c1cc141e3e13a
HEAD is now at b419148 Linux 2.6.32-rc6
$ git quiltimport --author Randy Dunlap <randy.dunlap@oracle.com> --patches ../quilt/kernel-doc
sound-kern-warn-ing.patch
docum-dma-kern-warn-ing.patch
docum-dmamap-adrbits.patch
docum-docbook-hacking-sigpend.patch
docum-gpiotxt-triv1.patch
docum-procs-running.patch
docum-serial-tty-extend.patch
docum-use-misc-dir.patch
$ cd ../next
$ git fetch -f ../quilt-tmp master:quilt/kernel-doc
From ../quilt-tmp
   b419148..5971d0e  master     -> quilt/kernel-doc
Importing rr based on v2.6.32-rc5-81-g964fe08
Unchanged quilt series rr
Importing device-mapper based on v2.6.32-rc5-81-g964fe08
$ cd ../quilt-tmp
$ git reset --hard 964fe080d94db82a3268443e9b9ece4c60246414
HEAD is now at 964fe08 Merge git://git.kernel.org/pub/scm/linux/kernel/git/rusty/linux-2.6-for-linus
$ git quiltimport --author Alasdair G Kergon <agk@redhat.com> --patches ../quilt/device-mapper
dm-exception-store-free-tmp_store-on-persistent-flag-error.patch
dm-sysfs-add-empty-release-function-to-avoid-debug-warning.patch
dm-ioctl-prefer-strlcpy-over-strncpy.patch
dm-snapshot-avoid-else-clause-in-persistent_read_metadata.patch
dm-snapshot-simplify-sector_to_chunk-expression.patch
dm-snapshot-abstract-minimum_chunk_size-fn.patch
dm-snapshot-consolidate-insert-exception-functions.patch
dm-snapshot-rename-dm_snap_exception-to-dm_exception.patch
dm-snapshot-rename-exception_table-to-dm_exception_table.patch
dm-snapshot-rename-exception-functions.patch
dm-snapshot-add-allocated-metadata-to-snapshot-status.patch
dm-snapshot-move-cow-ref-from-exception-store-to-snap-core.patch
dm-kcopyd-accept-zero-size-jobs.patch
dm-abstract-dm_in_flight-function.patch
dm-use-clone-in-map_request-function.patch
dm-pass-gfp_mask-to-alloc_rq_tio.patch
dm-abstract-clone_rq.patch
dm-simplify-request-based-suspend.patch
dm-use-md-pending-for-in-flight-IO-counting.patch
dm-refactor-request-based-completion-functions.patch
dm-move-dm_end_request.patch
dm-add-request-based-barrier-support.patch
dm-rename-dm_get_table-to-dm_get_live_table.patch
$ cd ../next
$ git fetch -f ../quilt-tmp master:quilt/device-mapper
From ../quilt-tmp
 + ef5ddb7...319e759 master     -> quilt/device-mapper  (forced update)
Importing aoe based on v2.6.31-rc9
Unchanged quilt series aoe
Importing driver-core based on quilt/staging.current
Unchanged quilt series driver-core
Importing tty based on quilt/driver-core
Unchanged quilt series tty
Importing usb based on quilt/tty
Unchanged quilt series usb
Importing staging based on quilt/usb
Unchanged quilt series staging
