Importing i2c based on 2.6.38-git8
$ git clone -s -l -n -q . ../quilt-tmp
$ cd ../quilt-tmp
$ git reset --hard 5bab188a316718a26346cdb25c4cc6b319f8f907
HEAD is now at 5bab188 Merge branch 'for-linus' of git://git.kernel.org/pub/scm/linux/kernel/git/ryusuke/nilfs2
$ git quiltimport --author Jean Delvare <khali@linux-fr.org> --patches ../quilt/i2c
i2c-boardinfo-fix-typo-in-comment.patch
i2c-instantiating-devices-fix-typo.patch
i2c-adapter-nr-not-id.patch
i2c-upgrading-clients-fixes.patch
i2c-delete-linux-i2c-id-h.patch
i2c-01-core-export-i2c_for_each_dev.patch
i2c-02-dev-use-bus-notifier.patch
i2c-03-deprecate-attach-detach_adapter.patch
i2c-drop-i2c_adapter-id.patch
i2c-i801-add-intel-dh89xxcc-device-ids.patch
$ cd ../next
$ git fetch -f ../quilt-tmp master:quilt/i2c
From ../quilt-tmp
 + 3bd7820...56b3e49 master     -> quilt/i2c  (forced update)
Importing jdelvare-hwmon based on 2.6.38-git8
$ cd ../quilt-tmp
$ git reset --hard 5bab188a316718a26346cdb25c4cc6b319f8f907
HEAD is now at 5bab188 Merge branch 'for-linus' of git://git.kernel.org/pub/scm/linux/kernel/git/ryusuke/nilfs2
$ git quiltimport --author Jean Delvare <khali@linux-fr.org> --patches ../quilt/jdelvare-hwmon
hwmon-w83795-document-pin-mapping.patch
hwmon-sht15-01-spelling-fix.patch
hwmon-sht15-02-fix-integer-overflow-in-humidity-calculation.patch
hwmon-lis3lv02d-01-rework-dependencies.patch
hwmon-lis3lv02d-02-move-hp_accel.patch
/home/sfr/kernels/next/quilt-tmp/.git/rebase-apply/patch:427: new blank line at EOF.
+
warning: 1 line adds whitespace errors.
hwmon-lis3lv02d-03-move-to-misc.patch
Context reduced to (1/1) to apply fragment at 3915
hwmon-lis3lv02d-04-fix-hp_accel-driver-name.patch
hwmon-lm75-01-add-support-for-lm75a.patch
hwmon-lm75-02-speed-up-detection.patch
hwmon-abituguru-update-email-address.patch
hwmon-new-driver-for-smsc-sch5627.patch
hwmon-add-support-for-texas-instruments-ads1015.patch
hwmon-ads1015-drop-dynamic-attribute-group.patch
$ cd ../next
$ git fetch -f ../quilt-tmp master:quilt/jdelvare-hwmon
From ../quilt-tmp
 + a6661c6...3e81922 master     -> quilt/jdelvare-hwmon  (forced update)
Importing kernel-doc based on 2.6.38-rc8
	quilt series is empty
$ git update-ref refs/heads/quilt/kernel-doc a5abba989deceb731047425812d268daf7536575
Importing rr based on v2.6.38-rc6-93-gef32428
Unchanged quilt series rr
Importing device-mapper based on v2.6.38-rc4-213-g055d219
$ cd ../quilt-tmp
$ git reset --hard 055d219441cc23f631240335fd369b6b5852681a
HEAD is now at 055d219 Merge branch 'for-linus' of git://git.kernel.org/pub/scm/linux/kernel/git/viro/vfs-2.6
$ git quiltimport --author Alasdair G Kergon <agk@redhat.com> --patches ../quilt/device-mapper
dm-fix-opening-log-and-cow-devices-for-read-only-tables.patch
dm-add-flakey-target.patch
/home/sfr/kernels/next/quilt-tmp/.git/rebase-apply/patch:14: new blank line at EOF.
+
warning: 1 line adds whitespace errors.
dm-crypt-wipe-keys-string-immediately-after-key-is-set.patch
dm-ioctl-prepare-for-crypt-key-wiping.patch
dm-ioctl-add-flag-to-wipe-buffers-for-secure-data.patch
dm-mpath-fail-message-ioctl-if-specified-path-is-not-valid.patch
dm-mpath-allow-table-load-with-no-priority-groups.patch
dm-stripe-implement-merge-method.patch
$ cd ../next
$ git fetch -f ../quilt-tmp master:quilt/device-mapper
From ../quilt-tmp
 + acfdd9a...03eb88a master     -> quilt/device-mapper  (forced update)
