Unchanged quilt series driver-core.current
Unchanged quilt series usb.current
Importing device-mapper based on v2.6.30-rc4
$ git clone -s -l -n -q . ../quilt-tmp
$ cd ../quilt-tmp
$ git reset --hard 091438dd5668396328a3419abcbc6591159eb8d1
HEAD is now at 091438d Linux 2.6.30-rc4
$ git quiltimport --author Alasdair G Kergon <agk@redhat.com> --patches ../quilt/device-mapper
dm-mpath-validate-table-argument-count.patch
dm-mpath-validate-hw_handler-argument-count.patch
dm-mpath-change-attached-scsi_dh.patch
dm-mpath-call-activate-fn-for-each-path-in-pg_init.patch
dm-table-ensure-targets-are-aligned-to-hardsect_size.patch
dm-table-validate-device-hardsect_size.patch
dm-raid1-keep-retrying-alloc-if-mempool_alloc-failed.patch
dm-mpath-flush-keventd-queue-in-destructor.patch
dm-avoid-unsupported-spanning-of-md-stripe-boundaries.patch
dm-rename-suspended_bdev-to-bdev.patch
dm-always-hold-bdev-reference.patch
dm-make-dm_flush-return-void.patch
dm-process-requeue-in-dm_wq_work.patch
dm-store-only-first-barrier-error.patch
dm-remove-EOPNOTSUPP-for-barriers.patch
dm-remove-check-that-prevents-mapping-empty-bios.patch
dm-introduce-num_flush_requests.patch
dm-initialise-tio-in-alloc_tio.patch
dm-send-empty-barriers-to-targets-in-dm_flush.patch
dm-linear-support-flush.patch
dm-stripe-support-flush.patch
dm-crypt-support-flush.patch
dm-delay-support-barriers.patch
dm-mpath-support-barriers.patch
dm-snapshot-support-barriers.patch
dm-io-record-eopnotsupp.patch
dm-io-retry-after-barrier-error.patch
dm-snapshot-use-barrier-when-writing-exception-store.patch
dm-mpath-add-start_io-and-nr_bytes-to-path-selectors.patch
dm-mpath-add-queue-length-load-balancer.patch
dm-table-improve-warning-message-when-devices-not-freed-before-destruction.patch
$ cd ../next
$ git fetch -f ../quilt-tmp master:quilt/device-mapper
From ../quilt-tmp
 + 00bae3d...2481dd3 master     -> quilt/device-mapper  (forced update)
Importing i2c based on 2.6.30-rc5-git4
$ cd ../quilt-tmp
$ git reset --hard 210af919c949a7d6bd330916ef376cec2907d81e
HEAD is now at 210af91 Merge git://git.kernel.org/pub/scm/linux/kernel/git/pkl/squashfs-linus
$ git quiltimport --author Jean Delvare <khali@linux-fr.org> --patches ../quilt/i2c
i2c-remove-void-casts.patch
i2c-retry-on-arbitration-loss.patch
i2c-tdfx-no-class.patch
i2c-adapter-no-default-parent.patch
i2c-chips-move-max6875-to-drivers-misc-eeprom.patch
macintosh-therm_pm72-convert-to-new-style-i2c.patch
macintosh-windfarm-convert-to-new-style-i2c.patch
macintosh-therm_adt746x-convert-to-new-style-i2c.patch
macintosh-therm_windtunnel-convert-to-new-style-i2c.patch
$ cd ../next
$ git fetch -f ../quilt-tmp master:quilt/i2c
From ../quilt-tmp
 + 8508ec3...38ac7b9 master     -> quilt/i2c  (forced update)
Unchanged quilt series jdelvare-hwmon
Unchanged quilt series kernel-doc
Unchanged quilt series rr
Unchanged quilt series ttydev
Unchanged quilt series aoe
Unchanged quilt series driver-core
Unchanged quilt series usb
Unchanged quilt series staging
