Importing driver-core.current based on 2.6.31-rc5-git6
Unchanged quilt series driver-core.current
Importing tty.current based on quilt/driver-core.current
Unchanged quilt series tty.current
Importing usb.current based on quilt/tty.current
Unchanged quilt series usb.current
Importing i2c based on 2.6.31-rc5-git3
Unchanged quilt series i2c
Importing jdelvare-hwmon based on 2.6.31-rc5-git3
Unchanged quilt series jdelvare-hwmon
Importing kernel-doc based on 2.6.31-rc1-git5
Unchanged quilt series kernel-doc
Importing rr based on v2.6.31-rc5-34-ga33a052
$ git clone -s -l -n -q . ../quilt-tmp
$ cd ../quilt-tmp
$ git reset --hard a33a052f19a21d727847391c8c1aff3fb221c472
HEAD is now at a33a052 Merge branch 'for-linus' of git://neil.brown.name/md
$ git quiltimport --author Rusty Russell <rusty@rustcorp.com.au> --patches ../quilt/rr
pci:fix-pci_enable_msix-return-value.patch
lguest:panic_notifier-cleanup.patch
lguest:avoid-native_set_pmd.patch
lguest:next_20090730_build_breaks_with_pfn_pmd.patch
lguest:PAE-dont-assume-PAGE_OFFSET.patch
lguest:cleanup_for_map_switcher.patch
virtio:9p_get_rid_of_redundant_id_9p_definition.patch
virtio:add_ids_file.patch
cpumask:use_zalloc_cpumask_var_where_possible.patch
cpumask:remove-pcibus_to_cpumask-alpha.patch
cpumask:remove-pcibus_to_cpumask-mips.patch
cpumask:remove-pcibus_to_cpumask-powerpc.patch
cpumask:remove-node_to_cpumask.patch
cpumask:remove-CPU_MASK_ALL_PTR.patch
cpumask:remove-address-of-CPU_MASK_ALL-mips.patch
cpumask:remove-cpu_mask_all.patch
cpumask:remove-last-remaining-irqaction-mask.patch
cpumask:irqaction-remove-mask.patch
cpumask:remove_mask_field_from_comments.patch
cpumask:set_cpus_allowed-acpi-removal.patch
cpumask:remove-set_cpus_allowed.patch
cpumask:ia64-smp_call_function_many.patch
cpumask:remove-smp_call_function_mask.patch
cpumask:remove-topology_core_siblings-and-topology_thread_siblings-core.patch
cpumask:remove-topology_core_siblings-and-topology_thread_siblings-sparc.patch
cpumask:remove-topology_core_siblings-and-topology_thread_siblings-s390.patch
cpumask:remove-topology_core_siblings-and-topology_thread_siblings-powerpc.patch
cpumask:remove-topology_core_siblings-and-topology_thread_siblings-ia64.patch
cpumask:arch_send_call_function_ipi_mask-alpha.patch
cpumask:arch_send_call_function_ipi_mask-m32r.patch
cpumask:arch_send_call_function_ipi_mask-mips.patch
cpumask:arch_send_call_function_ipi_mask-powerpc.patch
cpumask:arch_send_call_function_ipi_mask-s390.patch
cpumask:remove-arch_send_call_function_ipi.patch
cpumask:use-cpumap-accessors-m32r.patch
cpumask:use-cpumap-accessors-mips.patch
cpumask:use-cpumap-accessors-powerpc.patch
cpumask:use-cpumap-accessors-um.patch
cpumask:use-mm_cpumask-arm.patch
cpumask:use-mm_cpumask-m32r.patch
cpumask:use-mm_cpumask-mn10300.patch
cpumask:use-mm_cpumask-mips.patch
cpumask:use-mm_cpumask-um.patch
cpumask:use-mm_cpumask-x86.patch
cpumask:mm_quicklist-new-cpumask-ops.patch
cpumask:remove-unused-deprecated-functions.patch
cpumask:move-obsolete-functions-to-end-of-header.patch
virtio:pci-minor-cleanups.patch
virtio:pci-minor-cleanups-fix.patch
virtio:net-refill-on-oom.patch
lguest:remove-wake-on-empty.patch
virtio:net-skb_orphan-and-nf_reset.patch
virtio:net-return-NETDEV_TX_BUSY.patch
virtio:net-no-xmit-free-timer.patch
virtio:net-struct-skb_vnet_hdr.patch
virtio:add_buf-return-capacity.patch
virtio:net-stop_queue-before-full.patch
arch-x86-kernel-acpi-cstatec-avoid-using-work_on_cpu.patch
misc:work_on_cpu-acpi.patch
misc:work_on_cpu-acpi-fix.patch
misc:work_on_cpu-dcdbas.patch
$ cd ../next
$ git fetch -f ../quilt-tmp master:quilt/rr
From ../quilt-tmp
 + 0b06a68...c6c153b master     -> quilt/rr  (forced update)
Importing device-mapper based on block/for-next
	quilt series is empty
$ git update-ref refs/heads/quilt/device-mapper e1a27d56b6994ce540cdf94a7ed3e579a8e6c0bc
Importing aoe based on v2.6.31-rc3
Unchanged quilt series aoe
Importing driver-core based on quilt/usb.current
Unchanged quilt series driver-core
Importing tty based on quilt/driver-core
Unchanged quilt series tty
Importing usb based on quilt/tty
Unchanged quilt series usb
Importing staging based on quilt/usb
$ cd ../quilt-tmp
$ git reset --hard 6ae593d80170d3e50775e939cdda03f3606275ff
HEAD is now at 6ae593d USB: otg: twl4030-usb.c: mark .init as subsys_initcall_sync
$ git quiltimport --author Greg KH <greg@kroah.com> --patches ../quilt/staging
staging-android-binder-move-debugging-mask-into-a-macro.patch
/home/sfr/kernels/next/quilt-tmp/.git/rebase-apply/patch:645: space before tab in indent.
					    	     proc->pid, thread->pid, node->debug_id,
warning: 1 line adds whitespace errors.
staging-android-binder-remove-a-predefine.patch
staging-android-binder-add-enum-usage-in-function-arguments.patch
staging-android-binder-global-variable-cleanup.patch
staging-android-binder-clean-up-for-all-the-stat-statments.patch
staging-android-binder-cleanup-some-long-lines.patch
staging-android-lowmemorykiller-remove-a-predefine.patch
staging-android-lowmemorykiller-delete-the-decription-file.patch
staging-android-binder-partial-checkpatch-cleanup.patch
staging-android-lowmemorykiller-fix-module-param-errors.patch
staging-wlan-ng-scripts-checkpatch.pl-error-fixes.patch
staging-et1310-fix-the-coding-style.patch
staging-rt280-remove-unused-md4.h.patch
staging-rtl8187se-ieee80211-remove-unused-files.patch
staging-rtl8192su-ieee80211-remove-unused-files.patch
staging-rtl8187se-remove-duplicate-dot11d.h-and-ieee80211.h-includes.patch
staging-rtl8192su-remove-duplicate-dot11d.h-and-ieee80211.h-includes.patch
staging-rtl8187se-remove-unused-ieee80211_crypt.h.patch
staging-rtl8192su-remove-unused-ieee80211_crypt.h.patch
staging-rtl8187se-remove-kernel-version-compatibility-wrappers.patch
staging-rtl8187se-remove-support-for-older-wireless-extensions.patch
staging-rtl8187se-ieee80211-remove-dead-_rtl8187_ext_patch_-code.patch
staging-rtl8187se-ieee80211-remove-superfluous-ieee80211_-defines.patch
staging-rtl8187se-ieee80211-remove-unused-dump_chnl_map.patch
staging-rtl8187se-ieee80211-remove-superfluous-john_-ifdefs.patch
staging-rtl8192su-remove-kernel-version-compatibility-wrappers.patch
staging-rtl8192su-remove-support-for-older-wireless-extensions.patch
staging-rtl8192su-ieee80211-remove-unused-_reasoncode-enums.patch
staging-rtl8192su-ieee80211-switch-to-use-linux-ieee80211.h.patch
staging-rtl8192su-add-todo.patch
staging-rtl8187se-add-todo.patch
staging-rtl8187se-remove-enable_dot11d-ifdefs.patch
staging-rtl8187se-remove-config_rtl8180_pm-ifdefs.patch
staging-rtl8187se-remove-thomas_turbo-ifdefs.patch
staging-rtl8187se-remove-config_rtl818x_s-ifdefs.patch
staging-rtl8187se-remove-config_rtl8185b-ifdefs.patch
staging-rtl8187se-remove-config_rtl8180_io_map-ifdefs.patch
staging-rtl8187se-remove-dead-code.patch
staging-rtl8187se-remove-unused-radio-frontends.patch
staging-rtl8187se-remove-debugging-code-from-r8180_core.c.patch
staging-rtl8187se-remove-unused-rtl8225_rf_-functions.patch
staging-rtl8187se-cleanup-r8180_rtl8225.c.patch
staging-rtl8187se-merge-r8180_rtl8225.c-with-r8180_rtl8225z2.c.patch
staging-rtl8187se-cleanup-r8180_pm.c.patch
staging-rtl8187se-merge-r8180_pm.c-with-r8180_core.c.patch
staging-rtl8187se-remove-unused-definitions-from-r8180_hw.h.patch
staging-rtl8187se-remove-unused-definitions-from-r8180.h.patch
staging-rtl8187se-cleanup-r8180_rtl8225z2.c.patch
staging-rtl8187se-cleanup-r8180_core.c.patch
staging-add-rt3090-wireless-driver.patch
staging-add-pristine-upstream-vt6656-driver-sources-to-drivers-staging-vt6656.patch
/home/sfr/kernels/next/quilt-tmp/.git/rebase-apply/patch:3887: space before tab in indent.
 	     (pDevice->abyEEPROM[EEP_OFS_ZONETYPE]!=0x01)){   //for Japan
/home/sfr/kernels/next/quilt-tmp/.git/rebase-apply/patch:3893: space before tab in indent.
 	     (pDevice->abyEEPROM[EEP_OFS_ZONETYPE]!=0x02)){   //for Europe
/home/sfr/kernels/next/quilt-tmp/.git/rebase-apply/patch:5919: space before tab in indent.
		 	      ((PWLAN_IE_SSID)pBSSList->abySSID)->abySSID,
/home/sfr/kernels/next/quilt-tmp/.git/rebase-apply/patch:5920: space before tab in indent.
		 	      ((PWLAN_IE_SSID)pBSSList->abySSID)->len) != 0) {
/home/sfr/kernels/next/quilt-tmp/.git/rebase-apply/patch:6020: space before tab in indent.
      	    while ((skb = skb_dequeue(&pMgmt->sNodeDBTable[*puNodeIndex].sTxPSQueue)) != NULL)
warning: squelched 183 whitespace errors
warning: 188 lines add whitespace errors.
staging-vt6656-add-includes-to-drivers-staging-vt6656.patch
/home/sfr/kernels/next/quilt-tmp/.git/rebase-apply/patch:732: space before tab in indent.
        	u8 bssid[6];
/home/sfr/kernels/next/quilt-tmp/.git/rebase-apply/patch:735: space before tab in indent.
        	u8 *wpa_ie;
/home/sfr/kernels/next/quilt-tmp/.git/rebase-apply/patch:736: space before tab in indent.
        	u16 wpa_ie_len;
/home/sfr/kernels/next/quilt-tmp/.git/rebase-apply/patch:737: space before tab in indent.
        	int pairwise_suite;
/home/sfr/kernels/next/quilt-tmp/.git/rebase-apply/patch:738: space before tab in indent.
        	int group_suite;
warning: squelched 3 whitespace errors
warning: 8 lines add whitespace errors.
staging-vt6656-build-vt6656.ko-not-vntwusb.ko.patch
staging-vt6656-main_usb.c-drop-obsolete-fsuid-fsgid-accesses.patch
staging-vt6656-replace-net_device-priv-accesses-with-netdev_priv-calls.patch
staging-vt6656-use-net_device_ops-for-management-functions.patch
staging-vt6656-replace-call-to-info-with-printk-call.patch
staging-vt6656-integrate-vt6656-into-build-system.patch
staging-vt6655-fix-build-when-config_wireless_ext.patch
staging-vt6655-remove-dependency-on-wireless_ext-version.patch
staging-otus-fix-warnings-in-staging-otus-ioctl.c.patch
staging-otus-remove-dependency-on-wireless_ext-version.patch
staging-otus-drop-an-unnecessary-null-test.patch
staging-comedi-lindent-changes-to-comdi-driver-in-staging-tree.patch
staging-comedi-no-need-for-checking-vfree-call.patch
staging-comedi-remove-references-to-dead-export_symtab.patch
staging-cpc-usb-remove-unused-include-linux-version.h.patch
staging-wlan-ng-remove-some-superflous-comments.patch
staging-wlan-ng-use-kzfree-to-securely-zero-out-the-wep-key-when-freeing-it.patch
staging-wlan-ng-drop-the-special-case-handling-of-older-wireless-extensions-wireless_ext-is-at-22-for-the-current-kernel.patch
staging-wlan-ng-remove-more-superflous-comments.patch
staging-add-support-for-quatech-esu2-100-usb-2.0-8-port-serial-adaptor.patch
staging-quatech_usb2-implement-open-functionality.patch
staging-vt6656-remove-dependency-on-kernel-version.patch
staging-vt6656-remove-dependency-on-wireless_ext-version.patch
staging-vt665x-depend-on-wireless_ext.patch
staging-at76_usb-fix-config_wireless_ext-build.patch
staging-at76_usb-replace-mac2str-with-pm.patch
staging-wlan-ng-remove-dependency-on-wireless_ext-version.patch
staging-vt6655-remove-makefile-refs-to-export_symtab.patch
staging-rtl8192su-remove-enable_dot11d-ifdefs.patch
staging-rtl8192su-remove-config_rtl8192_pm-ifdefs.patch
staging-rtl8192su-remove-thomas_turbo-ifdefs.patch
staging-rtl8192su-remove-use_one_pipe-ifdefs.patch
staging-rtl8192su-remove-eeprom_old_format_support-ifdefs.patch
staging-rtl8192su-remove-usb_rx_aggregation_support-ifdefs.patch
staging-rtl8192su-remove-usb_tx_driver_aggregation_enable-ifdefs.patch
staging-rtl8192su-remove-rtl8192su_disable_cck_rate-ifdefs.patch
staging-rtl8192su-remove-rtl8192s_disable_fw_dm-ifdefs.patch
staging-rtl8192su-remove-disable_bb_rf-ifdefs.patch
staging-rtl8192su-remove-rtl8192su_use_param_txpwr-ifdefs.patch
staging-rtl8192su-remove-rtl8192su_fpga_unspecified_network-ifdefs.patch
staging-rtl8192su-remove-rtl8192su_fpga_2mac_verification-ifdefs.patch
staging-rtl8192su-remove-rtl8192su_asic_verification-ifdefs.patch
staging-rtl8192su-remove-rtl8192su_usb_phy_test-ifdefs.patch
staging-rtl8192su-remove-rtl8190_download_firmware_from_header-ifdefs.patch
staging-rtl8192su-remove-rtl8192s_prepare_for_normal_release-ifdefs.patch
staging-rtl8192su-remove-rtl8192su_disable_iqk-ifdefs.patch
staging-rtl8192su-remove-rtl8192se-ifdefs.patch
staging-rtl8192su-remove-rtl8192su-ifdefs.patch
/home/sfr/kernels/next/quilt-tmp/.git/rebase-apply/patch:2950: space before tab in indent.
                                			(eqMacAddr(priv->ieee80211->current_network.bssid,  (fc & IEEE80211_FCTL_TODS)? hdr->addr1 : (fc & IEEE80211_FCTL_FROMDS )? hdr->addr2 : hdr->addr3))
/home/sfr/kernels/next/quilt-tmp/.git/rebase-apply/patch:2951: space before tab in indent.
                                				 && (!pstats->bHwError) && (!pstats->bCRC)&& (!pstats->bICV));
warning: 2 lines add whitespace errors.
staging-rtl8192su-remove-unused-files.patch
staging-rtl8192su-remove-dead-code.patch
/home/sfr/kernels/next/quilt-tmp/.git/rebase-apply/patch:3218: space before tab in indent.
        	//sMacAddr[5] = (u8)GetRandomNumber(1, 254);
warning: 1 line adds whitespace errors.
staging-rt3070-add-support-for-linksys-wusb54gc-eu-v3.patch
staging-rt-fix-wait_queue_head_t-declaration-on-stack.patch
staging-rt-don-t-confuse-user-of-rt3070-driver-with-rt2870-strings.patch
staging-vt6655-remove-private_obj-ifdefs.patch
staging-vt6655-remove-unused-makefile.-arm-x86-files.patch
staging-b3dfg-drop-null-test-on-list_entry-result.patch
staging-rtl8187se-ieee80211-remove-opensuse_sled-ifdefs.patch
staging-rtl8187se-ieee80211-remove-fedoracore_9-ifdef.patch
staging-rtl8187se-ieee80211-remove-not_yet-ifdefs.patch
staging-rtl8187se-remove-enable_ips-ifdefs.patch
staging-rtl8187se-rename-struct-ieee80211_hdr-to-struct-ieee80211_hdr_4addr.patch
staging-rtl8187se-rename-struct-ieee80211_hdr_3addr_qos-to-struct-ieee80211_hdr_3addrqos.patch
staging-rtl8187se-rename-struct-ieee80211_hdr_qos-to-struct-ieee80211_hdr_4addrqos.patch
staging-rtl8187se-ieee80211-switch-to-use-linux-ieee80211.h.patch
staging-rtl8187se-ieee80211-ieee80211.h-reorderings.patch
staging-rtl8187se-ieee80211-convert-mmie_type_-defines-to-enums.patch
staging-rtl8192su-remove-more-unused-files.patch
staging-rtl8192su-make-private-ieee80211-stack-really-private.patch
staging-rtl8192su-remove-john_dump-ifdefs.patch
staging-rtl8192su-ieee80211-remove-opensuse_sled-ifdefs.patch
staging-rtl8192su-ieee80211-remove-superfluous-container_of-definition.patch
staging-rtl8192su-remove-not_yet-ifdefs.patch
staging-rtl8192su-ieee80211-remove-unused-ieee80211_print_str.patch
staging-rtl8192su-ieee80211-remove-unused-ieee80211_wx_get_encode_ext.patch
staging-rtl8192su-ieee80211-ieee80211.h-cleanups.patch
staging-rtl8192su-ieee80211-move-rtl8192su-specific-code-out-from-ieee80211.h.patch
staging-vt6656-disable-wpa-related-function-due-to-memory-failure-of-this-part-of-codes.patch
staging-htc-dream-add-smd-code.patch
staging-htc-dream-add-rpcrouter-driver.patch
/home/sfr/kernels/next/quilt-tmp/.git/rebase-apply/patch:1352: space before tab in indent.
			 	prog, vers, found_vers);
warning: 1 line adds whitespace errors.
staging-htc-dream-add-qdsp-support.patch
/home/sfr/kernels/next/quilt-tmp/.git/rebase-apply/patch:3319: space before tab in indent.
                             		  void *cmd_data, size_t cmd_size)
warning: 1 line adds whitespace errors.
staging-htc-dream-add-camera-support.patch
staging-htc-dream-makefile-glue.patch
staging-hv-add-the-hyper-v-api-header-files.patch
staging-hv-add-the-hyper-v-driver-header-files.patch
staging-hv-add-the-hyper-v-virtual-bus.patch
staging-hv-add-the-hyper-v-virtual-block-driver.patch
staging-hv-add-the-hyper-v-virtual-network-driver.patch
staging-hv-add-the-hyper-v-virtual-storage-driver.patch
staging-hv-add-a-todo-file.patch
staging-hv-make-the-hyper-v-virtual-bus-code-build.patch
staging-hv-use-the-correct-ifdef-for-x86-64.patch
staging-hv-add-the-hyper-v-virtual-bus-to-the-build.patch
staging-hv-make-the-hyper-v-virtual-storage-driver-build.patch
staging-hv-add-the-hyper-v-virtual-scsi-driver-to-the-build.patch
staging-hv-storvsc-fix-up-driver_data-usage.patch
staging-hv-make-the-hyper-v-virtual-block-driver-build.patch
staging-hv-add-the-hyper-v-virtual-block-driver-to-the-build.patch
staging-hv-blkvsc-fix-up-driver_data-usage.patch
staging-hv-make-the-hyper-v-virtual-network-driver-build.patch
staging-hv-add-the-hyper-v-virtual-network-driver-to-the-build.patch
staging-hv-netvsc-fix-up-driver_data-usage.patch
staging-hv-remove-internal-typedef.patch
staging-hv-remove-pvoid-typedef.patch
staging-hv-remove-void-typedef.patch
staging-hv-remove-uint8-and-int8-typedefs.patch
staging-hv-remove-uint16-and-int16-typedefs.patch
staging-hv-remove-uint32-and-int32-typedefs.patch
staging-hv-remove-uint64-and-int64-and-uchar-typedefs.patch
staging-hv-remove-ushort-typedef.patch
staging-hv-remove-ulonglong-and-longlong-typedefs.patch
staging-hv-remove-ulong_ptr-typedef.patch
staging-hv-remove-ulong-and-long-typedefs.patch
staging-hv-remove-size_t-typedef.patch
staging-hv-remove-dword-and-byte-typedefs.patch
staging-hv-remove-bool-and-boolean-typedefs.patch
staging-hv-remove-defines-from-osd.c.patch
staging-hv-remove-min-and-max-usages.patch
staging-hv-remove-page_size-and-page_shift-and-__builtin-functions.patch
staging-hv-remove-struct_packed-and-struct_aligned-defines.patch
staging-hv-remove-unused_var-usage.patch
staging-hv-remove-field_offset-usage.patch
staging-hv-remove-true-false-and-null-usage.patch
staging-hv-osd-remove-memalloc-wrapper.patch
staging-hv-osd-remove-memalloczeroed-wrapper.patch
staging-hv-osd-remove-memallocatomic-wrapper.patch
staging-hv-osd-remove-memfree-wrapper.patch
staging-hv-make-channel-inboundlock-a-real-spinlock.patch
staging-hv-make-ringinfo-ringlock-a-real-spinlock.patch
staging-hv-make-device-requestlock-a-real-spinlock.patch
staging-hv-make-netdevice-receivepacketlistlock-a-real-spinlock.patch
staging-hv-make-gvmbusconnection.channelmsglock-a-real-spinlock.patch
staging-hv-make-gvmbusconnection.channellock-a-real-spinlock.patch
staging-hv-osd-remove-spinlock-wrapper-functions.patch
staging-hv-osd-remove-sleep-wrapper.patch
staging-hv-osd-remove-memoryfence-wrapper.patch
staging-hv-osd-remove-logmsg-wrapper.patch
staging-hv-osd-remove-printbytes-wrapper.patch
staging-hv-fix-up-printk-warnings.patch
staging-hv-osd-remove-gettickcount-and-gettimestamp-wrappers.patch
staging-hv-remove-compatibility-ifdefry.patch
staging-hv-transform-some-kzalloc-calls-to-kcalloc.patch
staging-hv-force-hyper-v-drivers-to-be-built-as-a-module.patch
staging-hv-use-ld-instead-of-d-for-a-long-ints.patch
staging-hv-remove-c99-comments.patch
staging-hv-storvsc.c-fix-print-formatting.patch
staging-hv-blkvsc_drv.c-fix-print-formatting.patch
staging-hv-fix-blkvsc_open-parameters.patch
staging-hv-fix-blkvsc_release-parameters.patch
staging-hv-fix-blkvsc_ioctl-parameters.patch
staging-hv-remove-x2v_linux-check.patch
staging-hv-netvsc.c-fix-print-formatting.patch
staging-hv-rndisfilter.c-fix-print-formatting.patch
staging-hv-storvsc_drv.c-fix-print-formatting.patch
staging-hv-vmbus_drv.c-fix-print-formatting.patch
staging-hv-check-return-value-of-bus_register.patch
staging-hv-check-return-value-of-device_register.patch
staging-hv-vmbus_drv.c-remove-unused-structs.patch
staging-hv-hv.c-remove-unused-physaddr.patch
staging-hv-remove-vmbus_channel_packet_page_buffer-typedef.patch
staging-hv-remove-vmbus_channel_packet_mulitpage_buffer-typedef.patch
staging-hv-remove-vmbus_connect_state-typedef.patch
staging-hv-remove-vmbus_connection-typedef.patch
staging-hv-remove-vmbus_msginfo-typedef.patch
staging-hv-remove-netvsc_device-typedef.patch
staging-hv-remove-workqueue-typedef.patch
staging-hv-transform-pdevice_object-and-device_object-typedefs-into-their-corresponding-structs.patch
staging-hv-check-return-value-of-driver_for_each_device.patch
staging-hv-comment-out-blkdev-variable-in-blkvsc_ioctl.patch
staging-hv-remove-waitevent-typedef.patch
staging-hv-remove-timer-typedef.patch
staging-hv-remove-handle-typedef.patch
staging-hv-remove-more-printk-warnings.patch
staging-hv-properly-fix-the-printk-warnings.patch
staging-hv-remove-typedef-driver_object-and-pdriver_object.patch
staging-hv-remove-typedef-netvsc_packet-and-pnetvsc_packet.patch
staging-hv-remove-typedef-storvsc_request-and-pstorvsc_request.patch
staging-hv-fix-sparse-static-warnings.patch
staging-hv-fix-sparse-function-warnings.patch
staging-hv-fix-sparse-null-pointer-warnings.patch
staging-hv-rework-use-of-workqueues-in-osd.patch
staging-hv-remove-waiteventclose.patch
staging-hv-remove-wrapper-functions-for-bit-operations.patch
staging-hv-remove-wrapper-functions-for-atomic-operations.patch
staging-hv-remove-wrapper-function-virtualfree.patch
staging-hv-remove-wrapper-functions-around-kmap_.patch
staging-hv-remove-custom-cpuid-function.patch
staging-hv-remove-custom-rdmsrl-and-wrmsrl-functions.patch
staging-hv-osd-remove-physical-address-wrapper-functions.patch
staging-hv-osd-add-osd_-prefix-to-global-functions.patch
staging-hv-remove-timer-wrapper-functions.patch
staging-hv-remove-duplicated-osd.o-inclusions.patch
staging-hv-replace-typedef-sg_buffer_list-by-struct-scatterlist.patch
staging-hv-blk-dev-depends-on-scsi.patch
staging-htc-dream-limit-kconfig-for-only-msm-platforms.patch
staging-htc-dream-touchscreen-driver-for-staging.patch
staging-htc-dream-cleanup-dream-touchscreen-driver.patch
staging-htc-dream-touchscreen-more-cleanups.patch
staging-dream-synaptics-touchscreen-for-dream-documentation.patch
staging-dream-fix-buf-overflow.patch
staging-meilhaus-convert-nested-spin_lock_irqsave-to-spin_lock.patch
staging-usb-ip-code-cleanup.patch
staging-cpc-usb-convert-comment-style-in-cpc.h.patch
staging-cpc-usb-convert-comment-style-in-cpc_int.h.patch
staging-cpc-usb-convert-comment-style-in-cpcusb.h.patch
staging-cpc-usb-add-one-todo-entry.patch
staging-vt665x-64bit-compile-fixes-part-1.patch
staging-vt665x-64bit-compile-fixes-part-2.patch
staging-vt6655-textual-cleanup-in-prep-for-driver-merge.patch
/home/sfr/kernels/next/quilt-tmp/.git/rebase-apply/patch:332: space before tab in indent.
        	    DBG_PRT(MSG_LEVEL_NOTICE, KERN_INFO "Lost other STA beacon [%d] sec, started !\n", pMgmt->sNodeDBTable[0].uInActiveCount);
/home/sfr/kernels/next/quilt-tmp/.git/rebase-apply/patch:3320: space before tab in indent.
    	DBG_PRT(MSG_LEVEL_DEBUG, KERN_INFO"Unknown: Total[%d], CRCOK[%d]\n", (INT)pStatistic->dwRsrRxPacket+1, (INT)pStatistic->dwRsrCRCOk);
/home/sfr/kernels/next/quilt-tmp/.git/rebase-apply/patch:3712: space before tab in indent.
    	    pBuf->wRTSDuration_f0 = cpu_to_le16((WORD)s_uGetRTSCTSDuration(pDevice, RTSDUR_AA_F0, cbFrameLength, byPktType, wCurrentRate, bNeedAck, byFBOption)); //5:RTSDuration_aa_f0, 0:5G, 0: 5G OFDMData
/home/sfr/kernels/next/quilt-tmp/.git/rebase-apply/patch:3713: space before tab in indent.
    	    pBuf->wRTSDuration_f1 = cpu_to_le16((WORD)s_uGetRTSCTSDuration(pDevice, RTSDUR_AA_F1, cbFrameLength, byPktType, wCurrentRate, bNeedAck, byFBOption)); //7:RTSDuration_aa_f1, 0:5G, 0:
/home/sfr/kernels/next/quilt-tmp/.git/rebase-apply/patch:4933: space before tab in indent.
            	DBG_PRT(MSG_LEVEL_DEBUG, KERN_INFO "Mgt:rx Auth_reply sequence_2 status error ...\n");
warning: 5 lines add whitespace errors.
staging-vt665x-text-janitor-in-prep-for-driver-merge.patch
staging-usb-ip-vhci_hdc-fix-the-returned-error-value.patch
staging-fix-typos-mang-ment-management.patch
staging-correct-use-of-and.patch
staging-array_size-changes.patch
staging-dst-correct-error-handling-code.patch
staging-rt2870sta-interface-names.patch
staging-rt2860-remove-dependency-on-wireless_ext-version.patch
staging-udlfb-fix-printk-format-warning.patch
staging-serqt_usb2-fix-qt_open-parameters.patch
staging-vme-framework-for-the-linux-kernel.patch
staging-vme-add-vme-userspace-driver.patch
staging-vme-add-universe-i-ii-bridge-driver.patch
staging-vme-add-tundra-tsi148-vme-pci-bridge-driver.patch
/home/sfr/kernels/next/quilt-tmp/.git/rebase-apply/patch:646: space before tab in indent.
 	printk("\tEnabled: %s\n", (enabled == 1)? "yes" : "no");
warning: 1 line adds whitespace errors.
staging-vme-add-todo-file.patch
staging-vme-correct-tsi-148-vme-interrupt-free-routine.patch
staging-vme-extend-vme-core-probing-for-special-matches.patch
staging-vme-fix-master-slave-_get-check-bug.patch
staging-remove-epl-driver.patch
staging-pata_rdc-remove-the-driver-from-the-staging-tree.patch
staging-sep-upstream-revision-3-of-the-security-processor-kernel-driver.patch
staging-sep-move-the-rar-support-into-staging-where-it-is-supposed-to-be.patch
staging-rar-fix-some-initial-type-problems.patch
staging-rar-sep-don-t-use-random-vendor_id-macros-but-the-proper-names.patch
staging-sep-fix-rar-build.patch
staging-rar-sep-remove-c-isms-from-the-headers.patch
staging-sep-create-a-structure-to-hold-all-the-current-crap-spewed-about-as-globals.patch
staging-sep-rework-write_register-read_register.patch
staging-sep-we-have-two-different-repeats-of-the-same-logic.patch
staging-sep-do-something-about-all-the-printk-macros.patch
staging-sep-indent-pass.patch
staging-sep-first-pass-after-indent.patch
staging-sep-priceless.patch
staging-sep-put-all-the-arm-bits-together.patch
staging-sep-function-shuffle.patch
staging-sep-statically-initialize-the-fops-like-other-drivers.patch
staging-sep-kill-lock-wrapper.patch
staging-sep-merge-the-two-files.patch
staging-sep-make-everything-static.patch
staging-sep-kill-off-unused-code.patch
staging-sep-squish-some-of-the-wrapper-functions.patch
staging-sep-forward-declaration-removal-time.patch
staging-sep-fix-time-handler.patch
staging-sep-use-o_ndelay-instead-of-magic-apis.patch
staging-sep-rename-some-fields.patch
staging-sep-fix-pci-irq-usage.patch
staging-sep-use-filp-private_data-to-create-proper-device-instances.patch
staging-sep-clean-up-after-switching-to-passing-sep.patch
staging-sep-fix-flow-api.patch
staging-sep-load_rom-is-remarkably-verbose-and-repetetive.patch
staging-sep-remove-module-int-macro.patch
staging-sep-try-and-get-kernel-address-and-user-address-types-right.patch
staging-sep-remove-extra-cflags-we-don-t-use.patch
staging-sep-use-the-proper-allocators-for-the-shared-area.patch
staging-echo-fix-up-remaining-checkpatch.pl-issues.patch
staging-echo-remove-todo-item.patch
staging-rtl8192su-compile-fixes.patch
staging-rtl8192su-fix-up-printk-warnings.patch
staging-rtl8192su-fixup-size-comparison-warning.patch
staging-rtl8192su-stop-using-skb-tail.patch
staging-rtl8192su-add-linux-vmalloc.h.patch
staging-add-realtek-8192-pci-wireless-driver.patch
/home/sfr/kernels/next/quilt-tmp/.git/rebase-apply/patch:1336: space before tab in indent.
	    	switch (crypto_tfm_alg_blocksize(tfm)) {
/home/sfr/kernels/next/quilt-tmp/.git/rebase-apply/patch:1337: space before tab in indent.
	    	case 8:
/home/sfr/kernels/next/quilt-tmp/.git/rebase-apply/patch:1338: space before tab in indent.
	    		ops->cit_xor_block = xor_64;
/home/sfr/kernels/next/quilt-tmp/.git/rebase-apply/patch:1339: space before tab in indent.
	    		break;
/home/sfr/kernels/next/quilt-tmp/.git/rebase-apply/patch:1341: space before tab in indent.
	    	case 16:
warning: squelched 138 whitespace errors
warning: 143 lines add whitespace errors.
staging-rtl8192e-fix-lots-of-sparse-warnings.patch
staging-rtl8192e-remove-unused-functions.patch
staging-rtl8192e-compile-fixes.patch
staging-rtl8192e-remove-if-0-sections.patch
staging-rtl8192e-remove-kernel-version-checks.patch
staging-rtl8192e-remove-firmware-header-file-not-being-used.patch
staging-rtl8192e-remove-another-firmware-header-file-not-being-used.patch
staging-rtl8192e-coding-style-cleanups-on-r819xe_firmware.c.patch
$ cd ../next
$ git fetch -f ../quilt-tmp master:quilt/staging
From ../quilt-tmp
 + bb25a4a...80f77de master     -> quilt/staging  (forced update)
