Unchanged quilt series driver-core.current
Unchanged quilt series usb.current
Unchanged quilt series driver-core
Unchanged quilt series usb
Importing device-mapper based on v2.6.28-rc5-19-ge14c8bf
$ git checkout quilt/device-mapper
Switched to branch "quilt/device-mapper"
$ git reset --hard e14c8bf86350f6c39186a139c5c584a6111b2f01
HEAD is now at e14c8bf stop_machine: fix race with return value (fixes Bug #11989)
$ git quiltimport --author Alasdair G Kergon <agk@redhat.com> --patches ../quilt/device-mapper
dm-table-drop-reference-at-unbind.patch
dm-consolidate-target-deregistration-error-handling.patch
dm-support-barriers-on-simple-devices.patch
dm-request-add-caches.patch
dm-request-extend-target-interface.patch
Unchanged quilt series i2c
Unchanged quilt series jdelvare-hwmon
Unchanged quilt series kernel-doc
Importing ide based on 45beca08dd8b6d6a65c5ffd730af2eac7a2c7a03
$ git checkout quilt/ide
Switched to branch "quilt/ide"
$ git reset --hard 45beca08dd8b6d6a65c5ffd730af2eac7a2c7a03
HEAD is now at 45beca0 Linux v2.6.28-rc3
$ git quiltimport --author Bartlomiej Zolnierkiewicz <bzolnier@gmail.com> --patches ../quilt/ide
ide-fix-the-ide_release_lock-imbalance.patch
amd74xx-workaround-unreliable-altstatus-register-for-nvidia-controllers.patch
ide-add-samsung-sp0822n-with-firmware-wa100-10-to-ivb_list.patch
ide-unify-ide_intr-s-exit-points.patch
ide-ide-settings-dont-need-an-ide_lock-held.patch
ide-__ide_port_unregister_devices-doesnt-need-an-ide_lock-held.patch
ide-ide_hwgroup_t-rq-doesnt-need-an-ide_lock-held.patch
ide-push-ide_lock-to-__ide_end_request.patch
ide-ide_lock-__blk_end_request-to-blk_end_request.patch
ide-use-queue-lock-instead-of-ide_lock-when-possible.patch
ide-replace-the-global-ide_lock-spinlock-by-per-hwgroup-spinlocks-v2.patch
Context reduced to (1/1) to apply fragment at 949
ide-cleanup-ide_do_request.patch
ide-cd-remove-obsolete-seek-optimization.patch
ide-dont-execute-the-next-queued-command-from-the-hard-irq-context-v2.patch
ali14xx-doesnt-use-shared-irqs.patch
cmd64x-set-ide_hflag_serialize-explictly-for-cmd646.patch
gayle-set-ide_hflag_serialize-explictly.patch
ide-fix-quirk_list-checking-in-ide_do_request.patch
ide-always-set-nien-on-idle-devices.patch
rz1000-apply-chipset-quirks-early-v2.patch
ide-add-max_sectors-field-to-struct-ide_port_info.patch
trm290-add-ide_hflag_trm290-host-flag.patch
cy82c693-remove-superfluous-ide_cy82c693-chipset-type.patch
ide-rework-handling-of-serialized-ports-v2.patch
Context reduced to (1/1) to apply fragment at 1401
ide-struct-device-replace-bus_id-with-dev_name()-dev_set_name().patch
ide-respect-current-dma-setting-during-resume.patch
ide-fix-build-for-debug_pm.patch
ide-remove-dead-code-from-drive_is_ready.patch
ide-remove-redundant-code-from-ide_end_drive_cmd.patch
ide-remove-inline-tags-from-ide-probe-c.patch
ide-checkpatch.pl-fixes-for-ide-lib-c.patch
ide-use-ata_dma_-defines-in-ide-dma-sff-c.patch
ide-move-power-management-support-to-ide-pm-c.patch
ide-move-legacy-isa-vlb-ports-handling-to-ide-legacy-c-v2.patch
ide-remove-superfluous-local_irq_save-restore-from-ide_dump_status.patch
ide-push-local_irq_save-restore-to-do_identify.patch
ide-cd-remove-dead-atapi_overlap-setting.patch
tx493x-fix-intendation.patch
ide-remove-chipset-type-fixup-from-ide_host_register.patch
ide-small-ide_register_port-cleanup.patch
ide-factor-out-device-type-classifying-from-do_identify.patch
ide-move-sysfs-support-to-ide-sysfs-c.patch
ide-remove-ide-pm-hack-from-do_ide_request.patch
ide-remove-paranoia-checks-for-hwgroup-busy.patch
ide-add-ide_un-lock_hwgroup-helpers.patch
ide-use-per-device-request-queue-locks.patch
ide-cd-move-debug-defines-into-header.patch
ide-make-ide_aflag_numbering-continuous-again.patch
ide-floppy-allocate-only-toplevel-packet-commands.patch
Importing rr based on v2.6.28-rc5-19-ge14c8bf
$ git checkout quilt/rr
Switched to branch "quilt/rr"
$ git reset --hard e14c8bf86350f6c39186a139c5c584a6111b2f01
HEAD is now at e14c8bf stop_machine: fix race with return value (fixes Bug #11989)
$ git quiltimport --author Rusty Russell <rusty@rustcorp.com.au> --patches ../quilt/rr
virtio:struct_device_replace_bus_id_with_dev_name_dev_set_name.patch
virtio:VIRTIO_PCI_QUEUE_ADDR_SHIFT.patch
virtio:rename-vring-pagesize-to-align.patch
virtio:VIRTIO_PCI_VRING_ALIGN.patch
virtio:LGUEST_VRING_ALIGN.patch
virtio:KVM_S390_VIRTIO_RING_ALIGN.patch
virtio:virtqueue-hand-in-vqalign.patch
virtio:balloon_avoid_Linux_page_size.patch
virtio:balloon_avoid_Linux_page_size-fix.patch
virtio:block-no-max-segment-size-by-default.patch
virtio:block-dynamic-max-segments.patch
virtio:console_support_console_resizing.patch
virtio:kvm_s390_implement_config_changed_for_on_s390.patch
.dotest/patch:19: space before tab in indent.
 	subcode = S390_lowcore.cpu_addr;
warning: 1 line adds whitespace errors.
lguest:move_the_initial_guest_page_table_creation_code_to_the_host.patch
module:remove_config_kmod.patch
module:compare-sym-values-for-export-mark-in-proc-kallsyms.patch
param:core_param-really-really-early.patch
param:usb-use-core_param.patch
bitmap:test-for-constant.patch
6c2e9403.patch
f6d87f4bd259cf33e092cd1a8fde05f291c47af1.patch
6d21cd62.patch
700018e0.patch
faa2f98f.patch
6cc88bc4.patch
x86:speedstep-centrino-cleanup.patch
cpumask:centralize-common-maps.patch
cpumask:convert-few-difficult-cpumask_t-users.patch
cpumask:smp_call_function_many.patch
cpumask:fix-impossible-percpu-accesses-pnp.patch
cpumask:fix-impossible-percpu-accesses-m32r.patch
cpumask:fix-impossible-percpu-accesses-x86.patch
cpumask:infiniband-avoid-NR_CPUS-iteration.patch
cpumask:convert-drivers_infiniband_ehca.patch
cpumask:convert-drivers_infiniband_ipath.patch
cpumask:use-nr_cpu_ids-in-seq_cpumask.patch
cpumask:irq-functions-take-cpumask_t-ptr.patch
cpumask:clock_event_device-takes-cpumask-ptr.patch
cpumask:cpumask_of_node.patch
cpumask:cpumask_of_node-x86.patch
cpumask:cpumask_of_node-sparc.patch
cpumask:cpumask_of_node-sh.patch
cpumask:cpumask_of_node-powerpc.patch
cpumask:cpumask_of_node-ia64.patch
cpumask:cpumask_of_node-mips.patch
cpumask:cpumask_of_node-alpha.patch
Unchanged quilt series ttydev
Unchanged quilt series staging
