Unchanged quilt series driver-core.current
Unchanged quilt series usb.current
Importing i2c based on 2.6.30-git9
$ git clone -s -l -n -q . ../quilt-tmp
$ cd ../quilt-tmp
$ git reset --hard 03347e2592078a90df818670fddf97a33eec70fb
HEAD is now at 03347e2 Merge branch 'release' of git://git.kernel.org/pub/scm/linux/kernel/git/aegl/linux-2.6
$ git quiltimport --author Jean Delvare <khali@linux-fr.org> --patches ../quilt/i2c
i2c-remove-void-casts.patch
i2c-retry-on-arbitration-loss.patch
i2c-tdfx-no-class.patch
i2c-adapter-no-default-parent.patch
i2c-chips-move-max6875-to-drivers-misc-eeprom.patch
i2c-viapro-add-new-pci-device-id-for-vx855.patch
macintosh-therm_pm72-convert-to-new-style-i2c.patch
macintosh-windfarm-convert-to-new-style-i2c.patch
macintosh-therm_adt746x-convert-to-new-style-i2c.patch
macintosh-therm_windtunnel-convert-to-new-style-i2c.patch
$ cd ../next
$ git fetch -f ../quilt-tmp master:quilt/i2c
From ../quilt-tmp
 + bb153ae...bb925e9 master     -> quilt/i2c  (forced update)
Importing jdelvare-hwmon based on 2.6.30-git9
$ cd ../quilt-tmp
$ git reset --hard 03347e2592078a90df818670fddf97a33eec70fb
HEAD is now at 03347e2 Merge branch 'release' of git://git.kernel.org/pub/scm/linux/kernel/git/aegl/linux-2.6
$ git quiltimport --author Jean Delvare <khali@linux-fr.org> --patches ../quilt/jdelvare-hwmon
hwmon-more-__devexit-fixes.patch
hwmon-ibmaem-automatically-load-on-hc10-blade.patch
hwmon-tmp401-01-new-driver.patch
hwmon-tmp401-02-add-support-for-TI-TMP411.patch
hwmon-tmp401-03-add-documentation.patch
hwmon-w83627ehf-add-W83627DHG-P-support.patch
hwmon-pci-quirk-for-MSI-7031.patch
hwmon-f71882fg-01-f8000-cleanup-pwm.patch
hwmon-f71882fg-02-f8000-sanity-check-pwm.patch
hwmon-f71882fg-03-f8000-temp_fault.patch
hwmon-f71882fg-04-add-f71858fg-support-v2.patch
hwmon-max6650-add-support-for-alarms.patch
$ cd ../next
$ git fetch -f ../quilt-tmp master:quilt/jdelvare-hwmon
From ../quilt-tmp
 + 3edc6a4...d1123b3 master     -> quilt/jdelvare-hwmon  (forced update)
Unchanged quilt series kernel-doc
Unchanged quilt series rr
Importing device-mapper based on block/for-next
$ cd ../quilt-tmp
$ git reset --hard b0fd271d5fba0b2d00888363f3869e3f9b26caa9
HEAD is now at b0fd271 block: add request clone interface (v2)
$ git quiltimport --author Alasdair G Kergon <agk@redhat.com> --patches ../quilt/device-mapper
dm-mpath-validate-table-argument-count.patch
dm-mpath-validate-hw_handler-argument-count.patch
dm-sysfs-skip-output-when-device-is-being-destroyed.patch
dm-mpath-change-attached-scsi_dh.patch
dm-mpath-call-activate-fn-for-each-path-in-pg_init.patch
dm-raid1-keep-retrying-alloc-if-mempool_alloc-failed.patch
dm-mpath-flush-keventd-queue-in-destructor.patch
dm-avoid-unsupported-spanning-of-md-stripe-boundaries.patch
dm-avoid-unsupported-spanning-of-md-stripe-boundaries-fixup-for-linux-next.patch
dm-use-i_size_read.patch
dm-rename-suspended_bdev-to-bdev.patch
dm-always-hold-bdev-reference.patch
dm-make-dm_flush-return-void.patch
dm-process-requeue-in-dm_wq_work.patch
dm-store-only-first-barrier-error.patch
dm-remove-EOPNOTSUPP-for-barriers.patch
dm-remove-check-that-prevents-mapping-empty-bios.patch
dm-introduce-num_flush_requests.patch
dm-initialise-tio-in-alloc_tio.patch
dm-send-empty-barriers-to-targets-in-dm_flush.patch
dm-linear-support-flush.patch
dm-stripe-support-flush.patch
dm-crypt-support-flush.patch
dm-delay-support-barriers.patch
dm-mpath-support-barriers.patch
dm-snapshot-support-barriers.patch
dm-io-record-eopnotsupp.patch
dm-io-retry-after-barrier-error.patch
dm-snapshot-use-barrier-when-writing-exception-store.patch
dm-mpath-add-start_io-and-nr_bytes-to-path-selectors.patch
dm-mpath-add-queue-length-load-balancer.patch
dm-mpath-add-service-time-load-balancer.patch
dm-table-improve-warning-message-when-devices-not-freed-before-destruction.patch
dm-sysfs-add-suspended-attribute.patch
dm-ioctl-support-cookies-for-udev.patch
dm-table-ensure-targets-are-aligned-to-logical_block_size.patch
dm-table-validate-device-logical_block_size.patch
dm-table-replace-struct-io_restrictions-with-struct-queue_limits.patch
dm-table-establish-queue-limits-by-copying-table-limits.patch
dm-targets-introduce-iterate-devices-fn.patch
$ cd ../next
$ git fetch -f ../quilt-tmp master:quilt/device-mapper
From ../quilt-tmp
 + c4b0687...ac21525 master     -> quilt/device-mapper  (forced update)
Unchanged quilt series ttydev
Unchanged quilt series aoe
Unchanged quilt series driver-core
Unchanged quilt series usb
Unchanged quilt series staging
