Importing driver-core.current based on 2.6.30-rc3
$ git clone -s -l -n -q . ../quilt-tmp
$ cd ../quilt-tmp
$ git reset --hard 091069740304c979f957ceacec39c461d0192158
HEAD is now at 0910697 Linux 2.6.30-rc3
$ git quiltimport --author Greg KH <greg@kroah.com> --patches ../quilt/driver-core.current
driver-core-platform-do-not-complain-for-platform_data-added-by-platform_device_add_data.patch
driver-core-platform-fix-kernel-doc-warnings.patch
doc-sysfs-rules-swap-the-order-of-the-words-so-the-sentence-makes-more-sense.patch
remove-old-printk_debug-config-item.patch
$ cd ../next
$ git fetch -f ../quilt-tmp master:quilt/driver-core.current
From ../quilt-tmp
 + 9ba7793...a74ab54 master     -> quilt/driver-core.current  (forced update)
Importing usb.current based on quilt/driver-core.current
$ cd ../quilt-tmp
$ git reset --hard a74ab54ae0f47be20cf960b4302dd963a8ddc942
HEAD is now at a74ab54 Remove old PRINTK_DEBUG config item
$ git quiltimport --author Greg KH <greg@kroah.com> --patches ../quilt/usb.current
usb-serial-fix-lifetime-and-locking-problems.patch
usb-unusual-device-support-for-gold-mp3-player-energy.patch
usb-gadget-mips-ci13xxx-udc-bugfixes.patch
usb-musb-remove-my-email-address-from-few-musb-related-drivers.patch
usb-musb-fix-build-when-config_pm.patch
usb-mos7840-add-new-device-id.patch
usb-fix-mos7840-problem-with-minor-numbers.patch
usb-ehci-sched.c-ehci-sitd-scheduling-bugfix.patch
usb-g_file_storage-fix-use-after-free-bug-when-closing-files.patch
usb-pass-mem_flags-to-dma_alloc_coherent.patch
usb-musb-prevent-multiple-includes-of-musb.h.patch
usb-ci13xxx_udc-fix-build-error.patch
usb-gadget-omap_udc-uses-platform_driver_probe.patch
usb-serial-sierra-driver-bug-fix-for-composite-interface.patch
usb-removal-of-tty-low_latency-hack-dating-back-to-the-old-serial-code.patch
usb-correct-error-handling-in-cdc-wdm.patch
usb-otg-fix-bug-on-remove-path-without-transceiver.patch
usb-pwc-do-not-pass-stack-allocated-buffers-to-usb-core.patch
$ cd ../next
$ git fetch -f ../quilt-tmp master:quilt/usb.current
From ../quilt-tmp
 + b04c7dc...441da69 master     -> quilt/usb.current  (forced update)
Importing device-mapper based on v2.6.30-rc2-195-g9f76208
$ cd ../quilt-tmp
$ git reset --hard 9f76208c33984ab777eace5d07a4e36e88703e02
HEAD is now at 9f76208 Merge branch 'tracing-fixes-for-linus' of git://git.kernel.org/pub/scm/linux/kernel/git/tip/linux-2.6-tip
$ git quiltimport --author Alasdair G Kergon <agk@redhat.com> --patches ../quilt/device-mapper
dm-mpath-validate-table-argument-count.patch
dm-mpath-validate-hw_handler-argument-count.patch
$ cd ../next
$ git fetch -f ../quilt-tmp master:quilt/device-mapper
From ../quilt-tmp
 + d5e7549...c86c5e2 master     -> quilt/device-mapper  (forced update)
Importing i2c based on 2.6.30-rc3
$ cd ../quilt-tmp
$ git reset --hard 091069740304c979f957ceacec39c461d0192158
HEAD is now at 0910697 Linux 2.6.30-rc3
$ git quiltimport --author Jean Delvare <khali@linux-fr.org> --patches ../quilt/i2c
i2c-remove-void-casts.patch
i2c-retry-on-arbitration-loss.patch
i2c-timeouts-off-by-1.patch
macintosh-therm_pm72-convert-to-new-style-i2c.patch
macintosh-windfarm-convert-to-new-style-i2c.patch
macintosh-therm_adt746x-convert-to-new-style-i2c.patch
$ cd ../next
$ git fetch -f ../quilt-tmp master:quilt/i2c
From ../quilt-tmp
 + d06708f...958d009 master     -> quilt/i2c  (forced update)
Unchanged quilt series jdelvare-hwmon
Unchanged quilt series kernel-doc
Unchanged quilt series rr
Unchanged quilt series ttydev
Unchanged quilt series aoe
Importing driver-core based on quilt/usb.current
$ cd ../quilt-tmp
$ git reset --hard 441da69e53488f342dd05dbec1bddc7319352292
HEAD is now at 441da69 USB: pwc : do not pass stack allocated buffers to USB core.
$ git quiltimport --author Greg KH <greg@kroah.com> --patches ../quilt/driver-core
driver-core-set-default-sysfs_deprecated-n.patch
sched-delayed-cleanup-of-user_struct.patch
driver-core-warn-driver-authors-about-adding-device-attributes.patch
$ cd ../next
$ git fetch -f ../quilt-tmp master:quilt/driver-core
From ../quilt-tmp
 + c17c314...b57461e master     -> quilt/driver-core  (forced update)
Importing usb based on quilt/driver-core
$ cd ../quilt-tmp
$ git reset --hard b57461eaefdd49f73d9e8d898dbc6ed840615f90
HEAD is now at b57461e Driver Core: Warn driver authors about adding device attributes
$ git quiltimport --author Greg KH <greg@kroah.com> --patches ../quilt/usb
musb_gadget-fix-unhandled-endpoint-0-irqs.patch
musb_gadget-suppress-parasitic-tx-interrupts-with-cppi.patch
musb_host-refactor-musb_save_toggle.patch
musb_host-factor-out-musb_ep_-get-set-_qh.patch
musb_host-simplify-check-for-active-urb.patch
musb_host-streamline-musb_cleanup_urb-calls.patch
musb_host-refactor-urb-giveback.patch
musb-split-out-cppi-interrupt-handler.patch
usb-move-twl4030_usb-s-probe-function-to-.devinit.text.patch
usb-move-r8a66597_hcd-s-probe-function-to-.devinit.text.patch
usb-move-orion-ehci-s-probe-function-to-.devinit.text.patch
usb-twl4030-usb-fix-minor-reporting-goofage.patch
usb-nop-usb-xceiv-behave-when-linked-as-a-module.patch
musb-proper-hookup-to-transceiver-drivers.patch
musb-otg-timer-cleanup.patch
musb-make-initial-hnp-roleswitch-work.patch
musb-support-disconnect-after-hnp-roleswitch.patch
musb-use-dma-mode-1-for-tx-if-transfer-size-equals-maxpacket.patch
musb-add-high-bandwidth-iso-support.patch
usb-serial-ftdi-add-high-speed-device-support.patch
usb-consolidate-usb_unbind_interface-and-usb_driver_release_interface.patch
usb-usbfs-deprecate-and-hide-option-for-embedded.patch
usb-ignore-storage-device-in-modem-mode-on-dwn-652.patch
usb-core-sysfs-fix-sparse-warnings.patch
usb-ci13xxx_udc-use-helper-functions-to-determine-endpoint-type-and-direction.patch
usb-atmel_usba_udc-use-helper-functions-to-determine-endpoint-type-and-direction.patch
usb-at91_udc-use-helper-functions-to-determine-endpoint-type-and-direction.patch
usb-goku-s-use-helper-functions-to-determine-endpoint-type-and-direction.patch
usb-gadgetfs-use-helper-functions-to-determine-endpoint-type-and-direction.patch
usb-uhci-queue-use-usb_endpoint_type.patch
usb-pxa27x_udc-introduce-pxa27x_clear_otgph.patch
usb-pxa27x_udc-compatibility-with-pxa320-soc.patch
usb-pxa27x_udc-single-thread-setup-requests.patch
usb-host-ohci-hcd.c-fix-sparse-warnings.patch
usb-hub.c-fix-sparse-warnings.patch
usb-mos7840-fix-debug-log-messages.patch
$ cd ../next
$ git fetch -f ../quilt-tmp master:quilt/usb
From ../quilt-tmp
 + 065a881...52b4af9 master     -> quilt/usb  (forced update)
Importing staging based on quilt/usb
$ cd ../quilt-tmp
$ git reset --hard 52b4af9019d6c4f63d933a6f4fe7f88a024fd678
HEAD is now at 52b4af9 USB: mos7840: fix debug log messages
$ git quiltimport --author Greg KH <greg@kroah.com> --patches ../quilt/staging
staging-w35und-unregister-device-from-the-ieee80211-stack-upon-disconnect.patch
staging-rt2870-new-device-id.patch
staging-rtl8187se-fix-compilation-warnings-and-procfs-directory-leak.patch
staging-comedi-remove-ni_board-typedef.patch
staging-comedi-remove-ni_private-typedef.patch
staging-comedi-remove-local_info_t-typedef-in-ni_labpc_cs.patch
staging-comedi-remove-dio24_board_struct-typedef.patch
staging-comedi-remove-local_info_t-typedef-in-ni_daq_dio24.patch
staging-comedi-remove-byte-and-pbyte-typedefs-in-addi-data.patch
staging-comedi-remove-short-and-pshort-typedefs-in-addi-data.patch
staging-comedi-remove-ushort-and-pushort-typedefs-in-addi-data.patch
staging-comedi-remove-word-and-pword-typedefs-in-addi-data.patch
staging-comedi-remove-int-and-pint-typedefs-in-addi-data.patch
staging-comedi-remove-uint-and-puint-typedefs-in-addi-data.patch
staging-comedi-remove-long-and-plong-typedefs-in-addi-data.patch
staging-comedi-remove-ulong-and-pulong-typedefs-in-addi-data.patch
staging-comedi-remove-dword-and-pdword-typedefs-in-addi-data.patch
staging-comedi-remove-ulong_ptr-typedef-in-addi-data.patch
staging-comedi-remove-pcrange-typedef-in-addi-data.patch
staging-comedi-remove-boardtype-typedef-in-addi-data.patch
staging-comedi-remove-str_moduleinfo-typedef-in-addi-data.patch
staging-comedi-remove-addi_private-typedef-in-addi-data.patch
staging-comedi-remove-str_mainheader-typedef-in-addi-data-addi_eeprom.c.patch
staging-comedi-remove-str_digitalinputheader-typedef-in-addi-data-addi_eeprom.c.patch
staging-comedi-remove-str_digitaloutputheader-typedef-in-addi-data-addi_eeprom.c.patch
staging-comedi-remove-str_timerdetails-typedef-in-addi-data-addi_eeprom.c.patch
staging-comedi-remove-str_timermainheader-typedef-in-addi-data-addi_eeprom.c.patch
staging-comedi-remove-str_analogreadinformation-typedef-in-addi-data-hwdrv_apci3120.h.patch
staging-comedi-remove-str_module-typedef-in-addi-data-hwdrv_apci3200.h.patch
staging-comedi-remove-str_boardinfos-typedef-in-addi-data-hwdrv_apci3200.patch
staging-comedi-remove-str_addidata_rtdstruct-typedef-in-addi-data-hwdrv_apci3200.patch
staging-comedi-remove-labpc_board_struct-typedef.patch
staging-comedi-remove-labpc_private-typedef.patch
staging-comedi-remove-str_analoginputheader-typedef-in-addi-data-addi_eeprom.c.patch
staging-comedi-remove-c99-comments-in-8253.h.patch
staging-comedi-remove-c99-comments-in-acl7225b.c.patch
staging-comedi-remove-c99-comments-in-apci1710_82x54.c.patch
staging-comedi-remove-c99-comments-in-das1800.c.patch
staging-comedi-remove-c99-comments-in-pcl818.c.patch
staging-comedi-remove-c99-comments-in-hwdrv_apci1500.c.patch
staging-comedi-remove-c99-comments-in-apci1710_pwm.c.patch
staging-comedi-remove-c99-comments-in-hwdrv_apci1564.c.patch
staging-comedi-remove-c99-comments-in-hwdrv_apci3200.c.patch
staging-comedi-remove-c99-comments-in-hwdrv_apci3120.c.patch
staging-comedi-remove-c99-comments-in-adl_pci6208.c.patch
staging-comedi-remove-c99-comments-in-adl_pci9118.c.patch
staging-comedi-remove-c99-comments-in-adv_pci1723.c.patch
staging-comedi-remove-c99-comments-in-c6xdigio.c.patch
staging-comedi-remove-c99-comments-in-cb_pcidas64.c.patch
staging-comedi-remove-c99-comments-in-cb_pcidas.c.patch
staging-comedi-remove-c99-comments-in-cb_pcimdas.c.patch
staging-comedi-remove-c99-comments-in-gsc_hpdi.c.patch
staging-comedi-remove-c99-comments-in-mpc624.c.patch
staging-comedi-remove-c99-comments-in-ni_at_a2150.c.patch
staging-comedi-remove-c99-comments-in-ni_labpc.c.patch
staging-comedi-remove-c99-comments-in-pcl724.c.patch
staging-comedi-remove-c99-comments-in-pcl816.c.patch
staging-comedi-remove-c99-comments-in-s526.c.patch
staging-comedi-remove-interrupt.h.patch
staging-comedi-remove-c99-comments.patch
staging-comedi-finish-removing-ni_private-typedef.patch
staging-comedi-pcmcia_parse_tuple-now-has-two-arguments-not-three.patch
staging-comedi-fix-build-errors-in-pcmcia-comedi-drivers.patch
staging-comedi-set-pci-and-pcmcia-defines.patch
staging-comedi-fixed-kconfig-option-for-comedi_pcmcia_drivers.patch
staging-comedi-pcl818-fix-option-handling-for-fifo-mode.patch
staging-comedi-pcl818-tidy-up-ai-command-after-channel-dropout-or-similar-error.patch
staging-comedi-ni_600x-added-support-for-comedi_poll.patch
staging-comedi-work-around-malformed-rtai_version_code.patch
staging-comedi-undo-stupid-commit-made-3-months-ago.patch
staging-comedi-amplc_pc236-corrected-documentation.patch
staging-comedi-added-sysfs-attribute-files-for-setting-and-querying-subdevice-buffer-sizes.patch
staging-comedi-jr3_pci-use-struct-device-from-pci_dev-for-firmware-loading.patch
staging-comedi-replace-__function__-usages.patch
staging-comedi-remove-dupilcated-include.patch
staging-comedi-fix-foo-bar-should-be-foo-bar.patch
staging-comedi-add-spaces-after-commas.patch
staging-comedi-fix-spacing-around-parens.patch
staging-comedi-change-space-indentation-to-tabs.patch
staging-comedi-add-vmk80xx-usb-driver.patch
staging-comedi-vmk80xx.c-get-the-driver-to-build-properly.patch
staging-comedi-makefile-changes.patch
staging-agnx-probe-cleanup.patch
staging-agnx-remove-memlens-from-probe.patch
staging-agnx-fix-fail-paths-in-probe.patch
staging-agnx-fix-bssid-compiler-warnings.patch
staging-meilhaus-switch-to-misc-device.patch
staging-meilhaus-annotate-cpi-functions.patch
staging-meilhaus-move-tables-to-.c.patch
staging-sxg-replace-__function__-usages.patch
staging-rt3070-replace-__function__-usages.patch
staging-rt2860-don-t-call-sprintf-with-overlapping-input-and-output.patch
staging-rt2870-don-t-call-sprintf-with-overlapping-input-and-output.patch
staging-rspiusb-make-driver-compile.patch
staging-rtl8187se-use-to_delayed_work.patch
staging-rt3070-remove-dupilcated-include.patch
staging-remove-unused-include-linux-version.h-s.patch
staging-agnx-replace-print_mac-with-pm.patch
staging-stlc45xx-replace-print_mac-with-pm.patch
staging-winbond-boolean-negation-and-bitwise-operation-in-wrong-order.patch
staging-fix-operator-precedence-errors.patch
staging-w35und-remove-unused-code-from-wbsoft_configure_filter.patch
staging-w35und-replace-switch-error-handling-with-gotos-in-wb35_hw_init.patch
staging-w35und-move-hal_init_hardware-and-hal_halt-int-wbusb.c.patch
staging-w35und-simplify-error-handling-in-wb35_hw_init.patch
staging-w35und-simplify-hal_init_hardware-error-handling.patch
staging-w35und-more-simplify-hal_init_hardware-error-handling.patch
staging-w35und-simplify-hal_init_hardware-and-hal_halt.patch
staging-w35und-clean-up-comments-in-wbusb.c.patch
staging-w35und-inline-hal_set_phy_type-to-wb35_hw_init.patch
staging-w35und-reformat-wbusb.c.patch
staging-w35und-remove-module_author.patch
staging-w35und-make-led-lookup-tables-static.patch
staging-w35und-reformat-wbhal.c.patch
staging-w35und-merge-wbhal.c-to-wbusb.c.patch
staging-w35und-inline-hal_set_rf_power-to-mto.c.patch
staging-w35und-merge-rest-of-wbhal.c-to-phy_calibration.c.patch
staging-wlan-ng-move-firmware-loading-into-driver.patch
staging-pohmelfs-move-open-brace-to-same-line-on-structs.patch
staging-pohmelfs-remove-c99-comments.patch
staging-pohmelfs-remove-braces-around-single-statements.patch
$ cd ../next
$ git fetch -f ../quilt-tmp master:quilt/staging
From ../quilt-tmp
 + 10b1469...fa05570 master     -> quilt/staging  (forced update)
