Unchanged quilt series driver-core.current
Unchanged quilt series usb.current
Importing device-mapper based on v2.6.29
$ git clone -s -l -n -q . ../quilt-tmp
$ cd ../quilt-tmp
$ git reset --hard 8e0ee43bc2c3e19db56a4adaa9a9b04ce885cd84
HEAD is now at 8e0ee43 Linux 2.6.29
$ git quiltimport --author Alasdair G Kergon <agk@redhat.com> --patches ../quilt/device-mapper
dm-preserve-bi_io_vec-when-resubmitting-bios.patch
dm-raid1-switch-read_record-from-kmalloc-to-slab-to-save-memory.patch
dm-io-make-sync_io-uninterruptible.patch
dm-snapshot-refactor-__find_pending_exception.patch
dm-snapshot-avoid-dropping-lock-in-__find_pending_exception.patch
dm-snapshot-avoid-having-two-exceptions-for-the-same-chunk.patch
dm-target-use-module-refcount-directly.patch
dm-path-selector-use-module-refcount-directly.patch
dm-target-remove-struct-tt_internal.patch
dm-crypt-use-kzfree.patch
dm-exception-store-separate-type-from-instance.patch
dm-raid1-add-is_remote_recovering-hook-for-clusters.patch
dm-exception-store-introduce-registry.patch
dm-exception-store-move-dm_target-pointer.patch
dm-exception-store-move-chunk_fields.patch
dm-exception-store-move-cow-pointer.patch
dm-snapshot-remove-dm_snap-header-use.patch
dm-snapshot-remove-dm_snap-header.patch
dm-snapshot-use-DMEMIT-macro-for-status.patch
dm-snapshot-move-ctr-parsing-to-exception-store.patch
dm-snapshot-move-status-to-exception-store.patch
dm-snapshot-persistent-fix-dtr-cleanup.patch
dm-bio-list-add-bio_list_add_head.patch
dm-remove-unnecessary-work-queue-type-field.patch
dm-remove-unnecessary-work-queue-context-field.patch
dm-remove-unnecessary-struct-dm_wq_req.patch
dm-rename-__split_bio.patch
dm-move-bio_io_error-into-__split_and_process_bio.patch
dm-merge-__flush_deferred_io-into-caller.patch
dm-allow-uninterruptible-wait-for-pending-io.patch
$ cd ../next
$ git fetch -f ../quilt-tmp master:quilt/device-mapper
From ../quilt-tmp
 + 0c68522...0e9ad06 master     -> quilt/device-mapper  (forced update)
Unchanged quilt series i2c
Importing jdelvare-hwmon based on 2.6.29
$ cd ../quilt-tmp
$ git reset --hard 8e0ee43bc2c3e19db56a4adaa9a9b04ce885cd84
HEAD is now at 8e0ee43 Linux 2.6.29
$ git quiltimport --author Jean Delvare <khali@linux-fr.org> --patches ../quilt/jdelvare-hwmon
hwmon-ds1621-01-reorder-functions.patch
hwmon-ds1621-02-simplify-reg-access.patch
hwmon-ds1621-03-avoid-unneeded-register-access.patch
hwmon-ds1621-04-cleanup-documentation.patch
hwmon-hdaps-01-inversion-of-separate-axis.patch
hwmon-hdaps-02-fix-thinkpad-x41-axis-inversion.patch
hwmon-w83627ehf-01-invert-fan-pin-logic.patch
hwmon-w83627ehf-02-add-support-for-w83667hg.patch
hwmon-w83627ehf-03-fix-temp3-vs-in6.patch
hwmon-pcf8591-move-to-hwmon.patch
hwmon-sysfs-interface-chassis-intrusion.patch
dmi-let-dmi_walk-users-pass-private-data.patch
i2c-i801-detect-fsc-chips.patch
$ cd ../next
$ git fetch -f ../quilt-tmp master:quilt/jdelvare-hwmon
From ../quilt-tmp
 + 2343832...d3b2553 master     -> quilt/jdelvare-hwmon  (forced update)
Unchanged quilt series kernel-doc
Importing ide based on 0384e2959127a56d0640505d004d8dd92f9c29f5
$ cd ../quilt-tmp
$ git reset --hard 0384e2959127a56d0640505d004d8dd92f9c29f5
HEAD is now at 0384e29 Merge branch 'upstream-linus' of git://git.kernel.org/pub/scm/linux/kernel/git/jgarzik/libata-dev
$ git quiltimport --author Bartlomiej Zolnierkiewicz <bzolnier@gmail.com> --patches ../quilt/ide
icside-use-struct-ide_port_info-also-for-pcb-version-5.patch
ide_arm-use-struct-ide_port_info.patch
ide-generic-use-struct-ide_port_info.patch
ide-pnp-use-struct-ide_port_info.patch
buddha-use-struct-ide_port_info.patch
macide-use-struct-ide_port_info.patch
ide-move-rqsize-init-from-init_irq-to-ide_init_port.patch
ide-improve-debugging-scheme.patch
ide-remove-ide_arch_intr-v2.patch
ide-remove-ide_arch_lock-v2.patch
ide-make-m68k-host-drivers-use-ide_hflag_mmio.patch
m68k-cleanup-asm-ide-h.patch
ide-palm_bk3710-use-ioremap-instead-of-arch-specific-io_address.patch
ide-cd-use-ide_drive_t-s-rq-in-cdrom_queue_request_sense.patch
at91_ide-use-readsw-writesw-directly.patch
ide-include-asm-ide-h-only-when-needed.patch
scc_pata-remove-declare_scc_dev-macro-v2.patch
ide-fix-memleak-on-failure-in-probe_for_drive.patch
ide-fix-error-message-in-pre_task_out_intr.patch
ide-allow-host-drivers-to-specify-irq-flags.patch
ide-remove-now-superfluous-check-from-ide_host_register.patch
ide-add-ide_hflag_dtc2278-host-flag.patch
ide-add-ide_hflag_4drives-host-flag.patch
ide-add-flagged_tf_flags-to-struct-ide_taskfile-v2.patch
ide-complete-power-step-in-ide_complete_pm_request.patch
ide-factor-out-completion-of-taskfile-from-ide_end_drive_cmd.patch
ide-move-request-type-specific-code-from-ide_end_drive_cmd-to-the-callers-v3.patch
ide-no-need-to-read-status-and-error-registers-for-empty-taskfile-requests.patch
ide-remove-data_phase-field-from-ide_hwif_t.patch
Context reduced to (2/2) to apply fragment at 769
ide-move-smart_enable-call-out-from-get_smart_data.patch
icside-icside_dma_setup-fixes.patch
trm290-trm290_dma_setup-fix.patch
au1xxx-ide-auide_dma_end-cleanup.patch
ide-remove-no-longer-needed-pc_flag_timedout-packet-command-flag.patch
ide-floppy-remove-stale-check-from-ide_floppy_end_request.patch
ide-tape-remove-superfluous-tape-lock.patch
ide-move-failed_pc-to-ide_drive_t.patch
ide-use-end_request-only-for-private-device-driver-requests.patch
ide-floppy-tape-cleanup-ide-_end_request.patch
Context reduced to (2/2) to apply fragment at 305
ide-remove-end_request-method.patch
ide-return-request-status-from-pc_callback-method.patch
ide-use-blk_fs_request-check-in-ide-taskfile-c.patch
ide-call-ide_build_sglist-prior-to-dma_setup-v2.patch
ide-remove-ide_task_t-typedef.patch
Context reduced to (2/2) to apply fragment at 776
ide-pass-command-instead-of-request-to-ide_pio_datablock.patch
ide-move-command-related-fields-from-ide_hwif_t-to-struct-ide_cmd.patch
ide-set-ide_tflag_write-basing-on-data-phase-used-in-ide_taskfile_ioctl.patch
ide-use-ata_tf_protocols-enums.patch
Context reduced to (2/2) to apply fragment at 345
ide-merge-task_in-out_intr.patch
ide-inline-task_in_unexpected-into-task_pio_intr.patch
ide-unify-exit-paths-in-task_pio_intr.patch
ide-task_error-to-ide_error_cmd.patch
ide-use-ide_complete_cmd-for-head-unload-commands.patch
ide-use-ide_complete_cmd-for-req_unpark_heads.patch
ide-sanitize-ide_finish_cmd.patch
ide-make-ide_special_rq-bug-on-unknown-requests.patch
ide-add-ide_end_rq-v2.patch
ide-sanitize-ide_end_rq.patch
ide-pass-error-value-to-ide_complete_rq.patch
ide-move-rq-errors-quirk-out-from-ide_end_request.patch
ide-remove-bug-from-ide_complete_rq.patch
ide-pass-number-of-bytes-to-complete-to-ide_complete_rq.patch
ide-use-ide_end_rq-in-ide_complete_rq.patch
ide-remove-ide_end_request.patch
ide-pass-command-to-ide_map_sg.patch
ide-use-do_rw_taskfile-for-ata_cmd_packet-commands.patch
ide-set-hwif-expiry-prior-to-calling-__-ide_set_handler.patch
ide-add-dma_timer_expiry-method-and-remove-dma_exec_cmd-one.patch
ide-remove-ide_execute_pkt_cmd.patch
ide-keep-track-of-number-of-bytes-instead-of-sectors-in-struct-ide_cmd.patch
ide-add-support-for-arbitrary-transfer-lengths-to-ide_pio_bytes.patch
ide-use-pagehighmem-instead-of-ifdefs-in-ide_pio_bytes.patch
ide-cd-remove-dead-urls.patch
ide-cd-use-ide_end_rq-also-for-non-fs-requests.patch
ide-cd-remove-dead-code-from-cdrom_decode_status.patch
ide-cd-remove-needless-ide_dump_status_no_sense-wrapper.patch
ide-cd-remove-no-longer-needed-ignore-module-parameter.patch
ide-cd-factor-out-failed-request-completion-from-cdrom_end_request.patch
ide-cd-unify-ide_cd_do_request-exit-paths.patch
ide-cd-move-setting-req_failed-flag-out-from-end_request-exit-path.patch
ide-cd-unify-cdrom_newpc_intr-exit-paths.patch
ide-cd-remove-cdrom_end_request.patch
ide-cd-kill-whole-failed-request-in-ide_cd_do_request.patch
ide-cd-cleanup-ide_cd_do_request.patch
ide-cd-use-scatterlists-for-pio-transfers-fs-requests.patch
ide-cd-fix-non-sector_size-multiples-pio-transfers-for-fs-requests.patch
ide-cd-merge-ide_cd_prepare_rw_request-into-cdrom_start_rw.patch
ide-cd-use-scatterlists-for-pio-transfers-non-fs-requests.patch
ide-cd-use-common-completion-path-for-dma-requests-in-cdrom_newpc_intr.patch
ide-cd-unify-transfer-padding-in-cdrom_newpc_intr.patch
ide-cd-minor-ide_cdrom_setup-cleanup.patch
ide-add-dma_clear-method-and-remove-dma_timeout-one.patch
ide-inline-ide_dma_timeout-into-ide_dma_timeout_retry.patch
ide-destroy-dma-mappings-after-ending-dma.patch
ide-add-ide_dma_prepare-helper.patch
ns87415-use-custom-dma_start-end-to-handle-ns87415_prepare_drive.patch
trm290-use-custom-dma_start-end-to-handle-trm290_prepare_drive.patch
ide-add-dma_check-method.patch
ide-move-ide_map_sg-call-out-of-dma_setup-method-take-2.patch
ide-set-clear-drive-waiting_for_dma-flag-in-the-core-code.patch
ide-sanitize-ide_build_sglist-and-ide_destroy_dmatable.patch
ide-generic-remove-no-longer-needed-sysfs-interface.patch
ide-merge-ide_arm-and-ide_generic-host-drivers.patch
ide-fix-locking-in-drive_release_dev.patch
ide-decrease-size-of-pc_buf-field-in-struct-ide_atapi_pc.patch
ide-remove-config_blk_dev_idedoubler-config-option.patch
ide-floppy-tape-fix-padding-for-pio-transfers.patch
ide-floppy-use-ide_pio_bytes.patch
au1xxx-ide-auide_-in-out-sw-should-be-static.patch
ide-identify-data-word-53-bit-1-doesnt-cover-words-62-and-63-take-3.patch
ide-iops-only-clear-dma-words-on-setting-dma-mode.patch
ide-add-support-for-cfa-specified-transfer-modes-take-3.patch
ide-disk-use-ata_err.patch
ide-use-ata_hob.patch
ide-turn-set_irq-method-into-write_devctl-method.patch
ide-rename-ide_tflag_in_-hob_-feature.patch
ide-io-std-shorten-ide_-in-out-put_data.patch
ide-call--in-out-put_data-methods-from-tf_-read-load--methods-take-2.patch
ide-move-data-register-access-out-of-tf_-read-load--methods-take-2.patch
maintainers-move-ide-floppy-tape-entries-to-credits-take-2.patch
ide-turn-selectproc-method-into-dev_select-method-take-5.patch
ide-inline-select_drive.patch
ide-pmac-ide-cable-detection-on-apple-powerbook.patch
ide-be-able-to-build-pmac-driver-without-ide-built-in.patch
ide-fix-code-dealing-with-sleeping-devices-in-do_ide_request.patch
ide-floppy-do-not-complete-rq-s-prematurely.patch
$ cd ../next
$ git fetch -f ../quilt-tmp master:quilt/ide
From ../quilt-tmp
 + f0eba65...433121b master     -> quilt/ide  (forced update)
Unchanged quilt series rr
Unchanged quilt series ttydev
Unchanged quilt series aoe
Unchanged quilt series driver-core
Unchanged quilt series usb
Unchanged quilt series staging
