Unchanged quilt series driver-core.current
Importing usb.current based on quilt/driver-core.current
$ git checkout quilt/usb.current
Switched to branch "quilt/usb.current"
$ git reset --hard 24342c34a022ee90839873d91396045e12ef1090
HEAD is now at 24342c3 Linux 2.6.27-rc5
$ git quiltimport --author Greg KH <greg@kroah.com> --patches ../quilt/usb.current
usb-storage-sierra-non-configurable-tru-install.patch
usb-serial-sierra-device-addition-version-rev.patch
usb-ehci-fix-some-ehci-hangs-and-crashes.patch
usb-fix-the-nokia-6300-storage-mode.patch
usb-correct-sierra-wireless-usb-evdo-modem-device-id.patch
usb-fix-hcd-interrupt-disabling.patch
usb-update-of-documentation-usb-anchors.txt.patch
usb-gadget-fix-omap_udc-dma-regression.patch
usb-fixing-nokia-3310c-in-storage-mode.patch
usb-musb-fix-include-path.patch
usb-fix-ehci-periodic-transfers.patch
usb-added-driver-for-a-delcom-usb-7-segment-led-display.patch
usb-add-usb-test-and-measurement-class-driver.patch
Importing m68k based on afa153fd7b6afcd55dd6df6aea06bb53aa1d3608
$ git checkout quilt/m68k
Switched to branch "quilt/m68k"
$ git reset --hard afa153fd7b6afcd55dd6df6aea06bb53aa1d3608
HEAD is now at afa153f Merge git://git.kernel.org/pub/scm/linux/kernel/git/bart/ide-2.6
$ git quiltimport --author Geert Uytterhoeven <geert@linux-m68k.org> --patches ../quilt/m68k
m68k-update-defconfigs-for-2.6.27-rc4.diff
m68k-use-bcd2bin-bin2bcd.diff
m68k-use-percent-pS-infrastructure.diff
m68k-put-bss-at-end-of-data-section.diff
m68k-add-notes-to-init-data.diff
m68k-reverse-platform-mmu-logic-so-sun3-is-last.diff
amiga-amiserial-no-serial-console-if-modular.diff
amiga-export-key_maps.diff
atari-kill-unused-atari_kbd_translate.diff
atari-define-rtc_lock.diff
m68k-add-dma_sync_single_range_for_cpu-device.diff
m68k-asm-pci-h-needs-asm-generic-pci-dma-compat.h.diff
Importing driver-core based on quilt/usb.current
$ git checkout quilt/driver-core
Switched to branch "quilt/driver-core"
$ git reset --hard 05e42f727f1314b8d67f7595e4cb51714a40ee59
HEAD is now at 05e42f7 USB: add USB test and measurement class driver
$ git quiltimport --author Greg KH <greg@kroah.com> --patches ../quilt/driver-core
sysfs-crash-debugging.patch
device-create-block-convert-device_create_drvdata-to-device_create.patch
device-create-char-convert-device_create_drvdata-to-device_create.patch
device-create-ieee1394-convert-device_create_drvdata-to-device_create.patch
.dotest/patch:35: space before tab in indent.
	    		   MKDEV(IEEE1394_MAJOR,
warning: 1 line adds whitespace errors.
device-create-infiniband-convert-device_create_drvdata-to-device_create.patch
device-create-misc-convert-device_create_drvdata-to-device_create.patch
device-create-net-convert-device_create_drvdata-to-device_create.patch
device-create-s390-convert-device_create_drvdata-to-device_create.patch
device-create-scsi-convert-device_create_drvdata-to-device_create.patch
device-create-sound-convert-device_create_drvdata-to-device_create.patch
device-create-usb-convert-device_create_drvdata-to-device_create.patch
device-create-video-convert-device_create_drvdata-to-device_create.patch
device-create-ide-convert-device_create_drvdata-to-device_create.patch
device-create-remove-device_create_drvdata.patch
usb-gadget-link-fixes-for-serial-gadget.patch
usb-gadget-link-fixes-for-gadget-zero.patch
usb-gadget-link-fixes-for-midi-gadget.patch
usb-gadget-link-fixes-for-printer-gadget.patch
usb-gadget-link-fixes-for-storage-gadget.patch
usb-gadget-link-fixes-for-cdc-composite-gadget.patch
usb-gadget-link-fixes-for-network-gadget.patch
driver-core-basic-infrastructure-for-per-module-dynamic-debug-messages.patch
.dotest/patch:737: space before tab in indent.
	  	$echo "set enabled=1 <module_name>" > dynamic_printk/modules
.dotest/patch:741: space before tab in indent.
	  	$echo "set enabled=0 <module_name>" > dynamic_printk/modules
warning: 2 lines add whitespace errors.
driver-core-make-struct-platform_pm_ops-static.patch
sysfs-support-sysfs_notify-from-atomic-context-with-new-sysfs_notify_dirent.patch
drivers-firmware-iscsi_ibft.c-make-3-functions-static.patch
kobject-fix-kobject_rename-and-config_sysfs.patch
kobject-cleanup-kobject_rename-and-config_sysfs.patch
sysfs-support-for-preventing-unmounts.patch
sysfs-sysfs_get_dentry-add-a-sb-parameter.patch
sysfs-implement-__sysfs_get_dentry.patch
sysfs-rename-support-multiple-superblocks.patch
sysfs-introduce-sysfs_sd_setattr-and-fix-sysfs_chmod.patch
sysfs-sysfs_chmod_file-handle-multiple-superblocks.patch
.dotest/patch:37: space before tab in indent.
 		goto out;
warning: 1 line adds whitespace errors.
klist-don-t-iterate-over-deleted-entries.patch
driver-core-use-klist-for-class-device-list-and-implement-iterator.patch
driver-core-add-bus_sort_breadthfirst-function.patch
.dotest/patch:21: space before tab in indent.
			   		int (*compare)(const struct device *a,
.dotest/patch:42: space before tab in indent.
			   		  const struct device *b))
.dotest/patch:141: space before tab in indent.
			   		  const struct device *b));
warning: 3 lines add whitespace errors.
net-convert-the-phy_device-file-to-use-bus_find_device_by_name.patch
warn-when-statically-allocated-kobjects-are-used.patch
Importing usb based on quilt/driver-core
$ git checkout quilt/usb
Switched to branch "quilt/usb"
$ git reset --hard 961b49bafa56f4eaf3856db75c237b909ef2beb1
HEAD is now at 961b49b warn when statically-allocated kobjects are used
$ git quiltimport --author Greg KH <greg@kroah.com> --patches ../quilt/usb
drivers-usb-class-usblp.c-adjust-error-handling-code.patch
usb-kill-urbs-permanently.patch
usb-extend-poisoning-to-anchors.patch
ub-remove-sg_stat.patch
usb-let-some-usb-host-controllers-get-irq-flags-from-resource.patch
usb-gadget-kconfig-cleanup.patch
usb-gadget-dummy_hcd-implement-set_wedge.patch
usb-gadget-net2280-implement-set_wedge.patch
usb-gadget-function-activation-deactivation.patch
usb-gadget-cdc-obex-glue.patch
usb-gadget-defer-obex-enumeration.patch
fsl_usb2_udc-make-dr_ep_setup-function-static.patch
fsl_usb2_udc-remove-check-for-udc-null-in-dr_controller_setup.patch
fsl_usb2_udc-fix-some-sparse-warnings-and-remove-redundant-code.patch
fsl_usb2_udc-clean-up-whitespace-in-errors-and-warnings.patch
fsl_usb2_udc-clean-up-whitespace-in-proc-debugging-output.patch
fsl_usb2_udc-initialize-spinlock-earlier.patch
fsl_usb2_udc-rename-the-arguments-of-the-fsl_writel-macro.patch
fsl_usb2_udc-uninline-udc_reset_ep_queue.patch
fsl_usb2_udc-make-fsl_queue_td-return-type-void.patch
fsl_usb2_udc-add-a-wmb-before-priming-endpoint.patch
fsl_usb2_udc-fix-oops-on-probe-failure.patch
hso-fix-hso_serial_close-refcounting.patch
hso-put-linefeeds-on-printk-s-in-hso.c.patch
usb-remove-warn-macro-from-usb.h.patch
usb-remove-info-macro-from-usb.h.patch
.dotest/patch:2027: space before tab in indent.
				 	USB_ENDPOINT_DIR_MASK + info->epnum
warning: 1 line adds whitespace errors.
usb-remove-use-of-err-in-drivers-usb-serial.patch
usb-gotemp.patch
Importing device-mapper based on v2.6.27-rc4-278-g4c246ed
$ git checkout quilt/device-mapper
Switched to branch "quilt/device-mapper"
$ git reset --hard 4c246edd2550304df5b766cc841584b2bb058843
HEAD is now at 4c246ed IB/mlx4: Actually return L_Key and R_Key for fast register MRs
$ git quiltimport --author Alasdair G Kergon <agk@redhat.com> --patches ../quilt/device-mapper
dm-mpath-use-more-error-codes.patch
dm-mpath-remove-is_active-from-struct-dm_path.patch
dm-raid1-kcopyd-should-stop-on-error-if-errors-handled.patch
dm-exception-store-introduce-area_location-function.patch
dm-exception-store-use-chunk_t-for_areas.patch
Unchanged quilt series i2c
Unchanged quilt series jdelvare-hwmon
Unchanged quilt series kernel-doc
Unchanged quilt series ide
Unchanged quilt series rr
Unchanged quilt series ttydev
