Importing driver-core.current based on 2.6.30-rc3-git2
$ git clone -s -l -n -q . ../quilt-tmp
$ cd ../quilt-tmp
$ git reset --hard ce8a7424d23a36f043d0de8484f888971c831119
HEAD is now at ce8a742 sparc: convert to use __HEAD and HEAD_TEXT macros.
$ git quiltimport --author Greg KH <greg@kroah.com> --patches ../quilt/driver-core.current
driver-core-platform-do-not-complain-for-platform_data-added-by-platform_device_add_data.patch
driver-core-platform-fix-kernel-doc-warnings.patch
doc-sysfs-rules-swap-the-order-of-the-words-so-the-sentence-makes-more-sense.patch
remove-old-printk_debug-config-item.patch
$ cd ../next
$ git fetch -f ../quilt-tmp master:quilt/driver-core.current
From ../quilt-tmp
 + a74ab54...83899dd master     -> quilt/driver-core.current  (forced update)
Importing usb.current based on quilt/driver-core.current
$ cd ../quilt-tmp
$ git reset --hard 83899dd5d3dceb8661c0f86eb32974ad3fcaf157
HEAD is now at 83899dd Remove old PRINTK_DEBUG config item
$ git quiltimport --author Greg KH <greg@kroah.com> --patches ../quilt/usb.current
usb-cxacru-fix-negative-db-output.patch
usb-ftdi_sio-add-vendor-product-id-for-the-marvell-sheevaplug.patch
$ cd ../next
$ git fetch -f ../quilt-tmp master:quilt/usb.current
From ../quilt-tmp
 + 441da69...c02ff5a master     -> quilt/usb.current  (forced update)
Importing device-mapper based on v2.6.30-rc2-195-g9f76208
$ cd ../quilt-tmp
$ git reset --hard 9f76208c33984ab777eace5d07a4e36e88703e02
HEAD is now at 9f76208 Merge branch 'tracing-fixes-for-linus' of git://git.kernel.org/pub/scm/linux/kernel/git/tip/linux-2.6-tip
$ git quiltimport --author Alasdair G Kergon <agk@redhat.com> --patches ../quilt/device-mapper
dm-mpath-validate-table-argument-count.patch
dm-mpath-validate-hw_handler-argument-count.patch
dm-mpath-change-attached-scsi_dh.patch
$ cd ../next
$ git fetch -f ../quilt-tmp master:quilt/device-mapper
From ../quilt-tmp
 + c86c5e2...0adf198 master     -> quilt/device-mapper  (forced update)
Importing i2c based on 2.6.30-rc3-git2
$ cd ../quilt-tmp
$ git reset --hard ce8a7424d23a36f043d0de8484f888971c831119
HEAD is now at ce8a742 sparc: convert to use __HEAD and HEAD_TEXT macros.
$ git quiltimport --author Jean Delvare <khali@linux-fr.org> --patches ../quilt/i2c
i2c-timeouts-off-by-1.patch
i2c-algo-bit-fix-timeout-test.patch
i2c-pca9564-recover-from-unacked-data-byte.patch
i2c-remove-void-casts.patch
i2c-retry-on-arbitration-loss.patch
i2c-tdfx-no-class.patch
i2c-adapter-no-default-parent.patch
macintosh-therm_pm72-convert-to-new-style-i2c.patch
macintosh-windfarm-convert-to-new-style-i2c.patch
macintosh-therm_adt746x-convert-to-new-style-i2c.patch
$ cd ../next
$ git fetch -f ../quilt-tmp master:quilt/i2c
From ../quilt-tmp
 + 958d009...5596ff7 master     -> quilt/i2c  (forced update)
Importing jdelvare-hwmon based on 2.6.30-rc3-git2
$ cd ../quilt-tmp
$ git reset --hard ce8a7424d23a36f043d0de8484f888971c831119
HEAD is now at ce8a742 sparc: convert to use __HEAD and HEAD_TEXT macros.
$ git quiltimport --author Jean Delvare <khali@linux-fr.org> --patches ../quilt/jdelvare-hwmon
hwmon-ibmaem-automatically-load-on-hc10-blade.patch
$ cd ../next
$ git fetch -f ../quilt-tmp master:quilt/jdelvare-hwmon
From ../quilt-tmp
 + c97ef67...2fda60a master     -> quilt/jdelvare-hwmon  (forced update)
Unchanged quilt series kernel-doc
Unchanged quilt series rr
Unchanged quilt series ttydev
Unchanged quilt series aoe
Importing driver-core based on quilt/usb.current
$ cd ../quilt-tmp
$ git reset --hard c02ff5ac12dffbc08963919e3bf6fedf39d6a325
HEAD is now at c02ff5a USB: ftdi_sio: add vendor/product id for the Marvell SheevaPlug
$ git quiltimport --author Greg KH <greg@kroah.com> --patches ../quilt/driver-core
driver-core-set-default-sysfs_deprecated-n.patch
sched-delayed-cleanup-of-user_struct.patch
driver-core-warn-driver-authors-about-adding-device-attributes.patch
sysfs-fix-possible-memleak-in-sysfs_follow_link.patch
driver-core-firmware_class-replace-kfree-with-put_device.patch
driver-core-add-bus_notify_unbound_driver-event.patch
$ cd ../next
$ git fetch -f ../quilt-tmp master:quilt/driver-core
From ../quilt-tmp
 + b57461e...2ff712f master     -> quilt/driver-core  (forced update)
Importing usb based on quilt/driver-core
$ cd ../quilt-tmp
$ git reset --hard 2ff712f7102d2e9c0cb026e2d720e25786b45229
HEAD is now at 2ff712f driver core: add BUS_NOTIFY_UNBOUND_DRIVER event
$ git quiltimport --author Greg KH <greg@kroah.com> --patches ../quilt/usb
musb_gadget-fix-unhandled-endpoint-0-irqs.patch
musb_gadget-suppress-parasitic-tx-interrupts-with-cppi.patch
musb_host-refactor-musb_save_toggle.patch
musb_host-factor-out-musb_ep_-get-set-_qh.patch
musb_host-simplify-check-for-active-urb.patch
musb_host-streamline-musb_cleanup_urb-calls.patch
musb_host-refactor-urb-giveback.patch
musb-split-out-cppi-interrupt-handler.patch
usb-move-twl4030_usb-s-probe-function-to-.devinit.text.patch
usb-move-r8a66597_hcd-s-probe-function-to-.devinit.text.patch
usb-move-orion-ehci-s-probe-function-to-.devinit.text.patch
usb-twl4030-usb-fix-minor-reporting-goofage.patch
usb-nop-usb-xceiv-behave-when-linked-as-a-module.patch
musb-proper-hookup-to-transceiver-drivers.patch
musb-otg-timer-cleanup.patch
musb-make-initial-hnp-roleswitch-work.patch
musb-support-disconnect-after-hnp-roleswitch.patch
musb-use-dma-mode-1-for-tx-if-transfer-size-equals-maxpacket.patch
musb-add-high-bandwidth-iso-support.patch
usb-serial-ftdi-add-high-speed-device-support.patch
usb-consolidate-usb_unbind_interface-and-usb_driver_release_interface.patch
usb-usbfs-deprecate-and-hide-option-for-embedded.patch
usb-ignore-storage-device-in-modem-mode-on-dwn-652.patch
usb-core-sysfs-fix-sparse-warnings.patch
usb-ci13xxx_udc-use-helper-functions-to-determine-endpoint-type-and-direction.patch
usb-atmel_usba_udc-use-helper-functions-to-determine-endpoint-type-and-direction.patch
usb-at91_udc-use-helper-functions-to-determine-endpoint-type-and-direction.patch
usb-goku-s-use-helper-functions-to-determine-endpoint-type-and-direction.patch
usb-gadgetfs-use-helper-functions-to-determine-endpoint-type-and-direction.patch
usb-uhci-queue-use-usb_endpoint_type.patch
usb-pxa27x_udc-introduce-pxa27x_clear_otgph.patch
usb-pxa27x_udc-compatibility-with-pxa320-soc.patch
usb-pxa27x_udc-single-thread-setup-requests.patch
usb-host-ohci-hcd.c-fix-sparse-warnings.patch
usb-hub.c-fix-sparse-warnings.patch
usb-mos7840-fix-debug-log-messages.patch
usb-add-usb-debugfs-directory.patch
usb-ehci-use-the-new-usb-debugfs-directory.patch
usb-fhci-use-the-new-usb-debugfs-directory.patch
usb-ohci-use-the-new-usb-debugfs-directory.patch
usb-uhci-use-the-new-usb-debugfs-directory.patch
usb-usbmon-use-the-new-usb-debugfs-directory.patch
usb-add-the-usbfs-devices-file-to-debugfs.patch
nls-utf8_wcstombs-use-correct-buffer-size-in-error-case.patch
nls-utf8_wcstombs-fix-buffer-overflow.patch
usb-return-device-strings-in-utf-8.patch
usb-ohci-use-the-ohci-structure-directly-in-debugfs-files.patch
usb-ehci-create-sysfs-companion-files-directly-in-the-controller-device.patch
usb-remove-unused-usb_host-class.patch
$ cd ../next
$ git fetch -f ../quilt-tmp master:quilt/usb
From ../quilt-tmp
 + 52b4af9...f1a1d25 master     -> quilt/usb  (forced update)
Importing staging based on quilt/usb
$ cd ../quilt-tmp
$ git reset --hard f1a1d25ba0ff7e3ababe629dc452bafa0269533f
HEAD is now at f1a1d25 USB: remove unused usb_host class
$ git quiltimport --author Greg KH <greg@kroah.com> --patches ../quilt/staging
staging-w35und-unregister-device-from-the-ieee80211-stack-upon-disconnect.patch
staging-rt2870-new-device-id.patch
staging-rtl8187se-fix-compilation-warnings-and-procfs-directory-leak.patch
staging-comedi-david-doesn-t-want-to-get-comedi-patches.patch
staging-comedi-remove-ni_board-typedef.patch
staging-comedi-remove-ni_private-typedef.patch
staging-comedi-remove-local_info_t-typedef-in-ni_labpc_cs.patch
staging-comedi-remove-dio24_board_struct-typedef.patch
staging-comedi-remove-local_info_t-typedef-in-ni_daq_dio24.patch
staging-comedi-remove-byte-and-pbyte-typedefs-in-addi-data.patch
staging-comedi-remove-short-and-pshort-typedefs-in-addi-data.patch
staging-comedi-remove-ushort-and-pushort-typedefs-in-addi-data.patch
staging-comedi-remove-word-and-pword-typedefs-in-addi-data.patch
staging-comedi-remove-int-and-pint-typedefs-in-addi-data.patch
staging-comedi-remove-uint-and-puint-typedefs-in-addi-data.patch
staging-comedi-remove-long-and-plong-typedefs-in-addi-data.patch
staging-comedi-remove-ulong-and-pulong-typedefs-in-addi-data.patch
staging-comedi-remove-dword-and-pdword-typedefs-in-addi-data.patch
staging-comedi-remove-ulong_ptr-typedef-in-addi-data.patch
staging-comedi-remove-pcrange-typedef-in-addi-data.patch
staging-comedi-remove-boardtype-typedef-in-addi-data.patch
staging-comedi-remove-str_moduleinfo-typedef-in-addi-data.patch
staging-comedi-remove-addi_private-typedef-in-addi-data.patch
staging-comedi-remove-str_mainheader-typedef-in-addi-data-addi_eeprom.c.patch
staging-comedi-remove-str_digitalinputheader-typedef-in-addi-data-addi_eeprom.c.patch
staging-comedi-remove-str_digitaloutputheader-typedef-in-addi-data-addi_eeprom.c.patch
staging-comedi-remove-str_timerdetails-typedef-in-addi-data-addi_eeprom.c.patch
staging-comedi-remove-str_timermainheader-typedef-in-addi-data-addi_eeprom.c.patch
staging-comedi-remove-str_analogreadinformation-typedef-in-addi-data-hwdrv_apci3120.h.patch
staging-comedi-remove-str_module-typedef-in-addi-data-hwdrv_apci3200.h.patch
staging-comedi-remove-str_boardinfos-typedef-in-addi-data-hwdrv_apci3200.patch
staging-comedi-remove-str_addidata_rtdstruct-typedef-in-addi-data-hwdrv_apci3200.patch
staging-comedi-remove-labpc_board_struct-typedef.patch
staging-comedi-remove-labpc_private-typedef.patch
staging-comedi-remove-str_analoginputheader-typedef-in-addi-data-addi_eeprom.c.patch
staging-comedi-remove-c99-comments-in-8253.h.patch
staging-comedi-remove-c99-comments-in-acl7225b.c.patch
staging-comedi-remove-c99-comments-in-apci1710_82x54.c.patch
staging-comedi-remove-c99-comments-in-das1800.c.patch
staging-comedi-remove-c99-comments-in-pcl818.c.patch
staging-comedi-remove-c99-comments-in-hwdrv_apci1500.c.patch
staging-comedi-remove-c99-comments-in-apci1710_pwm.c.patch
staging-comedi-remove-c99-comments-in-hwdrv_apci1564.c.patch
staging-comedi-remove-c99-comments-in-hwdrv_apci3200.c.patch
staging-comedi-remove-c99-comments-in-hwdrv_apci3120.c.patch
staging-comedi-remove-c99-comments-in-adl_pci6208.c.patch
staging-comedi-remove-c99-comments-in-adl_pci9118.c.patch
staging-comedi-remove-c99-comments-in-adv_pci1723.c.patch
staging-comedi-remove-c99-comments-in-c6xdigio.c.patch
staging-comedi-remove-c99-comments-in-cb_pcidas64.c.patch
staging-comedi-remove-c99-comments-in-cb_pcidas.c.patch
staging-comedi-remove-c99-comments-in-cb_pcimdas.c.patch
staging-comedi-remove-c99-comments-in-gsc_hpdi.c.patch
staging-comedi-remove-c99-comments-in-mpc624.c.patch
staging-comedi-remove-c99-comments-in-ni_at_a2150.c.patch
staging-comedi-remove-c99-comments-in-ni_labpc.c.patch
staging-comedi-remove-c99-comments-in-pcl724.c.patch
staging-comedi-remove-c99-comments-in-pcl816.c.patch
staging-comedi-remove-c99-comments-in-s526.c.patch
staging-comedi-remove-interrupt.h.patch
staging-comedi-remove-c99-comments.patch
staging-comedi-finish-removing-ni_private-typedef.patch
staging-comedi-pcmcia_parse_tuple-now-has-two-arguments-not-three.patch
staging-comedi-fix-build-errors-in-pcmcia-comedi-drivers.patch
staging-comedi-set-pci-and-pcmcia-defines.patch
staging-comedi-fixed-kconfig-option-for-comedi_pcmcia_drivers.patch
staging-comedi-pcl818-fix-option-handling-for-fifo-mode.patch
staging-comedi-pcl818-tidy-up-ai-command-after-channel-dropout-or-similar-error.patch
staging-comedi-ni_600x-added-support-for-comedi_poll.patch
staging-comedi-work-around-malformed-rtai_version_code.patch
staging-comedi-undo-stupid-commit-made-3-months-ago.patch
staging-comedi-amplc_pc236-corrected-documentation.patch
staging-comedi-added-sysfs-attribute-files-for-setting-and-querying-subdevice-buffer-sizes.patch
staging-comedi-jr3_pci-use-struct-device-from-pci_dev-for-firmware-loading.patch
staging-comedi-replace-__function__-usages.patch
staging-comedi-remove-dupilcated-include.patch
staging-comedi-fix-foo-bar-should-be-foo-bar.patch
staging-comedi-add-spaces-after-commas.patch
staging-comedi-fix-spacing-around-parens.patch
staging-comedi-change-space-indentation-to-tabs.patch
staging-comedi-add-vmk80xx-usb-driver.patch
staging-comedi-vmk80xx.c-get-the-driver-to-build-properly.patch
staging-comedi-makefile-changes.patch
staging-comedi-non-working-tests-on-unsigned-cmd-convert_arg.patch
staging-comedi-remove-assignment-in-conditionals.patch
staging-comedi-remove-parens-around-return-values.patch
staging-comedi-fix-the-way-structs-are-initialized.patch
staging-comedi-more-remove-c99-comments.patch
staging-comedi-remove-space-after-ampersand.patch
staging-comedi-more-fix-foo-bar-should-be-foo-bar.patch
staging-comedi-more-fix-the-way-structs-are-initialized.patch
staging-comedi-make-use-of-array_size-macro.patch
staging-comedi-comment-out-useless-if.patch
staging-comedi-move-while-to-same-line-as-in-do-loops.patch
staging-comedi-convert-usbdux-to-use-firmware_request.patch
staging-comedi-remove-comedi-specific-wrappers.patch
staging-comedi-remove-rt-code.patch
staging-comedi-remove-some-rt-code-that-lingered.patch
staging-agnx-probe-cleanup.patch
staging-agnx-remove-memlens-from-probe.patch
staging-agnx-fix-fail-paths-in-probe.patch
staging-agnx-fix-bssid-compiler-warnings.patch
staging-meilhaus-switch-to-misc-device.patch
staging-meilhaus-annotate-cpi-functions.patch
staging-meilhaus-move-tables-to-.c.patch
staging-sxg-replace-__function__-usages.patch
staging-rt3070-replace-__function__-usages.patch
staging-rt2860-don-t-call-sprintf-with-overlapping-input-and-output.patch
staging-rt2870-don-t-call-sprintf-with-overlapping-input-and-output.patch
staging-rspiusb-make-driver-compile.patch
staging-rtl8187se-use-to_delayed_work.patch
staging-rt3070-remove-dupilcated-include.patch
staging-remove-unused-include-linux-version.h-s.patch
staging-agnx-replace-print_mac-with-pm.patch
staging-stlc45xx-replace-print_mac-with-pm.patch
staging-winbond-boolean-negation-and-bitwise-operation-in-wrong-order.patch
staging-fix-operator-precedence-errors.patch
staging-w35und-remove-unused-code-from-wbsoft_configure_filter.patch
staging-w35und-replace-switch-error-handling-with-gotos-in-wb35_hw_init.patch
staging-w35und-move-hal_init_hardware-and-hal_halt-int-wbusb.c.patch
staging-w35und-simplify-error-handling-in-wb35_hw_init.patch
staging-w35und-simplify-hal_init_hardware-error-handling.patch
staging-w35und-more-simplify-hal_init_hardware-error-handling.patch
staging-w35und-simplify-hal_init_hardware-and-hal_halt.patch
staging-w35und-clean-up-comments-in-wbusb.c.patch
staging-w35und-inline-hal_set_phy_type-to-wb35_hw_init.patch
staging-w35und-reformat-wbusb.c.patch
staging-w35und-remove-module_author.patch
staging-w35und-make-led-lookup-tables-static.patch
staging-w35und-reformat-wbhal.c.patch
staging-w35und-merge-wbhal.c-to-wbusb.c.patch
staging-w35und-inline-hal_set_rf_power-to-mto.c.patch
staging-w35und-merge-rest-of-wbhal.c-to-phy_calibration.c.patch
staging-wlan-ng-move-firmware-loading-into-driver.patch
staging-pohmelfs-move-open-brace-to-same-line-on-structs.patch
staging-pohmelfs-remove-c99-comments.patch
staging-pohmelfs-remove-braces-around-single-statements.patch
$ cd ../next
$ git fetch -f ../quilt-tmp master:quilt/staging
From ../quilt-tmp
 + fa05570...3d67d5f master     -> quilt/staging  (forced update)
