Importing i2c based on 3.0-rc5
Unchanged quilt series i2c
Importing jdelvare-hwmon based on 3.0-rc5
$ cd ../quilt-tmp
$ git reset --hard b0af8dfdd67699e25083478c63eedef2e72ebd85
HEAD is now at b0af8df Linux 3.0-rc5
$ git quiltimport --author Jean Delvare <khali@linux-fr.org> --patches ../quilt/jdelvare-hwmon
hwmon-emc6w201-improve-error-handing.patch
hwmon-reformat-hdegoede-email-address.patch
hwmon-f71882fg-add-support-for-the-f71869a.patch
hwmon-vid-fix-typo-in-VIA-CPU-name.patch
hwmon-k10temp-update-documentation.patch
hwmon-factor-out-common-sch56xx-code.patch
hwmon-new-driver-sch5636.patch
hwmon-vid-add-VIA-C7-D-support.patch
hwmon-via-cputemp-add-cpu-vid.patch
$ cd ../next
$ git fetch -f ../quilt-tmp master:quilt/jdelvare-hwmon
From ../quilt-tmp
 + 3f5725f...8068354 master     -> quilt/jdelvare-hwmon  (forced update)
Importing kernel-doc based on 3.0-rc4
$ cd ../quilt-tmp
$ git reset --hard 56299378726d5f2ba8d3c8cbbd13cb280ba45e4f
HEAD is now at 5629937 Linux 3.0-rc4
$ git quiltimport --author Randy Dunlap <randy.dunlap@oracle.com> --patches ../quilt/kernel-doc
docum-codingstyle-update-memallocs.patch
docum-blk-cgroup-fix-filenames.patch
$ cd ../next
$ git fetch -f ../quilt-tmp master:quilt/kernel-doc
From ../quilt-tmp
 + 3433fb9...a6dda7f master     -> quilt/kernel-doc  (forced update)
Importing rr based on v3.0-rc2
Unchanged quilt series rr
Importing device-mapper based on v3.0-rc3-256-gde505e7
Unchanged quilt series device-mapper
Importing i2c based on 3.0-rc5
Unchanged quilt series i2c
Importing jdelvare-hwmon based on 3.0-rc5
$ git clone -s -l -n -q . ../quilt-tmp
$ cd ../quilt-tmp
$ git reset --hard b0af8dfdd67699e25083478c63eedef2e72ebd85
HEAD is now at b0af8df Linux 3.0-rc5
$ git am ../quilt/jdelvare-hwmon/hwmon-emc6w201-improve-error-handing.patch
Applying: hwmon: (emc6w201) Properly handle all errors
$ git am ../quilt/jdelvare-hwmon/hwmon-reformat-hdegoede-email-address.patch
Applying: hwmon: Use <> rather than () around my e-mail address
$ git am ../quilt/jdelvare-hwmon/hwmon-f71882fg-add-support-for-the-f71869a.patch
Applying: hwmon: (f71882fg) Add support for the F71869A
$ git am ../quilt/jdelvare-hwmon/hwmon-vid-fix-typo-in-VIA-CPU-name.patch
Applying: hwmon-vid: Fix typo in VIA CPU name
$ git am ../quilt/jdelvare-hwmon/hwmon-k10temp-update-documentation.patch
Applying: hwmon: (k10temp) Update documentation for Fam12h
$ git am ../quilt/jdelvare-hwmon/hwmon-factor-out-common-sch56xx-code.patch
Applying: hwmon (sch5627): Factor out some code shared with sch5636 driver
$ git am ../quilt/jdelvare-hwmon/hwmon-new-driver-sch5636.patch
Applying: hwmon: New driver sch5636
$ git am ../quilt/jdelvare-hwmon/hwmon-vid-add-VIA-C7-D-support.patch
Applying: hwmon-vid: Add support for VIA family 6 model D CPU
$ git am ../quilt/jdelvare-hwmon/hwmon-via-cputemp-add-cpu-vid.patch
Applying: hwmon: (via-cputemp) Add VID reporting support
$ cd ../next
$ git fetch -f ../quilt-tmp master:quilt/jdelvare-hwmon
From ../quilt-tmp
 + 3f5725f...70d7c72 master     -> quilt/jdelvare-hwmon  (forced update)
Importing kernel-doc based on 3.0-rc4
$ cd ../quilt-tmp
$ git reset --hard 56299378726d5f2ba8d3c8cbbd13cb280ba45e4f
HEAD is now at 5629937 Linux 3.0-rc4
$ git am ../quilt/kernel-doc/docum-codingstyle-update-memallocs.patch
Applying: The list of available general purpose memory allocators in
$ git am ../quilt/kernel-doc/docum-blk-cgroup-fix-filenames.patch
Applying: All the blkio.throttle.* file names are incorrectly reported without
$ cd ../next
$ git fetch -f ../quilt-tmp master:quilt/kernel-doc
From ../quilt-tmp
 + 3433fb9...53a4a42 master     -> quilt/kernel-doc  (forced update)
Importing rr based on v3.0-rc2
Unchanged quilt series rr
Importing device-mapper based on v3.0-rc3-256-gde505e7
Unchanged quilt series device-mapper
