Importing driver-core.current based on 2.6.36-rc6
	quilt series is empty
$ git update-ref refs/heads/quilt/driver-core.current 899611ee7d373e5eeda08e9a8632684e1ebbbf00
Importing tty.current based on quilt/driver-core.current
	quilt series is empty
$ git update-ref refs/heads/quilt/tty.current 899611ee7d373e5eeda08e9a8632684e1ebbbf00
Importing usb.current based on quilt/tty.current
	quilt series is empty
$ git update-ref refs/heads/quilt/usb.current 899611ee7d373e5eeda08e9a8632684e1ebbbf00
Importing staging.current based on quilt/usb.current
	quilt series is empty
$ git update-ref refs/heads/quilt/staging.current 899611ee7d373e5eeda08e9a8632684e1ebbbf00
Importing i2c based on 2.6.36-rc6-git3
$ git clone -s -l -n -q . ../quilt-tmp
$ cd ../quilt-tmp
$ git reset --hard 3c06806e690885ce978ef180c8f8b6f8c17fb4b4
HEAD is now at 3c06806 Merge branch 'merge-powerpc' of git://git.secretlab.ca/git/linux-2.6
$ git quiltimport --author Jean Delvare <khali@linux-fr.org> --patches ../quilt/i2c
i2c-remove-obsolete-cleanup-for-clientdata.patch
i2c-fix-for-suspend-resume-issue.patch
i2c-pca-fix-waitforcompletion-return-value.patch
i2c-fix-checks-which-cause-legacy-suspend-to-never-get-called.patch
of-i2c-fix-module-load-order-issue-caused-by-of_i2c.c.patch
i2c-simplify-i2c_parent_is_i2c_adapter.patch
i2c-i2c_parent_is_i2c_adapter-returns-parent.patch
i2c-stop-including-linux-i2c-id-h.patch
i2c-change-to-new-flag-variable.patch
i2c-amd8111-add-proper-error-handling.patch
i2c-drop-warning-on-sysfs-instantiation.patch
$ cd ../next
$ git fetch -f ../quilt-tmp master:quilt/i2c
From ../quilt-tmp
 + 2120fcb...8a96f28 master     -> quilt/i2c  (forced update)
Importing jdelvare-hwmon based on 2.6.36-rc6-git3
$ cd ../quilt-tmp
$ git reset --hard 3c06806e690885ce978ef180c8f8b6f8c17fb4b4
HEAD is now at 3c06806 Merge branch 'merge-powerpc' of git://git.secretlab.ca/git/linux-2.6
$ git quiltimport --author Jean Delvare <khali@linux-fr.org> --patches ../quilt/jdelvare-hwmon
hwmon-k8temp-02-remove-superfluous-cpu-family-check.patch
hwmon-add-tempx_emergency-attribute-to-sysfs-abi.patch
hwmon-lm90-01-fix-checkpatch-errors.patch
hwmon-lm90-02-introduce-device-feature-bits.patch
hwmon-lm90-03-introduce-function-to-delete-sysfs-files.patch
hwmon-lm90-04-simplify-set_temp11-register-calculations.patch
hwmon-lm90-05-add-explicit-support-for-max6659.patch
hwmon-lm90-06-add-support-for-extra-features-of-max6659.patch
hwmon-lm90-07-add-support-for-max6695-and-max6696.patch
hwmon-lm90-08-rearrange-code-to-no-longer-require-forward-declarations.patch
hwmon-lm75-01-make-the-writing-to-sysfs-more-robust.patch
hwmon-lm75-02-trivial-changes-to-pacify-the-checkpatch.patch
hwmon-s3c-hwmon-01-use-a-real-mutex.patch
hwmon-s3c-hwmon-02-depend-on-s3c_adc.patch
hwmon-w83795-01-new-driver.patch
hwmon-w83795-02-misc-cleanups.patch
hwmon-w83795-03-drop-duplicate-enum.patch
hwmon-w83795-04-refactor-bank-selection.patch
hwmon-w83795-05-improve-detection.patch
hwmon-w83795-06-refactor-file-removal.patch
hwmon-w83795-07-refactor-file-creation.patch
hwmon-w83795-08-merge-file-creation-and-removal.patch
hwmon-w83795-09-use-2D-arrays-for-attributes.patch
hwmon-w83795-10-dedicated-arrays-for-pwm-attr.patch
hwmon-w83795-11-move-target-speed-to-pwm.patch
hwmon-w83795-12-add-const-markers.patch
hwmon-w83795-13-conditional-start-mon.patch
hwmon-w83795-14-fix-vin-gain.patch
hwmon-w83795-15-cleanup-probe.patch
hwmon-w83795-16-fix-fan-LSB-readings.patch
hwmon-w83795-17-support-dynamic-limits-for-in0-2.patch
hwmon-w83795-18-fix-PWM-duty-cycle-freq-attr.patch
hwmon-w83795-19-rename-temp-files.patch
hwmon-w83795-20-fix-handling-of-negative-temperatures.patch
hwmon-w83795-21-report-peci-tbase.patch
hwmon-w83795-22-rework-beep_enable.patch
hwmon-w83795-23-avoid-reading-the-same-register-twice.patch
hwmon-w83795-24-get-rid-of-VRLSB_SHIFT.patch
hwmon-w83795-25-fix-parity-checks.patch
hwmon-w83795-26-drop-REST_VLT-constants.patch
hwmon-w83795-27-clean-up-num-constants.patch
hwmon-w83795-28-clean-up-show-store-temp-mode.patch
hwmon-w83795-29-dont-pre-read-regs-we-will-update.patch
hwmon-w83795-30-improve-W83795_REG_PWM-efficiency.patch
hwmon-w83795-31-pack-register-loops.patch
hwmon-w83795-32-move-register-reads-to-functions.patch
hwmon-w83795-33-delay-reading-limits.patch
hwmon-w83795-34-delay-reading-pwm-config.patch
hwmon-w83795-35-use-dev_get_drvdata-when-possible.patch
hwmon-w83795-36-fix-in-min-max-LSB-readings.patch
hwmon-pcf8591-01-register-hwmon.patch
hwmon-pcf8591-02-dont-detect.patch
$ cd ../next
$ git fetch -f ../quilt-tmp master:quilt/jdelvare-hwmon
From ../quilt-tmp
 + 2dda1ce...3eabb87 master     -> quilt/jdelvare-hwmon  (forced update)
Importing kernel-doc based on 2.6.36-rc2
Unchanged quilt series kernel-doc
Importing rr based on v2.6.36-rc6-119-g3c06806
$ cd ../quilt-tmp
$ git reset --hard 3c06806e690885ce978ef180c8f8b6f8c17fb4b4
HEAD is now at 3c06806 Merge branch 'merge-powerpc' of git://git.secretlab.ca/git/linux-2.6
$ git quiltimport --author Rusty Russell <rusty@rustcorp.com.au> --patches ../quilt/rr
module:_trivial_fix_compiler_warning_in_kernel_s_c.patch
virtio:console_reset_vdev_before_removing_device.patch
virtio:console_remove_control_vq_data_only_if_using_multiport_support.patch
virtio:console_check_if_portdev_is_valid_in_send_control_msg.patch
virtio:console_un_block_reads_on_chardev_close.patch
virtio:console_unblock_poll_on_port_hot_unplug.patch
Context reduced to (1/1) to apply fragment at 654
virtio:console_make_read_return_enodev_on_hot_unplug.patch
virtio:console_make_write_return_enodev_on_hot_unplug.patch
virtio:console_remove_port_should_return_void.patch
virtio:console_open_use_a_common_path_for_error_handling.patch
virtio:console_add_a_list_of_portdevs_that_are_active.patch
virtio:console_add_a_find_port_by_devt_function.patch
virtio:console_use_cdev_alloc_instead_of_cdev_init.patch
virtio:console_add_reference_counting_for_port_struct.patch
virtio:console_reference_counting_portdev_structs_is_not_needed.patch
virtio:console_send_sigio_to_processes_that_request_it_for_host_events.patch
virtio:console_send_sigio_on_new_data_arrival_on_ports.patch
virtio:console_send_sigio_in_case_of_port_unplug.patch
virtio:console_disable_lseek_2_for_port_file_operations.patch
virtio:blk_remove_bkl_leftovers.patch
misc:_1_re_more_modaliases_patchtool.patch
$ cd ../next
$ git fetch -f ../quilt-tmp master:quilt/rr
From ../quilt-tmp
 + a619870...8a60a6f master     -> quilt/rr  (forced update)
Importing device-mapper based on v2.6.36-rc1
Unchanged quilt series device-mapper
Importing aoe based on v2.6.31-rc9
Unchanged quilt series aoe
Importing driver-core based on quilt/staging.current
$ cd ../quilt-tmp
$ git reset --hard 899611ee7d373e5eeda08e9a8632684e1ebbbf00
HEAD is now at 899611e Linux 2.6.36-rc6
$ git quiltimport --author Greg KH <greg@kroah.com> --patches ../quilt/driver-core
dynamic-debug-split-out-query-string-parsing-setup-from-proc_write.patch
dynamic-debug-introduce-ddebug_query-boot-parameter.patch
dynamic-debug-initialize-dynamic-debug-earlier-via-arch_initcall.patch
driver-core-platform-use-drv-driver.bus-instead-of-assuming-platform_bus_type.patch
uio-do-not-use-pci-resources-before-pci_enable_device.patch
driver-core-platform_bus-allow-runtime-override-of-dev_pm_ops.patch
add-packet-hub-driver-for-topcliff-platform-controller-hub.patch
/home/sfr/kernels/next/quilt-tmp/.git/rebase-apply/patch:10: new blank line at EOF.
+
warning: 1 line adds whitespace errors.
pch_phub-fix-build-warnings.patch
debugfs-mark-me-as-the-maintainer.patch
base-platform-safe-handling-for-null-platform-data-and-resources.patch
base-platform-simplifications-for-null-platform-data-resources-handling.patch
driver-core-remove-config_sysfs_deprecated_v2-but-keep-it-for-block-devices.patch
sysfs-allow-boot-time-switching-between-deprecated-and-modern-sysfs-layout.patch
uio-fix-lack-of-locking-in-init_uio_class.patch
uio-don-t-clear-driver-data.patch
uio-cleanup-irq-handling.patch
uio-support-2-minor_bits-minors.patch
uio-statically-allocate-uio_class-and-use-class-.dev_attrs.patch
fw_loader-fix-kconfig-dependency-warning-on-hotplug.patch
sysfs-fail-bin-file-mmap-if-vma-close-is-implemented.patch
sysfs-only-access-bin-file-vm_ops-with-the-active-lock.patch
driver-core-base-change-to-new-flag-variable.patch
driver-core-fix-build-for-config_block-not-enabled.patch
kobject-introduce-kset_find_obj_hinted.patch
driver-core-introduce-find_memory_block_hinted-which-utilizes-kset_find_obj_hinted.patch
driver-core-convert-link_mem_sections-to-use-find_memory_block_hinted.patch
$ cd ../next
$ git fetch -f ../quilt-tmp master:quilt/driver-core
From ../quilt-tmp
 + c54bf1d...9800b86 master     -> quilt/driver-core  (forced update)
Importing tty based on quilt/driver-core
$ cd ../quilt-tmp
$ git reset --hard 9800b868933106cdab154e8de2016ed5d8cc5cfb
HEAD is now at 9800b86 driver core: Convert link_mem_sections to use find_memory_block_hinted.
$ git quiltimport --author Greg KH <greg@kroah.com> --patches ../quilt/tty
tty-add-tty_struct-dev-pointer-to-corresponding-device-instance.patch
serport-place-serport-serio-device-correctly-in-the-device-tree.patch
serial-mfd-snprintf-returns-largish-values.patch
serial-add-console_poll-support-for-uartlite.patch
tty-remove-__gfp_nofail-from-tty_add_file.patch
ioctl-use-asm-generic-ioctls-h-on-arm
ioctl-use-asm-generic-ioctls-h-on-avr32
ioctl-use-asm-generic-ioctls-h-on-cris
ioctl-use-asm-generic-ioctls-h-on-frv
ioctl-use-asm-generic-ioctls-h-on-h8300
ioctl-use-asm-generic-ioctls-h-on-ia64
ioctl-use-asm-generic-ioctls-h-on-m32r
ioctl-use-asm-generic-ioctls-h-on-m68k
ioctl-use-asm-generic-ioctls-h-on-mn10300
ioctl-use-asm-generic-ioctls-h-on-s390
serial-core-skip-call-set_termios-console_start-when-no_console_suspend.patch
serial-core-restore-termios-settings-when-resume-console-ports.patch
add-ttyprintk-driver.patch
char-mxser-call-pci_disable_device-from-probe-remove.patch
tty_io-check-return-code-of-tty_register_device.patch
serial-mrst_max3110-some-code-cleanup.patch
Context reduced to (2/2) to apply fragment at 32
serial-mrst_max3110-make-the-irq-option-runtime.patch
serial-max3107-fix-memory-leaks-when-returning-on-error.patch
tty-make-tiocgicount-a-handler.patch
/home/sfr/kernels/next/quilt-tmp/.git/rebase-apply/patch:47: space before tab in indent.
        	if (retval != -EINVAL)
warning: 1 line adds whitespace errors.
tty-convert-the-usb-drivers-to-the-new-icount-interface.patch
tty-icount-changeover-for-other-main-devices.patch
tty-fix-warning-left-over-from-tiocgicount-changes.patch
tty-add-a-new-file-proc-tty-consoles.patch
vcs-add-poll-fasync-support.patch
vcs-invoke-the-vt-update-callback-when-dev-vcs-is-written-to.patch
$ cd ../next
$ git fetch -f ../quilt-tmp master:quilt/tty
From ../quilt-tmp
 + 8701cc9...759f517 master     -> quilt/tty  (forced update)
Importing usb based on quilt/tty
$ cd ../quilt-tmp
$ git reset --hard 759f5170f20fbab4c1db994b491b97baa08a0711
HEAD is now at 759f517 vcs: invoke the vt update callback when /dev/vcs* is written to
$ git quiltimport --author Greg KH <greg@kroah.com> --patches ../quilt/usb
usb-add-intel-langwell-usb-otg-transceiver-driver.patch
usb-langwell-usb-client-driver-code-cleanup.patch
/home/sfr/kernels/next/quilt-tmp/.git/rebase-apply/patch:2109: new blank line at EOF.
+
warning: 1 line adds whitespace errors.
usb-langwell-usb-client-endpoint-initialization.patch
usb-langwell-usb-client-phy-low-power-mode-setting.patch
usb-langwell-usb-client-remote-wakeup-support.patch
usb-langwell-usb-client-driver-memory-handling.patch
usb-gadget-dbgp-cleanup-remove-unneeded-check.patch
usb-sam-ba-add-driver-for-atmel-sam-boot-assistant-sam-ba.patch
usb-gadget-verify-vbus-current-before-setting-the-device-self-powered-bit.patch
usb-core-update-comment-to-match-current-function-name.patch
usb-gadget-g_multi-fixed-vendor-and-product-id.patch
usb-gadget-g_ffs-fixed-vendor-and-product-id.patch
usb-gadget-storage-remove-nofua-file-when-unbinding.patch
usb-gadget-mass_storage-optional-scsi-write-fua-bit.patch
usb-gadget-functionfs-code-cleanup.patch
usb-gadget-composite-better-string-override-handling.patch
usb-gadget-mass_storage-moved-strings-handling-code.patch
usb-gadget-g_multi-moved-strings-handling-code-to-composite.patch
usb-revert-usb-gadget-section-mismatch-warning-fixed.patch
usb-gadget-don-t-save-bind-callback-in-struct-usb_gadget_driver.patch
usb-gadget-don-t-save-bind-callback-in-struct-usb_composite_driver.patch
usb-gadget-don-t-save-bind-callback-in-struct-usb_configuration.patch
init.h-add-some-more-documentation-to-__ref-tags.patch
usb-gadget-amd5536udc.c-remove-double-test.patch
usb-output-an-error-message-when-the-pipe-type-doesn-t-match-the-endpoint-type.patch
usb-langwell-remove-unnecessary-return-s-from-void-functions.patch
usb-g_file_storage-don-t-generate-automatic-serial-string.patch
usb-kconfig-fix-typos-in-usb_functionfs-description.patch
usb-ehci-tdi-let-s-tdi_reset-set-host-mode.patch
usb-gadget-rndis-fix-up-coding-style-issues-in-the-file.patch
drivers-usb-ftdi-elan-sema.patch
usb-otg-add-common-data-structure-for-intel-mid-platform-langwell-penwell.patch
usb-otg-langwell-update-otg-kconfig-and-driver-version.patch
usb-r8a66597-udc-initialize-uninitialized-variable-fix-compile-warning.patch
usb-change-acm_iad_descriptor-bfunctionprotocol-to-usb_cdc_acm_proto_at_v25ter.patch
usb-ohci-sm501-add-iounmap-on-error-path.patch
ohci-work-around-for-nvidia-shutdown-problem.patch
usb-gadget-composite-prevent-oops-for-non-standard-control-request.patch
usb-isp1362-hcd-removes-config_usb_otg-dependent-code.patch
usb-gadget-remove-pr_-level-uses-of-kern_-level.patch
usb-option-add-more-zte-modem-usb-id-s.patch
uwb-use-pm-format-to-print-mac-address.patch
usb-teach-devices-file-about-wireless-and-superspeed-usb.patch
usb-host-oxu210hp-hcd-use-static-const-char-const-where-possible.patch
usb-ftdi_sio-add-pid-for-accesio-products.patch
usb-omap-ohci-missing-driver-unregister-in-module-exit.patch
usb-cp210x-add-renesas-rx-stick-device-id.patch
usb-option-add-new-onda-vendor-id-and-product-id-for-onda-mt825up.patch
usb-cdc.h-ncm-typo-and-style-fixes.patch
revert-usb-ncm-added-ncm.h-with-auxiliary-definitions.patch
usb-cdc.h-ncm-add-missed-constants-and-structures.patch
usb-atmel_usba_udc-force-vbus_pin-at-einval-when-gpio_request-failled.patch
usb-serial-enable-usb-autosuspend-by-default-on-qcserial.patch
usb-ftdi_sio-revert-usb-ftdi_sio-fix-dtr-rts-line-modes.patch
usb-cdc.h-ncm-fix-one-more-typo.patch
usb-qcserial-enable-diagnostics-monitor-and-gps-ports-on-gobi-2000.patch
usb-move-usb-storage-definitions-to-their-own-header-file.patch
/home/sfr/kernels/next/quilt-tmp/.git/rebase-apply/patch:8: new blank line at EOF.
+
warning: 1 line adds whitespace errors.
usb-add-uas-driver.patch
usb-gadget-file_storage-reuse-definitions-from-a-header-file.patch
usb-driver-for-meywa-denki-kayac-yurex.patch
/home/sfr/kernels/next/quilt-tmp/.git/rebase-apply/patch:33: new blank line at EOF.
+
warning: 1 line adds whitespace errors.
usb-yurex-assign-a-real-minor-number-to-the-driver.patch
usb-yurex-fix-memory-leak-and-corrupted-messages.patch
usb-musb-make-dbg-calls-actually-depend-on-config_usb_musb_debug.patch
usb-musb-introduce-da8xx-omap-l1x-glue-layer.patch
usb-musb-support-iso-high-bandwidth-for-gadget-mode.patch
usb-musb-musbhsdma-increase-max_len-to-1mb.patch
usb-musb-host-unmap-the-buffer-for-pio-data-transfers.patch
usb-musb-change-to-direct-addr-in-context-save-restore.patch
usb-musb-gadget-unmapping-the-dma-buffer-when-switching-to-pio-mode.patch
usb-musb-host-support-dma-transfers-greater-than-max-channel-length.patch
usb-musb-suppress-warning-about-unused-flags.patch
usb-musb-gadget-kill-duplicate-code-in-musb_gadget_queue.patch
usb-musb-gadget-kill-unreachable-code-in-musb_g_rx.patch
usb-musb-ignore-spurious-sessreq-interrupts.patch
usb-musb-gadget-fix-zlp-sending-in-musb_g_tx-v1.patch
usb-musb-gadget-only-enable-autoclear-in-double-buffered-case.patch
usb-change-to-new-flag-variable.patch
usb-cdc-acm-fix-code-indentation.patch
usb-add-more-empty-functions-in-otg.h.patch
usb-add-pid-for-ftdi-based-opendcc-hardware.patch
usb-add-platform-glue-driver-for-fsl-usb-dr-controller.patch
usb-add-usb-ehci-support-for-mpc5121-soc.patch
usb-musb-fix-kernel-warning-oops-when-unloading-module-in-otg-mode.patch
usb-musb-blackfin-call-usb_nop_xceiv_unregister-in-musb_platform_exit.patch
usb-musb-blackfin-call-gpio_free-on-error-path-in-musb_platform_init.patch
usb-uhci-add-native-scatter-gather-support-v1.patch
usb-langwell_udc-fix-big-file-transfer-issue.patch
usb-langwell_udc-cancel-pending-requests-when-controller-is-suspended.patch
usb-disable-endpoints-after-unbinding-interfaces-not-before.patch
usb-usbtest-fix-coding-style.patch
usb-usbtest-ensure-correct-isoc-data-length.patch
usb-imx21-hcd-remove-unused-variable.patch
usb-imx21-hcd-refactor-hardware-data-memory-management.patch
usb-imx21-hcd-fix-isochronous-endpoint-idle.patch
usb-introduce-unmap_urb_setup_for_dma.patch
usb-imx21-hcd-accept-arbitary-transfer-buffer-alignement.patch
$ cd ../next
$ git fetch -f ../quilt-tmp master:quilt/usb
From ../quilt-tmp
 + d3b6be8...559a5ce master     -> quilt/usb  (forced update)
