Importing i2c based on 2.6.39-rc1
Unchanged quilt series i2c
Importing jdelvare-hwmon based on 2.6.39-rc1
Unchanged quilt series jdelvare-hwmon
Importing kernel-doc based on 2.6.39-rc1-git3
$ git clone -s -l -n -q . ../quilt-tmp
$ cd ../quilt-tmp
$ git reset --hard 78fca1b95837a44983608302e89c7258981be9b3
HEAD is now at 78fca1b9 Merge branch 'release' of git://git.kernel.org/pub/scm/linux/kernel/git/aegl/linux-2.6
$ git quiltimport --author Randy Dunlap <randy.dunlap@oracle.com> --patches ../quilt/kernel-doc
docum-kmemleak-update03.patch
kern-signal-typo10.patch
kern-signal-kerndoc11.patch
docum-kernprms-panicvalues.patch
0001-Fix-some-minor-typos.patch
docum-build-kmemleaktest-modonly.patch
docum-leds-class-subdir.patch
/home/sfr/kernels/next/quilt-tmp/.git/rebase-apply/patch:208: new blank line at EOF.
+
warning: 1 line adds whitespace errors.
docum-cgroups-groupnames.patch
$ cd ../next
$ git fetch -f ../quilt-tmp master:quilt/kernel-doc
From ../quilt-tmp
 + 9050840...50c8e25 master     -> quilt/kernel-doc  (forced update)
Importing rr based on v2.6.39-rc1-184-g78fca1b9
$ cd ../quilt-tmp
$ git reset --hard 78fca1b95837a44983608302e89c7258981be9b3
HEAD is now at 78fca1b9 Merge branch 'release' of git://git.kernel.org/pub/scm/linux/kernel/git/aegl/linux-2.6
$ git quiltimport --author Rusty Russell <rusty@rustcorp.com.au> --patches ../quilt/rr
virtio:decrement_avail_idx_on_buffer_detach.patch
virtio:pci_prevent_double_free_of_pci_regions_after_device_hot_unplug.patch
module:deal_with_alignment_issues_in_built_in_versions.patch
module:do_not_hide_modver_version_show_declaration_behind_ifdef.patch
module:remove-padding-64-bit.patch
module:reorder_kparam_array_to_remove_alignment_padding_on_64_bit_builds.patch
module-minor_ansi_prototype_sparse_fix.patch
virtio:blk_allow_re_reading_config_space_at_runtime.patch
virtio_console-dont-manually-set-features.patch
virtio:console_enable_call_to_hvc_remove_on_console_port_remove.patch
$ cd ../next
$ git fetch -f ../quilt-tmp master:quilt/rr
From ../quilt-tmp
 + 9a3a41c...a774f4c master     -> quilt/rr  (forced update)
Importing device-mapper based on v2.6.38-rc4-213-g055d219
Unchanged quilt series device-mapper
