Importing i2c based on 3.0.0-rc2
Unknown BASE
Importing jdelvare-hwmon based on 3.0.0-rc2
Unknown BASE
Importing kernel-doc based on 2.6.39
Unchanged quilt series kernel-doc
Importing rr based on v2.6.39-7551-g139f37f
Unchanged quilt series rr
Importing device-mapper based on v2.6.39
Unchanged quilt series device-mapper
Importing i2c based on 3.0-rc2
	quilt series is empty
$ git update-ref refs/heads/quilt/i2c 59c5f46fbe01a00eedf54a23789634438bb80603
Importing jdelvare-hwmon based on 3.0-rc2
$ git clone -s -l -n -q . ../quilt-tmp
$ cd ../quilt-tmp
$ git reset --hard 59c5f46fbe01a00eedf54a23789634438bb80603
HEAD is now at 59c5f46 Linux 3.0-rc2
$ git quiltimport --author Jean Delvare <khali@linux-fr.org> --patches ../quilt/jdelvare-hwmon
hwmon-emc6w201-improve-error-handing.patch
hwmon-reformat-hdegoede-email-address.patch
hwmon-f71882fg-add-support-for-the-f71869a.patch
hwmon-factor-out-common-sch56xx-code.patch
hwmon-new-driver-sch5636.patch
$ cd ../next
$ git fetch -f ../quilt-tmp master:quilt/jdelvare-hwmon
From ../quilt-tmp
 + 798d9b7...48ea9fa master     -> quilt/jdelvare-hwmon  (forced update)
Importing kernel-doc based on 2.6.39
Unchanged quilt series kernel-doc
Importing rr based on v2.6.39-7551-g139f37f
Unchanged quilt series rr
Importing device-mapper based on v2.6.39
Unchanged quilt series device-mapper
