Importing driver-core.current based on 2.6.31-rc3
$ git clone -s -l -n -q . ../quilt-tmp
$ cd ../quilt-tmp
$ git reset --hard 6847e154e3cd74fca6084124c097980a7634285a
HEAD is now at 6847e15 Linux 2.6.31-rc3
$ git quiltimport --author Greg KH <greg@kroah.com> --patches ../quilt/driver-core.current
sysfs-fix-hardlink-count-on-device_move.patch
driver-core-firmware_class-fix-memory-leak-of-page-pointers-array.patch
driver-core-move-dev_get-set_drvdata-to-drivers-base-dd.c.patch
$ cd ../next
$ git fetch -f ../quilt-tmp master:quilt/driver-core.current
From ../quilt-tmp
 + b64adc1...2e34003 master     -> quilt/driver-core.current  (forced update)
Importing usb.current based on quilt/driver-core.current
$ cd ../quilt-tmp
$ git reset --hard 2e34003ff6237e2216396d61dc8b32ea5959de80
HEAD is now at 2e34003 Driver core: move dev_get/set_drvdata to drivers/base/dd.c
$ git quiltimport --author Greg KH <greg@kroah.com> --patches ../quilt/usb.current
usb-option-remove-unused-variable.patch
usb-let-the-option-driver-compile-without-config_pm.patch
usb-storage-raise-timeout-in-usb_stor_bulk_max_lun.patch
usb-omap-ohci-hc_driver-s-stop-method-should-call-ohci_stop.patch
usb-ftdi_sio-add-support-for-gn-otometrics-aurical-usb-audiometer.patch
usb-xhci-fix-less-and-greater-than-confusion.patch
usb-cp210x-add-new-device-ids.patch
usb-ehci-orion-call-ehci_reset-before-ehci_halt.patch
$ cd ../next
$ git fetch -f ../quilt-tmp master:quilt/usb.current
From ../quilt-tmp
 + a8a012e...d6d3cc6 master     -> quilt/usb.current  (forced update)
Importing i2c based on 2.6.31-rc3
Unchanged quilt series i2c
Importing jdelvare-hwmon based on 2.6.31-rc2-git9
Unchanged quilt series jdelvare-hwmon
Importing kernel-doc based on 2.6.31-rc1-git5
Unchanged quilt series kernel-doc
Importing rr based on v2.6.31-rc2-432-gf00caa7
Unchanged quilt series rr
Importing device-mapper based on block/for-next
Unchanged quilt series device-mapper
Importing ttydev based on e9e961c9a818a2f24711af493b907a8e40a69efc
$ cd ../quilt-tmp
$ git reset --hard e9e961c9a818a2f24711af493b907a8e40a69efc
HEAD is now at e9e961c Merge branch 'i2c-for-2631-rc3' of git://aeryn.fluff.org.uk/bjdooks/linux
$ git quiltimport --author Alan Cox <alan@lxorguk.ukuu.org.uk> --patches ../quilt/ttydev
tty-ldisc-close-hangup-racefix
serial-msm-platform-probe
tty-bfin-remove-memset
vt-kill-bootmem
tty-nozomi-kref2
n-tty-fix-echo-race
kfifo-const
tty-cyclades-refcount
tty-cyclades-use-port-block-helper
tty-cyclades-precompute
tty-cyclades-use-port-hangup
tty-cyclades-use-port-close
tty-cyclades-cleanup
tty-cyclades-sleep-not-busy
tty-cyclades-use-dtr-helpers
tty-cyclades-merge-startup-common
tty-cyclades-ioctl-cleanup
tty-cyclades-modem-cleanup
tty-cyclades-add-io-helpers
tty-cyclades-remove-set-line-dups
tty-cyclades-fix-const-assign
tty-usb-mos7840-modem
vt-events
vt-pm-extract
vt-incfix
vt-lockactive
net-slip-ttyfix
serial-add-irqflags-support
serial-8250-amstrad-e3
serial-8250-minbaud
dmi-sanity
kernel-shared-regions
tty-usb-mos7720-modem
tty-usb-mos7720-lsr
tty-x86-termios-clean
serial-kill-info
serial-fold-closing-port
serial-port-portptr
serial-move-counts
serial-move-flags
serial-move-mutex
serial-move-users
serial-msr-move
serial-kill-uif
serial-kill-USF_CLOSING
serial-port-kref
serial-extract-portops
/home/sfr/kernels/next/quilt-tmp/.git/rebase-apply/patch:64: trailing whitespace.
		
warning: 1 line adds whitespace errors.
$ cd ../next
$ git fetch -f ../quilt-tmp master:quilt/ttydev
From ../quilt-tmp
 + cf1cbf5...e34cf8a master     -> quilt/ttydev  (forced update)
Importing aoe based on v2.6.29-rc2
Unchanged quilt series aoe
Importing driver-core based on quilt/usb.current
$ cd ../quilt-tmp
$ git reset --hard d6d3cc67fb0c9f56916b8d4dac13fe4604c0b1ba
HEAD is now at d6d3cc6 USB: ehci-orion: Call ehci_reset before ehci_halt
$ git quiltimport --author Greg KH <greg@kroah.com> --patches ../quilt/driver-core
uio-remove-default-n-from-kconfig.patch
driver-model-constify-attribute-groups.patch
mem_class-use-minor-as-index-instead-of-searching-the-array.patch
driver-core-devtmpfs-driver-core-maintained-dev-tmpfs.patch
$ cd ../next
$ git fetch -f ../quilt-tmp master:quilt/driver-core
From ../quilt-tmp
 + 753878b...77467bb master     -> quilt/driver-core  (forced update)
Importing usb based on quilt/driver-core
$ cd ../quilt-tmp
$ git reset --hard 77467bb66f4164cf7ebed7c1d52398fa9443546e
HEAD is now at 77467bb Driver Core: devtmpfs - kernel-maintained tmpfs-based /dev
$ git quiltimport --author Greg KH <greg@kroah.com> --patches ../quilt/usb
usb-ehci-dbg.c-no-need-for-checking-it-before-call-vfree.patch
usb-sisusbvga-drop-usb_buffer_alloc.patch
usb-usbmon-drop-kconfig-defaults.patch
usb-usbmon-touch-up-the-documentation.patch
usb-usbmon-end-ugly-tricks-with-dma-peeking.patch
usb-let-usb_sg_init-to-set-transfer_buffer-more-often.patch
usb-move-endpoint-sync-type-definitions-from-usb-audio.h-to-usb-ch9.h.patch
usb-move-vendor-subclass-definition-from-usb-audio.h-to-usb-ch9.h.patch
usb-audio-gadget-prefix-all-macro-definitions-with-uac_-in-linux-usb-audio.h.patch
usb-audio-gadget-un-inline-generic_et_cmd.patch
usb-add-nuvoton-ehci-driver-for-w90p910-platform.patch
usb-whci-hcd-make-endpoint_reset-method-async.patch
usb-add-api-for-userspace-drivers-to-claim-ports.patch
usb-make-intf.pm_usage-an-atomic_t.patch
usb-make-the-usbfs_snoop-log-more-pertinent.patch
usb-gadget-pxa25x-basic-transceiver-support.patch
usb-serial-full-autosuspend-support-for-the-option-driver.patch
usb-usb-serial-remove-unused-variables.patch
usb-usbtmc-can-do-io-to-device-after-disconnect.patch
usb-suspend-resume-support-for-usbtmc.patch
usb-legousbtower-make-poll-notice-disconnect.patch
usb-ldusb-should-signal-an-error-in-poll-if-the-device-is-disconnected.patch
usb-musb-cleanup-the-nop-registration-for-omap3evm.patch
$ cd ../next
$ git fetch -f ../quilt-tmp master:quilt/usb
From ../quilt-tmp
 + 25790a1...8c49879 master     -> quilt/usb  (forced update)
Importing staging based on quilt/usb
$ cd ../quilt-tmp
$ git reset --hard 8c498793fdc47add7335f16fb0a0c719a2eca11c
HEAD is now at 8c49879 USB: musb: cleanup the nop registration for OMAP3EVM
$ git quiltimport --author Greg KH <greg@kroah.com> --patches ../quilt/staging
staging-serqt_usb2-add-missing-calls-to-tty_kref_put.patch
staging-serqt_usb2-fix-memory-leak-in-error-case.patch
staging-android-lowmemorykiller.c-fix-it-for-oom-move-oom_adj-value-from-task_struct-to-mm_struct.patch
staging-android-binder-move-debugging-mask-into-a-macro.patch
/home/sfr/kernels/next/quilt-tmp/.git/rebase-apply/patch:645: space before tab in indent.
					    	     proc->pid, thread->pid, node->debug_id,
warning: 1 line adds whitespace errors.
staging-android-binder-remove-a-predefine.patch
staging-android-binder-add-enum-usage-in-function-arguments.patch
staging-android-binder-global-variable-cleanup.patch
staging-android-binder-clean-up-for-all-the-stat-statments.patch
staging-android-binder-cleanup-some-long-lines.patch
staging-android-lowmemorykiller-remove-a-predefine.patch
staging-android-lowmemorykiller-delete-the-decription-file.patch
staging-android-binder-partial-checkpatch-cleanup.patch
staging-wlan-ng-scripts-checkpatch.pl-error-fixes.patch
staging-et1310-fix-the-coding-style.patch
staging-rt280-remove-unused-md4.h.patch
staging-rtl8187se-ieee80211-remove-unused-files.patch
staging-rtl8192su-ieee80211-remove-unused-files.patch
staging-rtl8187se-remove-duplicate-dot11d.h-and-ieee80211.h-includes.patch
staging-rtl8192su-remove-duplicate-dot11d.h-and-ieee80211.h-includes.patch
staging-rtl8187se-remove-unused-ieee80211_crypt.h.patch
staging-rtl8192su-remove-unused-ieee80211_crypt.h.patch
staging-rtl8187se-remove-kernel-version-compatibility-wrappers.patch
staging-rtl8187se-remove-support-for-older-wireless-extensions.patch
staging-rtl8187se-ieee80211-remove-dead-_rtl8187_ext_patch_-code.patch
staging-rtl8187se-ieee80211-remove-superfluous-ieee80211_-defines.patch
staging-rtl8187se-ieee80211-remove-unused-dump_chnl_map.patch
staging-rtl8187se-ieee80211-remove-superfluous-john_-ifdefs.patch
staging-rtl8192su-remove-kernel-version-compatibility-wrappers.patch
staging-rtl8192su-remove-support-for-older-wireless-extensions.patch
staging-rtl8192su-ieee80211-remove-unused-_reasoncode-enums.patch
staging-rtl8192su-ieee80211-switch-to-use-linux-ieee80211.h.patch
staging-rtl8192su-add-todo.patch
staging-rtl8187se-add-todo.patch
staging-rtl8187se-remove-enable_dot11d-ifdefs.patch
staging-rtl8187se-remove-config_rtl8180_pm-ifdefs.patch
staging-rtl8187se-remove-thomas_turbo-ifdefs.patch
staging-rtl8187se-remove-config_rtl818x_s-ifdefs.patch
staging-rtl8187se-remove-config_rtl8185b-ifdefs.patch
staging-rtl8187se-remove-config_rtl8180_io_map-ifdefs.patch
staging-rtl8187se-remove-dead-code.patch
staging-rtl8187se-remove-unused-radio-frontends.patch
staging-rtl8187se-remove-debugging-code-from-r8180_core.c.patch
staging-rtl8187se-remove-unused-rtl8225_rf_-functions.patch
staging-rtl8187se-cleanup-r8180_rtl8225.c.patch
staging-rtl8187se-merge-r8180_rtl8225.c-with-r8180_rtl8225z2.c.patch
staging-rtl8187se-cleanup-r8180_pm.c.patch
staging-rtl8187se-merge-r8180_pm.c-with-r8180_core.c.patch
staging-rtl8187se-remove-unused-definitions-from-r8180_hw.h.patch
staging-rtl8187se-remove-unused-definitions-from-r8180.h.patch
staging-rtl8187se-cleanup-r8180_rtl8225z2.c.patch
staging-rtl8187se-cleanup-r8180_core.c.patch
staging-add-rt3090-wireless-driver.patch
staging-add-pristine-upstream-vt6656-driver-sources-to-drivers-staging-vt6656.patch
/home/sfr/kernels/next/quilt-tmp/.git/rebase-apply/patch:3887: space before tab in indent.
 	     (pDevice->abyEEPROM[EEP_OFS_ZONETYPE]!=0x01)){   //for Japan
/home/sfr/kernels/next/quilt-tmp/.git/rebase-apply/patch:3893: space before tab in indent.
 	     (pDevice->abyEEPROM[EEP_OFS_ZONETYPE]!=0x02)){   //for Europe
/home/sfr/kernels/next/quilt-tmp/.git/rebase-apply/patch:5919: space before tab in indent.
		 	      ((PWLAN_IE_SSID)pBSSList->abySSID)->abySSID,
/home/sfr/kernels/next/quilt-tmp/.git/rebase-apply/patch:5920: space before tab in indent.
		 	      ((PWLAN_IE_SSID)pBSSList->abySSID)->len) != 0) {
/home/sfr/kernels/next/quilt-tmp/.git/rebase-apply/patch:6020: space before tab in indent.
      	    while ((skb = skb_dequeue(&pMgmt->sNodeDBTable[*puNodeIndex].sTxPSQueue)) != NULL)
warning: squelched 183 whitespace errors
warning: 188 lines add whitespace errors.
staging-vt6656-add-includes-to-drivers-staging-vt6656.patch
/home/sfr/kernels/next/quilt-tmp/.git/rebase-apply/patch:732: space before tab in indent.
        	u8 bssid[6];
/home/sfr/kernels/next/quilt-tmp/.git/rebase-apply/patch:735: space before tab in indent.
        	u8 *wpa_ie;
/home/sfr/kernels/next/quilt-tmp/.git/rebase-apply/patch:736: space before tab in indent.
        	u16 wpa_ie_len;
/home/sfr/kernels/next/quilt-tmp/.git/rebase-apply/patch:737: space before tab in indent.
        	int pairwise_suite;
/home/sfr/kernels/next/quilt-tmp/.git/rebase-apply/patch:738: space before tab in indent.
        	int group_suite;
warning: squelched 3 whitespace errors
warning: 8 lines add whitespace errors.
staging-vt6656-build-vt6656.ko-not-vntwusb.ko.patch
staging-vt6656-main_usb.c-drop-obsolete-fsuid-fsgid-accesses.patch
staging-vt6656-replace-net_device-priv-accesses-with-netdev_priv-calls.patch
staging-vt6656-use-net_device_ops-for-management-functions.patch
staging-vt6656-replace-call-to-info-with-printk-call.patch
staging-vt6656-integrate-vt6656-into-build-system.patch
staging-vt6655-fix-build-when-config_wireless_ext.patch
staging-vt6655-remove-dependency-on-wireless_ext-version.patch
staging-otus-fix-warnings-in-staging-otus-ioctl.c.patch
staging-otus-remove-dependency-on-wireless_ext-version.patch
staging-otus-drop-an-unnecessary-null-test.patch
staging-comedi-lindent-changes-to-comdi-driver-in-staging-tree.patch
staging-comedi-no-need-for-checking-vfree-call.patch
staging-comedi-remove-references-to-dead-export_symtab.patch
staging-cpc-usb-remove-unused-include-linux-version.h.patch
staging-wlan-ng-remove-some-superflous-comments.patch
staging-wlan-ng-use-kzfree-to-securely-zero-out-the-wep-key-when-freeing-it.patch
staging-wlan-ng-drop-the-special-case-handling-of-older-wireless-extensions-wireless_ext-is-at-22-for-the-current-kernel.patch
staging-wlan-ng-remove-more-superflous-comments.patch
staging-add-support-for-quatech-esu2-100-usb-2.0-8-port-serial-adaptor.patch
staging-vt6656-remove-dependency-on-kernel-version.patch
staging-vt6656-remove-dependency-on-wireless_ext-version.patch
staging-vt665x-depend-on-wireless_ext.patch
staging-at76_usb-fix-config_wireless_ext-build.patch
staging-at76_usb-replace-mac2str-with-pm.patch
staging-wlan-ng-remove-dependency-on-wireless_ext-version.patch
staging-vt6655-remove-makefile-refs-to-export_symtab.patch
staging-rtl8192su-remove-enable_dot11d-ifdefs.patch
staging-rtl8192su-remove-config_rtl8192_pm-ifdefs.patch
staging-rtl8192su-remove-thomas_turbo-ifdefs.patch
staging-rtl8192su-remove-use_one_pipe-ifdefs.patch
staging-rtl8192su-remove-eeprom_old_format_support-ifdefs.patch
staging-rtl8192su-remove-usb_rx_aggregation_support-ifdefs.patch
staging-rtl8192su-remove-usb_tx_driver_aggregation_enable-ifdefs.patch
staging-rtl8192su-remove-rtl8192su_disable_cck_rate-ifdefs.patch
staging-rtl8192su-remove-rtl8192s_disable_fw_dm-ifdefs.patch
staging-rtl8192su-remove-disable_bb_rf-ifdefs.patch
staging-rtl8192su-remove-rtl8192su_use_param_txpwr-ifdefs.patch
staging-rtl8192su-remove-rtl8192su_fpga_unspecified_network-ifdefs.patch
staging-rtl8192su-remove-rtl8192su_fpga_2mac_verification-ifdefs.patch
staging-rtl8192su-remove-rtl8192su_asic_verification-ifdefs.patch
staging-rtl8192su-remove-rtl8192su_usb_phy_test-ifdefs.patch
staging-rtl8192su-remove-rtl8190_download_firmware_from_header-ifdefs.patch
staging-rtl8192su-remove-rtl8192s_prepare_for_normal_release-ifdefs.patch
staging-rtl8192su-remove-rtl8192su_disable_iqk-ifdefs.patch
staging-rtl8192su-remove-rtl8192se-ifdefs.patch
staging-rtl8192su-remove-rtl8192su-ifdefs.patch
/home/sfr/kernels/next/quilt-tmp/.git/rebase-apply/patch:2950: space before tab in indent.
                                			(eqMacAddr(priv->ieee80211->current_network.bssid,  (fc & IEEE80211_FCTL_TODS)? hdr->addr1 : (fc & IEEE80211_FCTL_FROMDS )? hdr->addr2 : hdr->addr3))
/home/sfr/kernels/next/quilt-tmp/.git/rebase-apply/patch:2951: space before tab in indent.
                                				 && (!pstats->bHwError) && (!pstats->bCRC)&& (!pstats->bICV));
warning: 2 lines add whitespace errors.
staging-rtl8192su-remove-unused-files.patch
staging-rtl8192su-remove-dead-code.patch
/home/sfr/kernels/next/quilt-tmp/.git/rebase-apply/patch:3218: space before tab in indent.
        	//sMacAddr[5] = (u8)GetRandomNumber(1, 254);
warning: 1 line adds whitespace errors.
staging-rt3070-add-support-for-linksys-wusb54gc-eu-v3.patch
staging-rt-fix-wait_queue_head_t-declaration-on-stack.patch
staging-rt-don-t-confuse-user-of-rt3070-driver-with-rt2870-strings.patch
staging-vt6655-remove-private_obj-ifdefs.patch
staging-vt6655-remove-unused-makefile.-arm-x86-files.patch
$ cd ../next
$ git fetch -f ../quilt-tmp master:quilt/staging
From ../quilt-tmp
 + 44898c6...0b382ad master     -> quilt/staging  (forced update)
