Unchanged quilt series driver-core.current
Importing usb.current based on quilt/driver-core.current
$ git checkout quilt/usb.current
Switched to branch "quilt/usb.current"
$ git reset --hard 934ab0fc56e9d408190313e88a14d0db68560f87
HEAD is now at 934ab0f kobject: Fix kobject_rename and !CONFIG_SYSFS
$ git quiltimport --author Greg KH <greg@kroah.com> --patches ../quilt/usb.current
usb-auerswald-remove-driver.patch
usb-add-musb-and-tusb-support.patch
usb-musb-fix-hanging-when-rmmod-gadget-driver.patch
usb-musb-pass-configuration-specifics-via-pdata.patch
usb-fix-usb-boot-crash-ecm_do_notify-list_add-corruption.-prev-next-should-be-next.patch
usb-ftdi_sio-add-usb-product-id-for-elv-hs485.patch
usb-ftdi_sio-add-support-for-luminance-stellaris-evaluation-development-kits.patch
usb-add-missing-kerneldoc-line-for-needs_binding.patch
usb-core-driver-fix-warning.patch
usb-ohci-fix-system-hang-caused-by-earlier-patch.patch
drivers-usb-class-usblp.c-adjust-error-handling-code.patch
usb-kill-urbs-permanently.patch
usb-extend-poisoning-to-anchors.patch
usb-usb-storage-quirk-around-v1.11-firmware-on-nikon-d4.patch
usb-gadget-protect-gadget_chips.h-from-been-included-twice.patch
usb-serial-don-t-release-unregistered-minors.patch
usb-fix-interface-unregistration-logic.patch
usb-storage-automatically-recognize-bad-residues.patch
usb-move-usb-mon-up-to-misc-options-in-kconfig.patch
usb-storage-unusual_devs-entries-for-iriver-t10-and-datafab-cf-sm-reader.patch
ub-remove-sg_stat.patch
usb-pl2023-remove-usb-id-handled-by-ch341.patch
usb-serial-sierra-clean-up.patch
usb-serial-sierra-dynamic-interface-detection.patch
usb-serial-sierra-tru-install-feature-update.patch
usb-storage-sierra-tru-install-feature-update.patch
usb-usb-storage-motorola-phone-razr-v3xx-us_fl_fix_capacity-patch.patch
usb-cxacru-fix-printk-format-flag-in-error-message.patch
usb-update-to-documentation.patch
usb-ohci-make-distrust_firmware-a-quirk.patch
usb-hook-start_hnp-into-ohci-struct.patch
usb-serial-gadget-rx-path-data-loss-fixes.patch
usb-return-error-code-instead-of-0-in-the-enqueue-function.patch
usb-isp1760-improve-pre-fetch-timing.patch
usb-isp1760-don-t-be-noisy-about-short-packets.patch
usb-ftdi_sio-add-support-for-phi-fisco-data-cable.patch
usb-bandrich-bandluxe-c150-c250-hspa-data-card-driver.patch
usb-cdc-acm.c-fix-compile-warnings.patch
usb-storage-unusual_devs-entry-for-nokia-5300.patch
usb-fix-compiler-warning-fix.patch
usb-isp1301-fix-compilation.patch
usb-sh-r8a66597-hcd-fix-disconnect-regression.patch
usb-gadget-remove-needless-struct-members.patch
usb-gadget-issue-notifications-from-acm-function.patch
usb-cdc-acm-bugfix-release.patch
usb-cdc-acm-stop-dropping-tx-buffers.patch
usb-cdc-acm-drain-writes-on-close.patch
usb-omap_udc-fix-compilation-with-debug-enabled.patch
usb-quirk-pll-power-down-mode.patch
usb-add-vendor-product-id-of-zte-mf628-to-option.patch
usb-serial-remove-config_usb_debug-from-sierra-and-option-drivers.patch
Importing driver-core based on quilt/usb.current
$ git checkout quilt/driver-core
Switched to branch "quilt/driver-core"
$ git reset --hard 0309b4c2bd38058a8e55b6c8c96e81844ba77686
HEAD is now at 0309b4c USB: serial: remove CONFIG_USB_DEBUG from sierra and option drivers
$ git quiltimport --author Greg KH <greg@kroah.com> --patches ../quilt/driver-core
driver-core-make-struct-platform_pm_ops-static.patch
sysfs-support-sysfs_notify-from-atomic-context-with-new-sysfs_notify_dirent.patch
net-convert-the-phy_device-file-to-use-bus_find_device_by_name.patch
put_device-might_sleep.patch
warn-when-statically-allocated-kobjects-are-used.patch
sysfs-crash-debugging.patch
Importing usb based on quilt/driver-core
$ git checkout quilt/usb
Switched to branch "quilt/usb"
$ git reset --hard e052ba65e4378ce2e4b0e4e95d003a828ae10bdc
HEAD is now at e052ba6 sysfs: crash debugging
$ git quiltimport --author Greg KH <greg@kroah.com> --patches ../quilt/usb
hso-fix-oops-in-read-write-callbacks.patch
hso-fix-refcounting-on-the-ttyhsx-devices.patch
usb-hso-make-tty_operations-const.patch
usb-hso-minor-fixes-due-to-code-review.patch
usb-add-config_usb_debug_messages-and-usb_dbg.patch
usb-convert-the-usb-core-code-to-use-usb_dbg.patch
usb-convert-the-usb-host-controller-code-to-use-usb_dbg.patch
usb-remove-config_usb_debug.patch
usb-gotemp.patch
Unchanged quilt series device-mapper
Unchanged quilt series i2c
Unchanged quilt series jdelvare-hwmon
Unchanged quilt series kernel-doc
Importing ide based on 0967d61ea0d8e8a7826bd8949cd93dd1e829ac55
$ git checkout quilt/ide
Switched to branch "quilt/ide"
$ git reset --hard 0967d61ea0d8e8a7826bd8949cd93dd1e829ac55
HEAD is now at 0967d61 Linux 2.6.27-rc2
$ git quiltimport --author Bartlomiej Zolnierkiewicz <bzolnier@gmail.com> --patches ../quilt/ide
drivers-ide-pci-use-__devexit_p.patch
cleanup-powerpc-include-asm-ide-h.patch
cdrom-handle-toc.patch
ide-cd-use-bcd2bin-bin2bcd.patch
sgiioc4-fixup-message-on-resource-allocation-failure.patch
ata-add-missing-ata_id_-defines-take-2.patch
ide-remove-superfluous-check-from-ide_disk_special.patch
ide-cleanup-ide_disk_init_mult_count.patch
ide-cleanup-ide_fix_driveid.patch
ide-make-drive-id-an-union-take-2.patch
Context reduced to (2/2) to apply fragment at 447
ide-remove-drive-driveid.patch
ide-use-ata_id_current_chs_valid.patch
ide-disk-use-ata_id_wcache_enabled.patch
ide-disk-use-ata_id_hpa_enabled.patch
ata-add-missing-ata_cmd_-defines.patch
libata-win_-to-ata_cmd_.patch
ide-win_-to-ata_cmd_.patch
hd-win_-to-ata_cmd_.patch
ata-add-missing-ata_-defines.patch
ide-use-ata_-defines-instead-of-_stat-and-_err-ones.patch
ide-remove-no-longer-needed-ide_drive_t-fields.patch
ide-re-code-ide_fixstring-loop-to-be-less-evil.patch
ide-cd-use-the-new-object_is_in_stack-helper.patch
ide-fix-exabytenest-handling-in-probe_for_drive.patch
ide-enhance-ide_busy_sleep.patch
ide-remove-no-longer-needed-bug_on-s-from-init_irq.patch
ide-remove-ide_chipset_-macros.patch
ide-remove-unused-_ide_c-and-_ide_disk-defines.patch
ide-remove-needless-drive-present-checks-from-device-drivers.patch
ide-check-drive-present-in-ide_get_paired_drive.patch
ide-remove-config_idedisk_multi_mode.patch
ide-include-linux-hdreg-h-only-when-needed.patch
ide-call-ide_proc_register_driver-later.patch
ide-preparations-for-proc-ide-hd_-settings-rework.patch
ide-proc-ide-hd_-settings-rework.patch
ide-remove-sector_words-define.patch
cmd640-add-__set_prefetch_mode.patch
ide-remove-read-only-atapi_overlap-field-from-ide_drive_t.patch
ide-remove-supports_dsc_overlap-field-from-ide_driver_t.patch
ide-factor-out-hdio_-_nice-ioctl-handling-to-ide_-_nice_ioctl.patch
ide-ide_dev_has_iordy-to-ata_id_has_iordy.patch
ide-ide_dev_is_sata-to-ata_id_is_sata.patch
ide-idedisk_supports_lba48-to-ata_id_lba48_enabled.patch
ide-check-only-for-cache-flush-command-support-in-ide_id_has_flush_cache.patch
ide-ide_id_has_flush_cache-to-ata_id_flush_enabled.patch
ide-ide_id_has_flush_cache_ext-to-ata_id_flush_ext_enabled.patch
ide-use-ata_id_is_cfa.patch
ide-ide_id_to_hd_driveid-to-ata_id_to_hd_driveid.patch
ide-lba_capacity_is_ok-to-ata_id_is_lba_capacity_ok.patch
hpt366-add-hpt3xx_disable_fast_irq-helper.patch
ide-add-proper-pci-pm-support.patch
ide-remove-bus_state-field-from-ide_hwif_t.patch
ide-add-ide_setting_ioctl-helper.patch
ide-cleanup-generic_ide_ioctl.patch
ide-move-ioctls-handling-to-ide-ioctls-c.patch
ide-add-ide_check_atapi_device-helper.patch
ide-floppy-remove-needless-parens.patch
ide-floppy-add-ide_floppy_format_ioctl-helper.patch
ide-tape-remove-idetape_init_rq.patch
ide-floppy-use-scatterlists-for-pio-transfers.patch
ide-generic-handle-probing-of-legacy-io-ports-v5.patch
ide-floppy-tape-remove-request-stack.patch
ide-floppy-tape-remove-packet-command-stack.patch
ide-floppy-remove-mode_sense_-defines.patch
ide-floppy-fixup-ide_floppy_io_buffers.patch
ide-scsi-cleanup-ide_scsi_io_buffers.patch
ide-add-ide_io_buffers-helper.patch
ide-floppy-add-ide_floppy_set_media_lock-helper.patch
ide-tape-add-ide_tape_set_media_lock-helper.patch
ide-add-ide_init_pc-helper.patch
ide-add-ide_queue_pc_head-helper.patch
ide-add-ide_queue_pc_tail-helper.patch
ide-floppy-srfp-wp-to-ide_aflag_srfp-wp.patch
ide-floppy-move-floppy-ioctls-handling-to-ide-floppy_ioctl-c.patch
ide-add-ide_set_media_lock-helper-patch
ide-add-ide_do_start_stop-helper.patch
ide-add-ide_do_test_unit_ready-helper.patch
ide-move-idefloppy-tape_wait_cmd-defines-to-linux-ide-h.patch
Unchanged quilt series m68k
Unchanged quilt series rr
Importing ttydev based on 10fec20ef5eec1c91913baec1225400f0d02df40
$ git checkout quilt/ttydev
Switched to branch "quilt/ttydev"
$ git reset --hard 10fec20ef5eec1c91913baec1225400f0d02df40
HEAD is now at 10fec20 Merge branch 'for-linus' of git://git.o-hand.com/linux-mfd
$ git quiltimport --author Alan Cox <alan@lxorguk.ukuu.org.uk> --patches ../quilt/ttydev
mcfserial-goes-byebye
epca-port-init
ser-nr-irq
.dotest/patch:101: trailing whitespace.
	
.dotest/patch:137: trailing whitespace.
	
.dotest/patch:143: trailing whitespace.
	
.dotest/patch:146: trailing whitespace.
	
warning: 4 lines add whitespace errors.
blackfin-use-initdata
blackfin-suspend-all
blackfin-whitespace-trim
blackfin-common-vars
blackfin-remove-useless-stop
blackfin-fix-stop-bug
blackfin-fix-ircp-bug
blackfin-fix-uart-map
tty-move-tioclinux
tty-fixup-uml
tty-remove-resize-special
tty-split-buffering
tty-split-port
tty-fix-pty-termios-race
tty-kref
tty-kref-modcount
tty-kref-get-current-tty
tty-move-write
tty-usbserial-kref
.dotest/patch:132: trailing whitespace.
out:		
.dotest/patch:324: trailing whitespace.
		
.dotest/patch:895: trailing whitespace.
		if (tty && !C_CLOCAL(tty)) 
.dotest/patch:1063: trailing whitespace.
	tty_kref_put(tty);		     
.dotest/patch:1313: trailing whitespace.
		} else 
warning: 5 lines add whitespace errors.
tty-misc-kref
tty-fix-cdc-acm
tty-kref-stallion
tty-kref-mxser
.dotest/patch:390: trailing whitespace.
				
warning: 1 line adds whitespace errors.
tty-fix-vhangup
tty-current-locking
tty-current-fix-abusers
