Importing driver-core.current based on 2.6.34-git6
$ git clone -s -l -n -q . ../quilt-tmp
$ cd ../quilt-tmp
$ git reset --hard 7a9b149212f3716c598afe973b6261fd58453b7a
HEAD is now at 7a9b149 Merge git://git.kernel.org/pub/scm/linux/kernel/git/gregkh/usb-2.6
$ git quiltimport --author Greg KH <greg@kroah.com> --patches ../quilt/driver-core.current
driver-core-add-devname-module-aliases-to-allow-module-on-demand-auto-loading.patch
$ cd ../next
$ git fetch -f ../quilt-tmp master:quilt/driver-core.current
From ../quilt-tmp
 + a45b31e...640c8e0 master     -> quilt/driver-core.current  (forced update)
Importing tty.current based on quilt/driver-core.current
	quilt series is empty
$ git update-ref refs/heads/quilt/tty.current 640c8e0789a4f79cc43d6d026998f398e7711a38
Importing usb.current based on quilt/tty.current
	quilt series is empty
$ git update-ref refs/heads/quilt/usb.current 640c8e0789a4f79cc43d6d026998f398e7711a38
Importing staging.current based on quilt/usb.current
	quilt series is empty
$ git update-ref refs/heads/quilt/staging.current 640c8e0789a4f79cc43d6d026998f398e7711a38
Importing i2c based on 2.6.34-git6
$ cd ../quilt-tmp
$ git reset --hard 7a9b149212f3716c598afe973b6261fd58453b7a
HEAD is now at 7a9b149 Merge git://git.kernel.org/pub/scm/linux/kernel/git/gregkh/usb-2.6
$ git quiltimport --author Jean Delvare <khali@linux-fr.org> --patches ../quilt/i2c
i2c-i801-02-new-parameter-to-disable-features.patch
i2c-i801-03-default-to-all-features-present.patch
i2c-i801-04-coding-style-fixes.patch
i2c-scx200_acb-make-pci-device-ids-constant.patch
i2c-stub-show-actual-functionality.patch
eeprom-at24-fallback-to-byte-reads.patch
i2c-dev-remove-unnecessary-casts.patch
i2c-parport-make-template-struct-const.patch
i2c-gpio-move-initialization-code-to-subsys_initcall.patch
i2c-core-fix-some-coding-style-issues.patch
i2c-dev-fix-all-coding-style-issues.patch
i2c-algo-pca-fix-coding-style-issues.patch
i2c-use-linux-io.h-instead-of-asm-io.h.patch
i2c-nforce2-remove-redundant-error-messages-on-acpi-conflict.patch
$ cd ../next
$ git fetch -f ../quilt-tmp master:quilt/i2c
From ../quilt-tmp
 + 76facd9...009237b master     -> quilt/i2c  (forced update)
Importing jdelvare-hwmon based on 2.6.34-git6
$ cd ../quilt-tmp
$ git reset --hard 7a9b149212f3716c598afe973b6261fd58453b7a
HEAD is now at 7a9b149 Merge git://git.kernel.org/pub/scm/linux/kernel/git/gregkh/usb-2.6
$ git quiltimport --author Jean Delvare <khali@linux-fr.org> --patches ../quilt/jdelvare-hwmon
hwmon-asus_atk0110-dont-use-if-unsafe.patch
hwmon-lm63-add-basic-support-for-lm64.patch
hwmon-f71882fg-01-fixed-braces-coding-style-issues.patch
hwmon-f71882fg-02-use-strict_strtol-instead-of-simple_strtol.patch
hwmon-f71882fg-03-code-cleanup.patch
hwmon-f71882fg-04-properly-acquire-io-regions-while-probing.patch
hwmon-lm90-use-programmed-update-rate.patch
hwmon-add-description-of-the-update_rate-sysfs-attribute.patch
hwmon-adm1031-allow-setting-update-rate-2.patch
hwmon-tmp401-01-use-constants-for-sysfs-file-permissions.patch
hwmon-tmp401-02-reorganize-code-to-get-rid-of-static-forward-declarations.patch
hwmon-applesmc-01-add-support-for-macbook-pro-5-3-and-5-4.patch
hwmon-applesmc-02-add-generic-support-for-macbook-pro-6.patch
hwmon-applesmc-03-add-generic-support-for-macbook-pro-7.patch
hwmon-applesmc-04-add-temperature-sensor-labels-to-sysfs-interface.patch
hwmon-emc1403-thermal-sensor-support.patch
hwmon-tmp102-01-driver-for-ti-tmp102-temperature-sensor.patch
/home/sfr/kernels/next/quilt-tmp/.git/rebase-apply/patch:17: new blank line at EOF.
+
warning: 1 line adds whitespace errors.
hwmon-tmp102-02-misc-fixes.patch
hwmon-tmp102-03-fix-suspend-resume.patch
hwmon-tmp102-04-restore-configuration-at-exit.patch
hwmon-dme1737-add-support-for-sch5127.patch
hwmon-ltc4245-01-read-only-one-gpio-pin.patch
$ cd ../next
$ git fetch -f ../quilt-tmp master:quilt/jdelvare-hwmon
From ../quilt-tmp
 + cdc70a9...3296f92 master     -> quilt/jdelvare-hwmon  (forced update)
Importing kernel-doc based on 2.6.34
Unchanged quilt series kernel-doc
Importing rr based on v2.6.34-2641-ga0fe3cc
$ cd ../quilt-tmp
$ git reset --hard a0fe3cc5d36a5f5b4f60abfe1a4b1caf4a5cce5a
HEAD is now at a0fe3cc Merge branch 'for-linus' of git://git.kernel.org/pub/scm/linux/kernel/git/dtor/input
$ git quiltimport --author Rusty Russell <rusty@rustcorp.com.au> --patches ../quilt/rr
modules:isapnp-mod_devicetable.h.patch
hisax:device-table-fix.patch
module:device_table_isapnp_does_nothing.patch
module:drop-lock-while-waiting.patch
virtio:add_disk_identification_support.patch
virtio:add_disk_identification_ioctl.patch
virtio:add_disk_identification_ioctl-fix.patch
virtio:add_virtqueue_vq_ops_wrappers.patch
virtio:balloon_use_virtqueue_xxx_wrappers.patch
virtio:console_use_virtqueue_xxx_wrappers.patch
virtio:blk_use_virtqueue_xxx_wrappers.patch
virtio:net_use_virtqueue_xxx_wrappers.patch
virtio:ring_remove_a_level_of_indirection.patch
virtio:rng_use_virtqueue_xxx_wrappers.patch
virtio:trans_use_virtqueue_xxx_wrappers.patch
virtio:add_buf_gfp.patch
revert_"virtio__disable_multiport_console_support."
virtio__console__add_a___send_control_msg()_that_can_send_messages_without_a_valid_port
virtio__console__let_host_know_of_port_or_device_add_failures
virtio__console__return_-epipe_to_hvc_console_if_we_lost_the_connection
virtio__console__dont_call_hvc_remove()_on_unplugging_console_ports
virtio__console__remove_config_work_handler
virtio__console__move_code_around_for_future_patches
virtio__console__use_a_control_message_to_add_ports
virtio__console__dont_always_create_a_port_0_if_using_multiport
virtio__console__rename_wait_is_over()_to_will_read_block()
virtio__console__add_support_for_nonblocking_write()s
virtio:console_resize_console_port_0_on_config_intr_only_if_multiport_is_off.patch
virtio:console_store_each_console_s_size_in_the_console_structure.patch
virtio:console_accept_console_size_along_with_resize_control_message.patch
misc:drivers_char_eliminate_use_after_free.patch
virtio:put_last_seen_used_index_into_ring_itself.patch
virtio:net_pass_gfp_to_add_buf.patch
misc:fix-email.patch
kernel-params_c-check-null-for-non-bool.diff
param:neaten-param.c-exports.patch
param:param_ops.patch
param:param_ops-for-hvc_iucv-driver.patch
param:param_ops-modpost-complaint-silence.patch
param:add-free-hook.patch
param:use-free-hook-for-charp.patch
param:params-are-const.patch
param:kernel_param_lock.patch
param:documentation.patch
param:remove-useless-writable-charp.patch
param:lock-charp-simple.patch
param:lock-charp-myri10ge.patch
param:lock-charp-if_sdio.patch
param:ipmi_watchdog.patch
param:cleanup-ide.patch
param:cleanup-mptbase.patch
param:acpi-use-ops.patch
$ cd ../next
$ git fetch -f ../quilt-tmp master:quilt/rr
From ../quilt-tmp
 + 20747a7...c3a326d master     -> quilt/rr  (forced update)
Importing device-mapper based on v2.6.34-rc7
Unchanged quilt series device-mapper
Importing aoe based on v2.6.31-rc9
Unchanged quilt series aoe
Importing driver-core based on quilt/staging.current
	quilt series is empty
$ git update-ref refs/heads/quilt/driver-core 640c8e0789a4f79cc43d6d026998f398e7711a38
Importing tty based on quilt/driver-core
	quilt series is empty
$ git update-ref refs/heads/quilt/tty 640c8e0789a4f79cc43d6d026998f398e7711a38
Importing usb based on quilt/tty
	quilt series is empty
$ git update-ref refs/heads/quilt/usb 640c8e0789a4f79cc43d6d026998f398e7711a38
