Importing i2c based on 2.6.38-rc6-git2
$ git clone -s -l -n -q . ../quilt-tmp
$ cd ../quilt-tmp
$ git reset --hard 4a508dd259f5995b8d31c576b894263f5947d654
HEAD is now at 4a508dd Merge branch 'for-2639-rc4/i2c-fixes' of git://git.fluff.org/bjdooks/linux
$ git quiltimport --author Jean Delvare <khali@linux-fr.org> --patches ../quilt/i2c
i2c-boardinfo-fix-typo-in-comment.patch
i2c-instantiating-devices-fix-typo.patch
i2c-adapter-nr-not-id.patch
i2c-upgrading-clients-fixes.patch
i2c-delete-linux-i2c-id-h.patch
i2c-01-core-export-i2c_for_each_dev.patch
i2c-02-dev-use-bus-notifier.patch
i2c-03-deprecate-attach-detach_adapter.patch
$ cd ../next
$ git fetch -f ../quilt-tmp master:quilt/i2c
From ../quilt-tmp
 + 79c5790...97b85bb master     -> quilt/i2c  (forced update)
Importing jdelvare-hwmon based on 2.6.38-rc6-git2
$ cd ../quilt-tmp
$ git reset --hard 4a508dd259f5995b8d31c576b894263f5947d654
HEAD is now at 4a508dd Merge branch 'for-2639-rc4/i2c-fixes' of git://git.fluff.org/bjdooks/linux
$ git quiltimport --author Jean Delvare <khali@linux-fr.org> --patches ../quilt/jdelvare-hwmon
hwmon-w83795-document-pin-mapping.patch
hwmon-lis3lv02d-01-rework-dependencies.patch
hwmon-lis3lv02d-02-move-hp_accel.patch
/home/sfr/kernels/next/quilt-tmp/.git/rebase-apply/patch:427: new blank line at EOF.
+
warning: 1 line adds whitespace errors.
hwmon-lis3lv02d-03-move-to-misc.patch
hwmon-lis3lv02d-04-fix-hp_accel-driver-name.patch
hwmon-lm75-01-add-support-for-lm75a.patch
hwmon-lm75-02-speed-up-detection.patch
$ cd ../next
$ git fetch -f ../quilt-tmp master:quilt/jdelvare-hwmon
From ../quilt-tmp
 + 105448e...f8df32c master     -> quilt/jdelvare-hwmon  (forced update)
Importing kernel-doc based on 2.6.38-rc5
Unchanged quilt series kernel-doc
Importing rr based on v2.6.38-rc6-93-gef32428
$ cd ../quilt-tmp
$ git reset --hard ef3242859fae47e728b50b7ce3d17b201a71779a
HEAD is now at ef32428 Merge git://git.kernel.org/pub/scm/linux/kernel/git/davem/net-2.6
$ git quiltimport --author Rusty Russell <rusty@rustcorp.com.au> --patches ../quilt/rr
module:deal_with_alignment_issues_in_built_in_versions.patch
module:do_not_hide_modver_version_show_declaration_behind_ifdef.patch
Context reduced to (1/1) to apply fragment at 66
module:remove-padding-64-bit.patch
module:reorder_kparam_array_to_remove_alignment_padding_on_64_bit_builds.patch
virtio:blk_allow_re_reading_config_space_at_runtime.patch
$ cd ../next
$ git fetch -f ../quilt-tmp master:quilt/rr
From ../quilt-tmp
 + 9da0fda...a69e138 master     -> quilt/rr  (forced update)
Importing device-mapper based on v2.6.38-rc4-213-g055d219
Unchanged quilt series device-mapper
