Importing i2c based on 2.6.38-rc5-git2
$ git clone -s -l -n -q . ../quilt-tmp
$ cd ../quilt-tmp
$ git reset --hard ee715087024b91a6ceb85ba2d02f6c35d354a48c
HEAD is now at ee715087 Merge branch 'for-2.6.38' of git://linux-nfs.org/~bfields/linux
$ git quiltimport --author Jean Delvare <khali@linux-fr.org> --patches ../quilt/i2c
i2c-boardinfo-fix-typo-in-comment.patch
i2c-instantiating-devices-fix-typo.patch
i2c-adapter-nr-not-id.patch
i2c-upgrading-clients-fixes.patch
i2c-delete-linux-i2c-id-h.patch
i2c-01-core-export-i2c_for_each_dev.patch
i2c-02-dev-use-bus-notifier.patch
i2c-03-deprecate-attach-detach_adapter.patch
$ cd ../next
$ git fetch -f ../quilt-tmp master:quilt/i2c
From ../quilt-tmp
 + 5a72bb0...95529c6 master     -> quilt/i2c  (forced update)
Importing jdelvare-hwmon based on 2.6.38-rc5-git2
$ cd ../quilt-tmp
$ git reset --hard ee715087024b91a6ceb85ba2d02f6c35d354a48c
HEAD is now at ee715087 Merge branch 'for-2.6.38' of git://linux-nfs.org/~bfields/linux
$ git quiltimport --author Jean Delvare <khali@linux-fr.org> --patches ../quilt/jdelvare-hwmon
hwmon-w83795-document-pin-mapping.patch
hwmon-lis3lv02d-01-rework-dependencies.patch
hwmon-lis3lv02d-02-move-hp_accel.patch
/home/sfr/kernels/next/quilt-tmp/.git/rebase-apply/patch:429: new blank line at EOF.
+
warning: 1 line adds whitespace errors.
hwmon-lis3lv02d-03-move-to-misc.patch
hwmon-lis3lv02d-04-fix-hp_accel-driver-name.patch
$ cd ../next
$ git fetch -f ../quilt-tmp master:quilt/jdelvare-hwmon
From ../quilt-tmp
 + 16e3a98...105448e master     -> quilt/jdelvare-hwmon  (forced update)
Importing kernel-doc based on 2.6.38-rc3
Unchanged quilt series kernel-doc
Importing rr based on v2.6.38-rc4-25-gd3d373e
Unchanged quilt series rr
Importing device-mapper based on v2.6.38-rc4-213-g055d219
Unchanged quilt series device-mapper
