Importing driver-core.current based on 2.6.27-rc3-git6
$ git checkout quilt/driver-core.current
Switched to branch "quilt/driver-core.current"
$ git reset --hard 1fca25427482387689fa27594c992a961d98768f
HEAD is now at 1fca254 Merge branch 'release' of git://git.kernel.org/pub/scm/linux/kernel/git/aegl/linux-2.6
$ git quiltimport --author Greg KH <greg@kroah.com> --patches ../quilt/driver-core.current
device-create-block-convert-device_create_drvdata-to-device_create.patch
device-create-char-convert-device_create_drvdata-to-device_create.patch
device-create-ieee1394-convert-device_create_drvdata-to-device_create.patch
.dotest/patch:35: space before tab in indent.
	    		   MKDEV(IEEE1394_MAJOR,
warning: 1 line adds whitespace errors.
device-create-infiniband-convert-device_create_drvdata-to-device_create.patch
device-create-misc-convert-device_create_drvdata-to-device_create.patch
device-create-net-convert-device_create_drvdata-to-device_create.patch
device-create-s390-convert-device_create_drvdata-to-device_create.patch
device-create-scsi-convert-device_create_drvdata-to-device_create.patch
device-create-sound-convert-device_create_drvdata-to-device_create.patch
device-create-usb-convert-device_create_drvdata-to-device_create.patch
device-create-video-convert-device_create_drvdata-to-device_create.patch
device-create-ide-convert-device_create_drvdata-to-device_create.patch
device-create-remove-device_create_drvdata.patch
kobject-replace-all-occurrences-of-with-instead-of-only-the-first-one.patch
japanese-translation-of-documentation-submitchecklist.patch
drivers-base-driver.c-remove-unused-to_dev-macro.patch
dev_printk-constify-the-dev-argument.patch
driver-model-anti-oopsing-medicine.patch
pm-don-t-skip-device-pm-init-when-config_pm_sleep-isn-t-set-and-config_pm-is-set.patch
driver-core-add-init_name-to-struct-device.patch
pm-remove-warn_on-from-device_pm_add.patch
kobject-fix-kobject_rename-and-config_sysfs.patch
Importing usb.current based on quilt/driver-core.current
	quilt series is empty
$ git update-ref refs/heads/quilt/usb.current 46a106c0df2a01c92243c30506e5d78333b1a122
Importing driver-core based on quilt/usb.current
$ git checkout quilt/driver-core
Switched to branch "quilt/driver-core"
$ git reset --hard 46a106c0df2a01c92243c30506e5d78333b1a122
HEAD is now at 46a106c kobject: Fix kobject_rename and !CONFIG_SYSFS
$ git quiltimport --author Greg KH <greg@kroah.com> --patches ../quilt/driver-core
usb-gadget-move-library-files-into-g_serial-ko.patch
usb-gadget-move-library-files-into-g_ether.ko.patch
usb-gadget-move-library-files-into-g_zero.ko.patch
usb-gadget-move-library-files-into-g_midi.ko.patch
usb-gadget-move-library-files-into-g_file_storage.ko.patch
usb-gadget-move-library-files-into-g_printer.ko.patch
usb-gadget-move-library-files-into-g_cdc.ko.patch
driver-core-basic-infrastructure-for-per-module-dynamic-debug-messages.patch
.dotest/patch:722: space before tab in indent.
	  	$echo "set enabled=1 <module_name>" > dynamic_printk/modules
.dotest/patch:726: space before tab in indent.
	  	$echo "set enabled=0 <module_name>" > dynamic_printk/modules
warning: 2 lines add whitespace errors.
driver-core-make-struct-platform_pm_ops-static.patch
sysfs-support-sysfs_notify-from-atomic-context-with-new-sysfs_notify_dirent.patch
net-convert-the-phy_device-file-to-use-bus_find_device_by_name.patch
put_device-might_sleep.patch
warn-when-statically-allocated-kobjects-are-used.patch
sysfs-crash-debugging.patch
Importing usb based on quilt/driver-core
$ git checkout quilt/usb
Switched to branch "quilt/usb"
$ git reset --hard c3bd92f6ca2b8f6d89d3a9d6f4e78727e1cc7381
HEAD is now at c3bd92f sysfs: crash debugging
$ git quiltimport --author Greg KH <greg@kroah.com> --patches ../quilt/usb
drivers-usb-class-usblp.c-adjust-error-handling-code.patch
usb-kill-urbs-permanently.patch
usb-extend-poisoning-to-anchors.patch
ub-remove-sg_stat.patch
hso-fix-oops-in-read-write-callbacks.patch
hso-fix-refcounting-on-the-ttyhsx-devices.patch
usb-hso-make-tty_operations-const.patch
usb-hso-minor-fixes-due-to-code-review.patch
usb-remove-warn-macro-from-usb.h.patch
usb-remove-info-macro-from-usb.h.patch
.dotest/patch:2027: space before tab in indent.
				 	USB_ENDPOINT_DIR_MASK + info->epnum
warning: 1 line adds whitespace errors.
usb-gotemp.patch
Unchanged quilt series device-mapper
Unchanged quilt series i2c
Importing jdelvare-hwmon based on 2.6.27-rc3-git6
$ git checkout quilt/jdelvare-hwmon
Switched to branch "quilt/jdelvare-hwmon"
$ git reset --hard 1fca25427482387689fa27594c992a961d98768f
HEAD is now at 1fca254 Merge branch 'release' of git://git.kernel.org/pub/scm/linux/kernel/git/aegl/linux-2.6
$ git quiltimport --author Jean Delvare <khali@linux-fr.org> --patches ../quilt/jdelvare-hwmon
hwmon-ad7414-make-ad7414_update_device-static.patch
hwmon-lm90-01-function-for-16-bit-read.patch
hwmon-lm90-02-max6657-extra-local-res.patch
hwmon-lm90-03-max6657-has-no-low-limit-bytes.patch
hwmon-lm90-04-update-links.patch
hwmon-lm90-05-convert-some-macros-to-static-functions.patch
hwmon-lm90-06-support-adt7461-in-extended-mode.patch
hwmon-lm90-07-rename-temperature-conversion-functions.patch
hwmon-lm90-08-support-max6646-max6647-and-max6649.patch
Unchanged quilt series kernel-doc
Importing ide based on 1fca25427482387689fa27594c992a961d98768f
$ git checkout quilt/ide
Switched to branch "quilt/ide"
$ git reset --hard 1fca25427482387689fa27594c992a961d98768f
HEAD is now at 1fca254 Merge branch 'release' of git://git.kernel.org/pub/scm/linux/kernel/git/aegl/linux-2.6
$ git quiltimport --author Bartlomiej Zolnierkiewicz <bzolnier@gmail.com> --patches ../quilt/ide
ide-remove-superfluous-check-from-ide_disk_special.patch
ide-cleanup-ide_disk_init_mult_count.patch
ide-cleanup-ide_fix_driveid.patch
ide-make-drive-id-an-union-take-2.patch
ide-remove-drive-driveid.patch
ide-use-ata_id_current_chs_valid.patch
ide-disk-use-ata_id_wcache_enabled.patch
ide-disk-use-ata_id_hpa_enabled.patch
libata-win_-to-ata_cmd_.patch
ide-win_-to-ata_cmd_.patch
hd-win_-to-ata_cmd_.patch
ide-use-ata_-defines-instead-of-_stat-and-_err-ones.patch
ide-remove-no-longer-needed-ide_drive_t-fields.patch
ide-re-code-ide_fixstring-loop-to-be-less-evil.patch
ide-cd-use-the-new-object_is_in_stack-helper.patch
ide-fix-exabytenest-handling-in-probe_for_drive.patch
ide-enhance-ide_busy_sleep.patch
ide-remove-no-longer-needed-bug_on-s-from-init_irq.patch
ide-remove-ide_chipset_-macros.patch
ide-remove-unused-_ide_c-and-_ide_disk-defines.patch
ide-remove-needless-drive-present-checks-from-device-drivers.patch
ide-check-drive-present-in-ide_get_paired_drive.patch
ide-remove-config_idedisk_multi_mode.patch
ide-include-linux-hdreg-h-only-when-needed.patch
ide-call-ide_proc_register_driver-later.patch
ide-preparations-for-proc-ide-hd_-settings-rework.patch
ide-proc-ide-hd_-settings-rework.patch
ide-remove-sector_words-define.patch
cmd640-add-__set_prefetch_mode.patch
ide-remove-read-only-atapi_overlap-field-from-ide_drive_t.patch
ide-remove-supports_dsc_overlap-field-from-ide_driver_t.patch
ide-factor-out-hdio_-_nice-ioctl-handling-to-ide_-_nice_ioctl.patch
ide-ide_dev_has_iordy-to-ata_id_has_iordy.patch
ide-ide_dev_is_sata-to-ata_id_is_sata.patch
ide-idedisk_supports_lba48-to-ata_id_lba48_enabled.patch
ide-check-only-for-cache-flush-command-support-in-ide_id_has_flush_cache.patch
ide-ide_id_has_flush_cache-to-ata_id_flush_enabled.patch
ide-ide_id_has_flush_cache_ext-to-ata_id_flush_ext_enabled.patch
ide-use-ata_id_is_cfa.patch
ide-ide_id_to_hd_driveid-to-ata_id_to_hd_driveid.patch
ide-lba_capacity_is_ok-to-ata_id_is_lba_capacity_ok.patch
hpt366-add-hpt3xx_disable_fast_irq-helper.patch
ide-add-proper-pci-pm-support.patch
ide-remove-bus_state-field-from-ide_hwif_t.patch
ide-add-ide_setting_ioctl-helper.patch
ide-cleanup-generic_ide_ioctl.patch
ide-move-ioctls-handling-to-ide-ioctls-c.patch
ide-add-ide_check_atapi_device-helper.patch
ide-floppy-remove-needless-parens.patch
ide-floppy-add-ide_floppy_format_ioctl-helper.patch
ide-tape-remove-idetape_init_rq.patch
ide-floppy-use-scatterlists-for-pio-transfers.patch
ide-generic-handle-probing-of-legacy-io-ports-v5.patch
ide-floppy-tape-remove-request-stack.patch
ide-floppy-tape-remove-packet-command-stack.patch
ide-floppy-remove-mode_sense_-defines.patch
ide-floppy-fixup-ide_floppy_io_buffers.patch
ide-scsi-cleanup-ide_scsi_io_buffers.patch
ide-add-ide_io_buffers-helper.patch
ide-floppy-add-ide_floppy_set_media_lock-helper.patch
ide-tape-add-ide_tape_set_media_lock-helper.patch
ide-add-ide_init_pc-helper.patch
ide-add-ide_queue_pc_head-helper.patch
ide-add-ide_queue_pc_tail-helper.patch
ide-floppy-srfp-wp-to-ide_aflag_srfp-wp.patch
ide-floppy-move-floppy-ioctls-handling-to-ide-floppy_ioctl-c.patch
ide-add-ide_set_media_lock-helper-patch
ide-add-ide_do_start_stop-helper.patch
ide-add-ide_do_test_unit_ready-helper.patch
ide-move-idefloppy-tape_wait_cmd-defines-to-linux-ide-h.patch
ide-remove-ide_spin_wait_hwgroup-and-use-special-requests-instead-v2.patch
ide-drop-dsc_handle-argument-from-ide_pc_intr.patch
ide-add-pointer-to-the-current-packet-command-to-ide_drive_t.patch
ide-drop-timeout-and-expiry-arguments-from-ide_pc_intr.patch
ide-add-request_sense_pc-rq-to-ide_drive_t.patch
ide-add-ide_retry_pc-helper.patch
ide-add-pc_update-io_buffers-methods.patch
ide-make-ide_pc_intr-static.patch
ide-make-ide_transfer_pc-static.patch
ide-remove-config_blk_dev_ide-config-option.patch
ide-remove-unnecessary-max_hwifs-checks-from-ide-probe-c.patch
xtensa-remove-dead-config_blk_dev_ide-code.patch
ide-unify-conversion-macros.patch
ide-add-drive-debug_mask-switch.patch
ide-add-a-driver-wide-debugging-macro.patch
ide-floppy-convert-driver-to-the-new-debugging-macro.patch
ide-floppy-add-a-debug_mask-module-parameter.patch
ide-fix-ide-acpi-for-slave-device-only-configurations.patch
ide-disk-set_addressing-fixes.patch
ide-disk-remove-stale-init_idedisk_capacity-documentation.patch
ide-disk-add-ide_do_setfeature-helper.patch
ide-add-device-flags.patch
ide-dma_pio_retry-to-ide_dflag_dma_pio_retry.patch
ide-remove-superfluous-media-field-from-ide_driver_t.patch
ide-remove-superfluous-dma-field-from-ide_hwif_t.patch
ide-remove-superfluous-waiting_for_dma-checks.patch
ide-fix-hdio_drive_task-file-ioctls-for-chs-commands-on-lba-devices.patch
ide-sanitize-ide-_pm_-enums.patch
cy82c693-remove-dead-cy82c693_setdma_clock-code.patch
cy82c693-remove-no-longer-needed-cy82c693_debug_logs-code.patch
ide-use-drive-dn-and-1-instead-of-drive-select-b-unit.patch
ide-remove-ata_-select_t.patch
ide-convert-pio_mode-device-setting-to-use-ds_sync-flag.patch
ide-factor-out-reset-error-reporting-from-reset_pollfunc.patch
ide-merge-all-taskfile_no_data-data-phase-handlers-into-taskfile_no_intr.patch
Importing m68k based on 1fca25427482387689fa27594c992a961d98768f
$ git checkout quilt/m68k
Switched to branch "quilt/m68k"
$ git reset --hard 1fca25427482387689fa27594c992a961d98768f
HEAD is now at 1fca254 Merge branch 'release' of git://git.kernel.org/pub/scm/linux/kernel/git/aegl/linux-2.6
$ git quiltimport --author Geert Uytterhoeven <geert@linux-m68k.org> --patches ../quilt/m68k
m68k-use-bcd2bin-bin2bcd.diff
m68k-use-percent-pS-infrastructure.diff
Importing rr based on v2.6.27-rc3-448-ga7f5aaf
$ git checkout quilt/rr
Switched to branch "quilt/rr"
$ git reset --hard a7f5aaf36ded825477c4d7167cc6eb1bcdc63191
HEAD is now at a7f5aaf Merge branch 'x86-fixes-for-linus' of git://git.kernel.org/pub/scm/linux/kernel/git/tip/linux-2.6-tip
$ git quiltimport --author Rusty Russell <rusty@rustcorp.com.au> --patches ../quilt/rr
virtio:balloon_fix_towards_target_when_deflating_balloon.patch
stop_machine:xen_suspend.patch
stop_machine:remove-stop_machine_run.patch
lguest:update-commentry.patch
module:remove_config_kmod.patch
Importing ttydev based on b09c3e3f1710b554348c98e78fbf4a661918779a
$ git checkout quilt/ttydev
Switched to branch "quilt/ttydev"
$ git reset --hard b09c3e3f1710b554348c98e78fbf4a661918779a
HEAD is now at b09c3e3 removed unused #include <version.h>
$ git quiltimport --author Alan Cox <alan@lxorguk.ukuu.org.uk> --patches ../quilt/ttydev
mcfserial-goes-byebye
epca-port-init
serial-remove-nr-irq
.dotest/patch:163: trailing whitespace.
	
warning: 1 line adds whitespace errors.
blackfin-use-initdata
blackfin-suspend-all
blackfin-whitespace-trim
blackfin-common-vars
blackfin-remove-useless-stop
blackfin-fix-stop-bug
blackfin-fix-ircp-bug
blackfin-fix-uart-map
tty-move-tioclinux
tty-fixup-uml
tty-split-buffering
tty-split-port
tty-fix-pty-termios-race
tty-kref
tty-kref-modcount
tty-kref-get-current-tty
tty-move-write
tty-usbserial-kref
.dotest/patch:132: trailing whitespace.
out:		
.dotest/patch:324: trailing whitespace.
		
.dotest/patch:895: trailing whitespace.
		if (tty && !C_CLOCAL(tty)) 
.dotest/patch:1063: trailing whitespace.
	tty_kref_put(tty);		     
.dotest/patch:1313: trailing whitespace.
		} else 
warning: 5 lines add whitespace errors.
tty-misc-kref
tty-kref-stallion
tty-kref-mxser
.dotest/patch:390: trailing whitespace.
				
warning: 1 line adds whitespace errors.
tty-fix-vhangup
tty-current-locking
tty-current-fix-abusers
tty-tiocrs485
tty-kref-hso
tty-fix-pty
char-cyclades-remove-bogus-iomap.patch
char-sx-fix-io-unmapping.patch
8250-remove-a-few-inlines-of-dubious-value.patch
vt-remove-bogus-lockdrop
tty-fix-shutdown
