Importing i2c based on 2.6.38-git4
$ git clone -s -l -n -q . ../quilt-tmp
$ cd ../quilt-tmp
$ git reset --hard 054cfaacf88865bff1dd58d305443d5d6c068a08
HEAD is now at 054cfaa Merge branch 'mnt_devname' of git://git.kernel.org/pub/scm/linux/kernel/git/viro/vfs-2.6
$ git quiltimport --author Jean Delvare <khali@linux-fr.org> --patches ../quilt/i2c
i2c-boardinfo-fix-typo-in-comment.patch
i2c-instantiating-devices-fix-typo.patch
i2c-adapter-nr-not-id.patch
i2c-upgrading-clients-fixes.patch
i2c-delete-linux-i2c-id-h.patch
i2c-01-core-export-i2c_for_each_dev.patch
i2c-02-dev-use-bus-notifier.patch
i2c-03-deprecate-attach-detach_adapter.patch
$ cd ../next
$ git fetch -f ../quilt-tmp master:quilt/i2c
From ../quilt-tmp
 + e2a56a4...3bd7820 master     -> quilt/i2c  (forced update)
Importing jdelvare-hwmon based on 2.6.38-git4
$ cd ../quilt-tmp
$ git reset --hard 054cfaacf88865bff1dd58d305443d5d6c068a08
HEAD is now at 054cfaa Merge branch 'mnt_devname' of git://git.kernel.org/pub/scm/linux/kernel/git/viro/vfs-2.6
$ git quiltimport --author Jean Delvare <khali@linux-fr.org> --patches ../quilt/jdelvare-hwmon
hwmon-w83795-document-pin-mapping.patch
hwmon-sht15-01-spelling-fix.patch
hwmon-sht15-02-fix-integer-overflow-in-humidity-calculation.patch
hwmon-lis3lv02d-01-rework-dependencies.patch
hwmon-lis3lv02d-02-move-hp_accel.patch
/home/sfr/kernels/next/quilt-tmp/.git/rebase-apply/patch:427: new blank line at EOF.
+
warning: 1 line adds whitespace errors.
hwmon-lis3lv02d-03-move-to-misc.patch
hwmon-lis3lv02d-04-fix-hp_accel-driver-name.patch
hwmon-lm75-01-add-support-for-lm75a.patch
hwmon-lm75-02-speed-up-detection.patch
hwmon-add-support-for-texas-instruments-ads1015.patch
hwmon-ads1015-drop-dynamic-attribute-group.patch
hwmon-ads1015-add-maintainers-entry.patch
hwmon-abituguru-update-email-address.patch
hwmon-new-driver-for-smsc-sch5627.patch
$ cd ../next
$ git fetch -f ../quilt-tmp master:quilt/jdelvare-hwmon
From ../quilt-tmp
 + 9ce7d96...a6661c6 master     -> quilt/jdelvare-hwmon  (forced update)
Importing kernel-doc based on 2.6.38-rc8
Unchanged quilt series kernel-doc
Importing rr based on v2.6.38-rc6-93-gef32428
Unchanged quilt series rr
Importing device-mapper based on v2.6.38-rc4-213-g055d219
Unchanged quilt series device-mapper
