Importing driver-core.current based on 2.6.34-rc5
$ git clone -s -l -n -q . ../quilt-tmp
$ cd ../quilt-tmp
$ git reset --hard 01bf0b64579ead8a82e7cfc32ae44bc667e7ad0f
HEAD is now at 01bf0b6 Linux 2.6.34-rc5
$ git quiltimport --author Greg KH <greg@kroah.com> --patches ../quilt/driver-core.current
documentation-stable-rules-upstream-commit-id-requirement-reworded.patch
documentation-howto-update-git-home-url.patch
sysfs-use-sysfs_attr_init-in-asus-atk0110-driver.patch
drivers-base-cpu.c-fix-the-output-from-sys-devices-system-cpu-offline.patch
firmware_class-fix-memory-leak-free-allocated-pages.patch
$ cd ../next
$ git fetch -f ../quilt-tmp master:quilt/driver-core.current
From ../quilt-tmp
 + c26afde...6454d23 master     -> quilt/driver-core.current  (forced update)
Importing tty.current based on quilt/driver-core.current
$ cd ../quilt-tmp
$ git reset --hard 6454d23dedf4019fcae868818ae63c755dd42be0
HEAD is now at 6454d23 firmware_class: fix memory leak - free allocated pages
$ git quiltimport --author Greg KH <greg@kroah.com> --patches ../quilt/tty.current
tty-fix-regressions-in-the-char-driver-conversion.patch
serial-8250_pnp-add-fujitsu-wacom-device.patch
$ cd ../next
$ git fetch -f ../quilt-tmp master:quilt/tty.current
From ../quilt-tmp
 + 55ea056...c3486da master     -> quilt/tty.current  (forced update)
Importing usb.current based on quilt/tty.current
$ cd ../quilt-tmp
$ git reset --hard c3486dadf7fdb78d812017a102f45e2c8a7614cf
HEAD is now at c3486da serial: 8250_pnp - add Fujitsu Wacom device
$ git quiltimport --author Greg KH <greg@kroah.com> --patches ../quilt/usb.current
usb-ti_usb_3410_5052-adding-multitech-dialup-fax-modem-devices.patch
usb-fixed-bug-in-usbsevseg-using-usb-autosuspend-incorrectly.patch
usb-ehci-omap-fix-kernel-panic-with-rmmod.patch
usb-wusb-don-t-overflow-the-keep-alive-ie-buffer.patch
usb-qcaux-add-lg-rumor-and-sanyo-katana-lx-device-ids.patch
usb-ohci-da8xx-omap-l1x-fix-up-macro-rename.patch
usb-add-id-for-hp-ev2210-a.k.a-sierra-mc5725-minipci-e-cell-modem.patch
usb-pl2303-add-adlink-nd-6530-usb-ids.patch
usb-fix-remote-wakeup-settings-during-system-sleep.patch
usb-ehci-defer-reclamation-of-sitds.patch
usb-put-claimed-interfaces-in-the-suspended-state.patch
usb-increase-timeout-value-for-device-reset.patch
musb-fix-power-field-to-hold-all-possible-values.patch
musb-blackfin-don-t-fake-blackfin_interrupt-result.patch
musb-save-and-restore-missing-bus-control-register.patch
musb-potential-use-after-free.patch
musb_core-don-t-touch-musb-clock-in-musb_free.patch
musb_core-don-t-prevent-disabling-clock-on-driver-unload.patch
musb-davinci-fix-musb_platform_init-error-cleanup-path.patch
musb-omap-don-t-call-clk_put.patch
musb_core-don-t-call-musb_platform_exit-twice.patch
musb-fix-davinci-glue-layer-dependency.patch
musb_core-fix-musb_init_controller-error-cleanup-path.patch
usb-fix-tusb6010-for-dma-api.patch
usb-fix-testing-the-wrong-variable-in-fs_create_by_name.patch
usb-cdc-acm-add-another-device-quirk.patch
usb-don-t-choose-configs-with-no-interfaces.patch
usb-ohci-don-t-look-at-the-root-hub-to-get-the-number-of-ports.patch
usb-xhci-properly-set-the-mult-field-of-the-endpoint-context.patch
usb-xhci-properly-set-endpoint-context-fields-for-periodic-eps.patch
usb-option-add-id-for-zte-mf-330.patch
usb-serial-pl2303-hybrid-reader-uniform-hcr331.patch
usb-serial-option-zteac8710-support-with-device-id-0xffff.patch
usb-serial-option-add-cinterion-device-id.patch
usb-oxu210hp-release-spinlock-on-error-path.patch
usb-fix-build-on-omaps-if-config_pm_runtime-is-not-set.patch
usb-gadget-s3c-hsotg-add-missing-unlock.patch
usb-ti_usb-fix-printk-format-warning.patch
usb-rename-usb_buffer_alloc-and-usb_buffer_free.patch
$ cd ../next
$ git fetch -f ../quilt-tmp master:quilt/usb.current
From ../quilt-tmp
 + ff141c8...3b610e9 master     -> quilt/usb.current  (forced update)
Importing staging.current based on quilt/usb.current
$ cd ../quilt-tmp
$ git reset --hard 3b610e93ec0f8b3256d582b3f8d06230fc133bfb
HEAD is now at 3b610e9 USB: rename usb_buffer_alloc() and usb_buffer_free()
$ git quiltimport --author Greg KH <greg@kroah.com> --patches ../quilt/staging.current
staging-iio-lis3l02dq-incorrect-ws-used-in-container-of-call.patch
staging-iio-test-for-failed-allocation.patch
staging-iio-light-fix-dangling-pointers.patch
staging-iio-adc-fix-dangling-pointers.patch
staging-iio-function-iio_get_new_idr_val-return-negative-value-if-fails.patch
staging-iio-ring_sw-fix-incorrect-test-on-successful-read-of-last-value-causes-infinite-loop.patch
staging-hv-fix-a-bug-affecting-ipv6.patch
staging-hv-fix-up-memory-leak-on-hvcleanup.patch
staging-hv-name-network-device-ethx-rather-than-sethx.patch
staging-rtl8192su-add-usb-id-for-0bda-8171.patch
staging-usbip-fix-deadlock.patch
staging-dt3155-fix-50hz-configuration.patch
staging-rtl8192su-add-support-for-belkin-f5d8053-v6.patch
staging-fix-dt3155-build.patch
staging-rt2860-add-belkin-f5d8055-wireless-n-usb-dongle-device-id.patch
staging-add-add-sitecom-wl-349-to-rtl8192su.patch
staging-iio-fix-up-the-iio_get_new_idr_val-comment.patch
staging-batman-adv-don-t-have-interrupts-disabled-while-sending.patch
staging-batman-adv-fix-vis-output-bug-for-secondary-interfaces.patch
staging-batman-adv-fixing-wrap-around-bug-in-vis.patch
staging-vme-re-introduce-necessary-brackets.patch
$ cd ../next
$ git fetch -f ../quilt-tmp master:quilt/staging.current
From ../quilt-tmp
 + 48711b4...75b74a7 master     -> quilt/staging.current  (forced update)
Importing i2c based on 2.6.34-rc5-git3
Unchanged quilt series i2c
Importing jdelvare-hwmon based on 2.6.34-rc5
Unchanged quilt series jdelvare-hwmon
Importing kernel-doc based on 2.6.34-rc3-git5
Unchanged quilt series kernel-doc
Importing rr based on v2.6.34-rc5
Unchanged quilt series rr
Importing device-mapper based on v2.6.33-5070-g64ba992
Unchanged quilt series device-mapper
Importing aoe based on v2.6.31-rc9
Unchanged quilt series aoe
Importing driver-core based on quilt/staging.current
$ cd ../quilt-tmp
$ git reset --hard 75b74a7ab449d80467a10ae28258578b954fa1d9
HEAD is now at 75b74a7 Staging: vme: Re-introduce necessary brackets
$ git quiltimport --author Greg KH <greg@kroah.com> --patches ../quilt/driver-core
kref-remove-kref_set.patch
driver-core-reduce-the-level-of-request_firmware-messages.patch
driver-core-fix-potential-race-condition-in-drivers-base-dd.c.patch
driver-core-don-t-initialize-wakeup-flags.patch
driver-core-early-dev_name-support.patch
driver-core-module.c-use-kasprintf.patch
devtmpfs-support-config_tmpfs.patch
platform_bus-allow-custom-extensions-to-system-pm-methods.patch
drivers-base-convert-sema.patch
lockdep-add-novalidate-class-for-dev-mutex-conversion.patch
firmware-class-export-nowait-to-userspace.patch
firmware-loader-rely-on-driver-core-to-create-class-attribute.patch
firmware-loader-split-out-builtin-firmware-handling.patch
firmware-loader-do-not-allocate-firmare-id-separately.patch
driver-core-protect-device-shutdown-from-hot-unplug-events.patch
sysfs-basic-support-for-multiple-super-blocks.patch
sysfs-remove-double-free-sysfs_get_sb.patch
kobj-add-basic-infrastructure-for-dealing-with-namespaces.patch
sysfs-implement-sysfs-tagged-directory-support.patch
sysfs-add-support-for-tagged-directories-with-untagged-members.patch
sysfs-implement-sysfs_delete_link.patch
driver-core-implement-ns-directory-support-for-device-classes.patch
$ cd ../next
$ git fetch -f ../quilt-tmp master:quilt/driver-core
From ../quilt-tmp
 + ee8bc78...146b3bd master     -> quilt/driver-core  (forced update)
Importing tty based on quilt/driver-core
$ cd ../quilt-tmp
$ git reset --hard 146b3bde22e1592689c0aa2595c543ccab22c9de
HEAD is now at 146b3bd driver core: Implement ns directory support for device classes.
$ git quiltimport --author Greg KH <greg@kroah.com> --patches ../quilt/tty
serial-bfin_sport_uart-work-around-anomaly-05000473-make-32bit-fifo-read-atomic.patch
serial-bfin_sport_uart-shorten-the-sport-tx-waiting-loop.patch
serial-bfin_sport_uart-remove-unused-peripheral-pin-lists.patch
serial-bfin_sport_uart-add-missing-mapbase-initialization.patch
serial-bfin_sport_uart-rename-early-platform-driver-class-string.patch
serial-bfin_sport_uart-add-support-for-cts-rts-via-gpios.patch
serial-bfin_sport_uart-protect-changes-to-uart_port.patch
serial-bfin_sport_uart-zero-sport_uart_port-if-allocated-dynamically.patch
serial-bfin_sport_uart-drop-useless-status-masks.patch
serial-bfin_sport_uart-only-enable-sport-tx-if-data-is-to-be-sent.patch
serial-bfin_sport_uart-pull-in-bfin_sport.h-for-sport-defines.patch
serial-bfin_sport_uart-drop-the-experimental-markings.patch
serial-bfin_sport_uart-drop-redundant-cpu-depends.patch
serial-tty-new-ldiscs-for-staging.patch
tty-n_gsm-line-discipline.patch
serial-uartlite-move-from-byte-accesses-to-word-accesses.patch
$ cd ../next
$ git fetch -f ../quilt-tmp master:quilt/tty
From ../quilt-tmp
 + 39658c5...cfc61e9 master     -> quilt/tty  (forced update)
Importing usb based on quilt/tty
$ cd ../quilt-tmp
$ git reset --hard cfc61e988acf7e3ef2ac886e291bd524de603400
HEAD is now at cfc61e9 serial: uartlite: move from byte accesses to word accesses
$ git quiltimport --author Greg KH <greg@kroah.com> --patches ../quilt/usb
usb-sisusbvga-remove-the-bkl-from-ioctl.patch
usb-cdc-acm-make-bitfields-unsigned.patch
usb-remove-large-struct-from-the-stack-in-usb-storage-isd200-driver.patch
usb-remove-duplicated-include.patch
usb-remove-bogus-usb_port_feat_-_speed-symbols.patch
usb-straighten-out-port-feature-vs.-port-status-usage.patch
usb-remove-uses-of-urb_no_setup_dma_map.patch
usb-ehci-au1xxx-does-not-need-ehci-io-watchdog.patch
usb-serial-use-tty_port-version-console-instead-of-usb_serial_port.patch
usb-musb-allow-board-to-pass-down-fifo-mode.patch
usb-musb-set-transceiver-interface-type.patch
usb-musb-build-musb-driver-for-omap4.patch
usb-musb-add-omap4-support-in-musb-driver.patch
usb-musb-allow-the-blackfin-vrsel-gpio-to-be-active-low.patch
usb-musb-add-debugfs-support.patch
usb-musb-gadget-support-musb-specific-test-modes.patch
usb-musb-hsdma-use-musb_read-writel.patch
usb-f_mass_storage-dynamic-buffers-for-better-alignment.patch
usb-console-pass-baud-from-console-to-the-initial-tty-open.patch
usb-serial-driver-zio-motherboard.patch
usb-fix-serial-build-when-sysrq-is-disabled.patch
usb-add-a-new-quirk-usb_quirk_honor_bnuminterfaces.patch
usb-serial-allow-drivers-to-define-bulk-buffer-sizes.patch
usb-cp210x-increase-the-bulk-out-buffer-size-to-256-byte.patch
usb-cp210x-increase-bulk-in-buffer-size-to-256-byte.patch
usb-pl2303-increase-the-bulk-out-buffer-size-to-256-byte.patch
usb-pl2303-increase-bulk-in-buffer-size-to-256-byte.patch
usb-serial-fix-generic-chars_in_buffer.patch
usb-serial-fix-missing-locking-on-fifo-in-write-callback.patch
usb-serial-clear-fifo-on-close.patch
usb-serial-refactor-generic-close.patch
usb-serial-refactor-read-urb-submission-in-generic-driver.patch
usb-serial-remove-unnecessary-re-initialisation-of-generic-urbs.patch
usb-cp210x-use-generic-submit_read_urb-at-open.patch
usb-serial-clean-up-read-processing-in-generic-driver.patch
usb-serial-generalise-generic-read-implementation.patch
usb-pl2303-switch-to-generic-read-implementation.patch
usb-serial-export-generic-throttle-and-unthrottle.patch
usb-ftdi_sio-switch-to-generic-read-implementation.patch
usb-serial-clean-up-some-error-and-debug-messages-in-generic-driver.patch
usb-serial-clean-up-generic-write-start-busy-test.patch
usb-pl2303-switch-to-generic-write-implementation.patch
usb-pl2303-use-generic-close.patch
usb-usb_debug-use-the-generic-kfifo-based-write-implementation.patch
usb-serial-allow-custom-multi-urb-write-bulk-callbacks.patch
usb-serial-re-implement-multi-urb-writes-in-generic-driver.patch
usb-serial-generalise-write-buffer-preparation.patch
usb-ftdi_sio-fix-some-coding-style-issues.patch
usb-gadget-add-hid-gadget-driver.patch
/home/sfr/kernels/next/quilt-tmp/.git/rebase-apply/patch:96: space before tab in indent.
 	gadget driver. To use, point it at a hidg device and set the
/home/sfr/kernels/next/quilt-tmp/.git/rebase-apply/patch:97: space before tab in indent.
 	device type (keyboard / mouse / joystick) - E.G.:
warning: 2 lines add whitespace errors.
usb-option.c-option_indat_callback-resubmit-some-unsuccessful-urbs.patch
usb-musb-debugfs-musb_exit_debugfs-can-be-called-on-probe.patch
usb-musb-support-host-gadget-role-switching-on-blackfin-parts.patch
musb-omap-remove-omap_vbus_power.patch
musb-blackfin-remove-bfin_vbus_power.patch
musb-omap-make-musb_platform_suspend-static.patch
musb-blackfin-remove-musb_platform_-suspend-resume.patch
usb-musb-omap2430-remove-unused-define.patch
usb-musb-omap2430.c-remove-unnecessary-includes.patch
usb-musb-makefile-remove-unexistent-config-option.patch
usb-musb-add-extvbus-in-musb_board_data.patch
usb-musb-add-ulpi-access-operations.patch
usb-gadget-allow-larger-configuration-descriptors.patch
usb-gadget-f_mass_storage-per-function.patch
usb-otg-twl4030-use-the-global-ulpi-register-definitions.patch
usb-pxa27x_udc-use-four-bits-to-store-endpoint-addresses.patch
usb-fix-usbmon-and-dma-mapping-for-scatter-gather-urbs.patch
usb-improve-runtime-remote-wakeup-settings.patch
usb-don-t-enable-remote-wakeup-by-default.patch
usb-use-pm-core-routines-to-enable-disable-autosuspend.patch
usb-deprecate-the-power-level-sysfs-attribute.patch
usb-serial-add-generic-usb-wwan-support.patch
usb-option-use-generic-usb-wwan-code.patch
usb-qcserial-use-generic-usb-wwan-code.patch
usb-qcserial-add-support-for-qualcomm-gobi-2000-devices.patch
usb-add-parsing-of-superspeed-endpoint-companion-descriptor.patch
usb-add-stream-id-field-to-struct-urb.patch
xhci-add-memory-allocation-for-usb3-bulk-streams.patch
usb-xhci-correct-assumptions-about-number-of-rings-per-endpoint.patch
usb-support-for-allocating-usb-3.0-streams.patch
usb-storage-remove-unneeded-sl11r-unusual_devs-entry.patch
usb-ehci-elide-i-o-watchdog-on-nec-parts.patch
usb-omap-switch-to-subsys_initcall-for-isp1301-transceiver.patch
usb-ueagle-fix-coding-styles.patch
devices-fix-coding-styles.patch
short-new-graph-for-usb-serial.txt.patch
usb-rename-usb_buffer_alloc-and-usb_buffer_free-users.patch
usb-staging-fix-up-usb_buffer_alloc-calls-in-the-staging-tree.patch
usb-remove-unused-usb_buffer_alloc-and-usb_buffer_free-macros.patch
$ cd ../next
$ git fetch -f ../quilt-tmp master:quilt/usb
From ../quilt-tmp
 + 8671cbf...95a90c3 master     -> quilt/usb  (forced update)
