Unchanged quilt series driver-core.current
Unchanged quilt series usb.current
Unchanged quilt series device-mapper
Unchanged quilt series i2c
Unchanged quilt series jdelvare-hwmon
Unchanged quilt series kernel-doc
Unchanged quilt series rr
Unchanged quilt series ttydev
Unchanged quilt series aoe
Unchanged quilt series driver-core
Importing usb based on quilt/driver-core
$ git clone -s -l -n -q . ../quilt-tmp
$ cd ../quilt-tmp
$ git reset --hard a474797396f767d0352969de063e64847015a5af
HEAD is now at a474797 debugfs: dont stop on first failed recursive delete
$ git quiltimport --author Greg KH <greg@kroah.com> --patches ../quilt/usb
musb_gadget-fix-unhandled-endpoint-0-irqs.patch
musb_gadget-suppress-parasitic-tx-interrupts-with-cppi.patch
musb_host-refactor-musb_save_toggle.patch
musb_host-factor-out-musb_ep_-get-set-_qh.patch
musb_host-simplify-check-for-active-urb.patch
musb_host-streamline-musb_cleanup_urb-calls.patch
musb_host-refactor-urb-giveback.patch
musb-split-out-cppi-interrupt-handler.patch
usb-move-twl4030_usb-s-probe-function-to-.devinit.text.patch
usb-move-r8a66597_hcd-s-probe-function-to-.devinit.text.patch
usb-move-orion-ehci-s-probe-function-to-.devinit.text.patch
usb-twl4030-usb-fix-minor-reporting-goofage.patch
usb-nop-usb-xceiv-behave-when-linked-as-a-module.patch
musb-proper-hookup-to-transceiver-drivers.patch
musb-otg-timer-cleanup.patch
musb-make-initial-hnp-roleswitch-work.patch
musb-support-disconnect-after-hnp-roleswitch.patch
musb-use-dma-mode-1-for-tx-if-transfer-size-equals-maxpacket.patch
musb-add-high-bandwidth-iso-support.patch
usb-serial-ftdi-add-high-speed-device-support.patch
usb-consolidate-usb_unbind_interface-and-usb_driver_release_interface.patch
usb-usbfs-deprecate-and-hide-option-for-embedded.patch
usb-ignore-storage-device-in-modem-mode-on-dwn-652.patch
usb-core-sysfs-fix-sparse-warnings.patch
usb-ci13xxx_udc-use-helper-functions-to-determine-endpoint-type-and-direction.patch
usb-atmel_usba_udc-use-helper-functions-to-determine-endpoint-type-and-direction.patch
usb-at91_udc-use-helper-functions-to-determine-endpoint-type-and-direction.patch
usb-goku-s-use-helper-functions-to-determine-endpoint-type-and-direction.patch
usb-gadgetfs-use-helper-functions-to-determine-endpoint-type-and-direction.patch
usb-uhci-queue-use-usb_endpoint_type.patch
usb-pxa27x_udc-introduce-pxa27x_clear_otgph.patch
usb-pxa27x_udc-compatibility-with-pxa320-soc.patch
usb-pxa27x_udc-single-thread-setup-requests.patch
usb-host-ohci-hcd.c-fix-sparse-warnings.patch
usb-hub.c-fix-sparse-warnings.patch
usb-mos7840-fix-debug-log-messages.patch
usb-add-usb-debugfs-directory.patch
usb-ehci-use-the-new-usb-debugfs-directory.patch
usb-fhci-use-the-new-usb-debugfs-directory.patch
usb-ohci-use-the-new-usb-debugfs-directory.patch
usb-uhci-use-the-new-usb-debugfs-directory.patch
usb-usbmon-use-the-new-usb-debugfs-directory.patch
usb-add-the-usbfs-devices-file-to-debugfs.patch
nls-utf8_wcstombs-use-correct-buffer-size-in-error-case.patch
nls-utf8_wcstombs-fix-buffer-overflow.patch
usb-return-device-strings-in-utf-8.patch
usb-ohci-use-the-ohci-structure-directly-in-debugfs-files.patch
usb-ehci-create-sysfs-companion-files-directly-in-the-controller-device.patch
usb-remove-unused-usb_host-class.patch
usb-serial-sierra-driver-performance-improvements.patch
usb-serial-sierra-driver-debug-info-visibility-improvement.patch
usb-g_file_storage-use-the-unaligned-accessors.patch
pci-add-power-state-name-strings.patch
usb-move-pci-host-controllers-to-new-pm-framework.patch
usb-new-flag-for-resume-from-hibernation.patch
usb-identify-novatel-mc760-in-option-driver.patch
usb-garmin_gps-removes-usb_reset_device-from-garmin_close.patch
usb-xhci-support-xhci-host-controllers-and-usb-3.0-devices.patch
usb-xhci-bios-handoff-and-hw-initialization.patch
usb-xhci-ring-allocation-and-initialization.patch
usb-xhci-device-context-array-allocation.patch
usb-xhci-no-op-command-queueing-and-irq-handler.patch
usb-add-superspeed-to-the-list-of-usb-device-speeds.patch
usb-add-usb-3.0-roothub-support-to-usb-core.patch
usb-don-t-reset-usb-3.0-devices-on-port-change-detection.patch
usb-add-route-string-to-struct-usb_device.patch
usb-xhci-root-hub-support.patch
usb-support-for-addressing-a-usb-device-under-xhci.patch
usb-xhci-allocate-and-address-usb-devices.patch
usb-support-for-submitting-control-urbs-under-xhci.patch
usb-xhci-control-transfer-support.patch
usb-parse-and-store-the-superspeed-endpoint-companion-descriptors.patch
usb-support-for-bandwidth-allocation.patch
usb-xhci-bandwidth-allocation-support.patch
usb-xhci-bulk-transfer-support.patch
usb-push-scatter-gather-lists-down-to-host-controller-drivers.patch
usb-xhci-scatter-gather-list-support-for-bulk-transfers.patch
usb-xhci-use-generic-hcd-throughput-statistics.patch
usb-xhci-urb-cancellation-support.patch
usb-xhci-add-makefile-maintainers-and-kconfig-entries.patch
usb-xhci-use-xhci_handle_event-instead-of-handle_event.patch
usb-xhci-fix-some-compiler-warnings-in-xhci.h.patch
usb-xhci-fix-lots-of-compiler-warnings.patch
$ cd ../next
$ git fetch -f ../quilt-tmp master:quilt/usb
From ../quilt-tmp
 + a9a6bc7...c33f022 master     -> quilt/usb  (forced update)
Importing staging based on quilt/usb
$ cd ../quilt-tmp
$ git reset --hard c33f022859ddcbbb20b366cb8fc93c5a713a9261
HEAD is now at c33f022 USB: xhci: fix lots of compiler warnings.
$ git quiltimport --author Greg KH <greg@kroah.com> --patches ../quilt/staging
staging-w35und-unregister-device-from-the-ieee80211-stack-upon-disconnect.patch
staging-rt2870-new-device-id.patch
staging-rtl8187se-fix-compilation-warnings-and-procfs-directory-leak.patch
staging-comedi-david-doesn-t-want-to-get-comedi-patches.patch
staging-comedi-remove-ni_board-typedef.patch
staging-comedi-remove-ni_private-typedef.patch
staging-comedi-remove-local_info_t-typedef-in-ni_labpc_cs.patch
staging-comedi-remove-dio24_board_struct-typedef.patch
staging-comedi-remove-local_info_t-typedef-in-ni_daq_dio24.patch
staging-comedi-remove-byte-and-pbyte-typedefs-in-addi-data.patch
staging-comedi-remove-short-and-pshort-typedefs-in-addi-data.patch
staging-comedi-remove-ushort-and-pushort-typedefs-in-addi-data.patch
staging-comedi-remove-word-and-pword-typedefs-in-addi-data.patch
staging-comedi-remove-int-and-pint-typedefs-in-addi-data.patch
staging-comedi-remove-uint-and-puint-typedefs-in-addi-data.patch
staging-comedi-remove-long-and-plong-typedefs-in-addi-data.patch
staging-comedi-remove-ulong-and-pulong-typedefs-in-addi-data.patch
staging-comedi-remove-dword-and-pdword-typedefs-in-addi-data.patch
staging-comedi-remove-ulong_ptr-typedef-in-addi-data.patch
staging-comedi-remove-pcrange-typedef-in-addi-data.patch
staging-comedi-remove-boardtype-typedef-in-addi-data.patch
staging-comedi-remove-str_moduleinfo-typedef-in-addi-data.patch
staging-comedi-remove-addi_private-typedef-in-addi-data.patch
staging-comedi-remove-str_mainheader-typedef-in-addi-data-addi_eeprom.c.patch
staging-comedi-remove-str_digitalinputheader-typedef-in-addi-data-addi_eeprom.c.patch
staging-comedi-remove-str_digitaloutputheader-typedef-in-addi-data-addi_eeprom.c.patch
staging-comedi-remove-str_timerdetails-typedef-in-addi-data-addi_eeprom.c.patch
staging-comedi-remove-str_timermainheader-typedef-in-addi-data-addi_eeprom.c.patch
staging-comedi-remove-str_analogreadinformation-typedef-in-addi-data-hwdrv_apci3120.h.patch
staging-comedi-remove-str_module-typedef-in-addi-data-hwdrv_apci3200.h.patch
staging-comedi-remove-str_boardinfos-typedef-in-addi-data-hwdrv_apci3200.patch
staging-comedi-remove-str_addidata_rtdstruct-typedef-in-addi-data-hwdrv_apci3200.patch
staging-comedi-remove-labpc_board_struct-typedef.patch
staging-comedi-remove-labpc_private-typedef.patch
staging-comedi-remove-str_analoginputheader-typedef-in-addi-data-addi_eeprom.c.patch
staging-comedi-remove-c99-comments-in-8253.h.patch
staging-comedi-remove-c99-comments-in-acl7225b.c.patch
staging-comedi-remove-c99-comments-in-apci1710_82x54.c.patch
staging-comedi-remove-c99-comments-in-das1800.c.patch
staging-comedi-remove-c99-comments-in-pcl818.c.patch
staging-comedi-remove-c99-comments-in-hwdrv_apci1500.c.patch
staging-comedi-remove-c99-comments-in-apci1710_pwm.c.patch
staging-comedi-remove-c99-comments-in-hwdrv_apci1564.c.patch
staging-comedi-remove-c99-comments-in-hwdrv_apci3200.c.patch
staging-comedi-remove-c99-comments-in-hwdrv_apci3120.c.patch
staging-comedi-remove-c99-comments-in-adl_pci6208.c.patch
staging-comedi-remove-c99-comments-in-adl_pci9118.c.patch
staging-comedi-remove-c99-comments-in-adv_pci1723.c.patch
staging-comedi-remove-c99-comments-in-c6xdigio.c.patch
staging-comedi-remove-c99-comments-in-cb_pcidas64.c.patch
staging-comedi-remove-c99-comments-in-cb_pcidas.c.patch
staging-comedi-remove-c99-comments-in-cb_pcimdas.c.patch
staging-comedi-remove-c99-comments-in-gsc_hpdi.c.patch
staging-comedi-remove-c99-comments-in-mpc624.c.patch
staging-comedi-remove-c99-comments-in-ni_at_a2150.c.patch
staging-comedi-remove-c99-comments-in-ni_labpc.c.patch
staging-comedi-remove-c99-comments-in-pcl724.c.patch
staging-comedi-remove-c99-comments-in-pcl816.c.patch
staging-comedi-remove-c99-comments-in-s526.c.patch
staging-comedi-remove-interrupt.h.patch
staging-comedi-remove-c99-comments.patch
staging-comedi-finish-removing-ni_private-typedef.patch
staging-comedi-pcmcia_parse_tuple-now-has-two-arguments-not-three.patch
staging-comedi-fix-build-errors-in-pcmcia-comedi-drivers.patch
staging-comedi-set-pci-and-pcmcia-defines.patch
staging-comedi-fixed-kconfig-option-for-comedi_pcmcia_drivers.patch
staging-comedi-pcl818-fix-option-handling-for-fifo-mode.patch
staging-comedi-pcl818-tidy-up-ai-command-after-channel-dropout-or-similar-error.patch
staging-comedi-ni_600x-added-support-for-comedi_poll.patch
staging-comedi-work-around-malformed-rtai_version_code.patch
staging-comedi-undo-stupid-commit-made-3-months-ago.patch
staging-comedi-amplc_pc236-corrected-documentation.patch
staging-comedi-added-sysfs-attribute-files-for-setting-and-querying-subdevice-buffer-sizes.patch
staging-comedi-jr3_pci-use-struct-device-from-pci_dev-for-firmware-loading.patch
staging-comedi-replace-__function__-usages.patch
staging-comedi-remove-dupilcated-include.patch
staging-comedi-fix-foo-bar-should-be-foo-bar.patch
staging-comedi-add-spaces-after-commas.patch
staging-comedi-fix-spacing-around-parens.patch
staging-comedi-change-space-indentation-to-tabs.patch
staging-comedi-add-vmk80xx-usb-driver.patch
staging-comedi-vmk80xx.c-get-the-driver-to-build-properly.patch
staging-comedi-makefile-changes.patch
staging-comedi-non-working-tests-on-unsigned-cmd-convert_arg.patch
staging-comedi-remove-assignment-in-conditionals.patch
staging-comedi-remove-parens-around-return-values.patch
staging-comedi-fix-the-way-structs-are-initialized.patch
staging-comedi-more-remove-c99-comments.patch
staging-comedi-remove-space-after-ampersand.patch
staging-comedi-more-fix-foo-bar-should-be-foo-bar.patch
staging-comedi-more-fix-the-way-structs-are-initialized.patch
staging-comedi-make-use-of-array_size-macro.patch
staging-comedi-comment-out-useless-if.patch
staging-comedi-move-while-to-same-line-as-in-do-loops.patch
staging-comedi-convert-usbdux-to-use-firmware_request.patch
staging-comedi-remove-comedi-specific-wrappers.patch
staging-comedi-remove-rt-code.patch
staging-comedi-remove-some-rt-code-that-lingered.patch
staging-comedi-replace-for-loop-with-msleep.patch
staging-comedi-simply-read-and-write-functions-in-adl_pci8164.patch
staging-agnx-probe-cleanup.patch
staging-agnx-remove-memlens-from-probe.patch
staging-agnx-fix-fail-paths-in-probe.patch
staging-agnx-fix-bssid-compiler-warnings.patch
staging-meilhaus-switch-to-misc-device.patch
staging-meilhaus-annotate-cpi-functions.patch
staging-meilhaus-move-tables-to-.c.patch
staging-sxg-replace-__function__-usages.patch
staging-rt3070-replace-__function__-usages.patch
staging-rt2860-don-t-call-sprintf-with-overlapping-input-and-output.patch
staging-rt2870-don-t-call-sprintf-with-overlapping-input-and-output.patch
staging-rspiusb-make-driver-compile.patch
staging-rtl8187se-use-to_delayed_work.patch
staging-rt3070-remove-dupilcated-include.patch
staging-remove-unused-include-linux-version.h-s.patch
staging-agnx-replace-print_mac-with-pm.patch
staging-stlc45xx-replace-print_mac-with-pm.patch
staging-winbond-boolean-negation-and-bitwise-operation-in-wrong-order.patch
staging-fix-operator-precedence-errors.patch
staging-w35und-remove-unused-code-from-wbsoft_configure_filter.patch
staging-w35und-replace-switch-error-handling-with-gotos-in-wb35_hw_init.patch
staging-w35und-move-hal_init_hardware-and-hal_halt-int-wbusb.c.patch
staging-w35und-simplify-error-handling-in-wb35_hw_init.patch
staging-w35und-simplify-hal_init_hardware-error-handling.patch
staging-w35und-more-simplify-hal_init_hardware-error-handling.patch
staging-w35und-simplify-hal_init_hardware-and-hal_halt.patch
staging-w35und-clean-up-comments-in-wbusb.c.patch
staging-w35und-inline-hal_set_phy_type-to-wb35_hw_init.patch
staging-w35und-reformat-wbusb.c.patch
staging-w35und-remove-module_author.patch
staging-w35und-make-led-lookup-tables-static.patch
staging-w35und-reformat-wbhal.c.patch
staging-w35und-merge-wbhal.c-to-wbusb.c.patch
staging-w35und-inline-hal_set_rf_power-to-mto.c.patch
staging-w35und-merge-rest-of-wbhal.c-to-phy_calibration.c.patch
staging-wlan-ng-move-firmware-loading-into-driver.patch
staging-pohmelfs-move-open-brace-to-same-line-on-structs.patch
staging-pohmelfs-remove-c99-comments.patch
staging-pohmelfs-remove-braces-around-single-statements.patch
staging-pohmelfs-storage-class-should-be-before-const-qualifier.patch
0001-Staging-rt2870-remove-unused-files.patch
0002-Staging-rt2870-remove-kernel-version-compatibility.patch
0003-Staging-rt3070-remove-kernel-version-compatibility.patch
0004-Staging-rt2860-remove-IWE_STREAM_ADD_-macros.patch
/home/sfr/kernels/next/quilt-tmp/.git/rebase-apply/patch:59: space before tab in indent.
    	current_ev = iwe_stream_add_event(info, current_ev, end_buf, &iwe, IW_EV_QUAL_LEN);
/home/sfr/kernels/next/quilt-tmp/.git/rebase-apply/patch:104: space before tab in indent.
    		current_ev = iwe_stream_add_point(current_ev, end_buf, &iwe,  custom);
/home/sfr/kernels/next/quilt-tmp/.git/rebase-apply/patch:113: space before tab in indent.
    		current_ev = iwe_stream_add_point(current_ev, end_buf, &iwe,  custom);
warning: 3 lines add whitespace errors.
0005-Staging-rt2870-remove-IWE_STREAM_ADD_-macros.patch
/home/sfr/kernels/next/quilt-tmp/.git/rebase-apply/patch:59: space before tab in indent.
    	current_ev = iwe_stream_add_event(info, current_ev, end_buf, &iwe, IW_EV_QUAL_LEN);
/home/sfr/kernels/next/quilt-tmp/.git/rebase-apply/patch:104: space before tab in indent.
    		current_ev = iwe_stream_add_point(current_ev, end_buf, &iwe,  custom);
/home/sfr/kernels/next/quilt-tmp/.git/rebase-apply/patch:113: space before tab in indent.
    		current_ev = iwe_stream_add_point(current_ev, end_buf, &iwe,  custom);
warning: 3 lines add whitespace errors.
0006-Staging-rt2860-remove-dead-WIN_NDIS-code.patch
0007-Staging-rt2860-remove-dead-UNDER_CE-code.patch
0008-Staging-rt2870-remove-dead-UNDER_CE-code.patch
0009-Staging-rt3070-remove-dead-UNDER_CE-code.patch
0010-Staging-rt2860-remove-dead-WSC_AP_SUPPORT-code.patch
0011-Staging-rt2870-remove-dead-WSC_AP_SUPPORT-code.patch
0012-Staging-rt3070-remove-dead-WSC_INCLUDED-code.patch
0013-Staging-rt2860-remove-dead-WDS_SUPPORT-code.patch
0014-Staging-rt2870-remove-dead-WDS_SUPPORT-code.patch
0015-Staging-rt3070-remove-dead-WDS_SUPPORT-code.patch
0016-Staging-rt3070-remove-dead-MLME_EX-code.patch
0017-Staging-rt2860-remove-dead-APCLI_SUPPORT-code.patch
0018-Staging-rt2870-remove-dead-APCLI_SUPPORT-code.patch
0019-Staging-rt2860-remove-dead-CONFIG_APSTA_MIXED_SUPP.patch
0020-Staging-rt2870-remove-dead-CONFIG_APSTA_MIXED_SUPP.patch
0021-Staging-rt3070-remove-dead-CONFIG_APSTA_MIXED_SUPP.patch
0022-Staging-rt2860-remove-dead-UCOS-code.patch
0023-Staging-rt2870-remove-dead-UCOS-code.patch
0024-Staging-rt3070-remove-dead-UCOS-code.patch
0025-Staging-rt2860-remove-dead-NINTENDO_AP-code.patch
0026-Staging-rt2870-remove-dead-NINTENDO_AP-code.patch
0027-Staging-rt3070-remove-dead-NINTENDO_AP-code.patch
0028-Staging-rt2860-remove-dead-BIN_IN_FILE-code.patch
0029-Staging-rt2870-remove-dead-BIN_IN_FILE-code.patch
0030-Staging-rt3070-remove-dead-BIN_IN_FILE-code.patch
0031-Staging-rt2860-remove-dead-RALINK_ATE-code.patch
0032-Staging-rt2870-remove-dead-RALINK_ATE-code.patch
0033-Staging-rt3070-remove-dead-RALINK_ATE-code.patch
0034-Staging-rt2860-remove-dead-BLOCK_NET_IF-code.patch
0035-Staging-rt2870-remove-dead-BLOCK_NET_IF-code.patch
0036-Staging-rt3070-remove-dead-BLOCK_NET_IF-code.patch
0037-Staging-rt2860-remove-dead-DFS_SUPPORT-code.patch
0038-Staging-rt2870-remove-dead-DFS_SUPPORT-code.patch
0039-Staging-rt3070-remove-dead-DFS_SUPPORT-code.patch
0040-Staging-rt2860-remove-dead-CARRIER_DETECTION_SUPPO.patch
0041-Staging-rt2870-remove-dead-CARRIER_DETECTION_SUPPO.patch
0042-Staging-rt3070-remove-dead-CARRIER_DETECTION_SUPPO.patch
0043-Staging-rt2860-remove-dead-MULTIPLE_CARD_SUPPORT-c.patch
0044-Staging-rt2870-remove-dead-MULTIPLE_CARD_SUPPORT-c.patch
0045-Staging-rt3070-remove-dead-MULTIPLE_CARD_SUPPORT-c.patch
0046-Staging-rt2860-remove-dead-QOS_DLS_SUPPORT-code.patch
0047-Staging-rt2870-remove-dead-QOS_DLS_SUPPORT-code.patch
0048-Staging-rt3070-remove-dead-QOS_DLS_SUPPORT-code.patch
0049-Staging-rt2860-remove-dead-EXT_BUILD_CHANNEL_LIST.patch
0050-Staging-rt2870-remove-dead-EXT_BUILD_CHANNEL_LIST.patch
0051-Staging-rt3070-remove-dead-EXT_BUILD_CHANNEL_LIST.patch
0052-Staging-rt2860-remove-dead-SNMP_SUPPORT-code.patch
0053-Staging-rt2870-remove-dead-SNMP_SUPPORT-code.patch
0054-Staging-rt3070-remove-dead-SNMP_SUPPORT-code.patch
0055-Staging-rt2860-remove-dead-SINGLE_SKU-code.patch
0056-Staging-rt2870-remove-dead-SINGLE_SKU-code.patch
0057-Staging-rt3070-remove-dead-SINGLE_SKU-code.patch
0058-Staging-rt2860-remove-dead-LEAP_SUPPORT-code.patch
0059-Staging-rt2870-remove-dead-LEAP_SUPPORT-code.patch
0060-Staging-rt3070-remove-dead-LEAP_SUPPORT-code.patch
0061-Staging-rt2860-remove-dead-DOT11N_DRAFT3-code.patch
0062-Staging-rt2870-remove-dead-DOT11N_DRAFT3-code.patch
0063-Staging-rt3070-remove-dead-DOT11N_DRAFT3-code.patch
0064-Staging-rt2860-remove-dead-INF_AMAZON_SE-code.patch
0065-Staging-rt2870-remove-dead-INF_AMAZON_SE-code.patch
0066-Staging-rt3070-remove-dead-INF_AMAZON_SE-code.patch
0067-Staging-rt2860-remove-dead-RT_BIG_ENDIAN-code.patch
0068-Staging-rt2870-remove-dead-RT_BIG_ENDIAN-code.patch
0069-Staging-rt3070-remove-dead-RT_BIG_ENDIAN-code.patch
0070-Staging-rt2860-remove-CONFIG_STA_SUPPORT-ifdefs.patch
0071-Staging-rt2870-remove-CONFIG_STA_SUPPORT-ifdefs.patch
0072-Staging-rt3070-remove-CONFIG_STA_SUPPORT-ifdefs.patch
0073-Staging-rt2860-remove-NATIVE_WPA_SUPPLICANT_SUPPOR.patch
0074-Staging-rt2870-remove-NATIVE_WPA_SUPPLICANT_SUPPOR.patch
0075-Staging-rt3070-remove-NATIVE_WPA_SUPPLICANT_SUPPOR.patch
0076-Staging-rt2860-remove-WPA_SUPPLICANT_SUPPORT-ifdef.patch
0077-Staging-rt2870-remove-WPA_SUPPLICANT_SUPPORT-ifdef.patch
0078-Staging-rt3070-remove-WPA_SUPPLICANT_SUPPORT-ifdef.patch
0079-Staging-rt2860-remove-DOT11_N_SUPPORT-ifdefs.patch
0080-Staging-rt2870-remove-DOT11_N_SUPPORT-ifdefs.patch
0081-Staging-rt3070-remove-DOT11_N_SUPPORT-ifdefs.patch
0082-Staging-rt2860-remove-dead-CONFIG_AP_SUPPORT-code.patch
0083-Staging-rt2870-remove-dead-CONFIG_AP_SUPPORT-code.patch
0084-Staging-rt3070-remove-dead-CONFIG_AP_SUPPORT-code.patch
0085-Staging-rt2860-use-empty-ASSERT-macro.patch
0086-Staging-rt2870-use-empty-ASSERT-macro.patch
0087-Staging-rt3070-use-empty-ASSERT-macro.patch
0088-Staging-rt2860-remove-dead-code.patch
0089-Staging-rt2870-remove-dead-code.patch
0090-Staging-rt3070-remove-dead-code.patch
0091-Staging-rt2870-prepare-for-rt-28-30-70-.-ch-merg.patch
/home/sfr/kernels/next/quilt-tmp/.git/rebase-apply/patch:432: space before tab in indent.
 	RTUSBEnqueueInternalCmd(pAd, CMDTHREAD_UPDATE_PROTECT, NULL, 0);
/home/sfr/kernels/next/quilt-tmp/.git/rebase-apply/patch:952: space before tab in indent.
  	IN	PUSHORT lpInBuffer,
/home/sfr/kernels/next/quilt-tmp/.git/rebase-apply/patch:953: space before tab in indent.
  	IN	ULONG nInBufferSize,
/home/sfr/kernels/next/quilt-tmp/.git/rebase-apply/patch:954: space before tab in indent.
  	OUT	PUSHORT lpOutBuffer,
/home/sfr/kernels/next/quilt-tmp/.git/rebase-apply/patch:955: space before tab in indent.
  	IN	ULONG nOutBufferSize
warning: squelched 5 whitespace errors
warning: 10 lines add whitespace errors.
0092-Staging-rt-28-30-70-merge-rt-28-30-70-.-ch.patch
0093-Staging-rt2870-prepare-for-rt-28-30-70-common-.-c.patch
/home/sfr/kernels/next/quilt-tmp/.git/rebase-apply/patch:313: space before tab in indent.
    	AsicSendCommandToMcu(pAd, 0x31, 0xff, 0x00, 0x02);
/home/sfr/kernels/next/quilt-tmp/.git/rebase-apply/patch:759: space before tab in indent.
    	pAd->EepromAccess = TRUE;
/home/sfr/kernels/next/quilt-tmp/.git/rebase-apply/patch:811: space before tab in indent.
    	pAd->EepromAccess = TRUE;
/home/sfr/kernels/next/quilt-tmp/.git/rebase-apply/patch:1031: space before tab in indent.
  	IN	PUSHORT lpInBuffer,
/home/sfr/kernels/next/quilt-tmp/.git/rebase-apply/patch:1032: space before tab in indent.
  	IN	ULONG nInBufferSize,
warning: squelched 15 whitespace errors
warning: 20 lines add whitespace errors.
0094-Staging-rt-28-30-70-merge-rt-28-30-70-common-.-ch.patch
0095-Staging-rt2870-prepare-for-rt-28-30-70-sta-.-ch.patch
/home/sfr/kernels/next/quilt-tmp/.git/rebase-apply/patch:32: space before tab in indent.
		                        	pAd->StaCfg.RSNIE_Len,			pAd->StaCfg.RSN_IE,
/home/sfr/kernels/next/quilt-tmp/.git/rebase-apply/patch:33: space before tab in indent.
		                        	END_OF_ARGS);
warning: 2 lines add whitespace errors.
0096-Staging-rt-28-30-70-merge-rt-28-30-70-sta-.-ch.patch
0097-Staging-rt2860-prepare-for-rt28-67-0-.-ch-merge.patch
/home/sfr/kernels/next/quilt-tmp/.git/rebase-apply/patch:1474: space before tab in indent.
 	RT_HT_CAPABILITY	SupportedHtPhy;
/home/sfr/kernels/next/quilt-tmp/.git/rebase-apply/patch:1881: space before tab in indent.
  	IN	PUSHORT lpInBuffer,
/home/sfr/kernels/next/quilt-tmp/.git/rebase-apply/patch:1882: space before tab in indent.
  	IN	ULONG nInBufferSize,
/home/sfr/kernels/next/quilt-tmp/.git/rebase-apply/patch:1883: space before tab in indent.
  	OUT	PUSHORT lpOutBuffer,
/home/sfr/kernels/next/quilt-tmp/.git/rebase-apply/patch:1884: space before tab in indent.
  	IN	ULONG nOutBufferSize
warning: squelched 5 whitespace errors
warning: 10 lines add whitespace errors.
0098-Staging-rt28-67-0-merge-rt28-67-0-.-ch.patch
0099-Staging-rt2860-prepare-for-rt28-67-0-common-.-ch.patch
/home/sfr/kernels/next/quilt-tmp/.git/rebase-apply/patch:545: space before tab in indent.
	   				)
/home/sfr/kernels/next/quilt-tmp/.git/rebase-apply/patch:796: space before tab in indent.
    	pAd->EepromAccess = TRUE;
/home/sfr/kernels/next/quilt-tmp/.git/rebase-apply/patch:848: space before tab in indent.
    	pAd->EepromAccess = TRUE;
/home/sfr/kernels/next/quilt-tmp/.git/rebase-apply/patch:1068: space before tab in indent.
  	IN	PUSHORT lpInBuffer,
/home/sfr/kernels/next/quilt-tmp/.git/rebase-apply/patch:1069: space before tab in indent.
  	IN	ULONG nInBufferSize,
warning: squelched 15 whitespace errors
warning: 20 lines add whitespace errors.
0100-Staging-rt28-67-0-merge-rt28-67-0-common-.-ch.patch
0101-Staging-rt2860-prepare-for-rt28-67-0-sta-.-ch-me.patch
/home/sfr/kernels/next/quilt-tmp/.git/rebase-apply/patch:32: space before tab in indent.
		                        	pAd->StaCfg.RSNIE_Len,			pAd->StaCfg.RSN_IE,
/home/sfr/kernels/next/quilt-tmp/.git/rebase-apply/patch:33: space before tab in indent.
		                        	END_OF_ARGS);
warning: 2 lines add whitespace errors.
0102-Staging-rt28-67-0-merge-rt28-67-0-sta-.-ch.patch
$ cd ../next
$ git fetch -f ../quilt-tmp master:quilt/staging
From ../quilt-tmp
 + e3e9008...9c90739 master     -> quilt/staging  (forced update)
