Unchanged quilt series driver-core.current
Unchanged quilt series usb.current
Unchanged quilt series driver-core
Unchanged quilt series usb
Unchanged quilt series device-mapper
Importing i2c based on 2.6.26-rc6-git3
$ git checkout quilt/i2c
Switched to branch "quilt/i2c"
$ git reset --hard 066519068ad2fbe98c7f45552b1f592903a9c8c8
Checking out files:  16% (13/77)   Checking out files:  18% (14/77)   Checking out files:  19% (15/77)   Checking out files:  20% (16/77)   Checking out files:  22% (17/77)   Checking out files:  23% (18/77)   Checking out files:  24% (19/77)   Checking out files:  25% (20/77)   Checking out files:  27% (21/77)   Checking out files:  28% (22/77)   Checking out files:  29% (23/77)   Checking out files:  31% (24/77)   Checking out files:  32% (25/77)   Checking out files:  33% (26/77)   Checking out files:  35% (27/77)   Checking out files:  36% (28/77)   Checking out files:  37% (29/77)   Checking out files:  38% (30/77)   Checking out files:  40% (31/77)   Checking out files:  41% (32/77)   Checking out files:  42% (33/77)   Checking out files:  44% (34/77)   Checking out files:  45% (35/77)   Checking out files:  46% (36/77)   Checking out files:  48% (37/77)   Checking out files:  49% (38/77)   Checking out files:  50% (39/77)   Checking out files:  51% (40/77)   Checking out files:  53% (41/77)   Checking out files:  54% (42/77)   Checking out files:  55% (43/77)   Checking out files:  57% (44/77)   Checking out files:  58% (45/77)   Checking out files:  59% (46/77)   Checking out files:  61% (47/77)   Checking out files:  62% (48/77)   Checking out files:  63% (49/77)   Checking out files:  64% (50/77)   Checking out files:  66% (51/77)   Checking out files:  67% (52/77)   Checking out files:  68% (53/77)   Checking out files:  70% (54/77)   Checking out files:  71% (55/77)   Checking out files:  72% (56/77)   Checking out files:  74% (57/77)   Checking out files:  75% (58/77)   Checking out files:  76% (59/77)   Checking out files:  77% (60/77)   Checking out files:  79% (61/77)   Checking out files:  80% (62/77)   Checking out files:  81% (63/77)   Checking out files:  83% (64/77)   Checking out files:  84% (65/77)   Checking out files:  85% (66/77)   Checking out files:  87% (67/77)   Checking out files:  88% (68/77)   Checking out files:  89% (69/77)   Checking out files:  90% (70/77)   Checking out files:  92% (71/77)   Checking out files:  93% (72/77)   Checking out files:  94% (73/77)   Checking out files:  96% (74/77)   Checking out files:  97% (75/77)   Checking out files:  98% (76/77)   Checking out files: 100% (77/77)   Checking out files: 100% (77/77), done.
HEAD is now at 0665190 Merge git://git.kernel.org/pub/scm/linux/kernel/git/bart/ide-2.6
$ git quiltimport --author Jean Delvare <khali@linux-fr.org> --patches ../quilt/i2c
i2c-documentation-fix-device-matching-description.patch
i2c-use-class_for_each_device.patch
i2c-davinci-01-clock-between-7-12-mhz.patch
i2c-davinci-02-move-dev_dbg-statement-for-more-output.patch
i2c-davinci-03-remove-useless-ivr-read.patch
i2c-davinci-04-fix-signal-handling-bug.patch
i2c-davinci-05-initialize-cmd_complete-sooner.patch
i2c-nforce2-add-tyan-s4985-spport.patch
i2c-remove-3-deprecated-bus-drivers.patch
i2c-bfin-twi-update-dependencies.patch
i2c-document-standard-fault-codes.patch
i2c-core-remove-useless-include.patch
i2c-core-return-proper-error-codes.patch
i2c-group-bus-drivers.patch
i2c-delete-i2c_smbus_write_quick.patch
i2c-update-refs-to-smbus_access.patch
i2c-kerneldoc-for-most-i-o-calls.patch
i2c-i2c_use_client-defends-against-null.patch
i2c-adapters-return-proper-error-codes.patch
i2c-piix4-more-cleanups.patch
i2c-bus-fix-handling-of-unsupported-transactions.patch
i2c-pca-algo-fix-errorcode.patch
i2c-pca-platform-fix-errorcode.patch
i2c-core-use-list_for_each_entry_safe.patch
i2c-simplify-i2c_del_driver.patch
i2c-add-intel-sch-i2c-smbus-support.patch
i2c-push-ioctl-bkl-down-into-the-i2c-code.patch
i2c-add-support-for-i2c-bus-on-freescale-cpm1-cpm2-controllers.patch
i2c-add-maintainer-entry-for-i2c-cpm.patch
i2c-01-fb-drivers-declare-ddc-class.patch
i2c-02-bus-drivers-declare-spd-class.patch
i2c-03-eeprom-should-not-probe-all-adapters.patch
i2c-eeprom-use-word-read-transactions.patch
i2c-core-simplify-i2c_device_probe.patch
i2c-ibm_iic-remove-deprecated-ocp-style-part.patch
i2c-ibm_iic-enable-driver-for-all-ppc4xx-variants-in-arch-powerpc.patch
i2c-pxa-initialize-early.patch
i2c-deprecate-the-legacy-gpio-drivers.patch
i2c-algo-pcf-lab_mdelay.patch
i2c-algo-pcf-drop-unused-fields.patch
i2c-i801-01-less-verbose-debug.patch
i2c-i801-02-report-arbitration-loss.patch
i2c-i801-03-rename-temp-to-status.patch
i2c-i801-04-fix-handling-of-error-conditions.patch
i2c-acpi-check-conflict.patch
i2c-drop-stray-references-to-lm_sensors.patch
i2c-clean-up-old-chip-drivers.patch
i2c-core-add-detection-capability-to-new-style-drivers.patch
i2c-eeprom-convert-to-new-style.patch
i2c-pcf8591-convert-to-new-style.patch
i2c-pcf8574-convert-to-new-style.patch
i2c-pcf8575-convert-to-new-style.patch
i2c-pca9539-convert-to-new-style.patch
i2c-max6875-convert-to-new-style.patch
i2c-isp1301_omap-convert-to-new-style-part-1.patch
i2c-isp1301_omap-convert-to-new-style-part-2.patch
w1-ds2482-convert-to-new-style.patch
video-matrox-maven-fix-error-path.patch
video-matrox-clean-up-i2c-templates.patch
video-matrox-maven-convert-to-new-style.patch
Context reduced to (1/1) to apply fragment at 45
hwmon-lm90-convert-to-new-style.patch
hwmon-f75375s-drop-legacy-driver.patch
Unchanged quilt series kernel-doc
Importing ide based on commit 066519068ad2fbe98c7f45552b1f592903a9c8c8
$ git checkout quilt/ide
Switched to branch "quilt/ide"
$ git reset --hard 066519068ad2fbe98c7f45552b1f592903a9c8c8
HEAD is now at 0665190 Merge git://git.kernel.org/pub/scm/linux/kernel/git/bart/ide-2.6
$ git quiltimport --author Bartlomiej Zolnierkiewicz <bzolnier@gmail.com> --patches ../quilt/ide
palm_bk3710-fix-resource-management.patch
ide-increase-timeout-in-wait_drive_not_busy.patch
ide-remove-obsoleted-idebus-kernel-parameter.patch
ide-remove-obsoleted-hdx-kernel-parameters.patch
ide-cleanup-init_ide_data.patch
ide-remove-obsoleted-ide-parameters.patch
ide-eliminate-fit-macro.patch
ide-tape-use-clamp_t-rather-than-nested-min_t-_max_t.patch
ide-use-get_unaligned_-helpers.patch
ide-set-req_preempt-request-flag-in-ide_do_drive_cmd-users.patch
ide-use-__generic_unplug_device-in-ide_do_drive_cmd-take-2.patch
ide-cd-convert-ide_cd_queue_pc-to-use-blk_execute_rq.patch
ide-cd-convert-ide_do_drive_cmd-path-to-use-blk_execute_rq.patch
ide-disk-convert-ide_do_drive_cmd-path-to-use-blk_execute_rq.patch
ide-floppy-convert-ide_do_drive_cmd-path-to-use-blk_execute_rq.patch
ide-taskfile-convert-ide_do_drive_cmd-path-to-use-blk_execute_rq.patch
ide-tape-convert-ide_do_drive_cmd-path-to-use-blk_execute_rq.patch
block-handle-blk_pm_resume_request-requests-in-blk_execute_rq_nowait.patch
ide-convert-ide_do_drive_cmd-path-to-use-blk_execute_rq.patch
ide-remove-ide_wait_head_wait-path-in-ide_do_drive_cmd.patch
ide-remove-ide_init_drive_cmd.patch
ide-cd-remove-ide_cd_init_rq.patch
block-convert-pd_special_command-to-use-blk_execute_rq.patch
block-remove-the-checking-for-null-queue-in-blk_put_request.patch
block-unexport-blk_end_sync_rq.patch
ide-remove-try_to_flush_leftover_data.patch
sgiioc4-use-extra_base-instead-of-dma_status-for-dma_handle.patch
ide-remove-commented-out-code-from-ide_config_drive_speed.patch
ide-fix-do_probe-to-use-select_drive.patch
ide-remove-ide_tflag_no_select_mask-taskfile-flag.patch
ide-move-irq-unmasking-out-from-tf_load-method.patch
ide-remove-mmio-flag-from-ide_hwif_t.patch
ide-pass-hwif-instead-of-drive-to-outbsync-method.patch
ide-use-outbsync-in-init_irq.patch
ide-use-outbsync-in-ide_set_irq.patch
ide-remove-drive-ctl.patch
ide-scsi-replace-ide_do_drive_cmd-with-blk_execute_rq_nowait.patch
ide-remove-action-argument-in-ide_do_drive_cmd.patch
ide-scsi-fix-race-in-idescsi_transfer_pc.patch
ide-scsi-fix-drq-checking-for-dma-transfers-in-idescsi_pc_intr.patch
ide-scsi-fix-handling-of-dma-errors-in-idescsi_pc_intr.patch
ide-scsi-fix-interrupt-reason-checking-in-idescsi_pc_intr.patch
ide-scsi-merge-idescsi_input_buffers-and-idescsi_output_buffers.patch
ide-scsi-remove-superfluous-bug_on-from-idescsi_transfer_pc.patch
ide-scsi-add-debug_log-macro.patch
ide-tape-idetape_pc_intr-should-use-local_irq_enable_in_hardirq.patch
ide-tape-remove-superfluous-error-message-from-idetape_pc_intr.patch
ide-tape-remove-superfluous-warning-message-from-idetape_issue_pc.patch
ide-tape-remove-unneeded-config_blk_dev_idedma-ifdef.patch
ide-tape-remove-stale-comments-from-idetape_pc_intr.patch
ide-tape-remove-simulate_errors-debug-code.patch
ide-floppy-merge-idefloppy_transfer_pc-and-idefloppy_transfer_pc1.patch
ide-floppy-tape-scsi-log-device-name-instead-of-driver-name.patch
ide-tape-make-idetape_retry_pc-void.patch
ide-tape-merge-callbacks.patch
ide-tape-make-pc-idetape_callback-void.patch
ide-floppy-merge-callbacks.patch
ide-floppy-tape-merge-pc-idefloppy_callback-and-pc-idetape_callback.patch
ide-floppy-tape-pc_flag_dma_recommended-to-pc_flag_dma_ok.patch
ide-floppy-start-dma-engine-in-idefloppy_transfer_pc1.patch
ide-tape-set-pc_flag_dma_in_progress-flag-in-idetape_transfer_pc.patch
ide-tape-factor-out-waiting-for-good-ireason-from-idetape_transfer_pc.patch
ide-add-pc_flag_zip_drive-pc-flag.patch
ide-cd-floppy-tape-remove-checking-for-drive-scsi.patch
ide-scsi-set-drive-scsi-flag-for-devices-handled-by-the-driver.patch
ide-add-ide_transfer_pc-helper.patch
ide-scsi-move-idescsi_map_sg-call-out-from-idescsi_issue_pc.patch
ide-add-pc_flag_drq_interrupt-pc-flag.patch
ide-add-ide_issue_pc-helper.patch
ide-floppy-tape-move-checking-of-failed_pc-to-callback.patch
ide-tape-factor-out-dsc-handling-from-idetape_pc_intr.patch
ide-tape-add-ide_tape_io_buffers-helper.patch
ide-tape-always-log-debug-info-in-idetape_pc_intr-if-debugging-is-enabled.patch
ide-floppy-add-more-debugging-to-idefloppy_pc_intr.patch
ide-scsi-use-pc-callback.patch
ide-scsi-add-more-debugging-to-idescsi_pc_intr.patch
ide-floppy-scsi-read-status-register-before-stopping-dma-engine.patch
ide-add-ide_pc_intr-helper.patch
ide-tape-unify-idetape_create_read-write_cmd.patch
ide-remove-needless-includes-from-ide-lib-c.patch
ide-remove-unused-xfer_udma_slow.patch
ide-use-u8-for-xfer-modes-in-ide-timing-h.patch
ide-move-some-bits-from-ide-timing-h-to-linux-ide-h.patch
ide-remove-xfer_-masks-from-ide-timing-h.patch
ide-checkpatch-pl-fixes-for-ide-timing-h.patch
ide-convert-ide-timing-h-to-ide-timings-c-library.patch
ali14xx-convert-to-use-ide_timing_find_mode.patch
ht6560b-convert-to-use-ide_timing_find_mode.patch
qd65xx-convert-to-use-ide_timing_find_mode.patch
alim15x3-convert-to-use-ide_timing_find_mode.patch
cmd640-convert-to-use-ide_timing_find_mode.patch
cmd64x-convert-to-use-ide_timing_find_mode.patch
cy82c693-convert-to-use-ide_timing_find_mode.patch
sl82c105-convert-to-use-ide_timing_find_mode.patch
ide-mpc8xx-convert-to-use-ide_timing_find_mode.patch
ide-pmac-convert-to-use-ide_timing_find_mode.patch
ide-move-ide_pio_cycle_time-to-ide-timings-c.patch
ide-remove-no-longer-used-ide_pio_timings.patch
ide-move-pio-blacklist-to-ide-pio-blacklist-c.patch
ide-floppy-fix-unfortunate-function-naming.patch
bast-remove-old-ide-driver.patch
ide-fix-hwif-s-initialization.patch
ide-make-ide_hwifs-static.patch
ide-set-hwif-dev-in-ide_init_port_hw.patch
au1xxx-ide-dont-use-hwif-hwif_data.patch
ide-4drives-use-struct-ide_port_info.patch
ide-cs-use-struct-ide_port_info.patch
icside-dont-use-hwif-hwif_data.patch
icside-use-ide_init_port_hw.patch
sgiioc4-use-driver-name-for-resource-allocation.patch
ide-tighten-checks-on-pci-bars-in-ide_hwif_configure.patch
swarm-use-struct-ide_port_info.patch
powerpc-ide-remove-mpc8xx-ide-driver.patch
cmd640-fix-warm-plug-support-for-the-secondary-interface.patch
ide-port_init_devs-to-init_dev.patch
cmd640-add-init_dev-method.patch
rapide-use-struct-ide_port_info.patch
ide-h8300-use-struct-ide_port_info.patch
ide_platform-use-struct-ide_port_info.patch
ide-print-message-on-error-in-ide_find_port_slot.patch
ide-h8300-print-driver-banner-message-early.patch
ide-pnp-print-driver-banner-message-early.patch
ide-allow-any-command-requesting-dma-data-phase-for-hdio_drive_taskfile.patch
ide-remove-superfluous-bug_on-from-set_geometry_intr.patch
ide-remove-needless-includes-from-ide-c.patch
ide-remove-needless-includes-from-ide-taskfile-c-take-2.patch
ide-remove-needless-includes-from-setup-pci-c.patch
rapide-fix-rapide_probe-return-value.patch
icside-always-try-to-probe-first-interface.patch
swarm-call-ide_find_port_slot-later.patch
sgiioc4-call-ide_find_port_slot-later.patch
ide-cd-remove-wait-for-idle-controller-bit-in-cdrom_start_packet_command.patch
ide-cd-remove-ide_cd_drain_data-and-ide_cd_pad_transfer.patch
ide-cd-ide_do_rw_cdrom-add-the-catch-all-bad-request-case-to-the-if-else-block.patch
ide-cd-cdrom_start_seek-remove-unused-argument-block.patch
ide-cd-mv-ide_do_rw_cdrom-ide_cd_do_request.patch
ide-cd-simplify-request-issuing-path.patch
ide-cd-fold-cdrom_start_seek-into-ide_cd_do_request.patch
ide-cd-move-request-prep-from-cdrom_start_seek_continuation-to-rq-issue-path.patch
ide-cd-move-request-prep-from-cdrom_start_rw_cont-to-rq-issue-path.patch
ide-cd-move-request-prep-chunk-from-cdrom_do_newpc_cont-to-rq-issue-path.patch
ide-floppy-fold-idefloppy_create_test_unit_ready_cmd-into-idefloppy_open.patch
ide-floppy-zero-out-the-whole-struct-ide_atapi_pc-on-init.patch
Unchanged quilt series m68k
Unchanged quilt series rr
