Importing driver-core.current based on 2.6.36-rc3
Unchanged quilt series driver-core.current
Importing tty.current based on quilt/driver-core.current
$ git clone -s -l -n -q . ../quilt-tmp
$ cd ../quilt-tmp
$ git reset --hard 19c6f11091f56667fc2737bca3751f219268237d
HEAD is now at 19c6f11 sysfs: checking for NULL instead of ERR_PTR
$ git quiltimport --author Greg KH <greg@kroah.com> --patches ../quilt/tty.current
vt-fix-console-corruption-on-driver-hand-over.patch
maintainers-orphan-isicom.patch
serial-fix-port-type-conflict-between-ns16550a-u6_16550a.patch
serial-bfin_sport_uart-restore-transmit-frame-sync-fix.patch
tty-fix-tty_line-must-not-be-equal-to-number-of-allocated-tty-pointers-in-tty-driver.patch
$ cd ../next
$ git fetch -f ../quilt-tmp master:quilt/tty.current
From ../quilt-tmp
 + b9a3545...d42f861 master     -> quilt/tty.current  (forced update)
Importing usb.current based on quilt/tty.current
$ cd ../quilt-tmp
$ git reset --hard d42f86141186ad8408e88662cf0f657f2204108e
HEAD is now at d42f861 tty: fix tty_line must not be equal to number of allocated tty pointers in tty driver
$ git quiltimport --author Greg KH <greg@kroah.com> --patches ../quilt/usb.current
usb-s3c-hsotg-remove-debug-define.patch
usb-ehci-ppc-of-problems-in-unwind.patch
usb-rndis-section-mismatch-fix.patch
usb-fix-kernel-oops-with-g_ether-and-windows.patch
usb-option-fix-incorrect-novatel-entries.patch
usb-cp210x-add-new-device-id.patch
usb-cp210x-add-b-g-h3000-link-cable-id.patch
usb-cp210x-usb-driver-add-usb_device-for-pirelli-dp-l10-mobile.patch
usb-allow-drivers-to-use-allocated-bandwidth-until-unbound.patch
usb-ssu100-turn-off-debug-flag.patch
usb-serial-mos7840-add-usb-id-to-support-the-b-b-electronics-usoptl4-2p.patch
usb-cdc-acm-adding-second-acm-channel-support-for-various-nokia-and-one-samsung-phones.patch
usb-serial-mos7840-add-usb-ids-to-support-more-b-b-usb-rs485-converters.patch
usb-cxacru-use-a-bulk-int-urb-to-access-the-command-endpoint.patch
usb-cdc-acm-add-pseudo-modem-without-at-command-capabilities.patch
usb-cdc-acm-fixing-crash-when-acm-probing-interfaces-with-no-endpoint-descriptors.patch
usb-ftdi_sio-added-custom-pids-for-chamsys-products.patch
$ cd ../next
$ git fetch -f ../quilt-tmp master:quilt/usb.current
From ../quilt-tmp
 + 9cf909b...d35bc5c master     -> quilt/usb.current  (forced update)
Importing staging.current based on quilt/usb.current
$ cd ../quilt-tmp
$ git reset --hard d35bc5c748e604bc8554d6fb9e2b62c13086e2ce
HEAD is now at d35bc5c USB: ftdi_sio: Added custom PIDs for ChamSys products
$ git quiltimport --author Greg KH <greg@kroah.com> --patches ../quilt/staging.current
staging-hv-fix-missing-functions-for-net_device_ops.patch
staging-hv-fixed-bounce-kmap-problem-by-using-correct-index.patch
staging-hv-fixed-the-value-of-the-64bit-hole-inside-ring-buffer.patch
staging-hv-increased-storvsc-ringbuffer-and-max_io_requests.patch
staging-hv-fixed-lockup-problem-with-bounce_buffer-scatter-list.patch
staging-spectra-needs-linux-slab.h.patch
staging-comedi-das08_cs.c-fix-io_req_t-conversion.patch
staging-rt2870sta-add-more-device-ids-from-vendor-drivers.patch
staging-zram-free-device-memory-when-init-fails.patch
staging-spectra-depend-on-x86_mrst.patch
staging-octeon-depends-on-netdevices.patch
staging-wlan-ng-explicitly-set-some-fields-in-cfg80211-interface.patch
$ cd ../next
$ git fetch -f ../quilt-tmp master:quilt/staging.current
From ../quilt-tmp
 + a059fab...0e4c029 master     -> quilt/staging.current  (forced update)
Importing i2c based on 2.6.36-rc3
Unchanged quilt series i2c
Importing jdelvare-hwmon based on 2.6.36-rc2-git4
Unchanged quilt series jdelvare-hwmon
Importing kernel-doc based on 2.6.36-rc2
Unchanged quilt series kernel-doc
Importing rr based on v2.6.35-7786-gad41a1e
Unchanged quilt series rr
Importing device-mapper based on v2.6.36-rc1
Unchanged quilt series device-mapper
Importing aoe based on v2.6.31-rc9
Unchanged quilt series aoe
Importing driver-core based on quilt/staging.current
$ cd ../quilt-tmp
$ git reset --hard 0e4c0295d8843a170709be029383863775252cc8
HEAD is now at 0e4c029 Staging: wlan-ng: Explicitly set some fields in cfg80211 interface
$ git quiltimport --author Greg KH <greg@kroah.com> --patches ../quilt/driver-core
dynamic-debug-split-out-query-string-parsing-setup-from-proc_write.patch
dynamic-debug-introduce-ddebug_query-boot-parameter.patch
dynamic-debug-initialize-dynamic-debug-earlier-via-arch_initcall.patch
dynamic-debug-introduce-global-fake-module-param-module.ddebug.patch
driver-core-platform-use-drv-driver.bus-instead-of-assuming-platform_bus_type.patch
uio-do-not-use-pci-resources-before-pci_enable_device.patch
driver-core-platform_bus-allow-runtime-override-of-dev_pm_ops.patch
add-packet-hub-driver-for-topcliff-platform-controller-hub.patch
/home/sfr/kernels/next/quilt-tmp/.git/rebase-apply/patch:10: new blank line at EOF.
+
warning: 1 line adds whitespace errors.
pch_phub-fix-build-warnings.patch
$ cd ../next
$ git fetch -f ../quilt-tmp master:quilt/driver-core
From ../quilt-tmp
 + 6fd0be4...4cb8788 master     -> quilt/driver-core  (forced update)
Importing tty based on quilt/driver-core
$ cd ../quilt-tmp
$ git reset --hard 4cb8788830bdf234d99d764ac17032f54daf0e91
HEAD is now at 4cb8788 pch_phub: fix build warnings
$ git quiltimport --author Greg KH <greg@kroah.com> --patches ../quilt/tty
tty-add-tty_struct-dev-pointer-to-corresponding-device-instance.patch
serport-place-serport-serio-device-correctly-in-the-device-tree.patch
serial-mfd-snprintf-returns-largish-values.patch
serial-add-console_poll-support-for-uartlite.patch
tty-remove-__gfp_nofail-from-tty_add_file.patch
ioctl-use-asm-generic-ioctls-h-on-arm
ioctl-use-asm-generic-ioctls-h-on-avr32
ioctl-use-asm-generic-ioctls-h-on-cris
ioctl-use-asm-generic-ioctls-h-on-frv
ioctl-use-asm-generic-ioctls-h-on-h8300
ioctl-use-asm-generic-ioctls-h-on-ia64
ioctl-use-asm-generic-ioctls-h-on-m32r
ioctl-use-asm-generic-ioctls-h-on-m68k
ioctl-use-asm-generic-ioctls-h-on-mn10300
ioctl-use-asm-generic-ioctls-h-on-s390
serial-core-skip-call-set_termios-console_start-when-no_console_suspend.patch
serial-core-restore-termios-settings-when-resume-console-ports.patch
add-ttyprintk-driver.patch
$ cd ../next
$ git fetch -f ../quilt-tmp master:quilt/tty
From ../quilt-tmp
 + e0dfb41...bb429ae master     -> quilt/tty  (forced update)
Importing usb based on quilt/tty
$ cd ../quilt-tmp
$ git reset --hard bb429aed4f842bdd1bb0015ba464df88dea5ec07
HEAD is now at bb429ae add ttyprintk driver
$ git quiltimport --author Greg KH <greg@kroah.com> --patches ../quilt/usb
usb-add-intel-langwell-usb-otg-transceiver-driver.patch
usb-langwell-usb-client-driver-code-cleanup.patch
/home/sfr/kernels/next/quilt-tmp/.git/rebase-apply/patch:2109: new blank line at EOF.
+
warning: 1 line adds whitespace errors.
usb-langwell-usb-client-endpoint-initialization.patch
usb-langwell-usb-client-phy-low-power-mode-setting.patch
usb-langwell-usb-client-remote-wakeup-support.patch
usb-langwell-usb-client-driver-memory-handling.patch
usb-gadget-dbgp-cleanup-remove-unneeded-check.patch
usb-sam-ba-add-driver-for-atmel-sam-boot-assistant-sam-ba.patch
usb-gadget-verify-vbus-current-before-setting-the-device-self-powered-bit.patch
usb-core-update-comment-to-match-current-function-name.patch
usb-gadget-g_multi-fixed-vendor-and-product-id.patch
usb-gadget-g_ffs-fixed-vendor-and-product-id.patch
usb-gadget-storage-remove-nofua-file-when-unbinding.patch
usb-gadget-mass_storage-optional-scsi-write-fua-bit.patch
usb-gadget-functionfs-code-cleanup.patch
usb-gadget-composite-better-string-override-handling.patch
usb-gadget-mass_storage-moved-strings-handling-code.patch
usb-gadget-g_multi-moved-strings-handling-code-to-composite.patch
usb-revert-usb-gadget-section-mismatch-warning-fixed.patch
usb-gadget-don-t-save-bind-callback-in-struct-usb_gadget_driver.patch
usb-gadget-don-t-save-bind-callback-in-struct-usb_composite_driver.patch
usb-gadget-don-t-save-bind-callback-in-struct-usb_configuration.patch
init.h-add-some-more-documentation-to-__ref-tags.patch
usb-gadget-amd5536udc.c-remove-double-test.patch
usb-output-an-error-message-when-the-pipe-type-doesn-t-match-the-endpoint-type.patch
usb-langwell-remove-unnecessary-return-s-from-void-functions.patch
$ cd ../next
$ git fetch -f ../quilt-tmp master:quilt/usb
From ../quilt-tmp
 + d99e924...10face5 master     -> quilt/usb  (forced update)
