Importing i2c based on 3.0-rc6
$ git clone -s -l -n -q . ../quilt-tmp
$ cd ../quilt-tmp
$ git reset --hard fe0d42203cb5616eeff68b14576a0f7e2dd56625
HEAD is now at fe0d422 Linux 3.0-rc6
$ git am ../quilt/i2c/i2c-ali1535-fix-style-issues.patch
Applying: i2c-ali1535: Fix style issues
$ git am ../quilt/i2c/i2c-allow-i2c_add_numbered_adapter-to-assign-a-bus-id.patch
Applying: i2c: Allow i2c_add_numbered_adapter() to assign a bus id
$ cd ../next
$ git fetch -f ../quilt-tmp master:quilt/i2c
From ../quilt-tmp
 + ebf972e...b7c8e23 master     -> quilt/i2c  (forced update)
Importing jdelvare-hwmon based on 3.0-rc6
$ cd ../quilt-tmp
$ git reset --hard fe0d42203cb5616eeff68b14576a0f7e2dd56625
HEAD is now at fe0d422 Linux 3.0-rc6
$ git am ../quilt/jdelvare-hwmon/hwmon-asus_atk0110-fix-memory-leak.patch
Applying: hwmon: (asus_atk0110) Fix memory leak
$ git am ../quilt/jdelvare-hwmon/hwmon-factor-out-common-sch56xx-code.patch
Applying: hwmon (sch5627): Factor out some code shared with sch5636 driver
$ git am ../quilt/jdelvare-hwmon/hwmon-new-driver-sch5636.patch
Applying: hwmon: New driver sch5636
$ git am ../quilt/jdelvare-hwmon/hwmon-vid-add-VIA-C7-D-support.patch
Applying: hwmon-vid: Add support for VIA family 6 model D CPU
$ git am ../quilt/jdelvare-hwmon/hwmon-via-cputemp-add-cpu-vid.patch
Applying: hwmon: (via-cputemp) Add VID reporting support
$ cd ../next
$ git fetch -f ../quilt-tmp master:quilt/jdelvare-hwmon
From ../quilt-tmp
 + 5f53e22...fd3d452 master     -> quilt/jdelvare-hwmon  (forced update)
Importing kernel-doc based on 3.0-rc4
Unchanged quilt series kernel-doc
Importing rr based on v3.0-rc3-55-gada9c93
Unchanged quilt series rr
Importing device-mapper based on v3.0-rc6-16-ga2fa83f
$ cd ../quilt-tmp
$ git reset --hard a2fa83faf47b514ab947cea916d3691b66525073
HEAD is now at a2fa83f Merge branch 'usb-linus' of git://git.kernel.org/pub/scm/linux/kernel/git/gregkh/usb-2.6
$ git am ../quilt/device-mapper/dm-snapshot-flush-disk-cache-when-merging.patch
Applying: This patch makes dm-snapshot flush disk cache when writing metadata for
$ git am ../quilt/device-mapper/dm-mpath-fix-potential-NULL-pointer-in-feature-arg-processing.patch
Applying: Avoid dereferencing a NULL pointer if the number of feature arguments
$ git am ../quilt/device-mapper/dm-io-flush-cpu-cache-with-vmapped-io.patch
Applying: For normal kernel pages, CPU cache is synchronized by the dma layer.
$ git am ../quilt/device-mapper/dm-log-clean-up-bit-little-endian-bitops.patch
Applying: Using __test_and_{set,clear}_bit_le() with ignoring its return value
$ git am ../quilt/device-mapper/dm-log-userspace-use-list_move.patch
Applying: Replace list_del() followed by list_add() with list_move().
$ git am ../quilt/device-mapper/dm-use-vzalloc.patch
Applying: Use vzalloc() instead of vmalloc()+memset().
$ git am ../quilt/device-mapper/dm-kcopyd-remove-offset-field-from-job-structure.patch
Applying: The offset field in struct kcopyd_job is always zero so remove it.
$ git am ../quilt/device-mapper/dm-kcopyd-remove-nr_pages-field-from-job-structure.patch
Applying: The nr_pages field in struct kcopyd_job is only used temporarily in
$ git am ../quilt/device-mapper/dm-snapshot-remove-unused-definitions.patch
Applying: Remove a couple of unused #defines.
$ git am ../quilt/device-mapper/dm-snapshot-style-cleanups.patch
Applying: Coding style cleanups.
$ git am ../quilt/device-mapper/dm-raid-cleanup-parameter-handling.patch
Applying: Re-order the parameters so they are handled consistently in the same order
$ git am ../quilt/device-mapper/dm-kcopyd-add-dm_kcopyd_zero-to-zero-an-area.patch
Applying: This patch introduces dm_kcopyd_zero() to make it easy to use
$ git am ../quilt/device-mapper/dm-ignore-merge_bvec-for-snapshots-when-safe.patch
Applying: Add a new flag DMF_MERGE_IS_OPTIONAL to struct mapped_device to indicate
$ git am ../quilt/device-mapper/dm-snap-skip-reading-origin-when-overwriting-complete-chunk.patch
Applying: If we write a full chunk in the snapshot, skip reading the origin device
$ git am ../quilt/device-mapper/dm-raid-improve-table-parameters-documentation.patch
Applying: Add more information about some dm-raid table parameters and clarify how
/home/sfr/kernels/next/quilt-tmp/.git/rebase-apply/patch:123: new blank line at EOF.
+
warning: 1 line adds whitespace errors.
$ git am ../quilt/device-mapper/dm-table-share-target-argument-parsing-functions.patch
Applying: Move multipath target argument parsing code into dm-table so other
$ git am ../quilt/device-mapper/dm-flakey-use-dm_target_offset-and-support-discards.patch
Applying: Use dm_target_offset() and support discards.
$ git am ../quilt/device-mapper/dm-flakey-support-feature-args.patch
Applying: Add the ability to specify arbitrary feature flags when creating a
$ git am ../quilt/device-mapper/dm-flakey-add-drop_writes.patch
Applying: Add 'drop_writes' option to drop writes silently while the
/home/sfr/kernels/next/quilt-tmp/.git/rebase-apply/patch:11: new blank line at EOF.
+
warning: 1 line adds whitespace errors.
$ git am ../quilt/device-mapper/dm-ioctl-fill-in-device-parameters-in-more-ioctls.patch
Applying: Move parameter filling from find_device to __find_device_hash_cell.
$ git am ../quilt/device-mapper/dm-ioctl-introduce-__get_dev_cell.patch
Applying: Move logic to find device based on major/minor number to a separate
$ git am ../quilt/device-mapper/dm-ioctl-forbid-multiple-device-specifiers.patch
Applying: Exactly one of name, uuid or device must be specified when referencing
$ cd ../next
$ git fetch -f ../quilt-tmp master:quilt/device-mapper
From ../quilt-tmp
 + 9d26c6a...9d61460 master     -> quilt/device-mapper  (forced update)
