Importing driver-core.current based on 2.6.27-rc2
$ git checkout quilt/driver-core.current
Switched to branch "quilt/driver-core.current"
$ git reset --hard 0967d61ea0d8e8a7826bd8949cd93dd1e829ac55
HEAD is now at 0967d61 Linux 2.6.27-rc2
$ git quiltimport --author Greg KH <greg@kroah.com> --patches ../quilt/driver-core.current
device-create-block-convert-device_create_drvdata-to-device_create.patch
device-create-char-convert-device_create_drvdata-to-device_create.patch
device-create-ieee1394-convert-device_create_drvdata-to-device_create.patch
.dotest/patch:35: space before tab in indent.
	    		   MKDEV(IEEE1394_MAJOR,
warning: 1 line adds whitespace errors.
device-create-infiniband-convert-device_create_drvdata-to-device_create.patch
device-create-misc-convert-device_create_drvdata-to-device_create.patch
device-create-net-convert-device_create_drvdata-to-device_create.patch
device-create-s390-convert-device_create_drvdata-to-device_create.patch
device-create-scsi-convert-device_create_drvdata-to-device_create.patch
device-create-sound-convert-device_create_drvdata-to-device_create.patch
device-create-usb-convert-device_create_drvdata-to-device_create.patch
device-create-video-convert-device_create_drvdata-to-device_create.patch
device-create-ide-convert-device_create_drvdata-to-device_create.patch
device-create-remove-device_create_drvdata.patch
kobject-replace-all-occurrences-of-with-instead-of-only-the-first-one.patch
japanese-translation-of-documentation-submitchecklist.patch
drivers-base-driver.c-remove-unused-to_dev-macro.patch
dev_printk-constify-the-dev-argument.patch
driver-model-anti-oopsing-medicine.patch
pm-don-t-skip-device-pm-init-when-config_pm_sleep-isn-t-set-and-config_pm-is-set.patch
driver-core-add-init_name-to-struct-device.patch
kobject-fix-kobject_rename-and-config_sysfs.patch
Importing usb.current based on quilt/driver-core.current
$ git checkout quilt/usb.current
Switched to branch "quilt/usb.current"
$ git reset --hard ac7d6e4fb6108df96ea8c44f6820eaabfd70408d
HEAD is now at ac7d6e4 kobject: Fix kobject_rename and !CONFIG_SYSFS
$ git quiltimport --author Greg KH <greg@kroah.com> --patches ../quilt/usb.current
usb-auerswald-remove-driver.patch
usb-add-musb-and-tusb-support.patch
usb-musb-fix-hanging-when-rmmod-gadget-driver.patch
usb-fix-usb-boot-crash-ecm_do_notify-list_add-corruption.-prev-next-should-be-next.patch
usb-fix-deadlock-in-cdc-acm.patch
usb-ftdi_sio-add-usb-product-id-for-elv-hs485.patch
usb-ftdi_sio-add-support-for-luminance-stellaris-evaluation-development-kits.patch
usb-add-missing-kerneldoc-line-for-needs_binding.patch
usb-core-driver-fix-warning.patch
usb-ohci-fix-system-hang-caused-by-earlier-patch.patch
drivers-usb-class-usblp.c-adjust-error-handling-code.patch
usb-kill-urbs-permanently.patch
usb-extend-poisoning-to-anchors.patch
usb-usb-storage-quirk-around-v1.11-firmware-on-nikon-d4.patch
usb-gadget-protect-gadget_chips.h-from-been-included-twice.patch
usb-serial-don-t-release-unregistered-minors.patch
usb-fix-interface-unregistration-logic.patch
usb-storage-automatically-recognize-bad-residues.patch
usb-move-usb-mon-up-to-misc-options-in-kconfig.patch
Context reduced to (2/2) to apply fragment at 96
usb-storage-unusual_devs-entries-for-iriver-t10-and-datafab-cf-sm-reader.patch
ub-remove-sg_stat.patch
usb-pl2023-remove-usb-id-handled-by-ch341.patch
usb-serial-sierra-clean-up.patch
usb-serial-sierra-dynamic-interface-detection.patch
usb-serial-sierra-tru-install-feature-update.patch
usb-storage-sierra-tru-install-feature-update.patch
usb-usb-storage-motorola-phone-razr-v3xx-us_fl_fix_capacity-patch.patch
usb-cxacru-fix-printk-format-flag-in-error-message.patch
usb-update-to-documentation.patch
usb-omap_udc-fix-compilation-with-debug-enabled.patch
usb-ohci-make-distrust_firmware-a-quirk.patch
usb-hook-start_hnp-into-ohci-struct.patch
usb-serial-gadget-rx-path-data-loss-fixes.patch
usb-quirk-pll-power-down-mode.patch
usb-return-error-code-instead-of-0-in-the-enqueue-function.patch
usb-isp1760-improve-pre-fetch-timing.patch
usb-isp1760-don-t-be-noisy-about-short-packets.patch
usb-ftdi_sio-add-support-for-phi-fisco-data-cable.patch
usb-bandrich-bandluxe-c150-c250-hspa-data-card-driver.patch
usb-cdc-acm.c-fix-compile-warnings.patch
usb-storage-unusual_devs-entry-for-nokia-5300.patch
usb-fix-compiler-warning-fix.patch
usb-isp1301-fix-compilation.patch
usb-sh-r8a66597-hcd-fix-disconnect-regression.patch
usb-gadget-remove-needless-struct-members.patch
usb-gadget-issue-notifications-from-acm-function.patch
Importing driver-core based on quilt/usb.current
$ git checkout quilt/driver-core
Switched to branch "quilt/driver-core"
$ git reset --hard 5e7b069b1a28c66e26e163ed8ef15bda7ad65cfe
HEAD is now at 5e7b069 usb gadget: issue notifications from ACM function
$ git quiltimport --author Greg KH <greg@kroah.com> --patches ../quilt/driver-core
driver-core-make-struct-platform_pm_ops-static.patch
sysfs-support-sysfs_notify-from-atomic-context-with-new-sysfs_notify_dirent.patch
net-convert-the-phy_device-file-to-use-bus_find_device_by_name.patch
put_device-might_sleep.patch
warn-when-statically-allocated-kobjects-are-used.patch
sysfs-crash-debugging.patch
Unchanged quilt series usb
Unchanged quilt series device-mapper
Importing i2c based on 2.6.27-rc2
$ git checkout quilt/i2c
Switched to branch "quilt/i2c"
$ git reset --hard 0967d61ea0d8e8a7826bd8949cd93dd1e829ac55
HEAD is now at 0967d61 Linux 2.6.27-rc2
$ git quiltimport --author Jean Delvare <khali@linux-fr.org> --patches ../quilt/i2c
i2c-multiplexed-buses-fix.patch
i2c-fix-NULL-pointer-dereference-in-i2c_new_probed_device.patch
i2c-isp1301_omap-convert-to-new-style-part-1.patch
i2c-isp1301_omap-convert-to-new-style-part-2.patch
hwmon-lm75-drop-legacy-driver.patch
video-matrox-maven-fix-error-path.patch
video-matrox-clean-up-i2c-templates.patch
video-matrox-maven-convert-to-new-style.patch
Unchanged quilt series jdelvare-hwmon
Unchanged quilt series kernel-doc
Importing ide based on 0967d61ea0d8e8a7826bd8949cd93dd1e829ac55
$ git checkout quilt/ide
Switched to branch "quilt/ide"
$ git reset --hard 0967d61ea0d8e8a7826bd8949cd93dd1e829ac55
HEAD is now at 0967d61 Linux 2.6.27-rc2
$ git quiltimport --author Bartlomiej Zolnierkiewicz <bzolnier@gmail.com> --patches ../quilt/ide
ata-add-missing-ata_id_-defines-take-2.patch
ide-remove-superfluous-check-from-ide_disk_special.patch
ide-cleanup-ide_disk_init_mult_count.patch
ide-cleanup-ide_fix_driveid.patch
ide-make-drive-id-an-union-take-2.patch
Context reduced to (2/2) to apply fragment at 447
ide-remove-drive-driveid.patch
ide-use-ata_id_current_chs_valid.patch
ide-disk-use-ata_id_wcache_enabled.patch
ide-disk-use-ata_id_hpa_enabled.patch
ata-add-missing-ata_cmd_-defines.patch
libata-win_-to-ata_cmd_.patch
ide-win_-to-ata_cmd_.patch
hd-win_-to-ata_cmd_.patch
ata-add-missing-ata_-defines.patch
ide-use-ata_-defines-instead-of-_stat-and-_err-ones.patch
ide-remove-no-longer-needed-ide_drive_t-fields.patch
ide-re-code-ide_fixstring-loop-to-be-less-evil.patch
ide-cd-use-the-new-object_is_in_stack-helper.patch
ide-fix-exabytenest-handling-in-probe_for_drive.patch
ide-enhance-ide_busy_sleep.patch
ide-remove-no-longer-needed-bug_on-s-from-init_irq.patch
ide-remove-ide_chipset_-macros.patch
ide-remove-unused-_ide_c-and-_ide_disk-defines.patch
ide-remove-needless-drive-present-checks-from-device-drivers.patch
ide-check-drive-present-in-ide_get_paired_drive.patch
ide-remove-config_idedisk_multi_mode.patch
ide-include-linux-hdreg-h-only-when-needed.patch
ide-call-ide_proc_register_driver-later.patch
ide-preparations-for-proc-ide-hd_-settings-rework.patch
ide-proc-ide-hd_-settings-rework.patch
ide-remove-sector_words-define.patch
cmd640-add-__set_prefetch_mode.patch
ide-remove-read-only-atapi_overlap-field-from-ide_drive_t.patch
ide-remove-supports_dsc_overlap-field-from-ide_driver_t.patch
ide-factor-out-hdio_-_nice-ioctl-handling-to-ide_-_nice_ioctl.patch
ide-ide_dev_has_iordy-to-ata_id_has_iordy.patch
ide-ide_dev_is_sata-to-ata_id_is_sata.patch
ide-idedisk_supports_lba48-to-ata_id_lba48_enabled.patch
ide-check-only-for-cache-flush-command-support-in-ide_id_has_flush_cache.patch
ide-ide_id_has_flush_cache-to-ata_id_flush_enabled.patch
ide-ide_id_has_flush_cache_ext-to-ata_id_flush_ext_enabled.patch
ide-use-ata_id_is_cfa.patch
ide-ide_id_to_hd_driveid-to-ata_id_to_hd_driveid.patch
ide-lba_capacity_is_ok-to-ata_id_is_lba_capacity_ok.patch
hpt366-add-hpt3xx_disable_fast_irq-helper.patch
ide-add-proper-pci-pm-support.patch
ide-remove-bus_state-field-from-ide_hwif_t.patch
ide-add-ide_setting_ioctl-helper.patch
ide-cleanup-generic_ide_ioctl.patch
ide-move-ioctls-handling-to-ide-ioctls-c.patch
ide-add-ide_check_atapi_device-helper.patch
ide-floppy-remove-needless-parens.patch
ide-floppy-add-ide_floppy_format_ioctl-helper.patch
ide-tape-remove-idetape_init_rq.patch
ide-floppy-use-scatterlists-for-pio-transfers.patch
ide-generic-handle-probing-of-legacy-io-ports-v5.patch
Importing m68k based on 0967d61ea0d8e8a7826bd8949cd93dd1e829ac55
	quilt series is empty
$ git update-ref refs/heads/quilt/m68k 0967d61ea0d8e8a7826bd8949cd93dd1e829ac55
Unchanged quilt series rr
Unchanged quilt series ttydev
Unchanged quilt series driver-core.current
Unchanged quilt series usb.current
Unchanged quilt series driver-core
Importing usb based on quilt/driver-core
$ git checkout quilt/usb
Switched to branch "quilt/usb"
$ git reset --hard 47c6ca6c33ce4b527d8d87601bd3ecb054ad1ec0
HEAD is now at 47c6ca6 sysfs: crash debugging
$ git quiltimport --author Greg KH <greg@kroah.com> --patches ../quilt/usb
usb-gotemp.patch
Unchanged quilt series device-mapper
Unchanged quilt series i2c
Unchanged quilt series jdelvare-hwmon
Unchanged quilt series kernel-doc
Unchanged quilt series ide
Unchanged quilt series m68k
Unchanged quilt series rr
Unchanged quilt series ttydev
