Importing driver-core.current based on 2.6.35-rc6-git2
	quilt series is empty
$ git update-ref refs/heads/quilt/driver-core.current 1a041a23da7c77b53c71fe11b4f940388bee37b1
Importing tty.current based on quilt/driver-core.current
	quilt series is empty
$ git update-ref refs/heads/quilt/tty.current 1a041a23da7c77b53c71fe11b4f940388bee37b1
Importing usb.current based on quilt/tty.current
	quilt series is empty
$ git update-ref refs/heads/quilt/usb.current 1a041a23da7c77b53c71fe11b4f940388bee37b1
Importing staging.current based on quilt/usb.current
	quilt series is empty
$ git update-ref refs/heads/quilt/staging.current 1a041a23da7c77b53c71fe11b4f940388bee37b1
Importing i2c based on 2.6.35-rc5-git3
Unchanged quilt series i2c
Importing jdelvare-hwmon based on 2.6.35-rc5-git3
Unchanged quilt series jdelvare-hwmon
Importing kernel-doc based on 2.6.35-rc3
Unchanged quilt series kernel-doc
Importing rr based on v2.6.35-rc6-19-g86c65a7
Unchanged quilt series rr
Importing device-mapper based on v2.6.35-rc5-176-gcd5b8f8
$ git clone -s -l -n -q . ../quilt-tmp
$ cd ../quilt-tmp
$ git reset --hard cd5b8f8755a89a57fc8c408d284b8b613f090345
HEAD is now at cd5b8f8 Merge branch 'urgent' of git://git.kernel.org/pub/scm/linux/kernel/git/brodo/pcmcia-2.6
$ git quiltimport --author Alasdair G Kergon <agk@redhat.com> --patches ../quilt/device-mapper
dm-mpath-fix-NULL-pointer-dereference-when-path-parameters-missing.patch
dm-snapshot-iterate-origin-and-cow-devices.patch
dm-snapshot-test-chunk-size-against-both-origin-and-snapshot.patch
dm-ioctl-remove-__dev_status-from-geometry-and-target-message.patch
dm-ioctl-make-__dev_status-void.patch
dm-ioctl-return-uevent-flag-after-rename.patch
dm-prevent-access-to-md-being-deleted.patch
dm-ioctl-release-_hash_lock-between-devices-in-remove_all.patch
dm-ioctl-use-nonseekable_open.patch
dm-crypt-use-kstrdup.patch
dm-snapshot-persistent-use-define-for-disk-header-chunk-size.patch
dm-skip-second-flush-on-bio-unsupported-error.patch
dm-ioctl-make-bio-or-request-based-device-type-immutable.patch
dm-do-not-initialise-full-request-queue-when-bio-based.patch
dm-snapshot-implement-merge.patch
dm-ioctl-refactor-dm_table_complete.patch
dm-rename-map_info-flush_request-to-target_request_nr.patch
dm-linear-support-discard.patch
dm-linear-support-discard-fixup.patch
dm-use-common-__issue_target_request-for-flush-and-discard-support.patch
dm-factor-out-max_io_len_target_boundary.patch
dm-use-dm_target_offset-macro.patch
dm-split-discard-requests-on-target-boundaries.patch
dm-zero-silently-drop-discards.patch
dm-delay-enable-discard-support.patch
dm-error-return-error-for-discards.patch
$ cd ../next
$ git fetch -f ../quilt-tmp master:quilt/device-mapper
From ../quilt-tmp
 + bb9e95c...af39cf13 master     -> quilt/device-mapper  (forced update)
Importing aoe based on v2.6.31-rc9
Unchanged quilt series aoe
Importing driver-core based on quilt/staging.current
$ cd ../quilt-tmp
$ git reset --hard 1a041a23da7c77b53c71fe11b4f940388bee37b1
HEAD is now at 1a041a2 Merge branch 'x86-fixes-for-linus' of git://git.kernel.org/pub/scm/linux/kernel/git/tip/linux-2.6-tip
$ git quiltimport --author Greg KH <greg@kroah.com> --patches ../quilt/driver-core
uio-remove-irqf_disabled-flag-from-uio_pdrv_genirq.c.patch
uio-remove-irqf_disabled-from-uio_sercos3.c.patch
uio-remove-irqf_disabled-flag-from-uio_cif.c.patch
hotplug-support-kernel-hotplug-sysctl-variable-when-config_net.patch
driver-core-internal-struct-dma_coherent_mem-change-type-of-a-member.patch
driver-core-drop-__must_check-from-bus_for_each_drv.patch
firmware-loader-use-statically-initialized-data-attribute.patch
firmware-loader-embed-device-into-firmware_priv-structure.patch
driver-core-use-kmemdup-in-platform_device_add_resources.patch
driver-core-reduce-duplicated-code-for-platform_device-creation.patch
driver-core-move-platform-device-creation-helpers-to-.init.text-if-module-n.patch
firmware-update-hotplug-script-remove-sysfs-files.patch
sysfs-sysfs_chmod_file-s-attr-can-be-const.patch
dmi-id-fix-a-memory-leak-in-dmi_id_init-error-path.patch
dcdbas-remove-a-redundant-smi_data_buf_free-in-dcdbas_exit.patch
sysfs-fix-discrepancies-between-implementation-and-documentation.patch
sysfs-fix-one-more-signature-discrepancy-between-sysfs-implementation-and-docs.patch
debugfs-no-longer-needs-to-depend-on-sysfs.patch
driver-core-fix-memory-leak-one-one-error-path-in-bus_register.patch
driver-core-add-bus_notify_bind_driver.patch
cgroupfs-create-sys-fs-cgroup-to-mount-cgroupfs-on.patch
$ cd ../next
$ git fetch -f ../quilt-tmp master:quilt/driver-core
From ../quilt-tmp
 + 2c4aeb2...81557cd master     -> quilt/driver-core  (forced update)
Importing tty based on quilt/driver-core
$ cd ../quilt-tmp
$ git reset --hard 81557cdf1505b93c0b5237d476bd71ce155b6e2f
HEAD is now at 81557cd cgroupfs: create /sys/fs/cgroup to mount cgroupfs on
$ git quiltimport --author Greg KH <greg@kroah.com> --patches ../quilt/tty
n_gsm.c-removed-duplicated-includes.patch
serial-there-s-no-config-console.patch
vt-clean-up-the-code-use-kernel-library.patch
serial-add-uart_cap_efr-and-uart_cap_sleep-flags-to-16c950-uarts-definition.patch
mrst_max3110-add-uart-driver-for-max3110-on-moorestown.patch
max3110-sanity-check-a-register.patch
serial-replace-open-coded-mutex-with-a-real-mutex-in-mrst_max3110.c.patch
serial-fix-wakup-races-in-the-mrst_max3110-driver.patch
tty-remove-hayes-esp-ioctls.patch
tty-remove-remaining-hayes-esp-ioctls.patch
tty-add-extproc-support-for-linemode.patch
vt-console-try-harder-to-print-output-when-panicing.patch
stallion-prune-lock_kernel-calls.patch
istallion-use-bit-ops-for-the-board-flags.patch
riscom8-kill-use-of-lock_kernel.patch
isicom-kill-off-the-bkl.patch
rocket-kill-bkl.patch
synclink-kill-the-big-kernel-lock.patch
cyclades-kill-off-bkl-usage.patch
epca-kill-the-big-kernel-lock.patch
specialix-kill-the-bkl.patch
tty-fix-the-digi-acceleport-driver-null-checks.patch
synclink-reworking-locking-a-bit.patch
tty-serial-fix-various-misuses-mishandlings-of-port-tty.patch
tty-serial-fix-tty-back-references-in-termios.patch
tty-serial-fix-tty-referencing-in-set_ldisc.patch
vc-locking-clean-up.patch
tty-make-vt-s-have-a-tty_port.patch
tty-move-the-vt_tty-field-from-the-vc_data-into-the-standard-tty_port.patch
serial-change-the-wait-for-carrier-locking.patch
serial-add-port-helpers.patch
serial-trim-locking-on-the-helpers.patch
serial-use-block_til_ready-helper.patch
serial-fix-termios-settings-in-open.patch
tty-replace-bkl-with-a-new-tty_lock.patch
tty-never-hold-btm-while-getting-tty_mutex.patch
tty-fix-console_sem-lock-order.patch
cdc-acm-remove-dead-code.patch
tty-introduce-wait_event_interruptible_tty.patch
tty-reorder-ldisc-locking.patch
tty-untangle-locking-of-wait_until_sent.patch
tty-remove-tty_lock_nested.patch
tty-implement-btm-as-mutex-instead-of-bkl.patch
tty-release-btm-while-sleeping-in-block_til_ready.patch
8250-fix-set_ldisc-operation.patch
tty-avoid-recursive-btm-in-pty_close.patch
serial-max3107-introduce-a-max3107-driver.patch
serial-max3107-abstract-out-the-platform-specific-bits.patch
tty_io-remove-casts-from-void.patch
vt-fix-warning-statement-with-no-effect-due-to-vt_kern.h.patch
serial-crisv10-formatting-of-pointers-in-printk.patch
serial-altera_uart-simplify-altera_uart_console_putc-checkpatch-fixes.patch
serial-fix-missing-bit-coverage-of-async_flags.patch
serial-general-fixes-in-the-serial_rs485-structure.patch
serial-mcf-don-t-take-spinlocks-in-already-protected-functions.patch
serial-mmio32-support-for-8250_early.c.patch
timbuart-use-__devinit-and-__devexit-macros-for-probe-and-remove.patch
serial-68328serial.c-remove-dead-alma_ans-dragonixvz-m68ez328ads.patch
serial-add-support-for-ox16pci958-card.patch
mxser-remove-unnesesary-null-check.patch
hsu-driver-for-medfield-high-speed-uart-device.patch
hsu-add-a-periodic-timer-to-check-dma-rx-channel.patch
hsu-some-code-cleanup.patch
hsu-call-pci-pm-hooks-in-suspend-resume-function.patch
serial-max3107-fix-gpiolib-support.patch
$ cd ../next
$ git fetch -f ../quilt-tmp master:quilt/tty
From ../quilt-tmp
 + cf81047...0eebcb8 master     -> quilt/tty  (forced update)
Importing usb based on quilt/tty
$ cd ../quilt-tmp
$ git reset --hard 0eebcb8106d4a4d04d007e5510f36f058dfce9e2
HEAD is now at 0eebcb8 serial: max3107: Fix gpiolib support
$ git quiltimport --author Greg KH <greg@kroah.com> --patches ../quilt/usb
usb-fix-failure-path-in-usb_add_hcd.patch
usb-don-t-stop-root-hub-status-polls-too-soon.patch
usb-add-check-to-detect-host-controller-hardware-removal.patch
usb-uhci-acquire-spinlock-before-calling-start_rh.patch
usb-speedtouch-fixed-brace-and-spacing-coding-style-issues.patch
usb-speedtouch-fixed-more-brace-and-spacing-coding-style-issues.patch
usb-xhci-remove-obsolete-debugging-printk.patch
usb-iuu_phoenix-add-support-for-different-baud-rates.patch
usb-ehci-make-config_usb_ehci_tt_newsched-default-to-y.patch
usb-gadget-use-memdup_user.patch
usb-documentation-usb-ehci.txt-checkpatch-cleanup.patch
usb-documentation-usb-hotplug.txt-checkpatch-cleanup.patch
usb-documentation-usb-linux.inf-checkpatch-cleanup.patch
usb-core-driver-fix-coding-styles.patch
usb-core-endpoint-fix-coding-styles.patch
usb-otg.h-fix-the-mixup-in-parameters-order.patch
usb-host-eliminate-null-dereference.patch
usb-isd200.c-remove-unnecessary-kmalloc-cast.patch
usb-throw-away-custom-hex-digit-methods.patch
usb-ehci-ehci-1.1-addendum-preparation.patch
usb-ehci-ehci-1.1-addendum-basic-lpm-feature-support.patch
usb-ehci-ehci-1.1-addendum-enable-per-port-change-detect-bits.patch
usb-option-remove-duplicate-amoi_vendor_id.patch
revert-usb-adding-support-for-htc-smartphones-to-ipaq.patch
usb-gadget-langwell_udc.c-printk-needs-a-unsigned-long-long-cast-for-a-dma_t.patch
usb-conexant-fixed-spacing-and-brace-coding-style-issues.patch
usb-add-a-serial-number-parameter-to-g_file_storage-module.patch
usb-atm-fixed-spacing-and-indentation-coding-style-issues.patch
usb-bkl-remove-lock_kernel-in-usbfs-update_sb.patch
usb-bkl-convert-usb_driver-ioctl-to-unlocked_ioctl.patch
usb-bkl-remove-bkl-use-for-usb-serial-driver-probing.patch
usb-bkl-remove-bkl-use-in-uhci-debug.patch
usb-gadget-do-not-take-bkl-for-gadget-ops-ioctl.patch
usb-mon-kill-bkl-usage.patch
usb-gadget-g_mass_storage-static-data-instead-of-dynamic-allocation.patch
usb-gadget-f_mass_storage-fsg_add-renamed-to-fsg_bind_config.patch
usb-gadget-f_fs-functionfs_add-renamed-to-functionfs_bind_config.patch
usb-gadget-composite-usb_string_ids_-functions-added.patch
usb-gadget-f_fs-use-usb_string_ids_n.patch
usb-gadget-f_mass_storage-dead-code-removed.patch
usb-gadget-g_multi-code-clean-up-and-refactoring.patch
usb-gadget-g_ether-updated-inf-file.patch
usb-gadget-g_serial-inf-file-updated.patch
usb-gadget-g_multi-added-documentation-and-inf-files.patch
usb-gadget-composite-added-disconnect-callback.patch
usb-gadget-f_mass_storage-added-eject-callback.patch
usb-gadget-section-mismatch-warning-fixed.patch
usb-convert-usb_hcd-bitfields-into-atomic-flags.patch
usb-gadget-g_fs-code-cleanup.patch
usb-refactor-the-powermac-specific-asic-clock-code.patch
usb-move-pci-hcd-resume-routine.patch
usb-add-do_wakeup-parameter-for-pci-hcd-suspend.patch
usb-controller-resume-should-check-the-root-hub.patch
usb-fix-race-between-root-hub-wakeup-controller-suspend.patch
usb-uhci-add-support-for-intel-s-wakeup-flags.patch
pci-change-device-runtime-pm-settings-for-probe-and-remove-do-not-send.patch
usb-add-runtime-pm-for-pci-based-host-controllers.patch
usb-usblp-fixed-switch-brace-whitespace-and-spacing-coding-style-issues.patch
usb-drivers-usb-makefile-conditionally-descend-to-early.patch
usb-xhci-trivial-use-array_size.patch
usb-ehci-fix-null-pointer-dererence-in-hcds-that-use-hcd_local_mem.patch
usb-gadget-compilation-issue-missing-task_interruptible.patch
usb-gadget-storage_common-comments-updated.patch
usb-serial-io_ti-don-t-return-0-if-writing-the-download-record-failed.patch
usb-core-hcd-pci-use-for_each_pci_dev.patch
usb-musb-use-correct-register-widths-in-register-dumps.patch
usb-musb-fix-compilation-warning-in-host-only-mode.patch
usb-ulpi-fix-compilation-warning.patch
usb-ehci_omap-fix-device-detect-issue-with-modules.patch
usb-musb-kill-board-specific-pinmux-from-driver-file.patch
usb-musb-do-not-override-dma-mode-in-channel-program.patch
usb-storage-freecom-fixed-several-coding-style-issues.patch
usb-autoconvert-trivial-bkl-users-to-private-mutex.patch
usb-usb-skeleton-remove-unnecessary-casts-of-private_data.patch
usb-misc-remove-unnecessary-casts-of-private_data.patch
usb-gadget-remove-unnecessary-casts-of-private_data.patch
usb-ehci-debug-port-device-gadget.patch
usb-musb-forward-debug-mode-feature-to-gadget.patch
usb-serial-enable-async-suspend-for-usb-serial-port-device.patch
usb-host-remove-dead-config_arch_karo.patch
usb-io_ti.c-don-t-return-0-if-writing-the-download-record-failed.patch
usb-otg-ulpi.c-fix-register-write.patch
usb-otg-ulpi-remove-unused-macro.patch
usb-otg-ulpi-add-support-for-smsc-usb3319-ulpi-phy.patch
usb-otg-ulpi-extend-the-generic-ulpi-driver.patch
usb-xhci-supporting-msi-msi-x.patch
usb-ehci-remove-pci-assumption.patch
usb-ehci-simplify-remainder-computations.patch
usb-ehci-add-missing-frame-microframe-conversion.patch
usb-ehci-reorganize-isochronous-scheduler-routine.patch
usb-ehci-remove-dead-code-in-the-periodic-scheduler.patch
usb-gadget-functionfs-stale-makefile-entry-removed.patch
usb-resizing-usbmon-binary-interface-buffer-causes-protection-faults.patch
usb-delay-init-quirk-for-logitech-harmony-700-series-devices.patch
usb-option-huawei-ets-1220-support-added.patch
usb-xhci-handle_tx_event-refactor-finish_td.patch
usb-xhci-handle_tx_event-refactor-process_ctrl_td.patch
usb-xhci-handle_tx_event-refactor-process_bulk_intr_td.patch
usb-xhci-remove-redundant-print-messages.patch
usb-xhci-adds-new-cases-to-trb_comp_code-switch.patch
usb-xhci-missed-service-error-event-process.patch
usb-xhci-introduce-urb_priv-structure.patch
usb-xhci-isochronous-transfer-implementation.patch
usb-xhci-allocate-bigger-ring-for-isochronous-endpoint.patch
usb-xhci-isoc-urb-enqueue.patch
usb-gadget-storage-strict-coversion-of-ro-parameter.patch
usb-gadget-storage-optional-scsi-write-fua-bit.patch
usb-host-sl811-hcd-check-kzalloc-result.patch
usb-s3c-hsotg-increase-tx-fifo-limit.patch
usb-s3c-hsotg-the-nptx-ptx-fifo-sizes-are-in-words-not-bytes.patch
usb-s3c-hsotg-avoid-overwriting-contents-of-perodic-in-fifo.patch
usb-s3c-hsotg-re-initialise-all-fifos-on-usb-bus-reset.patch
usb-s3c-hsotg-add-initial-detection-and-setup-for-dedicated-fifo-mode.patch
usb-s3c-hsotg-only-load-packet-per-fifo-write.patch
usb-s3c-hsotg-check-for-new-request-before-enqueing-new-setup.patch
usb-s3c-hsotg-fix-max-ep0-in-request-length.patch
usb-s3c-hsotg-fix-the-out-ep0-limit.patch
usb-s3c-hsotg-fix-out-packet-request-retry.patch
usb-s3c-hsotg-add-support-for-external-usb-clock.patch
usb-s3c-hsotg-fix-compilation-problem.patch
usb-s3c-hsotg-modify-only-selected-bits-in-s3c_phypwr-register.patch
usb-s3c-hsotg-add-support-for-clock-gating.patch
usb-powerpc-fsl_soc.c-remove-fsl-usb-platform-code.patch
usb-add-of_platform-glue-driver-for-fsl-usb-dr-controller.patch
usb-add-usb-ehci-support-for-mpc5121-soc.patch
usb-serial-enabling-support-for-segway-rmp-in-ftdi_sio.patch
usb-imx21-hcd-set-task-state-with-schedule_timeout_uninterruptible.patch
usb-gadget-file_storage-serial-parameter-even-if-not-test-mode.patch
usb-option-add-huawei-k3765-k4505-devices-to-work-properly.patch
usb-accept-rndis-configs-if-there-s-no-alternative.patch
usb-ftdi_sio-device-id-for-navitator.patch
$ cd ../next
$ git fetch -f ../quilt-tmp master:quilt/usb
From ../quilt-tmp
 + 22e978b...7c28258 master     -> quilt/usb  (forced update)
