Importing driver-core.current based on 2.6.32-rc5
Unchanged quilt series driver-core.current
Importing tty.current based on quilt/driver-core.current
$ git clone -s -l -n -q . ../quilt-tmp
$ cd ../quilt-tmp
$ git reset --hard 6e758dbb69668c410ccc4d32e5d95787dd58d6b6
HEAD is now at 6e758db Documentation: ABI: /sys/devices/system/cpu/cpu#/node
$ git quiltimport --author Greg KH <greg@kroah.com> --patches ../quilt/tty.current
tty-mark-generic_serial-users-as-broken.patch
$ cd ../next
$ git fetch -f ../quilt-tmp master:quilt/tty.current
From ../quilt-tmp
   6e758db..57f2cf8  master     -> quilt/tty.current
Importing usb.current based on quilt/tty.current
$ cd ../quilt-tmp
$ git reset --hard 57f2cf83688341d4d2e29860aa6ff4c1262edd6c
HEAD is now at 57f2cf8 tty: Mark generic_serial users as BROKEN
$ git quiltimport --author Greg KH <greg@kroah.com> --patches ../quilt/usb.current
usb-rndis_host-debug-info-clobbered-before-it-is-logged.patch
usb-serial-sierra-driver-send_setup-autopm-fix.patch
usb-serial-sierra-driver-autopm-fixes.patch
usb-r8a66597-hcd-fix-cannot-detect-a-device-when-uses_new_polling-is-set.patch
usb-option-tlaytech-tue800-support.patch
usb-fsl_udc_core-fix-kernel-oops-on-module-removal.patch
$ cd ../next
$ git fetch -f ../quilt-tmp master:quilt/usb.current
From ../quilt-tmp
 + e6e6ec6...90737a7 master     -> quilt/usb.current  (forced update)
Importing staging.current based on quilt/usb.current
$ cd ../quilt-tmp
$ git reset --hard 90737a7e97424825b433a9701198d275e469750f
HEAD is now at 90737a7 USB: fsl_udc_core: Fix kernel oops on module removal
$ git quiltimport --author Greg KH <greg@kroah.com> --patches ../quilt/staging.current
staging-hv-todo-patches.patch
staging-hv-fix-null-pointer-error-after-vmbus-loading.patch
staging-hv-fix-vmbus-load-hang-caused-by-faulty-data-packing.patch
staging-hv-fix-oops-in-vmbus-udev-events.patch
staging-hv-fix-oops-in-vmbus-netvsc-list_head.patch
staging-hv-fix-oops-in-vmbus-missing-include.patch
staging-panel-prevent-driver-from-calling-misc_deregister-twice-on-same-ressource.patch
staging-vt6656-fix-the-memory-free-bug-in-vntwusb_disconnect.patch
staging-rtl8187se-rtl8192e-rtl8192su-allow-module-unload.patch
staging-remove-stlc45xx-driver.patch
staging-android-mark-subsystem-as-broken.patch
staging-wireless-drivers-kconfig-change.patch
staging-fix-wireless-drivers-depends.patch
$ cd ../next
$ git fetch -f ../quilt-tmp master:quilt/staging.current
From ../quilt-tmp
 + a26961e...0ec7bf2 master     -> quilt/staging.current  (forced update)
Importing i2c based on 2.6.32-rc5-git5
$ cd ../quilt-tmp
$ git reset --hard b6727b12dd2ffb4a890eb5b13a298230c29ba45d
HEAD is now at b6727b1 Merge git://git.kernel.org/pub/scm/linux/kernel/git/gregkh/staging-2.6
$ git quiltimport --author Jean Delvare <khali@linux-fr.org> --patches ../quilt/i2c
i2c-piix4-modify-code-name-sb900-to-hudson-2.patch
i2c-chips-move-ds1682-to-drivers-misc.patch
i2c-powermac-01-multiple-msg-not-supported.patch
i2c-powermac-02-refactor-xfer.patch
i2c-powermac-03-report-errors.patch
i2c-voodoo3-delete.patch
i2c-prevent-priority-inversion-on-top-of-bus-lock.patch
i2c-no-I2C_M_REV_DIR_ADDR.patch
i2c-add-missing-devinit.patch
i2c-core-01-drop-obsolete-force-module-parameters.patch
i2c-core-02-detect-drop-kind-parameter.patch
misc-ics932s401-cleanup-detect.patch
i2c-remove-big-kernel-lock-from-i2cdev_open.patch
i2c-scmi-support-ibm-smbus-cmi-devices.patch
i2c-i801-retry-on-lost-arbitration.patch
$ cd ../next
$ git fetch -f ../quilt-tmp master:quilt/i2c
From ../quilt-tmp
 + a5f5f1c...e2212e4 master     -> quilt/i2c  (forced update)
Importing jdelvare-hwmon based on 2.6.32-rc5-git4
$ cd ../quilt-tmp
$ git reset --hard 2e2ec952350f25242f2e0539db16b1e46f9eb01b
HEAD is now at 2e2ec95 Merge branch 'bugfix' of git://git.kernel.org/pub/scm/linux/kernel/git/jeremy/xen
$ git quiltimport --author Jean Delvare <khali@linux-fr.org> --patches ../quilt/jdelvare-hwmon
hwmon-it87-02-check-VID-pins-availability.patch
hwmon-it87-03-fan2-fan3-may-be-missing.patch
hwmon-w83627hf-drop-force_addr.patch
hwmon-w83627hf-no-sio-globals.patch
hwmon-lm73-new-driver.patch
hwmon-adm1021-cleanup-detect.patch
hwmon-adm1025-cleanup-detect.patch
hwmon-lm77-cleanup-detect.patch
hwmon-lm83-cleanup-detect.patch
hwmon-lm85-cleanup-detect.patch
hwmon-lm90-cleanup-detect.patch
hwmon-tmp401-tmp421-cleanup-detect.patch
hwmon-w83781d-cleanup-detect.patch
hwmon-w83791d-cleanup-detect.patch
hwmon-w83792d-cleanup-detect.patch
hwmon-w83l785ts-cleanup-detect.patch
hwmon-cleanup-detect-functions.patch
hwmon-w83791d-remove-experimental-dependency.patch
hwmon-add-freescale-mc13783-adc-driver.patch
hwmon-thmc50-stop-using-I2C_CLIENT_MODULE_PARM.patch
hwmon-f71882fg-01-sysfs-create-cleanup1.patch
hwmon-f71882fg-02-sysfs-create-cleanup2.patch
hwmon-f71882fg-03-fix-sysfs-file-removal.patch
hwmon-f71882fg-04-add-f71889fg-support.patch
$ cd ../next
$ git fetch -f ../quilt-tmp master:quilt/jdelvare-hwmon
From ../quilt-tmp
 + 4a988ed...38c8d17 master     -> quilt/jdelvare-hwmon  (forced update)
Importing kernel-doc based on origin/master
	quilt series is empty
$ git update-ref refs/heads/quilt/kernel-doc b6727b12dd2ffb4a890eb5b13a298230c29ba45d
Importing rr based on v2.6.32-rc5-81-g964fe08
Unchanged quilt series rr
Importing device-mapper based on v2.6.32-rc5-81-g964fe08
Unchanged quilt series device-mapper
Importing aoe based on v2.6.31-rc9
Unchanged quilt series aoe
Importing driver-core based on quilt/staging.current
$ cd ../quilt-tmp
$ git reset --hard 0ec7bf2ca49b6e010fb411e00e19ed70e1068464
HEAD is now at 0ec7bf2 Staging: fix wireless drivers depends
$ git quiltimport --author Greg KH <greg@kroah.com> --patches ../quilt/driver-core
hpilo-add-locking-comment.patch
sysfs-mark-a-locally-only-used-function-static.patch
driver-core-devtmpfs-ignore-umask-while-setting-file-mode.patch
driver-core-devtmpfs-prevent-concurrent-subdirectory-creation-and-removal.patch
driver-core-devtmpfs-use-sys_mount.patch
driver-core-devtmpfs-do-not-remove-non-kernel-created-directories.patch
driver-core-devtmpfs-cleanup-node-on-device-creation-error.patch
firmware_class-make-request_firmware_nowait-more-useful.patch
$ cd ../next
$ git fetch -f ../quilt-tmp master:quilt/driver-core
From ../quilt-tmp
 + b4af921...529f3b9 master     -> quilt/driver-core  (forced update)
Importing tty based on quilt/driver-core
$ cd ../quilt-tmp
$ git reset --hard 529f3b95dce83b86339866a05dac8bb8f256cdc7
HEAD is now at 529f3b9 firmware_class: make request_firmware_nowait more useful
$ git quiltimport --author Greg KH <greg@kroah.com> --patches ../quilt/tty
jsm-irq-handlers-doesn-t-need-to-have-irq_disabled-enabled.patch
jsm-rewriting-a-bad-log-message.patch
jsm-remove-the-ch_custom_speed-field.patch
jsm-removing-ch_old_baud-field.patch
jsm-remove-ch_cpstime-field.patch
jsm-removing-unused-jsm_channel-ch_wopen-field.patch
jsm-removing-the-field-jsm_board-intr_count.patch
jsm-adding-eeh-handlers.patch
tty-const-constify-remaining-tty_operations.patch
tty-esp-remove-broken-driver.patch
tty-istallion-kill-off-the-bkl-ioctl.patch
tty-stallion-kill-bkl-ioctl.patch
tty_port-add-tty_port_open-helper.patch
/home/sfr/kernels/next/quilt-tmp/.git/rebase-apply/patch:48: space before tab in indent.
        		        mutex_unlock(&port->mutex);
/home/sfr/kernels/next/quilt-tmp/.git/rebase-apply/patch:49: space before tab in indent.
        			return retval;
/home/sfr/kernels/next/quilt-tmp/.git/rebase-apply/patch:50: space before tab in indent.
        		}
warning: 3 lines add whitespace errors.
tty_port-coding-style-cleaning-pass.patch
usb_serial-use-the-shutdown-operation.patch
usb_serial-kill-port-mutex.patch
opticon-fix-resume-logic.patch
serial-fix-null-pointer-dereference.patch
serial-cascade-needless-conditionals.patch
serial-8250-calculate-irqflags-bitmask-before-loop.patch
$ cd ../next
$ git fetch -f ../quilt-tmp master:quilt/tty
From ../quilt-tmp
 + f0daab4...9630785 master     -> quilt/tty  (forced update)
Importing usb based on quilt/tty
$ cd ../quilt-tmp
$ git reset --hard 96307853daf03dd85adb46854158e3472ee1ae8f
HEAD is now at 9630785 serial, 8250: calculate irqflags bitmask before loop
$ git quiltimport --author Greg KH <greg@kroah.com> --patches ../quilt/usb
usb-serial-ftdi_sio-add-space-mark-parity.patch
usb-ehci-hub-remove-redundant-ehci-debug-check.patch
usb-convert-a-dev_info-to-a-dev_dbg.patch
usb-usb-storage-associate-the-name-of-the-interface-with-the-scsi-host.patch
usb-storage-make-driver-less-chatty-when-it-finds-a-new-device.patch
usb-add-support-for-xilinx-usb-host-controller.patch
usb-add-missing-static-markers-to-ohci-pnx4008.patch
usb-make-urb-scatter-gather-support-more-generic.patch
usb-whci-hcd-support-urbs-with-scatter-gather-lists.patch
usb-allow-interrupt-transfers-to-wusb-devices.patch
usb-whci-hcd-fix-type-and-format-warnings-in-sg-code.patch
usb-skeleton-correct-use-of-and.patch
usb-gadget-handle-endpoint-requests-at-the-function-level.patch
usb-audio-gadget-handle-endpoint-control-requests-at-the-function-level.patch
usb-modifications-for-at91sam9g10.patch
usb-usbtmc-minor-formatting-cleanups.patch
usb-whci-hcd-decode-more-qhead-fields-in-the-debug-files.patch
usb-wusb-add-wusb_phy_rate-sysfs-file-to-host-controllers.patch
usb-otg-add-support-for-ulpi-connected-external-transceivers.patch
usb-otg-add-generic-driver-for-ulpi-otg-transceiver.patch
usb-host-ehci-introduce-omap-ehci-hcd-driver.patch
usb-improved-error-handling-in-usb_port_suspend.patch
usb-xhci-handle-urb-cancel-complete-and-resubmit-race.patch
usb-xhci-re-purpose-xhci_quiesce.patch
usb-xhci-add-watchdog-timer-for-urb-cancellation.patch
usb-ehci-minor-constant-fix-for-schedule_slop.patch
usb-ehci-respect-ist-when-scheduling-new-split-itds.patch
usb-don-t-use-a-fixed-dma-mapping-for-hub-status-urbs.patch
usb-add-a-remove-hardware-sysfs-attribute.patch
usb-fix-a-bug-in-the-scatter-gather-library.patch
usb-add-ehci-support-for-mx27-and-mx31-based-boards.patch
$ cd ../next
$ git fetch -f ../quilt-tmp master:quilt/usb
From ../quilt-tmp
 + e22b944...9278f1b master     -> quilt/usb  (forced update)
Importing staging based on quilt/usb
$ cd ../quilt-tmp
$ git reset --hard 9278f1b1a83bd7b5955e160907380fe6ef4353f8
HEAD is now at 9278f1b USB: Add EHCI support for MX27 and MX31 based boards
$ git quiltimport --author Greg KH <greg@kroah.com> --patches ../quilt/staging
staging-rt3090-disable-has_ate-option.patch
staging-rt3090-disable-has_antenna_diversity_support-option.patch
staging-rt3090-remove-private-debugging-ioctls.patch
staging-rt3090-remove-private-ioctls.patch
staging-rt28x0-updates-from-vendor-s-v2.1.0.0-drivers.patch
/home/sfr/kernels/next/quilt-tmp/.git/rebase-apply/patch:34734: space before tab in indent.
    		if (pAd->CommonCfg.bAPSDCapable && pAd->CommonCfg.APEdcaParm.bAPSDCapable)
/home/sfr/kernels/next/quilt-tmp/.git/rebase-apply/patch:34735: space before tab in indent.
    		{
/home/sfr/kernels/next/quilt-tmp/.git/rebase-apply/patch:34736: space before tab in indent.
    		    // When APSD is enabled, the period changes as 20 sec
/home/sfr/kernels/next/quilt-tmp/.git/rebase-apply/patch:34737: space before tab in indent.
    			if ((pAd->Mlme.OneSecPeriodicRound % 20) == 8)
/home/sfr/kernels/next/quilt-tmp/.git/rebase-apply/patch:34738: space before tab in indent.
    				RTMPSendNullFrame(pAd, pAd->CommonCfg.TxRate, TRUE);
warning: squelched 5 whitespace errors
warning: 10 lines add whitespace errors.
staging-rt28x0-remove-unused-code-from-common-dfs.c.patch
staging-rt2860-add-rt3090-chipset-support.patch
staging-remove-no-longer-needed-rt3090-driver.patch
staging-b3dfg-remove-check-for-pci-bus-master.patch
staging-line6-driver.c-factorize-code-and-cleanups.patch
staging-comedi-8253-fix-coding-style-error.patch
staging-comedi-8255-fix-coding-style-error.patch
staging-comedi-drivers.c-checkpatch-fix.patch
staging-comedi-adl_pci6208-code-styling-fix.patch
staging-comedi-ni_labpc.h-fixed-line-lengths-of-some-trailing-comments.patch
staging-comedi-ni_labbc_cs-cleaned-up-debug-define-a-bit.patch
staging-comedi-ni_labpc_cs-removed-null-initialization-of-static.patch
staging-comedi-ni_labpc_cs-added-mandatory-whitespace-to-comparison.patch
staging-comedi-ni_labpc_cs-removed-null-check-from-kfree.patch
staging-comedi-ni_labpc_cs-wrapped-long-comments.patch
staging-comedi-comedi_compat32-fixed-checkpatch.pl-issues.patch
staging-comedi-comedidev.h-fixed-checkpatch.pl-issues.patch
staging-comedi-ni_at_ao.c-fix-coding-style-error.patch
staging-comedi-mite.c-fix-coding-style.patch
staging-comedi-mite.h-deletion-of-unused-functions.patch
staging-comedi-ni_atmio16d-fix-formating-errors.patch
staging-comedi-ni_atmio16d-brace-fixes.patch
staging-comedi-nt_atmio16d-space-and-tab-fixes.patch
staging-comedi-ni_atmio16d-printk-fixups.patch
staging-comedi-vmk80xx-cleanup-formatting.patch
staging-comedi-comedi_compat32.h-fixed-checkpatch.pl-issues.patch
staging-comedi-acl7225b.c-codingstyle-printk-fixups.patch
staging-comedi-adl_pci7296-codingstyle-cleanup.patch
staging-comedi-adl_pci7432-coding-style-cleanup.patch
staging-comedi-amplc_pc263.c-fix-coding-style-issues.patch
staging-comedi-amplc_pc263.c-more-coding-style-fixes.patch
staging-comedi-trivial-fix-of-a-very-frequent-spelling-mistake.patch
staging-comedi-ni_mio_cs.c-coding-style-cleanup.patch
staging-comedi-pcm_common-fixed-all-checkpatch-issues.patch
staging-comedi-pcmmio-coding-style-cleanup.patch
staging-comedi-pcmmio-more-coding-style-cleanup.patch
staging-comedi-remove-check-for-have_unlocked_ioctl.patch
staging-comedi-remove-check-for-have_compat_ioctl.patch
staging-comedi-don-t-check-for-enoioctlcmd.patch
staging-comedi-remove-__cplusplus-check.patch
staging-comedi-remove-extern-macro-since-it-is-not-used.patch
staging-comedi-adl_pci8164-coding-style-fixes.patch
staging-comedi-multiq3-remove-warning-on-braces.patch
staging-comedi-multiq3-add-kern_.patch
staging-comedi-addi-data-cleanup-redundant-tests-on-unsigned.patch
staging-comedi-pcl726-fix-coding-style-issues.patch
staging-comedi-comedi_fc-checkpatch.pl-fixes.patch
staging-comedi-drivers-ni_6527-fixup-checkpatch.pl-warnings.patch
staging-comedi-gsc_hpdi-style-fixes-printk.patch
staging-comedi-gsc_hpdi-fix-style-issues.patch
staging-comedi-gsc_hdpi-style-fixes-static-function.patch
staging-comedi-icp_multi-white-space-style-fixes.patch
staging-comedi-icp_multi-fix-style-issue-printk.patch
staging-comedi-icp_multi-don-t-init-static.patch
staging-comedi-ii_pci20kc-white-space-fixes.patch
staging-comedi-ii_pci_20kc-fix-style-printk.patch
staging-comedi-ke_counter-fix-style-issues.patch
staging-xvmalloc-memory-allocator.patch
staging-virtual-block-device-driver.patch
staging-ramzswap-documentation.patch
staging-ramzswap-add-todo-file.patch
staging-et131x-adding-__init-__exit-macros.patch
staging-cx25821-adding-__init-__exit-macros.patch
staging-p9auth-adding-__init-__exit-macros.patch
staging-phison-adding-__init-__exit-macros.patch
staging-iio-kconfig-and-make-edits.patch
staging-iio-lots-of-doc-fixes.patch
staging-slicoss-remove-duplicate-structure-field-initialization.patch
staging-et131x-kill-success-and-failure-defines.patch
staging-et131x-tidy-eeprom-code-up.patch
/home/sfr/kernels/next/quilt-tmp/.git/rebase-apply/patch:451: space before tab in indent.
 	/*
warning: 1 line adds whitespace errors.
staging-et131x-extract-the-eeprom-setup-logic-from-initpci.patch
staging-et131x-kill-the-nophyaccess-variable.patch
staging-et131x-tidy-up-initpci-code.patch
staging-et131x-kill-nmi-hacks.patch
staging-et131x-phy-loopback-cannot-be-set-and-isn-t-useful-for-us-anyway.patch
staging-et131x-rxstat-is-not-used.patch
staging-et131x-clean-up-word-3-definition.patch
/home/sfr/kernels/next/quilt-tmp/.git/rebase-apply/patch:13: space before tab in indent.
		    	/* Last element & Interrupt flag */
warning: 1 line adds whitespace errors.
staging-et131x-clean-up-word2-usage.patch
staging-et131x-tidy-up-names-for-the-tx-structures.patch
/home/sfr/kernels/next/quilt-tmp/.git/rebase-apply/patch:563: space before tab in indent.
	     	etdev->tx_ring.txDmaReadyToSend &= ~ET_DMA10_MASK;
/home/sfr/kernels/next/quilt-tmp/.git/rebase-apply/patch:564: space before tab in indent.
	     	etdev->tx_ring.txDmaReadyToSend ^= ET_DMA10_WRAP;
/home/sfr/kernels/next/quilt-tmp/.git/rebase-apply/patch:664: space before tab in indent.
					    	INDEX10(tcb->WrIndexStart));
/home/sfr/kernels/next/quilt-tmp/.git/rebase-apply/patch:679: space before tab in indent.
			    	tcb->WrIndexStart &= ~ET_DMA10_MASK;
/home/sfr/kernels/next/quilt-tmp/.git/rebase-apply/patch:680: space before tab in indent.
			    	tcb->WrIndexStart ^= ET_DMA10_WRAP;
warning: 5 lines add whitespace errors.
staging-et131x-the-stuck-descriptor-copy-is-never-used.patch
staging-et131x-pci_alloc_consistent-dma-alignment-is-guaranteed.patch
staging-et131x-first-pass-rx-cleanup.patch
staging-et131x-clean-up-the-receive-arrays.patch
staging-et131x-fold-up-simple-wrapper-functions.patch
staging-et131x-remove-old-sendwaitqueue-code.patch
staging-et131x-tidy-up-a-bit-further.patch
staging-et131x-clean-up-the-tx-ring-init.patch
staging-et131x-clean-up-tx-naming.patch
/home/sfr/kernels/next/quilt-tmp/.git/rebase-apply/patch:278: space before tab in indent.
	     	etdev->tx_ring.send_idx &= ~ET_DMA10_MASK;
/home/sfr/kernels/next/quilt-tmp/.git/rebase-apply/patch:279: space before tab in indent.
	     	etdev->tx_ring.send_idx ^= ET_DMA10_WRAP;
/home/sfr/kernels/next/quilt-tmp/.git/rebase-apply/patch:356: space before tab in indent.
					    	INDEX10(tcb->index_start));
/home/sfr/kernels/next/quilt-tmp/.git/rebase-apply/patch:369: space before tab in indent.
			    	tcb->index_start &= ~ET_DMA10_MASK;
/home/sfr/kernels/next/quilt-tmp/.git/rebase-apply/patch:370: space before tab in indent.
			    	tcb->index_start ^= ET_DMA10_WRAP;
warning: 5 lines add whitespace errors.
staging-et131x-kill-unused-tcb-fields.patch
staging-et131x-bring-tx-into-coding-style.patch
staging-et131x-tx-ring-mac-error-is-only-used-as-a-local.patch
staging-et131x-kill-the-rx-pending-list.patch
staging-et131x-kill-the-rx-skb-list-element-it-isn-t-used.patch
staging-et131x-clean-the-ipg-types-up.patch
staging-et131x-clean-up-the-half-duplex-control-reg-types.patch
staging-et131x-clean-up-the-mii_mgmt-type.patch
staging-et131x-clean-up-mac_cfg-types.patch
staging-et131x-clean-up-max_fm-type.patch
staging-et131x-kill-off-mac_test_t.patch
staging-et131x-clean-up-mii-control.patch
staging-et131x-phy-clean-up.patch
staging-et131x-clean-up-the-phy-code-especially-dup-stuff.patch
staging-poch-parameter-to-enable-synthetic-counter.patch
staging-poch-fetch-flush-ioctl-interface.patch
staging-poch-increase-groups-per-interrupt.patch
staging-poch-parameter-to-enable-loopback.patch
staging-poch-remove-circular-buffer-header.patch
staging-poch-include-linux-types.h.patch
staging-poch-add-sample-rx-code.patch
staging-rtl8187se-remove-unused-include-linux-version.h.patch
staging-rtl8187su-remove-unused-include-linux-version.h.patch
staging-wlags49_h2-add-agere-driver-for-hermes-ii-and-hermes-ii.5-chipsets.patch
/home/sfr/kernels/next/quilt-tmp/.git/rebase-apply/patch:4458: space before tab in indent.
 	0x000F2101,					// Start execution address
/home/sfr/kernels/next/quilt-tmp/.git/rebase-apply/patch:7797: space before tab in indent.
 	0x000F1297,					// Start execution address
/home/sfr/kernels/next/quilt-tmp/.git/rebase-apply/patch:9650: space before tab in indent.
            	OPW( HREG_INT_EN, i | HREG_EV_TICK );
/home/sfr/kernels/next/quilt-tmp/.git/rebase-apply/patch:9655: space before tab in indent.
            	OPW( HREG_INT_EN, i | HREG_EV_SLEEP_REQ );
/home/sfr/kernels/next/quilt-tmp/.git/rebase-apply/patch:10209: space before tab in indent.
 		if ( head->next_desc_addr == NULL ) {
warning: squelched 185 whitespace errors
warning: 190 lines add whitespace errors.
staging-wlags49_h2-add-todo-files.patch
staging-dream-make-it-independant-from-config_android.patch
staging-dream-mark-as-broken.patch
staging-dream-synaptics-touchscreen-for-htc-dream-check-that-smbus-is-available.patch
staging-dream-remove-wakelock-support.patch
staging-dream-remove-wakelock-support-from-smd_rpcrouter.h.patch
staging-otus-checkpatch.pl-cleanup-for-header-files.patch
staging-otus-checkpatch.pl-cleanup-for-.c-files.patch
staging-otus-checkpatch.pl-cleanup-for-some-more-.c-files.patch
staging-rt28x0-remove-unused-eewrite-methods.patch
staging-rt28x0-remove-unused-code-from-common-ee_efuse-c.patch
staging-rt28x0-remove-private-rtpriv_ioctl_set-ioctl.patch
staging-rt28x0-remove-private-rtpriv_ioctl_gsitesurvey-ioctl.patch
staging-rt28x0-remove-private-wext-handlers.patch
/home/sfr/kernels/next/quilt-tmp/.git/rebase-apply/patch:3138: space before tab in indent.
   	if (pAd->CommonCfg.bRdg)
/home/sfr/kernels/next/quilt-tmp/.git/rebase-apply/patch:4032: space before tab in indent.
    	return "WEP";
/home/sfr/kernels/next/quilt-tmp/.git/rebase-apply/patch:4034: space before tab in indent.
    	return "TKIP";
/home/sfr/kernels/next/quilt-tmp/.git/rebase-apply/patch:4036: space before tab in indent.
    	return "AES";
/home/sfr/kernels/next/quilt-tmp/.git/rebase-apply/patch:4038: space before tab in indent.
    	return "TKIPAES";
warning: squelched 12 whitespace errors
warning: 17 lines add whitespace errors.
staging-rt28x0-remove-support-for-private-driver-parameters.patch
staging-rt28x0-remove-optional-loading-of-eeprom-from-file-in-efuse-mode.patch
staging-rt28x0-fix-some-build-warnings.patch
staging-rt28x0-remove-optional-cmm-profile-parameters.patch
staging-rt28x0-remove-dead-code-from-rtmp_phy.h.patch
staging-rt28x0-remove-unused-sha256-code.patch
staging-rt28x0-remove-dead-code.patch
staging-rt28x0-remove-__line__-instances.patch
staging-rt28x0-run-c-files-through-lindent.patch
staging-rt28x0-run-common-c-files-through-lindent.patch
staging-rt28x0-run-sta-c-files-through-lindent.patch
staging-rt28x0-run-h-files-through-lindent.patch
staging-rt28x0-fix-comments-in-c-files.patch
staging-rt28x0-fix-comments-in-common-c-files.patch
staging-rt28x0-fix-comments-in-sta-c-files.patch
staging-rt28x0-fix-comments-in-h-files.patch
staging-rt28x0-remove-typedefs-part-one.patch
staging-rt28x0-remove-typedefs-part-two.patch
staging-rt28x0-remove-typedefs-part-three.patch
staging-strip-add-todo-file.patch
staging-arlan-add-todo-file.patch
staging-wavelan-add-todo-file.patch
staging-netwave-add-todo-file.patch
staging-octeon-don-t-ignore-request_irq-return-code.patch
staging-vt6656-use-lowercase-for-via-usb-vendor-id.patch
staging-vt6655-correct-unsigned-bound-issue.patch
staging-vt6655-remove-kcompat.h.patch
staging-vt6656-remove-kcompat.h.patch
staging-vt6655-remove-duplicate-includes.patch
staging-vt6656-remove-duplicate-includes.patch
staging-vt6655-remove-unneeded-version.h.patch
staging-vt6656-remove-unneeded-version.h-and-version-check.patch
staging-vt6655-remove-__cplusplus-ifdefs.patch
staging-vme-remove-unused-include-linux-version.h.patch
staging-vme-correct-array-overflow.patch
staging-vme-pull-common-vme-interrupt-handling-into-core-code.patch
staging-vme-fix-compiler-warnings-in-vme_ca91cx42.c.patch
staging-vme-allow-size-of-0-when-disabling-a-window.patch
staging-vme-correct-operation-of-vme_lm_free.patch
staging-vme-clean-up-tsi148-driver.patch
staging-vme-rename-vme-dma-functions.patch
staging-vme-fix-mutex-locking.patch
staging-android-delete-android-drivers.patch
staging-dream-remove-drivers.patch
$ cd ../next
$ git fetch -f ../quilt-tmp master:quilt/staging
From ../quilt-tmp
 + 10afb9f...dfa56c2 master     -> quilt/staging  (forced update)
