Importing driver-core.current based on 2.6.35-git10
	quilt series is empty
$ git update-ref refs/heads/quilt/driver-core.current 3d30701b58970425e1d45994d6cb82f828924fdd
Importing tty.current based on quilt/driver-core.current
	quilt series is empty
$ git update-ref refs/heads/quilt/tty.current 3d30701b58970425e1d45994d6cb82f828924fdd
Importing usb.current based on quilt/tty.current
	quilt series is empty
$ git update-ref refs/heads/quilt/usb.current 3d30701b58970425e1d45994d6cb82f828924fdd
Importing staging.current based on quilt/usb.current
	quilt series is empty
$ git update-ref refs/heads/quilt/staging.current 3d30701b58970425e1d45994d6cb82f828924fdd
Importing i2c based on 2.6.35-git10
$ git clone -s -l -n -q . ../quilt-tmp
$ cd ../quilt-tmp
$ git reset --hard 3d30701b58970425e1d45994d6cb82f828924fdd
HEAD is now at 3d30701 Merge branch 'for-linus' of git://neil.brown.name/md
$ git quiltimport --author Jean Delvare <khali@linux-fr.org> --patches ../quilt/i2c
i2c-dev-01-remove-unnecessary-kmalloc-casts.patch
i2c-dev-02-use-memdup_user.patch
i2c-support-custom-probe-function-01.patch
i2c-support-custom-probe-function-02.patch
i2c-uninline-adapter-mutex-operations.patch
i2c-drop-dummy-variable.patch
i2c-drop-preliminary-probability-checks.patch
i2c-separate-userspace-list-mutex.patch
i2c-multiplexing-core-support.patch
i2c-multiplexed-i2c-bus-multiplexer-driver-pca954x.patch
$ cd ../next
$ git fetch -f ../quilt-tmp master:quilt/i2c
From ../quilt-tmp
 + 060991d...c2174cd master     -> quilt/i2c  (forced update)
Importing jdelvare-hwmon based on 2.6.35-git10
$ cd ../quilt-tmp
$ git reset --hard 3d30701b58970425e1d45994d6cb82f828924fdd
HEAD is now at 3d30701 Merge branch 'for-linus' of git://neil.brown.name/md
$ git quiltimport --author Jean Delvare <khali@linux-fr.org> --patches ../quilt/jdelvare-hwmon
hwmon-pc87360-fix-device-resource-declaration.patch
hwmon-ltc4245-expose-all-gpio-pins-as-analog-voltages.patch
hwmon-emc1403-add-power-support.patch
hwmon-lm75-add-suspend-and-resume.patch
hwmon-it87-labels-for-internal-voltages.patch
hwmon-asc7621-clean-up-and-improve-detect.patch
hwmon-add-3-critical-limit-attributes-to-sysfs-interface.patch
hwmon-add-4-current-alarm-beep-attributes-to-sysfs-interface.patch
hwmon-remove-in-fault-attribute-from-interface.patch
hwmon-add-driver-for-smsc-emc2103-temperature-monitor-and-fan-controller.patch
hwmon-w83627ehf-01-driver-cleanup.patch
hwmon-w83627ehf-02-add-support-for-W83667HG-B.patch
hwmon-pc87427-01-check-disabled-fans.patch
hwmon-pc87427-02-minor-style-cleanups.patch
hwmon-pc87427-03-add-manual-pwm-support.patch
hwmon-pc87427-04-support-second-LD.patch
hwmon-pc87427-05-add-temperature-support.patch
hwmon-pc87427-06-refactor-device-removal.patch
hwmon-pc87427-07-be-the-maintainer.patch
hwmon-jc42-depends-on-i2c.patch
$ cd ../next
$ git fetch -f ../quilt-tmp master:quilt/jdelvare-hwmon
From ../quilt-tmp
 + c868eb3...573e446 master     -> quilt/jdelvare-hwmon  (forced update)
Importing kernel-doc based on 2.6.35-rc3
Unchanged quilt series kernel-doc
Importing rr based on v2.6.35-rc6-19-g86c65a7
Unchanged quilt series rr
Importing device-mapper based on v2.6.35-7500-g5af568c
$ cd ../quilt-tmp
$ git reset --hard 5af568cbd55f60b5a1d174f621b273e4f585dc35
HEAD is now at 5af568c Merge branch 'for-linus' of git://git.kernel.org/pub/scm/linux/kernel/git/viro/vfs-2.6
$ git quiltimport --author Alasdair G Kergon <agk@redhat.com> --patches ../quilt/device-mapper
dm-mpath-fix-NULL-pointer-dereference-when-path-parameters-missing.patch
dm-snapshot-iterate-origin-and-cow-devices.patch
dm-snapshot-test-chunk-size-against-both-origin-and-snapshot.patch
dm-ioctl-remove-__dev_status-from-geometry-and-target-message.patch
dm-ioctl-make-__dev_status-void.patch
dm-ioctl-return-uevent-flag-after-rename.patch
dm-prevent-access-to-md-being-deleted.patch
dm-ioctl-release-_hash_lock-between-devices-in-remove_all.patch
dm-separate-device-deletion-from-dm_put.patch
dm-ioctl-use-nonseekable_open.patch
dm-crypt-use-kstrdup.patch
dm-snapshot-persistent-use-define-for-disk-header-chunk-size.patch
dm-skip-second-flush-on-bio-unsupported-error.patch
dm-ioctl-make-bio-or-request-based-device-type-immutable.patch
dm-do-not-initialise-full-request-queue-when-bio-based.patch
dm-snapshot-implement-merge.patch
dm-ioctl-refactor-dm_table_complete.patch
dm-rename-map_info-flush_request-to-target_request_nr.patch
dm-allow-autoloading-of-dm-mod.patch
dm-crypt-simplify-crypt_config-destruction-logic.patch
dm-crypt-simplify-crypt_ctr.patch
dm-linear-support-discard.patch
dm-use-common-__issue_target_request-for-flush-and-discard-support.patch
dm-factor-out-max_io_len_target_boundary.patch
dm-use-dm_target_offset-macro.patch
dm-zero-silently-drop-discards.patch
dm-delay-support-discard.patch
dm-error-return-error-for-discards.patch
dm-stripe-move-sector-translation-to-a-function.patch
dm-stripe-optimize-sector-division.patch
dm-split-discard-requests-on-target-boundaries.patch
dm-stripe-support-discards.patch
dm-mpath-support-discard.patch
$ cd ../next
$ git fetch -f ../quilt-tmp master:quilt/device-mapper
From ../quilt-tmp
 + 58e2490...8e61c61 master     -> quilt/device-mapper  (forced update)
Importing aoe based on v2.6.31-rc9
Unchanged quilt series aoe
Importing driver-core based on quilt/staging.current
	quilt series is empty
$ git update-ref refs/heads/quilt/driver-core 3d30701b58970425e1d45994d6cb82f828924fdd
Importing tty based on quilt/driver-core
	quilt series is empty
$ git update-ref refs/heads/quilt/tty 3d30701b58970425e1d45994d6cb82f828924fdd
Importing usb based on quilt/tty
	quilt series is empty
$ git update-ref refs/heads/quilt/usb 3d30701b58970425e1d45994d6cb82f828924fdd
