Importing driver-core.current based on 2.6.30-git18
$ git clone -s -l -n -q . ../quilt-tmp
$ cd ../quilt-tmp
$ git reset --hard f234012f52a37e48f2330e1ca2df69800e797c3b
HEAD is now at f234012 Merge branch 'for-linus' of git://git.kernel.org/pub/scm/linux/kernel/git/drzeus/mmc
$ git quiltimport --author Greg KH <greg@kroah.com> --patches ../quilt/driver-core.current
devres-warn-and-return-don-t-crash-on-device_del-of-uninitialized-device.patch
partitions-fix-broken-uevent_suppress-conversion.patch
sound-remove-direct-access-of-driver_data.patch
omap-video-remove-direct-access-of-driver_data.patch
wm97xx_batery-replace-driver_data-with-dev_get_drvdata.patch
driver-core-move-dev_get-set_drvdata-to-drivers-base-dd.c.patch
$ cd ../next
$ git fetch -f ../quilt-tmp master:quilt/driver-core.current
From ../quilt-tmp
   f234012..c34afec  master     -> quilt/driver-core.current
Importing usb.current based on quilt/driver-core.current
$ cd ../quilt-tmp
$ git reset --hard c34afec033fc6f4bfc723094f3b22fb3e03217ca
HEAD is now at c34afec Driver core: move dev_get/set_drvdata to drivers/base/dd.c
$ git quiltimport --author Greg KH <greg@kroah.com> --patches ../quilt/usb.current
usb-pl2303-new-vendor-and-product-id-for-the-prolific-driver.patch
usb-gadget-fix-imx_udc-entry-in-kconfig.patch
usb-ftdi_sio-product-id-s-for-ccs-pic-programmers.patch
usb-fhci-mutually-exclusive-port_status.patch
usb-ehci-update-toggle-state-for-linked-qhs.patch
usb-isp1760-use-__devexit_p-for-remove-function.patch
usb-option.c-add-qualcomm-option-icon-210-modem.patch
usb-option.c-to-support-qisda-h21-h20-usb-modem.patch
revert-usb-add-intel-langwell-usb-otg-transceiver-drive.patch
usb-gadget-audio-provide-correct-device-id.patch
$ cd ../next
$ git fetch -f ../quilt-tmp master:quilt/usb.current
From ../quilt-tmp
   f234012..630991d  master     -> quilt/usb.current
Unchanged quilt series i2c
Unchanged quilt series jdelvare-hwmon
Unchanged quilt series kernel-doc
Unchanged quilt series rr
Importing device-mapper based on block/for-next
$ cd ../quilt-tmp
$ git reset --hard 2e5c9da46a3a1e9d0468bbbc0253a231995c0dad
HEAD is now at 2e5c9da writeback: kthread_run() returns error pointer on failure, not NULL
$ git quiltimport --author Alasdair G Kergon <agk@redhat.com> --patches ../quilt/device-mapper
dm-mpath-validate-table-argument-count.patch
dm-mpath-validate-hw_handler-argument-count.patch
dm-sysfs-skip-output-when-device-is-being-destroyed.patch
dm-mpath-change-attached-scsi_dh.patch
dm-mpath-call-activate-fn-for-each-path-in-pg_init.patch
dm-raid1-keep-retrying-alloc-if-mempool_alloc-failed.patch
dm-mpath-flush-keventd-queue-in-destructor.patch
dm-avoid-unsupported-spanning-of-md-stripe-boundaries.patch
dm-use-i_size_read.patch
dm-exception-store-fix-exstore-lookup-to-be-case-insensitive.patch
dm-rename-suspended_bdev-to-bdev.patch
dm-always-hold-bdev-reference.patch
dm-make-dm_flush-return-void.patch
dm-process-requeue-in-dm_wq_work.patch
dm-store-only-first-barrier-error.patch
dm-remove-EOPNOTSUPP-for-barriers.patch
dm-remove-check-that-prevents-mapping-empty-bios.patch
dm-introduce-num_flush_requests.patch
dm-initialise-tio-in-alloc_tio.patch
dm-send-empty-barriers-to-targets-in-dm_flush.patch
dm-linear-support-flush.patch
dm-stripe-support-flush.patch
dm-crypt-support-flush.patch
dm-delay-support-barriers.patch
dm-mpath-support-barriers.patch
dm-snapshot-support-barriers.patch
dm-io-record-eopnotsupp.patch
dm-io-retry-after-barrier-error.patch
dm-snapshot-use-barrier-when-writing-exception-store.patch
dm-mpath-add-start_io-and-nr_bytes-to-path-selectors.patch
dm-mpath-add-queue-length-load-balancer.patch
dm-mpath-add-service-time-load-balancer.patch
dm-table-improve-warning-message-when-devices-not-freed-before-destruction.patch
dm-sysfs-add-suspended-attribute.patch
dm-ioctl-support-cookies-for-udev.patch
dm-table-ensure-targets-are-aligned-to-logical_block_size.patch
dm-table-validate-device-logical_block_size.patch
dm-table-replace-struct-io_restrictions-with-struct-queue_limits.patch
dm-table-establish-queue-limits-by-copying-table-limits.patch
dm-targets-introduce-iterate-devices-fn.patch
dm-log-fix-create_log_context-to-use-logical_block_size-of-log-device.patch
dm-calculate-queue-limits-during-resume-not-load.patch
dm-raid1-add-userspace-log.patch
dm-prepare-for-request-based-option.patch
dm-enable-request-based-option.patch
dm-do-not-set-QUEUE_ORDERED_DRAIN-if-request-based.patch
dm-disable-interrupt-when-taking-map_lock.patch
dm-mpath-change-to-be-request-based.patch
$ cd ../next
$ git fetch -f ../quilt-tmp master:quilt/device-mapper
From ../quilt-tmp
 + 7df7005...730072c master     -> quilt/device-mapper  (forced update)
Unchanged quilt series ttydev
Unchanged quilt series aoe
Importing driver-core based on quilt/usb.current
$ cd ../quilt-tmp
$ git reset --hard 630991d6372a49d545068d2da831e5c30a36199a
HEAD is now at 630991d USB: gadget: audio: provide correct device id
$ git quiltimport --author Greg KH <greg@kroah.com> --patches ../quilt/driver-core
driver-core-devtmpfs-driver-core-maintained-dev-tmpfs.patch
$ cd ../next
$ git fetch -f ../quilt-tmp master:quilt/driver-core
From ../quilt-tmp
 + 53d8ba5...78f9b26 master     -> quilt/driver-core  (forced update)
Importing usb based on quilt/driver-core
$ cd ../quilt-tmp
$ git reset --hard 78f9b263b5b9724be90435a10a20891f55f7ff75
HEAD is now at 78f9b26 Driver Core: devtmpfs - kernel-maintained tmpfs-based /dev
$ git quiltimport --author Greg KH <greg@kroah.com> --patches ../quilt/usb
usb-ehci-dbg.c-no-need-for-checking-it-before-call-vfree.patch
usb-sisusbvga-drop-usb_buffer_alloc.patch
usb-usbmon-drop-kconfig-defaults.patch
usb-usbmon-touch-up-the-documentation.patch
usb-usbmon-end-ugly-tricks-with-dma-peeking.patch
usb-let-usb_sg_init-to-set-transfer_buffer-more-often.patch
$ cd ../next
$ git fetch -f ../quilt-tmp master:quilt/usb
From ../quilt-tmp
 + 53d8ba5...f630f98 master     -> quilt/usb  (forced update)
Importing staging based on quilt/usb
$ cd ../quilt-tmp
$ git reset --hard f630f98cf3a2c385c3ca17426cd214cc818e93d3
HEAD is now at f630f98 USB: Let usb_sg_init to set transfer_buffer more often
$ git quiltimport --author Greg KH <greg@kroah.com> --patches ../quilt/staging
staging-rt2870-add-usb-id-for-sitecom-wl-608.patch
staging-vt6655-compile-fix.patch
staging-rspiusb-use-null-virtual-address-instead-of-a-bogus-one.patch
staging-android-binder-remove-some-funny-usage.patch
staging-android-binder-move-debugging-mask-into-a-macro.patch
/home/sfr/kernels/next/quilt-tmp/.git/rebase-apply/patch:645: space before tab in indent.
					    	     proc->pid, thread->pid, node->debug_id,
warning: 1 line adds whitespace errors.
staging-android-binder-remove-a-predefine.patch
staging-android-binder-add-enum-usage-in-function-arguments.patch
staging-android-binder-global-variable-cleanup.patch
staging-android-binder-clean-up-for-all-the-stat-statments.patch
staging-wlan-ng-scripts-checkpatch.pl-error-fixes.patch
staging-et1310-fix-the-coding-style.patch
$ cd ../next
$ git fetch -f ../quilt-tmp master:quilt/staging
From ../quilt-tmp
 + 53d8ba5...fda233a master     -> quilt/staging  (forced update)
