Unchanged quilt series driver-core.current
Unchanged quilt series usb.current
Unchanged quilt series driver-core
Unchanged quilt series usb
Unchanged quilt series device-mapper
Unchanged quilt series i2c
Unchanged quilt series kernel-doc
Unchanged quilt series ide
Importing m68k based on b7279469d66b55119784b8b9529c99c1955fe747
$ git checkout quilt/m68k
Switched to branch "quilt/m68k"
$ git reset --hard b7279469d66b55119784b8b9529c99c1955fe747
HEAD is now at b727946 Linux 2.6.26-rc9
$ git quiltimport --author Geert Uytterhoeven <geert@linux-m68k.org> --patches ../quilt/m68k
m68k-remove-CVS-keywords.diff
m68k-ariadne-use-netstats-in-net_device-structure.diff
m68k-initcalls-should-return-ENODEV-if-device-not-found2.diff
m68k-vmlinux-std_sun3.lds.S_cleanup_use_PAGE_SIZE_macro.diff
m68k-allnoconfig.diff
m68k-remove-traditional.diff
m68k-make-multi_defconfig-the-default-defconfig.diff
m68k-remove-AP1000-code.diff
zorro-replace-deprecated-__initcall-with-equivalent-device_initcall.diff
zorro-use-memory_read_from_buffer.diff
amifb-add-ami_modedb-to-modelist.diff
atafb-add-atafb_modedb-to-modelist.diff
drivers-video-c2p.c-add-MODULE_LICENSE.diff
m68k-export-amiga_vblank.diff
m68k-export-c2p.diff
m68k-amiga-possible-cleanups.diff
m68k-atari-debug.c-possible-cleanups.diff
m68k-mac-possible-cleanups.diff
m68k-q40-config.c-make-functions-static.diff
m68k-sun3-possible-cleanups.diff
m68k-remove-stale-ARCH_SUN4-define.diff
apollo-missing-bootinfo.diff
m68k-mac-remove-the-unused-ADB_KEYBOARD-option.diff
m68k-atari-remove-the-dead-ATARI_SCC-options.diff
m68k-apollo-remove-the-unused-APOLLO_ELPLUS-option.diff
m68k-motorola-eliminate-NULL-test-and-memset-after-alloc_bootmem.diff
m68k-sun3-eliminate-NULL-test-and-memset-after-alloc_bootmem.diff
m68k-initrd-fix.diff
Importing rr based on v2.6.26-rc9-5-g1b40a89
$ git checkout quilt/rr
Switched to branch "quilt/rr"
$ git reset --hard 1b40a895df6c7d5a80e71f65674060b03d84bbef
HEAD is now at 1b40a89 Merge branch 'kvm-updates-2.6.26' of git://git.kernel.org/pub/scm/linux/kernel/git/avi/kvm
$ git quiltimport --author Rusty Russell <rusty@rustcorp.com.au> --patches ../quilt/rr
virtio:net_set_net_f_guest_csum_feature.patch
virtio:clarify-bsd-licensing.patch
module:no-stop_machine-for-O_NONBLOCK.patch
lguest:int3-support.patch
lguest:fix_switcher_page_leak_on_unload.patch
lguest:network-counters.patch
lguest:fix-verbose-feature-reporting.patch
virtio:net-no-notify-on-full.patch
module:generic-symbol-iterator.patch
module:fix-find_symbol-null-deref.patch
module:reorder_struct_to_save_space_on_64_bit_builds.patch
module:shrink-struct-module.patch
module:longs-to-ints.patch
misc:sched_setscheduler-nocheck.patch
module:shortcut_for_checking_if_address_in_a_module.patch
virtio:use_bus_type_probe_and_remove_methods.patch
virtio:fix_net_xmit_of_freed_skb_bug.patch
lguest:don_t_leak_dev_zero_fd.patch
lguest:support_assigning_a_mac_address.patch
lguest:support_assigning_a_mac_address-minor-changes.patch
lguest:rng.patch
lguest:use_cpu_capability_accessors.patch
misc:hvc_console_rework_setup_to_replace_irq_functions_with_callbacks.patch
misc:fix-hvc_rtas-compile.patch
virtio:console_use_virtqueue_notification_for_hvc_console.patch
virtio:s390_use_console_for_kvm_on_s390.patch
virtio:console-kconfig.patch
virtio:virtio-console-can-be-a-module.patch
misc:tap-features.patch
misc:tun-gso-csum-features.patch
misc:tun-gso-header.patch
virtio:net_add_ethtool_ops_for_sg_gso.patch
virtio:net_allow_receiving_sg_packets.patch
virtio:net-recycle-unused-pages.patch
virtio:transport-features.patch
virtio:finalize_features.patch
virtio:vring-feature-handling.patch
virtio:ring-publish-indices.patch
lguest:publish-indices.patch
virtio:blk_check_for_hardsector_size_from_host.patch
lguest:net-no-recv-exit.patch
lguest:net-defer-kick.patch
lguest:remove-network-no-buffer-warning.patch
lguest:gso.patch
lguest:enlarge-rings.patch
lguest:handle_output-timeout.patch
module:make_config_kmod_invisible.patch
module:remove_mention_of_config_kmod_from_documentation.patch
module:rework_try_then_request_to_do_less_in_non_ar_kernels.patch
module:remove_config_kmod_from_sparc64.patch
module:remove_config_kmod_from_lib.patch
module:remove_config_kmod_from_core_kernel_code.patch
misc:add_all_cpus_option_to_stop_machine_run.patch
stop_machine:simplify.patch
stop_machine:_cpu_down-need-not-check-cpu_online.patch
stop_machine:use-mask.patch
stop_machine:use-mask-fixup-callers.patch
misc:kernel-locking-doc-remove-semaphores.patch
.dotest/patch:61: trailing whitespace.
       and <function>mutex_unlock()</function> to release it.  There is also a 
.dotest/patch:62: trailing whitespace.
       <function>mutex_lock()</function>, which should be avoided, because it 
.dotest/patch:68: trailing whitespace.
       Example: <filename>net/netfilter/nf_sockopt.c</filename> allows 
warning: 3 lines add whitespace errors.
misc:kthread-printf-attribute.patch
misc:cast_if_type.patch
misc:kernel_suppress_sparse_integer_as_null_pointer_warnings.patch
misc:typesafe_cb.patch
misc:stop_machine-typesafe.patch
misc:kthread-typesafe.patch
misc:timer-typesafe.patch
misc:introduce-down_nowait.patch
misc:down_nowait.patch
misc:down_nowait-documentation.patch
misc:down_nowait-arch_ia64_kernel_salinfo.patch
misc:down_nowait-drivers_char_snsc.patch
misc:down_nowait-drivers_char_viotape.patch
misc:down_nowait-drivers_infiniband_core_user_mad.patch
misc:down_nowait-drivers_input_serio_hil_mlc.patch
misc:down_nowait-drivers_input_serio_hp_sdc_mlc.patch
misc:down_nowait-drivers_md_dm-raid1.patch
misc:down_nowait-drivers_net_3c527.patch
misc:down_nowait-drivers_net_irda_sir_dev.patch
misc:down_nowait-drivers_net_wireless_airo.patch
misc:down_nowait-drivers_scsi_aacraid_commsup.patch
misc:down_nowait-drivers_usb_core_usb.patch
misc:down_nowait-drivers_usb_gadget_inode.patch
misc:down_nowait-fs_reiserfs_journal.patch
misc:down_nowait-xfs.patch
misc:down_nowait-kernel_printk.patch
Unchanged quilt series ttydev
