Importing driver-core.current based on 2.6.31-rc7
Unchanged quilt series driver-core.current
Importing tty.current based on quilt/driver-core.current
Unchanged quilt series tty.current
Importing usb.current based on quilt/tty.current
Unchanged quilt series usb.current
Importing i2c based on 2.6.31-rc5-git3
Unchanged quilt series i2c
Importing jdelvare-hwmon based on 2.6.31-rc5-git3
Unchanged quilt series jdelvare-hwmon
Importing kernel-doc based on 2.6.31-rc7
Unchanged quilt series kernel-doc
Importing rr based on v2.6.31-rc7-107-gf415c41
$ git clone -s -l -n -q . ../quilt-tmp
$ cd ../quilt-tmp
$ git reset --hard f415c413f458837bd0c27086b79aca889f9435e4
HEAD is now at f415c41 Merge git://git.kernel.org/pub/scm/linux/kernel/git/davem/net-2.6
$ git quiltimport --author Rusty Russell <rusty@rustcorp.com.au> --patches ../quilt/rr
module:symbol_put_addr-with-function-descriptors.patch
module:fix-duplicate-section-names-oops.patch
pci:fix-pci_enable_msix-return-value.patch
lguest:panic_notifier-cleanup.patch
lguest:avoid-native_set_pmd.patch
lguest:next_20090730_build_breaks_with_pfn_pmd.patch
lguest:PAE-dont-assume-PAGE_OFFSET.patch
lguest:cleanup_for_map_switcher.patch
virtio:9p_get_rid_of_redundant_id_9p_definition.patch
virtio:add_ids_file.patch
cpumask:use_zalloc_cpumask_var_where_possible.patch
cpumask:remove-pcibus_to_cpumask-alpha.patch
cpumask:remove-pcibus_to_cpumask-mips.patch
cpumask:remove-pcibus_to_cpumask-powerpc.patch
cpumask:remove-node_to_cpumask.patch
cpumask:remove-CPU_MASK_ALL_PTR.patch
cpumask:remove-address-of-CPU_MASK_ALL-mips.patch
cpumask:remove-cpu_mask_all.patch
cpumask:remove-last-remaining-irqaction-mask.patch
cpumask:irqaction-remove-mask.patch
cpumask:remove_mask_field_from_comments.patch
cpumask:set_cpus_allowed-acpi-removal.patch
cpumask:remove-set_cpus_allowed.patch
cpumask:ia64-smp_call_function_many.patch
cpumask:remove-smp_call_function_mask.patch
cpumask:remove-topology_core_siblings-and-topology_thread_siblings-core.patch
cpumask:remove-topology_core_siblings-and-topology_thread_siblings-sparc.patch
cpumask:remove-topology_core_siblings-and-topology_thread_siblings-s390.patch
cpumask:remove-topology_core_siblings-and-topology_thread_siblings-powerpc.patch
cpumask:remove-topology_core_siblings-and-topology_thread_siblings-ia64.patch
cpumask:arch_send_call_function_ipi_mask-alpha.patch
cpumask:arch_send_call_function_ipi_mask-m32r.patch
cpumask:arch_send_call_function_ipi_mask-mips.patch
cpumask:arch_send_call_function_ipi_mask-powerpc.patch
cpumask:arch_send_call_function_ipi_mask-s390.patch
cpumask:remove-arch_send_call_function_ipi.patch
cpumask:use-cpumap-accessors-m32r.patch
cpumask:use-cpumap-accessors-mips.patch
cpumask:use-cpumap-accessors-powerpc.patch
cpumask:use-cpumap-accessors-um.patch
cpumask:use-mm_cpumask-arm.patch
cpumask:use-mm_cpumask-m32r.patch
cpumask:use-mm_cpumask-mn10300.patch
cpumask:use-mm_cpumask-mips.patch
cpumask:use-mm_cpumask-um.patch
cpumask:use-mm_cpumask-x86.patch
cpumask:mm_quicklist-new-cpumask-ops.patch
cpumask:remove-unused-deprecated-functions.patch
cpumask:move-obsolete-functions-to-end-of-header.patch
virtio:pci-minor-cleanups.patch
virtio:pci-minor-cleanups-fix.patch
virtio:net-refill-on-oom.patch
lguest:remove-wake-on-empty.patch
virtio:net-skb_orphan-and-nf_reset.patch
virtio:net-return-NETDEV_TX_BUSY.patch
virtio:net-no-xmit-free-timer.patch
virtio:net-struct-skb_vnet_hdr.patch
virtio:add_buf-return-capacity.patch
virtio:net-stop_queue-before-full.patch
virtio:net_check_for_room_in_the_vq_before_adding_buffer.patch
$ cd ../next
$ git fetch -f ../quilt-tmp master:quilt/rr
From ../quilt-tmp
 + c6c153b...36af07b master     -> quilt/rr  (forced update)
Importing device-mapper based on block/for-next
$ cd ../quilt-tmp
$ git reset --hard 66ab73397a61313a802f341ef0bc31233ac43342
HEAD is now at 66ab733 Merge branch 'writeback' into for-next
$ git quiltimport --author Alasdair G Kergon <agk@redhat.com> --patches ../quilt/device-mapper
dm-snapshot-implement-iterate-devices.patch
dm-multipath-fix-oops-when-request-based-io-fails-when-no-paths.patch
dm-table-fix-queue_limit-checking-device-iterator.patch
dm-stripe-expose-correct-io-hints.patch
dm-table-add-more-context-to-two-terse-warning-messages.patch
dm-table-fix-logical_block_size-in-printf-format-strings.patch
dm-log-fix-userspace-status-output.patch
dm-raid1-do-not-allow-log_failure-variable-to-unset-after-being-set.patch
dm-log-userspace-add-luid-to-distinguish-between-concurrent-log-instances.patch
dm-snapshot-refactor-zero_disk_area-to-use-chunk_io.patch
dm-snapshot-fix-header-corruption-race-on-invalidation.patch
dm-exception-store-split-set_chunk_size.patch
dm-snapshot-fix-on-disk-chunk-size-validation.patch
$ cd ../next
$ git fetch -f ../quilt-tmp master:quilt/device-mapper
From ../quilt-tmp
   66ab733..409bb70  master     -> quilt/device-mapper
Importing aoe based on v2.6.31-rc3
Unchanged quilt series aoe
Importing driver-core based on quilt/usb.current
Unchanged quilt series driver-core
Importing tty based on quilt/driver-core
Unchanged quilt series tty
Importing usb based on quilt/tty
Unchanged quilt series usb
Importing staging based on quilt/usb
Unchanged quilt series staging
