Importing i2c based on 3.0-rc7
$ git clone -s -l -n -q . ../quilt-tmp
$ cd ../quilt-tmp
$ git reset --hard 620917de59eeb934b9f8cf35cc2d95c1ac8ed0fc
HEAD is now at 620917d Linux 3.0-rc7
$ git am ../quilt/i2c/i2c-ali1535-fix-style-issues.patch
Applying: i2c-ali1535: Fix style issues
$ git am ../quilt/i2c/i2c-allow-i2c_add_numbered_adapter-to-assign-a-bus-id.patch
Applying: i2c: Allow i2c_add_numbered_adapter() to assign a bus id
$ cd ../next
$ git fetch -f ../quilt-tmp master:quilt/i2c
From ../quilt-tmp
 + b7c8e23...9df47b8 master     -> quilt/i2c  (forced update)
Importing jdelvare-hwmon based on 3.0-rc7
$ cd ../quilt-tmp
$ git reset --hard 620917de59eeb934b9f8cf35cc2d95c1ac8ed0fc
HEAD is now at 620917d Linux 3.0-rc7
$ git am ../quilt/jdelvare-hwmon/hwmon-asus_atk0110-fix-memory-leak.patch
Applying: hwmon: (asus_atk0110) Fix memory leak
$ git am ../quilt/jdelvare-hwmon/hwmon-it87-fix-label-group-removal.patch
Applying: hwmon: (it87) Fix label group removal
$ git am ../quilt/jdelvare-hwmon/hwmon-max1111-fix-race-condition-causing-null-pointer-exception.patch
Applying: hwmon: (max1111) Fix race condition causing NULL pointer exception
$ git am ../quilt/jdelvare-hwmon/hwmon-factor-out-common-sch56xx-code.patch
Applying: hwmon (sch5627): Factor out some code shared with sch5636 driver
$ git am ../quilt/jdelvare-hwmon/hwmon-new-driver-sch5636.patch
Applying: hwmon: New driver sch5636
$ git am ../quilt/jdelvare-hwmon/hwmon-vid-add-VIA-C7-D-support.patch
Applying: hwmon-vid: Add support for VIA family 6 model D CPU
$ git am ../quilt/jdelvare-hwmon/hwmon-via-cputemp-add-cpu-vid.patch
Applying: hwmon: (via-cputemp) Add VID reporting support
$ git am ../quilt/jdelvare-hwmon/hwmon-it87-chassis-intrusion-support.patch
Applying: hwmon: (it87) Add chassis intrusion detection support
$ git am ../quilt/jdelvare-hwmon/hwmon-max1111-improve-memory-usage.patch
Applying: hwmon: (max1111) Avoid extra memory allocations
$ cd ../next
$ git fetch -f ../quilt-tmp master:quilt/jdelvare-hwmon
From ../quilt-tmp
 + fd3d452...0c0b907 master     -> quilt/jdelvare-hwmon  (forced update)
Importing kernel-doc based on 3.0-rc6
$ cd ../quilt-tmp
$ git reset --hard fe0d42203cb5616eeff68b14576a0f7e2dd56625
HEAD is now at fe0d422 Linux 3.0-rc6
$ git am ../quilt/kernel-doc/docum-cgroups-cmd-path.patch
Applying: Must echo a task id to the cgroups' tasks file, but not to a directory.
$ git am ../quilt/kernel-doc/docum-cgroup-cpuset-filedesc.patch
Applying: Only the root cpuset has cpuset.memory_pressure_enabled flag,
$ cd ../next
$ git fetch -f ../quilt-tmp master:quilt/kernel-doc
From ../quilt-tmp
 + 53a4a42...c2f8191 master     -> quilt/kernel-doc  (forced update)
Importing rr based on v3.0-rc3-55-gada9c93
$ cd ../quilt-tmp
$ git reset --hard ada9c93312f7ec49514c68c211595ce2601cebae
HEAD is now at ada9c93 signal.c: fix kernel-doc notation
$ git am ../quilt/rr/misc:param_fix_return_value_handling_in_param_set.patch
Applying: param: fix return value handling in param_set_*
$ git am ../quilt/rr/module:s_add_default_loader_hook_implementations.patch
Applying: modules: add default loader hook implementations
$ git am ../quilt/rr/module:s_make_arch_s_use_default_loader_hooks.patch
Applying: modules: make arch's use default loader hooks
$ git am ../quilt/rr/module:param-callback-change.patch
Applying: module: change attr callbacks to take struct module_kobject
$ git am ../quilt/rr/module:uevent-file.patch
Applying: module: add /sys/module/<name>/uevent files
$ git am ../quilt/rr/module-uevent-file-fix.patch
Applying: module: uevent file fix for !CONFIG_MODULES.
$ git am ../quilt/rr/lguest:do_not_exit_on_non_fatal_errors.patch
Applying: lguest: Do not exit on non-fatal errors
$ git am ../quilt/rr/lguest-use-native-pagetables.patch
Applying: lguest: use a special 1:1 linear pagetable mode until first switch.
$ git am ../quilt/rr/lguest-remove-remaining-vmcalls.patch
Applying: lguest: remove remaining vmcall
$ git am ../quilt/rr/lguest-dont-rewrite-kvm-hypercalls.patch
Applying: lguest: don't rewrite vmcall instructions
$ git am ../quilt/rr/lguest-no-use-before-setup.patch
Applying: lguest: Simplify device initialization.
$ git am ../quilt/rr/lguest-update-comments.patch
Applying: lguest: update comments
$ cd ../next
$ git fetch -f ../quilt-tmp master:quilt/rr
From ../quilt-tmp
 + cd2abeb...7bbfe23 master     -> quilt/rr  (forced update)
Importing device-mapper based on v3.0-rc7-72-g5dcd07b
$ cd ../quilt-tmp
$ git reset --hard 5dcd07b9f39ca3e9be5bcc387d193fc0674e1c81
HEAD is now at 5dcd07b Merge git://git.kernel.org/pub/scm/linux/kernel/git/steve/gfs2-2.6-fixes
$ git am ../quilt/device-mapper/dm-snapshot-flush-disk-cache-when-merging.patch
Applying: This patch makes dm-snapshot flush disk cache when writing metadata for
$ git am ../quilt/device-mapper/dm-mpath-fix-potential-NULL-pointer-in-feature-arg-processing.patch
Applying: Avoid dereferencing a NULL pointer if the number of feature arguments
$ git am ../quilt/device-mapper/dm-io-flush-cpu-cache-with-vmapped-io.patch
Applying: For normal kernel pages, CPU cache is synchronized by the dma layer.
$ git am ../quilt/device-mapper/dm-log-clean-up-bit-little-endian-bitops.patch
Applying: Using __test_and_{set,clear}_bit_le() with ignoring its return value
$ git am ../quilt/device-mapper/dm-log-userspace-use-list_move.patch
Applying: Replace list_del() followed by list_add() with list_move().
$ git am ../quilt/device-mapper/dm-use-vzalloc.patch
Applying: Use vzalloc() instead of vmalloc()+memset().
$ git am ../quilt/device-mapper/dm-kcopyd-remove-offset-field-from-job-structure.patch
Applying: The offset field in struct kcopyd_job is always zero so remove it.
$ git am ../quilt/device-mapper/dm-kcopyd-remove-nr_pages-field-from-job-structure.patch
Applying: The nr_pages field in struct kcopyd_job is only used temporarily in
$ git am ../quilt/device-mapper/dm-snapshot-remove-unused-definitions.patch
Applying: Remove a couple of unused #defines.
$ git am ../quilt/device-mapper/dm-snapshot-style-cleanups.patch
Applying: Coding style cleanups.
$ git am ../quilt/device-mapper/dm-raid-cleanup-parameter-handling.patch
Applying: Re-order the parameters so they are handled consistently in the same order
$ git am ../quilt/device-mapper/dm-kcopyd-add-dm_kcopyd_zero-to-zero-an-area.patch
Applying: This patch introduces dm_kcopyd_zero() to make it easy to use
$ git am ../quilt/device-mapper/dm-ignore-merge_bvec-for-snapshots-when-safe.patch
Applying: Add a new flag DMF_MERGE_IS_OPTIONAL to struct mapped_device to indicate
$ git am ../quilt/device-mapper/dm-snap-skip-reading-origin-when-overwriting-complete-chunk.patch
Applying: If we write a full chunk in the snapshot, skip reading the origin device
$ git am ../quilt/device-mapper/dm-table-share-target-argument-parsing-functions.patch
Applying: Move multipath target argument parsing code into dm-table so other
$ git am ../quilt/device-mapper/dm-flakey-use-dm_target_offset-and-support-discards.patch
Applying: Use dm_target_offset() and support discards.
$ git am ../quilt/device-mapper/dm-flakey-support-feature-args.patch
Applying: Add the ability to specify arbitrary feature flags when creating a
$ git am ../quilt/device-mapper/dm-flakey-add-drop_writes.patch
Applying: Add 'drop_writes' option to drop writes silently while the
/home/sfr/kernels/next/quilt-tmp/.git/rebase-apply/patch:11: new blank line at EOF.
+
warning: 1 line adds whitespace errors.
$ git am ../quilt/device-mapper/dm-flakey-add-corrupt_bio_byte-feature.patch
Applying: Add corrupt_bio_byte feature to simulate corruption by overwriting a byte at a
/home/sfr/kernels/next/quilt-tmp/.git/rebase-apply/patch:14: new blank line at EOF.
+
warning: 1 line adds whitespace errors.
$ git am ../quilt/device-mapper/dm-ioctl-fill-in-device-parameters-in-more-ioctls.patch
Applying: Move parameter filling from find_device to __find_device_hash_cell.
$ git am ../quilt/device-mapper/dm-ioctl-introduce-__get_dev_cell.patch
Applying: Move logic to find device based on major/minor number to a separate
$ git am ../quilt/device-mapper/dm-ioctl-forbid-multiple-device-specifiers.patch
Applying: Exactly one of name, uuid or device must be specified when referencing
$ git am ../quilt/device-mapper/dm-raid-improve-table-parameters-documentation.patch
Applying: Add more information about some dm-raid table parameters and clarify how
/home/sfr/kernels/next/quilt-tmp/.git/rebase-apply/patch:123: new blank line at EOF.
+
warning: 1 line adds whitespace errors.
$ git am ../quilt/device-mapper/dm-raid-add-region_size-parameter.patch
Applying: Allow the user to specify the region_size.
$ git am ../quilt/device-mapper/dm-raid-add-write_mostly-parameter.patch
Applying: Add the write_mostly parameter to RAID1 dm-raid tables.
$ git am ../quilt/device-mapper/dm-raid-support-metadata-devices.patch
Applying: Add the ability to parse and use metadata devices to dm-raid.  Although
$ git am ../quilt/device-mapper/dm-raid-add-md-raid1-support.patch
Applying: Support the MD RAID1 personality through dm-raid.
$ git am ../quilt/device-mapper/dm-raid-tidy-includes.patch
Applying: A dm target only needs to use include/linux dm headers.
$ git am ../quilt/device-mapper/dm-crypt-optionally-support-discard-requests.patch
Applying: Add optional parameter field to dmcrypt table and support
$ cd ../next
$ git fetch -f ../quilt-tmp master:quilt/device-mapper
From ../quilt-tmp
 + 9d61460...1e19185 master     -> quilt/device-mapper  (forced update)
