Importing driver-core.current based on 2.6.33-rc1
$ git clone -s -l -n -q . ../quilt-tmp
$ cd ../quilt-tmp
$ git reset --hard 55639353a0035052d9ea6cfe4dde0ac7fcbb2c9f
HEAD is now at 5563935 Linux 2.6.33-rc1
$ git quiltimport --author Greg KH <greg@kroah.com> --patches ../quilt/driver-core.current
devtmpfs-convert-dirlock-to-a-mutex.patch
vfs-get_sb_single-do-not-pass-options-twice.patch
doc-stable-rules-add-new-cherry-pick-logic.patch
driver-core-device_attribute-parameters-can-often-be-const.patch
driver-core-bin_attribute-parameters-can-often-be-const.patch
driver-core-driver_attribute-parameters-can-often-be-const.patch
drivers-base-fix-error-path.patch
driver-core-prevent-reference-to-freed-memory-on-error-path.patch
driver-core-export-platform_device_register_data-as-a-gpl-symbol.patch
devtmpfs-unlock-mutex-in-case-of-string-allocation-error.patch
$ cd ../next
$ git fetch -f ../quilt-tmp master:quilt/driver-core.current
From ../quilt-tmp
 + 29d84f9...cf02de9 master     -> quilt/driver-core.current  (forced update)
Importing tty.current based on quilt/driver-core.current
$ cd ../quilt-tmp
$ git reset --hard cf02de9debad5857f8e6af9c81880b8d5397eb26
HEAD is now at cf02de9 devtmpfs: unlock mutex in case of string allocation error
$ git quiltimport --author Greg KH <greg@kroah.com> --patches ../quilt/tty.current
serial-imx-bit-confusion.patch
$ cd ../next
$ git fetch -f ../quilt-tmp master:quilt/tty.current
From ../quilt-tmp
 + 29d84f9...84c4457 master     -> quilt/tty.current  (forced update)
Importing usb.current based on quilt/tty.current
$ cd ../quilt-tmp
$ git reset --hard 84c445734317673557ced2e4841d81a22093b1bb
HEAD is now at 84c4457 serial: imx: bit &/| confusion
$ git quiltimport --author Greg KH <greg@kroah.com> --patches ../quilt/usb.current
usb-power-management-documentation-update.patch
usb-rename-usb_configure_device.patch
usb-fix-bugs-in-usb_-de-authorize_device.patch
usb-gadget-use-err_ptr-is_err.patch
usb-fix-double-linking-of-drivers-usb-otg-when-ulpi-is-selected.patch
usb-serial-extra-device-vendor-id-for-mos7840-driver.patch
usb-emi62-fix-crash-when-trying-to-load-emi-6-2-firmware.patch
usb-fix-section-mismatch-in-early-ehci-dbgp.patch
usb-add-device-id-for-apple-cinema-display-23in-2007.patch
usb-core-fix-recent-kernel-doc-warnings.patch
usb-ftdi_sio-isolate-all-device-ids-to-new-ftdi_sio_ids.h-header.patch
/home/sfr/kernels/next/quilt-tmp/.git/rebase-apply/patch:1006: new blank line at EOF.
+
warning: 1 line adds whitespace errors.
usb-ftdi_sio-sort-pid-vid-entries-in-new-ftdi_sio_ids.h-header.patch
usb-musb_gadget-fix-kernel-oops-in-txstate.patch
usb-musb-move-musb_remove-to-__exit.patch
usb-musb-fix-compiling-warning-with-min-macro.patch
usb-musb-maintainers-fix-my-tree-s-address.patch
usb-musb-populate-the-vbus-gpio-with-the-correct-gpio-number.patch
usb-musb-gadget-set-otg-tranceiver-to-idle-when-registering-gadget.patch
usb-musb-do-not-work-if-no-gadget-driver-is-loaded.patch
usb-musb-fix-for-crash-in-dm646x-usb-when-cppi-dma-is-enabled.patch
usb-musb-gadget_ep0-avoid-setupend-interrupt.patch
usb-musb-correct-dma-address-for-tx.patch
usb-musb-fix-null-pointer-dereference-issue.patch
usb-musb-fix-array-index-out-of-bounds-issue.patch
usb-musb-workaround-blackfin-fifo-anomalies.patch
usb-otg-isp1301_omap-fix-compile-error.patch
usb-audio-gadget-fix-wtotallength-calculation.patch
usb-audio-gadget-free-alsa-devices-when-unloading.patch
$ cd ../next
$ git fetch -f ../quilt-tmp master:quilt/usb.current
From ../quilt-tmp
 + e05cf59...0059839 master     -> quilt/usb.current  (forced update)
Importing staging.current based on quilt/usb.current
$ cd ../quilt-tmp
$ git reset --hard 00598390b1e55fa1e28c10167d034f1175538d8b
HEAD is now at 0059839 USB: audio gadget: free alsa devices when unloading
$ git quiltimport --author Greg KH <greg@kroah.com> --patches ../quilt/staging.current
staging-sm7xx-add-a-new-framebuffer-driver.patch
staging-dst-remove-from-the-tree.patch
staging-comedi-usbdux.c-fix-locking-up-of-the-driver-when-the-comedi-ringbuffer-runs-empty.patch
staging-comedi-removed-depricated-from-comedi_cb_block.patch
staging-comedi-jr3_pci-don-t-ioremap-too-much-space.-check-result.patch
staging-rtl8192su-fix-test-for-negative-error-in-rtl8192_rx_isr.patch
staging-fix-rtl8187se-compilation-errors-with-mac80211.patch
staging-fix-rtl8192e-compilation-errors-with-mac80211.patch
staging-fix-rtl8192su-compilation-errors-with-mac80211.patch
staging-rtl8192su-add-usb-vid-pid-for-hwnum-300.patch
staging-pohmelfs-fix-build-error.patch
staging-wlan-ng-fix-correct-size-given-to-memset.patch
staging-rtl8192x-fix-printk-formats.patch
staging-ramzswap-remove-arm-specific-d-cache-hack.patch
staging-panel-fix-compilation-error-with-custom-lcd-charset.patch
staging-panel-adjust-range-for-panel_keypad-in-kconfig.patch
staging-batman-adv-add-kconfig-dependancies-on-proc_fs-and-packet.patch
staging-batman-adv-introduce-missing-kfree.patch
staging-vt66-kconfig-depends-on-wlan.patch
$ cd ../next
$ git fetch -f ../quilt-tmp master:quilt/staging.current
From ../quilt-tmp
 + 1259a44...cf43c53 master     -> quilt/staging.current  (forced update)
Importing i2c based on 2.6.33-rc1-git1
$ cd ../quilt-tmp
$ git reset --hard dd59f6c76b265ed2ff18b497d6105a9511b1feb1
HEAD is now at dd59f6c Merge branch 'for-linus' of git://git.kernel.org/pub/scm/linux/kernel/git/mattst88/alpha-2.6
$ git quiltimport --author Jean Delvare <khali@linux-fr.org> --patches ../quilt/i2c
i2c-scmi-support-ibm-smbus-cmi-devices.patch
$ cd ../next
$ git fetch -f ../quilt-tmp master:quilt/i2c
From ../quilt-tmp
 + 7aff07c...a3b888c master     -> quilt/i2c  (forced update)
Importing jdelvare-hwmon based on 2.6.33-rc1-git1
$ cd ../quilt-tmp
$ git reset --hard dd59f6c76b265ed2ff18b497d6105a9511b1feb1
HEAD is now at dd59f6c Merge branch 'for-linus' of git://git.kernel.org/pub/scm/linux/kernel/git/mattst88/alpha-2.6
$ git quiltimport --author Jean Delvare <khali@linux-fr.org> --patches ../quilt/jdelvare-hwmon
hwmon-adt7462-fix-pin-28-monitoring.patch
hwmon-asus_atk0110-01-refactor-interface-probe-code.patch
hwmon-asus_atk0110-02-debugfs-interface.patch
hwmon-k10temp-blacklist-more-family-10h-processors.patch
$ cd ../next
$ git fetch -f ../quilt-tmp master:quilt/jdelvare-hwmon
From ../quilt-tmp
 + 2a60ee49...bef086a master     -> quilt/jdelvare-hwmon  (forced update)
Importing kernel-doc based on 2.6.32-git5
Unchanged quilt series kernel-doc
Importing rr based on v2.6.33-rc1-96-gdd59f6c
$ cd ../quilt-tmp
$ git reset --hard dd59f6c76b265ed2ff18b497d6105a9511b1feb1
HEAD is now at dd59f6c Merge branch 'for-linus' of git://git.kernel.org/pub/scm/linux/kernel/git/mattst88/alpha-2.6
$ git quiltimport --author Rusty Russell <rusty@rustcorp.com.au> --patches ../quilt/rr
misc:enhance-BUILD_BUG_ON.patch
misc:remove-MAYBE_BUILD_BUG_ON.patch
misc:move-BUILD_BUG-et-al-inside-__KERNEL__.patch
module:skip_empty_sections_when_exporting_section_notes.patch
virtio:add_memory_statistics_reporting_to_the_balloon_driver_v4.patch
virtio:fix_scheduling_while_atomic_in_balloon_stats.patch
lguest:remove-unneeded-zlib-include.patch
$ cd ../next
$ git fetch -f ../quilt-tmp master:quilt/rr
From ../quilt-tmp
 + 4543201...b9f26e1 master     -> quilt/rr  (forced update)
Importing device-mapper based on v2.6.32-7500-g8bea867
Unchanged quilt series device-mapper
Importing aoe based on v2.6.31-rc9
Unchanged quilt series aoe
Importing driver-core based on quilt/staging.current
$ cd ../quilt-tmp
$ git reset --hard cf43c53bfac23a42f2c625353de5e6444f4c18cd
HEAD is now at cf43c53 Staging/vt66*: kconfig, depends on WLAN
$ git quiltimport --author Greg KH <greg@kroah.com> --patches ../quilt/driver-core
kobject-example-spelling-fixes.patch
kset-example-spelling-fixes.patch
$ cd ../next
$ git fetch -f ../quilt-tmp master:quilt/driver-core
From ../quilt-tmp
 + d8a5fcf...fc59c91 master     -> quilt/driver-core  (forced update)
Importing tty based on quilt/driver-core
$ cd ../quilt-tmp
$ git reset --hard fc59c915240fbd8e95b8e12f247724c11625b437
HEAD is now at fc59c91 kset-example: Spelling fixes.
$ git quiltimport --author Greg KH <greg@kroah.com> --patches ../quilt/tty
tty-sdio_uart-use-kfifo-instead-of-the-messy-circ-stuff.patch
serial-core-resume-serial-hardware-with-no_console_suspend.patch
serial-fit-blackfin-uart-over-sport-driver-into-common-uart-infrastructure.patch
serial-copy-uart-properties-of-upf_fixed_type-ports-provisioned-using-early_serial_setup.patch
serial-68328serial.c-remove-baud_table_size-macro.patch
serial-serial_cs-oxsemi-quirk-breaks-resume.patch
serial-atmel_serial-add-poll_get_char-and-poll_put_char-uart_ops.patch
serial-8250-add-serial-transmitter-fully-empty-test.patch
serial-8250_pnp-use-wildcard-for-serial-wacom-tablets.patch
serial-synclink_gt-dropped-transmit-data-bugfix.patch
serial-8250_pci-add-support-for-mcs9865-syba-6x-serial-port-card.patch
serial-imx-fix-null-dereference-oops-when-pdata-null.patch
serial-add-support-for-korenix-jetcard.patch
serial-fix-test-of-unsigned.patch
serial-char-cyclades-fix-compiler-warning.patch
serial-cyclades-allow-overriding-isa-defaults-also-when-the-driver-is-built-in.patch
tty-char-mxser-remove-unnecessary-tty-test.patch
serial-isicom.c-use-pr_fmt-and-pr_-level.patch
hvc_console-fix-test-on-unsigned-in-hvc_console_print.patch
tty-moxa-remove-ifdef-module-completely.patch
ip2-remove-ifdef-module-from-ip2main.c.patch
$ cd ../next
$ git fetch -f ../quilt-tmp master:quilt/tty
From ../quilt-tmp
 + f91645a...0eddb71 master     -> quilt/tty  (forced update)
Importing usb based on quilt/tty
$ cd ../quilt-tmp
$ git reset --hard 0eddb7114f7e96e76b761e4fbd69c709fe5877bd
HEAD is now at 0eddb71 ip2: remove #ifdef MODULE from ip2main.c
$ git quiltimport --author Greg KH <greg@kroah.com> --patches ../quilt/usb
usb-mxc-add-i.mx21-specific-usb-host-controller-driver.patch
/home/sfr/kernels/next/quilt-tmp/.git/rebase-apply/patch:54: new blank line at EOF.
+
/home/sfr/kernels/next/quilt-tmp/.git/rebase-apply/patch:2815: new blank line at EOF.
+
/home/sfr/kernels/next/quilt-tmp/.git/rebase-apply/patch:2832: new blank line at EOF.
+
warning: 3 lines add whitespace errors.
usb-mxc-use-dma_bit_mask-macro-rather-than-hardcoded-constants.patch
usb-mxc-add-platform-resources-for-i.mx21-usb-host-controller.patch
/home/sfr/kernels/next/quilt-tmp/.git/rebase-apply/patch:8: new blank line at EOF.
+
warning: 1 line adds whitespace errors.
usb-cxacru-return-an-empty-value-for-modulation-if-there-is-no-connection.patch
usb-cxacru-check-data-length-is-not-negative.patch
usb-cxacru-check-device-isn-t-being-removed-during-sysfs-calls.patch
usb-cxacru-document-how-to-interact-with-the-flash-memory.patch
usb-cxacru-firmware-writes-on-ohci-are-slow-log-progress.patch
usb-cxacru-add-write-only-sysfs-attribute-for-modem-configuration.patch
usb-cxacru-remove-cxacru-cf.bin-loader.patch
usb-cxacru-increment-driver-version.patch
usb-ftdi_sio-fix-error-message-on-close.patch
usb-ftdi_sio-remove-obsolete-comment.patch
usb-serial-fix-typo-in-debug-message.patch
usb-ftdi_sio-fix-initialisation-of-latency-timeout.patch
usb-ftdi_sio-remove-support-for-5-and-6-data-bits.patch
usb-fix-occasional-ulpi-timeouts-with-ehci-mxc.patch
usb-pxa27x_udc-avoid-compiler-warnings-and-misbehavior-on-buggy-hardware.patch
usb-serial-mct_usb232-add-drain-on-close.patch
usb-serial-mct_usb232-move-dma-buffers-to-heap.patch
cdc_acm-add-reset_resume-method.patch
usb-check-the-endpoint-type-against-the-pipe-type.patch
usb-xhci-fix-error-path-when-configuring-endpoints.patch
usb-xhci-refactor-code-to-free-or-cache-endpoint-rings.patch
usb-xhci-allow-allocation-of-commands-without-input-contexts.patch
usb-xhci-refactor-test-for-vendor-specific-completion-codes.patch
usb-xhci-refactor-code-to-clear-port-change-bits.patch
usb-xhci-allow-roothub-ports-to-be-disabled.patch
usb-xhci-notify-the-xhc-when-a-device-is-reset.patch
usb-add-call-to-notify-xhc-of-a-device-reset.patch
usb-ehci-add-call-of-free_cached_itd_list-function-in-disable_periodic.patch
usb-ehci-fix-audio-record-functionality-for-some-full-speed-sound-blaster-devices.patch
usb-ehci-fsl-fix-sparse-warnings.patch
usb-ehci-fsl-add-power-management-support.patch
usb-pxa27x_udc.c-use-resource_size.patch
usb-atmel_usba_udc.c-use-resource_size.patch
usb-at91_udc.c-use-resource_size.patch
usb-ehci-orion.c-use-resource_size.patch
usb-ehci-atmel.c-use-resource_size.patch
usb-ehci-au1xxx.c-use-platform_get_resource-and-resource_size.patch
usb-cdc-acm-update-to-new-autopm-api.patch
usb-xhci-no-gfp_kernel-in-block-error-handling.patch
usb-wusb-check-chid-is-all-zeros-before-stopping-the-host.patch
usb-otg-add-notifier-support.patch
usb-otg-twl4030-add-support-for-notifier.patch
usb-storage-never-reset-devices-that-will-morph-to-an-old-mode.patch
usb-export-usb_quirk_reset_morphs-through-sysfs.patch
usb-cypress_m8-stop-using-usb-debug-driver-config.patch
usb-cypress_m8-unify-confusing-new-baudrate-check.patch
usb-cypress_m8-allow-unstable-baud-rates.patch
usb-isp1362-use-kzalloc-for-allocating-only-one-thing.patch
usb-host-sl811-fix-unaligned-accesses.patch
usb-host-sl811-allow-the-hcd-on-blackfin-systems.patch
usb-gadget-use-ep5-for-bulk-in-and-ep6-for-bulk-out-for-blackfin-musb.patch
usb-gadget-add-int-support-for-blackfin-musb.patch
usb-musb-use-resource_size.patch
usb-musb-move-two-printk-to-dev_err.patch
usb-musb-move-to-sysfs_groups.patch
usb-musb-remove-some-of-the-never-defined-defines.patch
$ cd ../next
$ git fetch -f ../quilt-tmp master:quilt/usb
From ../quilt-tmp
 + f91645a...730e1fb master     -> quilt/usb  (forced update)
Importing staging based on quilt/usb
$ cd ../quilt-tmp
$ git reset --hard 730e1fba3135fe31183f43c15acdbec6b557539c
HEAD is now at 730e1fb USB: musb: remove some of the never defined defines
$ git quiltimport --author Greg KH <greg@kroah.com> --patches ../quilt/staging
staging-comedi-pcmad-cleanup-code-indent-warning-messages.patch
staging-comedi-pcmad-cleanup-remove-unneeded-braces.patch
staging-comedi-pcmad-cleanup-printk-warnings.patch
staging-dream-add-missing-include-files.patch
/home/sfr/kernels/next/quilt-tmp/.git/rebase-apply/patch:56: new blank line at EOF.
+
/home/sfr/kernels/next/quilt-tmp/.git/rebase-apply/patch:551: new blank line at EOF.
+
/home/sfr/kernels/next/quilt-tmp/.git/rebase-apply/patch:1504: new blank line at EOF.
+
warning: 3 lines add whitespace errors.
staging-dream-fix-memory-leak-in-camera-error-path.patch
staging-dream-remove-duplicated-include.patch
staging-otus-fix-some-sparse-warnings.patch
staging-otus-fix-branch-in-zfprotrspsim.patch
staging-vme-correct-vme_user-error-message-typo.patch
staging-vme-allow-override-of-geographical-address-on-tsi148.patch
staging-vme-allow-override-of-geographical-address-on-ca91c142.patch
staging-vme-fix-checkpatch-errors-on-vme-core.patch
staging-vme-remove-old-structures-for-implemented-features.patch
staging-vme-allow-drivers-to-co-exist.patch
staging-slicoss-convert-to-netdev_tx_t.patch
staging-slicoss-check-for-valid-hw-address.patch
staging-slicoss-no-need-type-casting-when-using-netdev_priv.patch
staging-slicoss-no-need-to-check-pointer-in-debugfs_remove.patch
staging-slicoss-use-dev-stats-rather-than-adapter-stats.patch
staging-slicoss-use-pci_device_table.patch
staging-slicoss-use-compare_ether_addr.patch
staging-slicoss-use-pci_set_consistent_dma_mask.patch
staging-rtl8187x-use-pm-for-mac-address-output.patch
staging-mimio-fix-checkpatch.pl-spacing-errors.patch
staging-mimio-remove-dead-code.patch
staging-mimio-checkpatch.pl-line-80-chars-fixes.patch
staging-asus_oled-add-defines-for-asus-vendor_id-and-device_id-to-be-consistent-with-hid-ids.h.patch
staging-batman-adv-replace-internal-logging-mechanism.patch
staging-batman-adv-refactor-routing.c.patch
staging-batman-adv-stop-persistent-warnings-if-a-device-is-deactivated.patch
staging-batman-adv-always-receive-when-discarding.patch
staging-batman-adv-split-originator-handling-parts-out-of-routing.c.patch
/home/sfr/kernels/next/quilt-tmp/.git/rebase-apply/patch:30: new blank line at EOF.
+
/home/sfr/kernels/next/quilt-tmp/.git/rebase-apply/patch:276: new blank line at EOF.
+
warning: 2 lines add whitespace errors.
staging-batman-adv-fix-the-naming-of-the-debug-option.patch
staging-iio-checkinclude.pl-fix.patch
staging-wlags49_h2-remove-duplicated-include.patch
staging-remove-unused-include-linux-version.h.patch
staging-rtl8192e-fix-some-codingstyle-issues.patch
staging-rtl9192e-fix-power-usage-issues.patch
/home/sfr/kernels/next/quilt-tmp/.git/rebase-apply/patch:564: space before tab in indent.
        	ieee->ieee80211_ips_leave(ieee->dev);
/home/sfr/kernels/next/quilt-tmp/.git/rebase-apply/patch:1238: space before tab in indent.
	   	     (memcmp(net->bssid, BELKINF5D82334V3_RALINK, 3)==0) ||
/home/sfr/kernels/next/quilt-tmp/.git/rebase-apply/patch:1247: space before tab in indent.
    		    //(memcmp(net->bssid, NETGEAR834Bv2_BROADCOM, 3)==0) ||
/home/sfr/kernels/next/quilt-tmp/.git/rebase-apply/patch:1698: space before tab in indent.
				  		// IPS should go to this.
/home/sfr/kernels/next/quilt-tmp/.git/rebase-apply/patch:2147: space before tab in indent.
	 	else
warning: squelched 5 whitespace errors
warning: 10 lines add whitespace errors.
staging-rtl8192e-fix-more-coding-style-issues.patch
staging-rtl8192e-code-style-fix-for-r819xe_phyreg.h.patch
staging-rtl8192e-code-style-fixes-for-r819xe_phy.h.patch
staging-rtl8192e-small-code-fixes-for-r819xe_firmware.c.patch
staging-add-dt3155-driver.patch
/home/sfr/kernels/next/quilt-tmp/.git/rebase-apply/patch:20: new blank line at EOF.
+
/home/sfr/kernels/next/quilt-tmp/.git/rebase-apply/patch:350: new blank line at EOF.
+
/home/sfr/kernels/next/quilt-tmp/.git/rebase-apply/patch:451: new blank line at EOF.
+
/home/sfr/kernels/next/quilt-tmp/.git/rebase-apply/patch:3158: new blank line at EOF.
+
warning: 4 lines add whitespace errors.
staging-dt3155-add-needed-include.patch
staging-dt3155-add-todo-file.patch
staging-dt3155-add-it-to-the-build.patch
/home/sfr/kernels/next/quilt-tmp/.git/rebase-apply/patch:10: new blank line at EOF.
+
warning: 1 line adds whitespace errors.
staging-udlfb-add-dynamic-modeset-support.patch
staging-fix-misspelling-of-successful-and-variants.patch
staging-fix-misspelling-of-should-and-shouldn-t-in-comments.patch
staging-fix-misspelling-of-invocation-in-comment.patch
staging-w35und-convert-typedef-local_para-to-struct-wb_local_para.patch
staging-w35und-convert-typedef-radiooff-to-struct-radio_off.patch
staging-w35und-remove-unused-typedef-_eventlog.patch
staging-w35und-convert-typedef-chaninfo-to-struct-chan_info.patch
staging-w35und-remove-unused-typedef-chan_list.patch
staging-w35und-remove-unused-typedef-txretry_rec.patch
staging-w35und-remove-unused-typedef-rxlayer1.patch
staging-w35und-remove-unused-typedefs-mlme_deauthreq_para-and-mlme_disassocreq_para.patch
staging-s5k3e2fx.c-simplify-complexity-by-factoring.patch
staging-rtl8192su-build-should-select-wireless_ext.patch
staging-rtl8192su-use-z-format-qualifier-for-output-of-sizeof.patch
staging-prism2-usb-build-should-select-wireless_ext.patch
staging-wlan-ng-initialise-mibitem.patch
staging-dt3155-coding-style-cleanups-for-allocator-code.patch
staging-dt3155-coding-style-cleanups-for-the-.h-files.patch
staging-remove-the-b3dfg-driver.patch
staging-p9auth-remove-driver-from-tree.patch
staging-altpciechdma-remove-driver.patch
$ cd ../next
$ git fetch -f ../quilt-tmp master:quilt/staging
From ../quilt-tmp
 + 2537c7b...4b24c2a master     -> quilt/staging  (forced update)
Importing driver-core.current based on 2.6.33-rc1-git4
	quilt series is empty
$ git update-ref refs/heads/quilt/driver-core.current 2f99f5c8f05e02f3df1bb4d93b6704e6f5972872
Importing tty.current based on quilt/driver-core.current
$ git clone -s -l -n -q . ../quilt-tmp
$ cd ../quilt-tmp
$ git reset --hard 2f99f5c8f05e02f3df1bb4d93b6704e6f5972872
HEAD is now at 2f99f5c Revert "x86, ucode-amd: Ensure ucode update on suspend/resume after CPU off/online cycle"
$ git quiltimport --author Greg KH <greg@kroah.com> --patches ../quilt/tty.current
serial-imx-bit-confusion.patch
$ cd ../next
$ git fetch -f ../quilt-tmp master:quilt/tty.current
From ../quilt-tmp
 + 84c4457...477fec7 master     -> quilt/tty.current  (forced update)
Importing usb.current based on quilt/tty.current
	quilt series is empty
$ git update-ref refs/heads/quilt/usb.current 477fec79c5b59cdf6f0231206142ef889392cb00
Importing staging.current based on quilt/usb.current
	quilt series is empty
$ git update-ref refs/heads/quilt/staging.current 477fec79c5b59cdf6f0231206142ef889392cb00
Importing i2c based on 2.6.33-rc1-git1
Unchanged quilt series i2c
Importing jdelvare-hwmon based on 2.6.33-rc1-git1
Unchanged quilt series jdelvare-hwmon
Importing kernel-doc based on 2.6.32-git5
Unchanged quilt series kernel-doc
Importing rr based on v2.6.33-rc1-96-gdd59f6c
Unchanged quilt series rr
Importing device-mapper based on v2.6.32-7500-g8bea867
Unchanged quilt series device-mapper
Importing aoe based on v2.6.31-rc9
Unchanged quilt series aoe
Importing driver-core based on quilt/staging.current
$ cd ../quilt-tmp
$ git reset --hard 477fec79c5b59cdf6f0231206142ef889392cb00
HEAD is now at 477fec7 serial: imx: bit &/| confusion
$ git quiltimport --author Greg KH <greg@kroah.com> --patches ../quilt/driver-core
kobject-example-spelling-fixes.patch
kset-example-spelling-fixes.patch
$ cd ../next
$ git fetch -f ../quilt-tmp master:quilt/driver-core
From ../quilt-tmp
 + fc59c91...35bd8c8 master     -> quilt/driver-core  (forced update)
Importing tty based on quilt/driver-core
$ cd ../quilt-tmp
$ git reset --hard 35bd8c8a8a9d687be88e33a19b6b4aab2f4343ac
HEAD is now at 35bd8c8 kset-example: Spelling fixes.
$ git quiltimport --author Greg KH <greg@kroah.com> --patches ../quilt/tty
serial-core-resume-serial-hardware-with-no_console_suspend.patch
serial-fit-blackfin-uart-over-sport-driver-into-common-uart-infrastructure.patch
serial-copy-uart-properties-of-upf_fixed_type-ports-provisioned-using-early_serial_setup.patch
serial-68328serial.c-remove-baud_table_size-macro.patch
serial-serial_cs-oxsemi-quirk-breaks-resume.patch
serial-atmel_serial-add-poll_get_char-and-poll_put_char-uart_ops.patch
serial-8250-add-serial-transmitter-fully-empty-test.patch
serial-8250_pnp-use-wildcard-for-serial-wacom-tablets.patch
serial-synclink_gt-dropped-transmit-data-bugfix.patch
serial-8250_pci-add-support-for-mcs9865-syba-6x-serial-port-card.patch
serial-imx-fix-null-dereference-oops-when-pdata-null.patch
serial-add-support-for-korenix-jetcard.patch
serial-fix-test-of-unsigned.patch
serial-char-cyclades-fix-compiler-warning.patch
serial-cyclades-allow-overriding-isa-defaults-also-when-the-driver-is-built-in.patch
tty-char-mxser-remove-unnecessary-tty-test.patch
serial-isicom.c-use-pr_fmt-and-pr_-level.patch
hvc_console-fix-test-on-unsigned-in-hvc_console_print.patch
tty-moxa-remove-ifdef-module-completely.patch
ip2-remove-ifdef-module-from-ip2main.c.patch
$ cd ../next
$ git fetch -f ../quilt-tmp master:quilt/tty
From ../quilt-tmp
 + 0eddb71...61d7f70 master     -> quilt/tty  (forced update)
Importing usb based on quilt/tty
$ cd ../quilt-tmp
$ git reset --hard 61d7f7052bb3675e65f8c2d0c2b4d0867228061e
HEAD is now at 61d7f70 ip2: remove #ifdef MODULE from ip2main.c
$ git quiltimport --author Greg KH <greg@kroah.com> --patches ../quilt/usb
usb-mxc-add-i.mx21-specific-usb-host-controller-driver.patch
/home/sfr/kernels/next/quilt-tmp/.git/rebase-apply/patch:54: new blank line at EOF.
+
/home/sfr/kernels/next/quilt-tmp/.git/rebase-apply/patch:2815: new blank line at EOF.
+
/home/sfr/kernels/next/quilt-tmp/.git/rebase-apply/patch:2832: new blank line at EOF.
+
warning: 3 lines add whitespace errors.
usb-mxc-use-dma_bit_mask-macro-rather-than-hardcoded-constants.patch
usb-mxc-add-platform-resources-for-i.mx21-usb-host-controller.patch
/home/sfr/kernels/next/quilt-tmp/.git/rebase-apply/patch:8: new blank line at EOF.
+
warning: 1 line adds whitespace errors.
usb-cxacru-return-an-empty-value-for-modulation-if-there-is-no-connection.patch
usb-cxacru-check-data-length-is-not-negative.patch
usb-cxacru-check-device-isn-t-being-removed-during-sysfs-calls.patch
usb-cxacru-document-how-to-interact-with-the-flash-memory.patch
usb-cxacru-firmware-writes-on-ohci-are-slow-log-progress.patch
usb-cxacru-add-write-only-sysfs-attribute-for-modem-configuration.patch
usb-cxacru-remove-cxacru-cf.bin-loader.patch
usb-cxacru-increment-driver-version.patch
usb-ftdi_sio-fix-error-message-on-close.patch
usb-ftdi_sio-remove-obsolete-comment.patch
usb-serial-fix-typo-in-debug-message.patch
usb-ftdi_sio-fix-initialisation-of-latency-timeout.patch
usb-ftdi_sio-remove-support-for-5-and-6-data-bits.patch
usb-fix-occasional-ulpi-timeouts-with-ehci-mxc.patch
usb-pxa27x_udc-avoid-compiler-warnings-and-misbehavior-on-buggy-hardware.patch
usb-serial-mct_usb232-add-drain-on-close.patch
usb-serial-mct_usb232-move-dma-buffers-to-heap.patch
cdc_acm-add-reset_resume-method.patch
usb-check-the-endpoint-type-against-the-pipe-type.patch
usb-xhci-fix-error-path-when-configuring-endpoints.patch
usb-xhci-refactor-code-to-free-or-cache-endpoint-rings.patch
usb-xhci-allow-allocation-of-commands-without-input-contexts.patch
usb-xhci-refactor-test-for-vendor-specific-completion-codes.patch
usb-xhci-refactor-code-to-clear-port-change-bits.patch
usb-xhci-allow-roothub-ports-to-be-disabled.patch
usb-xhci-notify-the-xhc-when-a-device-is-reset.patch
usb-add-call-to-notify-xhc-of-a-device-reset.patch
usb-ehci-add-call-of-free_cached_itd_list-function-in-disable_periodic.patch
usb-ehci-fix-audio-record-functionality-for-some-full-speed-sound-blaster-devices.patch
usb-ehci-fsl-fix-sparse-warnings.patch
usb-ehci-fsl-add-power-management-support.patch
usb-pxa27x_udc.c-use-resource_size.patch
usb-atmel_usba_udc.c-use-resource_size.patch
usb-at91_udc.c-use-resource_size.patch
usb-ehci-orion.c-use-resource_size.patch
usb-ehci-atmel.c-use-resource_size.patch
usb-ehci-au1xxx.c-use-platform_get_resource-and-resource_size.patch
usb-cdc-acm-update-to-new-autopm-api.patch
usb-xhci-no-gfp_kernel-in-block-error-handling.patch
usb-wusb-check-chid-is-all-zeros-before-stopping-the-host.patch
usb-otg-add-notifier-support.patch
usb-otg-twl4030-add-support-for-notifier.patch
usb-storage-never-reset-devices-that-will-morph-to-an-old-mode.patch
usb-export-usb_quirk_reset_morphs-through-sysfs.patch
usb-cypress_m8-stop-using-usb-debug-driver-config.patch
usb-cypress_m8-unify-confusing-new-baudrate-check.patch
usb-cypress_m8-allow-unstable-baud-rates.patch
usb-isp1362-use-kzalloc-for-allocating-only-one-thing.patch
usb-host-sl811-fix-unaligned-accesses.patch
usb-host-sl811-allow-the-hcd-on-blackfin-systems.patch
usb-gadget-use-ep5-for-bulk-in-and-ep6-for-bulk-out-for-blackfin-musb.patch
usb-gadget-add-int-support-for-blackfin-musb.patch
usb-musb-use-resource_size.patch
usb-musb-move-two-printk-to-dev_err.patch
usb-musb-move-to-sysfs_groups.patch
usb-musb-remove-some-of-the-never-defined-defines.patch
$ cd ../next
$ git fetch -f ../quilt-tmp master:quilt/usb
From ../quilt-tmp
 + 730e1fb...8196ff9 master     -> quilt/usb  (forced update)
Importing staging based on quilt/usb
$ cd ../quilt-tmp
$ git reset --hard 8196ff919ba81e51b1c60ef7687f808f910faaee
HEAD is now at 8196ff9 USB: musb: remove some of the never defined defines
$ git quiltimport --author Greg KH <greg@kroah.com> --patches ../quilt/staging
staging-comedi-pcmad-cleanup-code-indent-warning-messages.patch
staging-comedi-pcmad-cleanup-remove-unneeded-braces.patch
staging-comedi-pcmad-cleanup-printk-warnings.patch
staging-dream-add-missing-include-files.patch
/home/sfr/kernels/next/quilt-tmp/.git/rebase-apply/patch:56: new blank line at EOF.
+
/home/sfr/kernels/next/quilt-tmp/.git/rebase-apply/patch:551: new blank line at EOF.
+
/home/sfr/kernels/next/quilt-tmp/.git/rebase-apply/patch:1504: new blank line at EOF.
+
warning: 3 lines add whitespace errors.
staging-dream-fix-memory-leak-in-camera-error-path.patch
staging-dream-remove-duplicated-include.patch
staging-otus-fix-some-sparse-warnings.patch
staging-otus-fix-branch-in-zfprotrspsim.patch
staging-vme-correct-vme_user-error-message-typo.patch
staging-vme-allow-override-of-geographical-address-on-tsi148.patch
staging-vme-allow-override-of-geographical-address-on-ca91c142.patch
staging-vme-fix-checkpatch-errors-on-vme-core.patch
staging-vme-remove-old-structures-for-implemented-features.patch
staging-vme-allow-drivers-to-co-exist.patch
staging-slicoss-convert-to-netdev_tx_t.patch
staging-slicoss-check-for-valid-hw-address.patch
staging-slicoss-no-need-type-casting-when-using-netdev_priv.patch
staging-slicoss-no-need-to-check-pointer-in-debugfs_remove.patch
staging-slicoss-use-dev-stats-rather-than-adapter-stats.patch
staging-slicoss-use-pci_device_table.patch
staging-slicoss-use-compare_ether_addr.patch
staging-slicoss-use-pci_set_consistent_dma_mask.patch
staging-rtl8187x-use-pm-for-mac-address-output.patch
staging-mimio-fix-checkpatch.pl-spacing-errors.patch
staging-mimio-remove-dead-code.patch
staging-mimio-checkpatch.pl-line-80-chars-fixes.patch
staging-asus_oled-add-defines-for-asus-vendor_id-and-device_id-to-be-consistent-with-hid-ids.h.patch
staging-batman-adv-replace-internal-logging-mechanism.patch
staging-batman-adv-refactor-routing.c.patch
staging-batman-adv-stop-persistent-warnings-if-a-device-is-deactivated.patch
staging-batman-adv-always-receive-when-discarding.patch
staging-batman-adv-split-originator-handling-parts-out-of-routing.c.patch
/home/sfr/kernels/next/quilt-tmp/.git/rebase-apply/patch:30: new blank line at EOF.
+
/home/sfr/kernels/next/quilt-tmp/.git/rebase-apply/patch:276: new blank line at EOF.
+
warning: 2 lines add whitespace errors.
staging-batman-adv-fix-the-naming-of-the-debug-option.patch
staging-iio-checkinclude.pl-fix.patch
staging-wlags49_h2-remove-duplicated-include.patch
staging-remove-unused-include-linux-version.h.patch
staging-rtl8192e-fix-some-codingstyle-issues.patch
staging-rtl9192e-fix-power-usage-issues.patch
/home/sfr/kernels/next/quilt-tmp/.git/rebase-apply/patch:564: space before tab in indent.
        	ieee->ieee80211_ips_leave(ieee->dev);
/home/sfr/kernels/next/quilt-tmp/.git/rebase-apply/patch:1238: space before tab in indent.
	   	     (memcmp(net->bssid, BELKINF5D82334V3_RALINK, 3)==0) ||
/home/sfr/kernels/next/quilt-tmp/.git/rebase-apply/patch:1247: space before tab in indent.
    		    //(memcmp(net->bssid, NETGEAR834Bv2_BROADCOM, 3)==0) ||
/home/sfr/kernels/next/quilt-tmp/.git/rebase-apply/patch:1698: space before tab in indent.
				  		// IPS should go to this.
/home/sfr/kernels/next/quilt-tmp/.git/rebase-apply/patch:2147: space before tab in indent.
	 	else
warning: squelched 5 whitespace errors
warning: 10 lines add whitespace errors.
staging-rtl8192e-fix-more-coding-style-issues.patch
staging-rtl8192e-code-style-fix-for-r819xe_phyreg.h.patch
staging-rtl8192e-code-style-fixes-for-r819xe_phy.h.patch
staging-rtl8192e-small-code-fixes-for-r819xe_firmware.c.patch
staging-add-dt3155-driver.patch
/home/sfr/kernels/next/quilt-tmp/.git/rebase-apply/patch:20: new blank line at EOF.
+
/home/sfr/kernels/next/quilt-tmp/.git/rebase-apply/patch:350: new blank line at EOF.
+
/home/sfr/kernels/next/quilt-tmp/.git/rebase-apply/patch:451: new blank line at EOF.
+
/home/sfr/kernels/next/quilt-tmp/.git/rebase-apply/patch:3158: new blank line at EOF.
+
warning: 4 lines add whitespace errors.
staging-dt3155-add-needed-include.patch
staging-dt3155-add-todo-file.patch
staging-dt3155-add-it-to-the-build.patch
/home/sfr/kernels/next/quilt-tmp/.git/rebase-apply/patch:10: new blank line at EOF.
+
warning: 1 line adds whitespace errors.
staging-udlfb-add-dynamic-modeset-support.patch
staging-fix-misspelling-of-successful-and-variants.patch
staging-fix-misspelling-of-should-and-shouldn-t-in-comments.patch
staging-fix-misspelling-of-invocation-in-comment.patch
staging-w35und-convert-typedef-local_para-to-struct-wb_local_para.patch
staging-w35und-convert-typedef-radiooff-to-struct-radio_off.patch
staging-w35und-remove-unused-typedef-_eventlog.patch
staging-w35und-convert-typedef-chaninfo-to-struct-chan_info.patch
staging-w35und-remove-unused-typedef-chan_list.patch
staging-w35und-remove-unused-typedef-txretry_rec.patch
staging-w35und-remove-unused-typedef-rxlayer1.patch
staging-w35und-remove-unused-typedefs-mlme_deauthreq_para-and-mlme_disassocreq_para.patch
staging-s5k3e2fx.c-simplify-complexity-by-factoring.patch
staging-rtl8192su-build-should-select-wireless_ext.patch
staging-rtl8192su-use-z-format-qualifier-for-output-of-sizeof.patch
staging-prism2-usb-build-should-select-wireless_ext.patch
staging-wlan-ng-initialise-mibitem.patch
staging-dt3155-coding-style-cleanups-for-allocator-code.patch
staging-dt3155-coding-style-cleanups-for-the-.h-files.patch
staging-remove-the-b3dfg-driver.patch
staging-p9auth-remove-driver-from-tree.patch
staging-altpciechdma-remove-driver.patch
$ cd ../next
$ git fetch -f ../quilt-tmp master:quilt/staging
From ../quilt-tmp
 + 4b24c2a...d978bac master     -> quilt/staging  (forced update)
