Importing driver-core.current based on 2.6.31-rc9
Unchanged quilt series driver-core.current
Importing tty.current based on quilt/driver-core.current
Unchanged quilt series tty.current
Importing usb.current based on quilt/tty.current
Unchanged quilt series usb.current
Importing i2c based on 2.6.31-rc9-git2
$ git clone -s -l -n -q . ../quilt-tmp
$ cd ../quilt-tmp
$ git reset --hard 7c8460db30dfd085ef3837c8fb02ecf2e718b983
HEAD is now at 7c8460d drm/i915: fix mask bits setting
$ git quiltimport --author Jean Delvare <khali@linux-fr.org> --patches ../quilt/i2c
driver-model-constify-attribute-groups.patch
driver-core-add-support-for-compatibility-classes.patch
i2c-drop-i2c_driver-id.patch
i2c-taos-evm-switch-echo-off.patch
i2c-tsl2550-simpify-IO.patch
i2c-core-01-client-as-device-type.patch
i2c-core-02-adapters-as-bus-devices.patch
i2c-core-03-i2c-adapter-compatibility-class-2.patch
i2c-scx200_acb-provide-more-information-on-bus-errors.patch
$ cd ../next
$ git fetch -f ../quilt-tmp master:quilt/i2c
From ../quilt-tmp
 + c0f5fb4...4241aa7 master     -> quilt/i2c  (forced update)
Importing jdelvare-hwmon based on 2.6.31-rc9-git2
$ cd ../quilt-tmp
$ git reset --hard 7c8460db30dfd085ef3837c8fb02ecf2e718b983
HEAD is now at 7c8460d drm/i915: fix mask bits setting
$ git quiltimport --author Jean Delvare <khali@linux-fr.org> --patches ../quilt/jdelvare-hwmon
hwmon-abituguru3-support-multiple-dmi-strings-per-chip-id-3.patch
hwmon-asus_atk0110-maintainer.patch
hwmon-vid-limit-AMD-0Fh-6-bit-VID.patch
hwmon-driver-for-TI-TMP421-TMP422-TMP423-chips.patch
hwmon-tmp421-add-documentation.patch
hwmon-include-linux-io.h-instead-of-asm-io.h.patch
hwmon-use-resource_size.patch
hwmon-list-acpi-drivers-as-such.patch
$ cd ../next
$ git fetch -f ../quilt-tmp master:quilt/jdelvare-hwmon
From ../quilt-tmp
 + bed6606...c660ee6 master     -> quilt/jdelvare-hwmon  (forced update)
Importing kernel-doc based on 2.6.31-rc7
Unchanged quilt series kernel-doc
Importing rr based on v2.6.31-rc9-12-g3ff323f
Unchanged quilt series rr
Importing device-mapper based on block/for-next
Unchanged quilt series device-mapper
Importing aoe based on v2.6.31-rc3
Unchanged quilt series aoe
Importing driver-core based on quilt/usb.current
Unchanged quilt series driver-core
Importing tty based on quilt/driver-core
Unchanged quilt series tty
Importing usb based on quilt/tty
Unchanged quilt series usb
Importing staging based on quilt/usb
Unchanged quilt series staging
