Unchanged quilt series driver-core.current
Unchanged quilt series usb.current
Unchanged quilt series m68k
Unchanged quilt series driver-core
Unchanged quilt series usb
Unchanged quilt series device-mapper
Unchanged quilt series i2c
Unchanged quilt series jdelvare-hwmon
Unchanged quilt series kernel-doc
Importing ide based on afa153fd7b6afcd55dd6df6aea06bb53aa1d3608
$ git checkout quilt/ide
Switched to branch "quilt/ide"
$ git reset --hard afa153fd7b6afcd55dd6df6aea06bb53aa1d3608
HEAD is now at afa153f Merge git://git.kernel.org/pub/scm/linux/kernel/git/bart/ide-2.6
$ git quiltimport --author Bartlomiej Zolnierkiewicz <bzolnier@gmail.com> --patches ../quilt/ide
ide-remove-superfluous-check-from-ide_disk_special.patch
ide-cleanup-ide_disk_init_mult_count.patch
ide-cleanup-ide_fix_driveid.patch
ide-make-drive-id-an-union-take-2.patch
Context reduced to (2/2) to apply fragment at 451
ide-remove-drive-driveid.patch
Context reduced to (2/2) to apply fragment at 451
ide-use-ata_id_current_chs_valid.patch
ide-disk-use-ata_id_wcache_enabled.patch
ide-disk-use-ata_id_hpa_enabled.patch
libata-win_-to-ata_cmd_.patch
ide-win_-to-ata_cmd_.patch
hd-win_-to-ata_cmd_.patch
ide-use-ata_-defines-instead-of-_stat-and-_err-ones.patch
ide-remove-no-longer-needed-ide_drive_t-fields.patch
ide-re-code-ide_fixstring-loop-to-be-less-evil.patch
ide-cd-use-the-new-object_is_in_stack-helper.patch
ide-fix-exabytenest-handling-in-probe_for_drive.patch
ide-enhance-ide_busy_sleep.patch
ide-remove-no-longer-needed-bug_on-s-from-init_irq.patch
ide-remove-ide_chipset_-macros.patch
ide-remove-unused-_ide_c-and-_ide_disk-defines.patch
ide-remove-needless-drive-present-checks-from-device-drivers.patch
ide-check-drive-present-in-ide_get_paired_drive.patch
ide-remove-config_idedisk_multi_mode.patch
ide-include-linux-hdreg-h-only-when-needed.patch
ide-call-ide_proc_register_driver-later.patch
ide-preparations-for-proc-ide-hd_-settings-rework.patch
ide-proc-ide-hd_-settings-rework.patch
ide-remove-sector_words-define.patch
cmd640-add-__set_prefetch_mode.patch
ide-remove-read-only-atapi_overlap-field-from-ide_drive_t.patch
ide-remove-supports_dsc_overlap-field-from-ide_driver_t.patch
ide-factor-out-hdio_-_nice-ioctl-handling-to-ide_-_nice_ioctl.patch
ide-ide_dev_has_iordy-to-ata_id_has_iordy.patch
ide-ide_dev_is_sata-to-ata_id_is_sata.patch
ide-idedisk_supports_lba48-to-ata_id_lba48_enabled.patch
ide-check-only-for-cache-flush-command-support-in-ide_id_has_flush_cache.patch
ide-ide_id_has_flush_cache-to-ata_id_flush_enabled.patch
ide-ide_id_has_flush_cache_ext-to-ata_id_flush_ext_enabled.patch
ide-use-ata_id_is_cfa.patch
ide-ide_id_to_hd_driveid-to-ata_id_to_hd_driveid.patch
ide-lba_capacity_is_ok-to-ata_id_is_lba_capacity_ok.patch
hpt366-add-hpt3xx_disable_fast_irq-helper.patch
ide-add-proper-pci-pm-support.patch
ide-remove-bus_state-field-from-ide_hwif_t.patch
ide-add-ide_setting_ioctl-helper.patch
ide-cleanup-generic_ide_ioctl.patch
ide-move-ioctls-handling-to-ide-ioctls-c.patch
ide-add-ide_check_atapi_device-helper.patch
ide-floppy-remove-needless-parens.patch
ide-floppy-add-ide_floppy_format_ioctl-helper.patch
ide-tape-remove-idetape_init_rq.patch
ide-floppy-use-scatterlists-for-pio-transfers.patch
ide-generic-handle-probing-of-legacy-io-ports-v5.patch
ide-floppy-tape-remove-request-stack.patch
ide-floppy-tape-remove-packet-command-stack.patch
ide-floppy-remove-mode_sense_-defines.patch
ide-floppy-fixup-ide_floppy_io_buffers.patch
ide-scsi-cleanup-ide_scsi_io_buffers.patch
ide-add-ide_io_buffers-helper.patch
ide-floppy-add-ide_floppy_set_media_lock-helper.patch
ide-tape-add-ide_tape_set_media_lock-helper.patch
ide-add-ide_init_pc-helper.patch
ide-add-ide_queue_pc_head-helper.patch
ide-add-ide_queue_pc_tail-helper.patch
ide-floppy-srfp-wp-to-ide_aflag_srfp-wp.patch
ide-floppy-move-floppy-ioctls-handling-to-ide-floppy_ioctl-c.patch
ide-add-ide_set_media_lock-helper-patch
ide-add-ide_do_start_stop-helper.patch
ide-add-ide_do_test_unit_ready-helper.patch
ide-move-idefloppy-tape_wait_cmd-defines-to-linux-ide-h.patch
ide-remove-ide_spin_wait_hwgroup-and-use-special-requests-instead-v2.patch
ide-drop-dsc_handle-argument-from-ide_pc_intr.patch
ide-add-pointer-to-the-current-packet-command-to-ide_drive_t.patch
ide-drop-timeout-and-expiry-arguments-from-ide_pc_intr.patch
ide-add-request_sense_pc-rq-to-ide_drive_t.patch
ide-add-ide_retry_pc-helper.patch
ide-add-pc_update-io_buffers-methods.patch
ide-make-ide_pc_intr-static.patch
ide-make-ide_transfer_pc-static.patch
ide-remove-config_blk_dev_ide-config-option.patch
ide-remove-unnecessary-max_hwifs-checks-from-ide-probe-c.patch
xtensa-remove-dead-config_blk_dev_ide-code.patch
ide-unify-conversion-macros.patch
ide-add-drive-debug_mask-switch.patch
ide-add-a-driver-wide-debugging-macro.patch
ide-floppy-convert-driver-to-the-new-debugging-macro.patch
ide-floppy-add-a-debug_mask-module-parameter.patch
ide-fix-ide-acpi-for-slave-device-only-configurations.patch
ide-disk-set_addressing-fixes.patch
ide-disk-add-ide_do_setfeature-helper.patch
ide-add-device-flags.patch
ide-dma_pio_retry-to-ide_dflag_dma_pio_retry.patch
ide-remove-superfluous-media-field-from-ide_driver_t.patch
ide-remove-superfluous-dma-field-from-ide_hwif_t.patch
ide-remove-superfluous-waiting_for_dma-checks.patch
ide-fix-hdio_drive_task-file-ioctls-for-chs-commands-on-lba-devices.patch
ide-sanitize-ide-_pm_-enums.patch
cy82c693-remove-dead-cy82c693_setdma_clock-code.patch
cy82c693-remove-no-longer-needed-cy82c693_debug_logs-code.patch
ide-use-drive-dn-and-1-instead-of-drive-select-b-unit.patch
ide-remove-ata_-select_t.patch
ide-convert-pio_mode-device-setting-to-use-ds_sync-flag.patch
ide-factor-out-reset-error-reporting-from-reset_pollfunc.patch
ide-merge-all-taskfile_no_data-data-phase-handlers-into-taskfile_no_intr.patch
ide-use-unique-names-for-struct-pci_driver-instances.patch
ide-ide_dma_clear_irq-to-clear_irq.patch
ide-generic-no-need-to-probe-all-ports-at-once.patch
ide-generic-remove-no-longer-needed-ide_probe_legacy.patch
ide-remove-ide_host_alloc_all.patch
ide-set-ide_aflag_drq_interrupt-in-do_identify.patch
ide-cd-no-need-to-zero-drive-special-all.patch
ide-floppy-move-all-ioctl-handling-to-ide-floppy_ioctl-c.patch
ide-floppy-move-proc-handling-to-ide-floppy_proc-c-take-2.patch
ide-disk-move-all-ioctl-handling-to-ide-disk_ioctl-c.patch
ide-disk-move-proc-handling-to-ide-disk_proc-c-take-2.patch
ide-two-fixes-regarding-memory-allocation.patch
Unchanged quilt series rr
Importing ttydev based on bef69ea0dcce574a425feb0a5aa4c63dd108b9a6
$ git checkout quilt/ttydev
Switched to branch "quilt/ttydev"
$ git reset --hard bef69ea0dcce574a425feb0a5aa4c63dd108b9a6
HEAD is now at bef69ea Resource handling: add 'insert_resource_expand_to_fit()' function
$ git quiltimport --author Alan Cox <alan@lxorguk.ukuu.org.uk> --patches ../quilt/ttydev
cris-put-tty
hvc-put-tty
mcfserial-goes-byebye
epca-port-init
serial-remove-nr-irq
.dotest/patch:163: trailing whitespace.
	
warning: 1 line adds whitespace errors.
blackfin-use-initdata
blackfin-suspend-all
blackfin-whitespace-trim
blackfin-common-vars
blackfin-remove-useless-stop
blackfin-fix-stop-bug
blackfin-fix-ircp-bug
blackfin-fix-uart-map
tty-move-tioclinux
tty-fixup-uml
tty-split-buffering
tty-split-port
tty-ldisc-for-pps
tty-kref
tty-kref-modcount
tty-kref-get-current-tty
tty-move-write
tty-usbserial-kref
.dotest/patch:134: trailing whitespace.
out:		
.dotest/patch:326: trailing whitespace.
		
.dotest/patch:897: trailing whitespace.
		if (tty && !C_CLOCAL(tty)) 
.dotest/patch:1070: trailing whitespace.
	tty_kref_put(tty);		     
.dotest/patch:1320: trailing whitespace.
		} else 
warning: 5 lines add whitespace errors.
tty-misc-kref
tty-kref-stallion
tty-kref-mxser
.dotest/patch:390: trailing whitespace.
				
warning: 1 line adds whitespace errors.
tty-fix-vhangup
tty-current-locking
tty-current-fix-abusers
tty-tiocrs485
tty-fix-pty
char-cyclades-remove-bogus-iomap.patch
char-sx-fix-io-unmapping.patch
8250-remove-a-few-inlines-of-dubious-value.patch
vt-remove-bogus-lockdrop
tty-fix-shutdown
tty-move-special-cases
.dotest/patch:553: trailing whitespace.
 
warning: 1 line adds whitespace errors.
tty-add-termiox
.dotest/patch:83: trailing whitespace.
#endif		
warning: 1 line adds whitespace errors.
tty-init-dev-rework
tty-init-dev-clean
tty-driver-kref
.dotest/patch:44: trailing whitespace.
#if 0	
.dotest/patch:47: trailing whitespace.
#endif	
.dotest/patch:48: trailing whitespace.
	register_sysctl_table(pty_root_table);	
warning: 3 lines add whitespace errors.
tty-add-remove-ops
tty-finish-initdev
tty-extract-pty-init
.dotest/patch:44: trailing whitespace.
	
warning: 1 line adds whitespace errors.
tty-move-tty-lookup
tty-devpts-instance
tty-simplify-devpts-get-tty
tty-simplify-devpts-new
tty-simplify-devpts-pty-kill
pty-clean
pty-fix-fail-crash
pty-simplify-allocation
tty-simplify-allocation
tty-pty-compare-winsize
tty-real-termios
tty-move-canon-specials
tty-move-canon-isdn
tty-ipw-wtf
tty-gigaset-move
tty-denull
tty-tidy-n-tty
tty-kref-hso
