Unchanged quilt series driver-core.current
Unchanged quilt series usb.current
Unchanged quilt series device-mapper
Importing i2c based on 2.6.29-rc7-git3
$ git clone -s -l -n -q . ../quilt-tmp
$ cd ../quilt-tmp
$ git reset --hard 99adcd9d67aaf04e28f5ae96df280f236bde4b66
HEAD is now at 99adcd9 Merge branch 'fixes' of git://git.kernel.org/pub/scm/linux/kernel/git/davej/cpufreq
$ git quiltimport --author Jean Delvare <khali@linux-fr.org> --patches ../quilt/i2c
i2c-how-to-instantiate-devices.patch
i2c-nforce2-add-MCP79-support.patch
eeprom-at24-remove-EXPERIMENTAL.patch
i2c-algo-pcf-01-style-cleanups.patch
i2c-algo-pcf-02-handle-timeout-correctly.patch
i2c-add-missing-KERN-constants-to-printks.patch
i2c-set-default-timeout-value.patch
i2c-adapter-timeout-is-in-jiffies.patch
i2c-davinci-fix-timeout.patch
i2c-algo-pca-01-adapt-debug-macros-for-KERN-constants.patch
i2c-algo-pca-02-add-pca9665-support.patch
i2c-algo-pca-03-rework-waiting-for-a-free-bus.patch
i2c-algo-pca-04-use-timeout-for-checking-the-state-machine.patch
i2c-pca-platform-use-defaults-if-no-platform_data-given.patch
i2c-piix4-add-support-for-sb800.patch
i2c-core-some-style-cleanups.patch
$ cd ../next
$ git fetch -f ../quilt-tmp master:quilt/i2c
From ../quilt-tmp
 + 4207bd8...1301c69 master     -> quilt/i2c  (forced update)
Importing jdelvare-hwmon based on 2.6.29-rc7-git3
$ cd ../quilt-tmp
$ git reset --hard 99adcd9d67aaf04e28f5ae96df280f236bde4b66
HEAD is now at 99adcd9 Merge branch 'fixes' of git://git.kernel.org/pub/scm/linux/kernel/git/davej/cpufreq
$ git quiltimport --author Jean Delvare <khali@linux-fr.org> --patches ../quilt/jdelvare-hwmon
hwmon-abituguru3-fix-IO-error-handling.patch
hwmon-lm90-document-support-for-the-max6648-6692-chips.patch
hwmon-ds1621-01-reorder-functions.patch
hwmon-ds1621-02-simplify-reg-access.patch
hwmon-ds1621-03-avoid-unneeded-register-access.patch
hwmon-ds1621-04-cleanup-documentation.patch
hwmon-hdaps-01-inversion-of-separate-axis.patch
hwmon-hdaps-02-fix-thinkpad-x41-axis-inversion.patch
hwmon-w83627ehf-01-invert-fan-pin-logic.patch
hwmon-w83627ehf-02-add-support-for-w83667hg.patch
hwmon-w83627ehf-03-fix-temp3-vs-in6.patch
hwmon-pcf8591-move-to-hwmon.patch
$ cd ../next
$ git fetch -f ../quilt-tmp master:quilt/jdelvare-hwmon
From ../quilt-tmp
 + 6553a77...de58234 master     -> quilt/jdelvare-hwmon  (forced update)
Unchanged quilt series kernel-doc
Unchanged quilt series ide
Unchanged quilt series rr
Unchanged quilt series ttydev
Unchanged quilt series aoe
Unchanged quilt series driver-core
Unchanged quilt series usb
Unchanged quilt series staging
