Importing driver-core.current based on 2.6.32-rc6
Unchanged quilt series driver-core.current
Importing tty.current based on quilt/driver-core.current
Unchanged quilt series tty.current
Importing usb.current based on quilt/tty.current
Unchanged quilt series usb.current
Importing staging.current based on quilt/usb.current
Unchanged quilt series staging.current
Importing i2c based on 2.6.32-rc7
Unchanged quilt series i2c
Importing jdelvare-hwmon based on 2.6.32-rc7-git2
$ git clone -s -l -n -q . ../quilt-tmp
$ cd ../quilt-tmp
$ git reset --hard ac50e950784cae1c26ad9e09ebd8f8c706131eb3
HEAD is now at ac50e95 Merge branch 'for-linus' of git://oss.sgi.com/xfs/xfs
$ git quiltimport --author Jean Delvare <khali@linux-fr.org> --patches ../quilt/jdelvare-hwmon
hwmon-documentation-clarify-autopwm-interface.patch
hwmon-it87-02-check-VID-pins-availability.patch
hwmon-it87-03-fan2-fan3-may-be-missing.patch
hwmon-w83627hf-drop-force_addr.patch
hwmon-w83627hf-no-sio-globals.patch
hwmon-lm73-new-driver.patch
hwmon-adm1021-cleanup-detect.patch
hwmon-adm1025-cleanup-detect.patch
hwmon-lm77-cleanup-detect.patch
hwmon-lm83-cleanup-detect.patch
hwmon-lm85-cleanup-detect.patch
hwmon-lm90-cleanup-detect.patch
hwmon-tmp401-tmp421-cleanup-detect.patch
hwmon-w83781d-cleanup-detect.patch
hwmon-w83791d-cleanup-detect.patch
hwmon-w83792d-cleanup-detect.patch
hwmon-w83l785ts-cleanup-detect.patch
hwmon-cleanup-detect-functions.patch
hwmon-w83791d-remove-experimental-dependency.patch
hwmon-add-freescale-mc13783-adc-driver.patch
hwmon-thmc50-stop-using-I2C_CLIENT_MODULE_PARM.patch
hwmon-f71882fg-01-sysfs-create-cleanup1.patch
hwmon-f71882fg-02-sysfs-create-cleanup2.patch
hwmon-f71882fg-03-fix-sysfs-file-removal.patch
hwmon-f71882fg-04-add-f71889fg-support.patch
hwmon-smsc47m1-split-io-port-requests.patch
hwmon-adt7475-04-add-adt7473-support.patch
hwmon-adt7475-05-new-documentation.patch
hwmon-adt7475-06-add-pwm_use_point2_pwm_at_crit.patch
$ cd ../next
$ git fetch -f ../quilt-tmp master:quilt/jdelvare-hwmon
From ../quilt-tmp
 + 7ed8b01...46e91a4 master     -> quilt/jdelvare-hwmon  (forced update)
Importing kernel-doc based on 2.6.32-rc6
Unchanged quilt series kernel-doc
Importing rr based on v2.6.32-rc6-166-g799dd75
$ cd ../quilt-tmp
$ git reset --hard 799dd75b1a8380a967c929a4551895788c374b31
HEAD is now at 799dd75 Merge branch 'i2c-for-linus' of git://git.kernel.org/pub/scm/linux/kernel/git/jdelvare/staging
$ git quiltimport --author Rusty Russell <rusty@rustcorp.com.au> --patches ../quilt/rr
param:neaten-param.c-exports.patch
param:param_ops.patch
param:param_ops-for-hvc_iucv-driver.patch
param:param_ops-modpost-complaint-silence.patch
param:add-free-hook.patch
param:use-free-hook-for-charp.patch
param:params-are-const.patch
param:kernel_param_lock.patch
param:documentation.patch
param:cleanup-ide.patch
param:cleanup-mptbase.patch
param:remove-useless-writable-charp.patch
param:lock-charp-simple.patch
param:lock-charp-myri10ge.patch
param:lock-charp-if_sdio.patch
param:ipmi_watchdog.patch
param:acpi-use-ops.patch
misc:enhance-BUILD_BUG_ON.patch
misc:remove-MAYBE_BUILD_BUG_ON.patch
net:tun_export_underlying_socket.patch
mm:export_use_mm_unuse_mm.patch
virtio:vhost_net_a_kernel_level_server.patch
virtio:vhost_net_a_kernel_level_server-fix.patch
lguest:remove-unneeded-zlib-include.patch
sparc:no-inline-export.patch
ppc:no-inline-export.patch
m68k:no-inline-export.patch
arm:use_unified_discard_definition_in_linker_script.patch
arm:unexport_symbols_used_to_implement_floating_point_emulation.patch
x86:dont-export-inline.patch
module:make_symbol_prefix_into_a_config_option.patch
module:extract_export_symbol_from_h_into_mod_export_h.patch
kbuild:sort_the_list_of_symbols_exported_by_the_kernel_ksymtab.patch
module:refactor_symbol_tables_and_try_to_reduce_code_size_of_each_symbol.patch
module:refactor_symbol_tables_and_try_to_reduce_code_size_of_each_symbol-fix.patch
module:refactor_symbol_tables_and_try_to_reduce_code_size_of_each_symbol-fix2.patch
lib:add_generic_binary_search_function_to_the_kernel.patch
lib:bsearch_remove_redundant_special_case_for_arrays_of_size_0.patch
misc:bsearch_avoid_unneeded_decrement_arithmetic.patch
misc:bsearch_prevent_overflow_when_computing_middle_comparison_element.patch
module:speed_up_find_symbol_using_binary_search_on_the_builtin_symbol_tables.patch
module:fix_is_exported_to_return_true_for_all_types_of_exports.patch
cpumask:amd64_edac-cpumask_t-remove.patch
cpumask:kernel_perf_event-deprecated-function.patch
cpumask:mm_slab-deprecated-function.patch
cpumask:scsi-scoe-modernize.patch
cpumask:i7300_idle-to-cpumask_var_t.patch
Context reduced to (2/2) to apply fragment at 554
cpumask:avoid-deref-in-timer_list.patch
cpumask:documentation-fixes.patch
$ cd ../next
$ git fetch -f ../quilt-tmp master:quilt/rr
From ../quilt-tmp
 + a2b3b20...1711067 master     -> quilt/rr  (forced update)
Importing device-mapper based on v2.6.32-rc6-346-gaa021ba
$ cd ../quilt-tmp
$ git reset --hard aa021baa3295fa6e3f367d80f8955dd5176656eb
HEAD is now at aa021ba Merge git://git.kernel.org/pub/scm/linux/kernel/git/mason/btrfs-unstable
$ git quiltimport --author Alasdair G Kergon <agk@redhat.com> --patches ../quilt/device-mapper
dm-avoid-_hash_lock-deadlock.patch
dm-exception-store-free-tmp_store-on-persistent-flag-error.patch
dm-sysfs-add-empty-release-function-to-avoid-debug-warning.patch
dm-io-use-slab-for-struct-io.patch
dm-io-remove-extra-bi_io_vec-region-hack.patch
dm-ioctl-prefer-strlcpy-over-strncpy.patch
dm-snapshot-avoid-else-clause-in-persistent_read_metadata.patch
dm-snapshot-simplify-sector_to_chunk-expression.patch
dm-snapshot-abstract-minimum_chunk_size-fn.patch
dm-snapshot-consolidate-insert-exception-functions.patch
dm-snapshot-rename-dm_snap_exception-to-dm_exception.patch
dm-snapshot-rename-exception_table-to-dm_exception_table.patch
dm-snapshot-rename-exception-functions.patch
dm-snapshot-add-allocated-metadata-to-snapshot-status.patch
dm-snapshot-move-cow-ref-from-exception-store-to-snap-core.patch
dm-snapshot-track-suspended-state-in-target.patch
dm-kcopyd-accept-zero-size-jobs.patch
dm-abstract-dm_in_flight-function.patch
dm-use-clone-in-map_request-function.patch
dm-pass-gfp_mask-to-alloc_rq_tio.patch
dm-abstract-clone_rq.patch
dm-simplify-request-based-suspend.patch
dm-use-md-pending-for-in-flight-IO-counting.patch
dm-refactor-request-based-completion-functions.patch
dm-move-dm_end_request.patch
dm-add-request-based-barrier-support.patch
dm-rename-dm_get_table-to-dm_get_live_table.patch
dm-mpath-flush-workqueues-before-suspend-completes.patch
dm-add-dm_deleting_md-function.patch
dm-ioctl-forbid-messages-to-devices-being-deleted.patch
dm-mpath-add-mutex-to-synchronize-adding-and-flushing-work.patch
dm-mpath-prevent-io-from-work-queue-while-suspended.patch
dm-io-handle-empty-barriers.patch
dm-ioctl-retrieve-status-from-inactive-table.patch
dm-bind-new-table-before-destroying-old.patch
dm-keep-old-table-until-after-resume-succeeded.patch
dm-trace-request-based-remapping.patch
$ cd ../next
$ git fetch -f ../quilt-tmp master:quilt/device-mapper
From ../quilt-tmp
 + 3a424c3...03cfcff master     -> quilt/device-mapper  (forced update)
Importing aoe based on v2.6.31-rc9
Unchanged quilt series aoe
Importing driver-core based on quilt/staging.current
Unchanged quilt series driver-core
Importing tty based on quilt/driver-core
Unchanged quilt series tty
Importing usb based on quilt/tty
Unchanged quilt series usb
Importing staging based on quilt/usb
Unchanged quilt series staging
