Importing driver-core.current based on 2.6.28-rc4-git4
$ git checkout quilt/driver-core.current
Switched to branch "quilt/driver-core.current"
$ git reset --hard 4ffaf869c7780bbdfc11291e5fd4b61dde662b1c
HEAD is now at 4ffaf86 Merge branch 'sched-fixes-for-linus' of git://git.kernel.org/pub/scm/linux/kernel/git/tip/linux-2.6-tip
$ git quiltimport --author Greg KH <greg@kroah.com> --patches ../quilt/driver-core.current
driver-core-fix-using-ret-variable-in-unregister_dynamic_debug_module.patch
Importing usb.current based on quilt/driver-core.current
$ git checkout quilt/usb.current
Switched to branch "quilt/usb.current"
$ git reset --hard dc0fd8a01cf6d8814ae56cd6649c072b8e40d7df
HEAD is now at dc0fd8a driver core: fix using 'ret' variable in unregister_dynamic_debug_module
$ git quiltimport --author Greg KH <greg@kroah.com> --patches ../quilt/usb.current
usb-vstusb-fix-compiler-warning-on-x86-64.patch
usb-add-nikon-d300-camera-to-unusual_devs.patch
usb-don-t-register-endpoints-for-interfaces-that-are-going-away.patch
usb-musb-fix-for-isochronous-in-transfer.patch
usb-musb-tusb6010-kill-compile-warning.patch
usb-musb-removes-compilation-warning-in-gadget-mode.patch
usb-musb-fix-debug-global-variable-name.patch
usb-musb-fix-bulk-request-on-different-available-endpoints.patch
usb-add-yiso-u893-usb-modem-vendor-and-product-ids-to-option-driver.patch
usb-mention-urb_free_buffer-in-usb_free_urb-documentation.patch
usb-cp2101-add-device-id-for-amb2560.patch
usb-cdc-acm.c-fix-recursive-lock-in-acm_start_wb-error-path.patch
usb-unusual_devs-entry-for-argosy-usb-mass-storage-interface.patch
usb-fix-ps3-usb-shutdown-problems.patch
usb-storage-adjust-comment-in-kconfig.patch
usb-cp2101-add-enfora-gsm2228.patch
usb-remove-optional-bus-bindings-in-isp1760-fixing-runtime-warning.patch
usb-unusual-devs-patch-for-nokia-7610-supernova.patch
usb-sisusb2vga-driver-add-0x0711-0x0903.patch
ub-stub-pre_reset-and-post_reset-to-fix-oops.patch
usb-r8a66597-hcd-fix-wrong-data-access-in-superh-on-chip-usb.patch
usb-ehci-fix-handling-of-dead-controllers.patch
usb-ehci-fix-divide-by-zero-bug.patch
usb-gadget-cdc-acm-deadlock-fix.patch
usb-net-asix-add-support-for-cables-to-go-usb-ethernet-adapter.patch
Unchanged quilt series m68k
Importing driver-core based on quilt/usb.current
$ git checkout quilt/driver-core
Switched to branch "quilt/driver-core"
$ git reset --hard 3ca4a774401c1f14bd1daeac8b75c793398a2321
HEAD is now at 3ca4a77 USB: net: asix: add support for Cables-to-Go USB Ethernet adapter
$ git quiltimport --author Greg KH <greg@kroah.com> --patches ../quilt/driver-core
pm-simplify-the-new-suspend-hibernation-framework-for-devices.patch
driver-core-rearrange-struct-device-for-better-packing.patch
driver-core-remove-completion-from-struct-klist_node.patch
driver-core-struct-device-replace-bus_id-with-dev_name-dev_set_name.patch
sysfs-clarify-sysfs_deprecated-help-text.patch
uio-use-pci_ioremap_bar-in-drivers-uio.patch
uio-uio_pdrv_genirq-allow-custom-irq_flags.patch
warn-when-statically-allocated-kobjects-are-used.patch
Importing usb based on quilt/driver-core
$ git checkout quilt/usb
Switched to branch "quilt/usb"
$ git reset --hard 40ffc2749c34b47582ec745f2919d17fdb516916
HEAD is now at 40ffc27 warn when statically-allocated kobjects are used
$ git quiltimport --author Greg KH <greg@kroah.com> --patches ../quilt/usb
usb-clean-up-redundant-tests-on-unsigned.patch
usb-use-pci_ioremap_bar-in-drivers-usb.patch
usb-avoid-20ms-delay-in-ehci-resume.patch
usb-host-oxford-oxu210hp-hcd-driver.patch
usb-protect-hcd.h-from-multiple-inclusions.patch
usb-avoid-needless-address-taking-of-function-parameters.patch
usb-straighten-out-inline-code-in-sysfs.c.patch
usb-ehci-pci-quirks.c-don-t-wait-so-long-for-bios-handoff.patch
usb-wusb-annotate-association-types-withe-proper-endianness.patch
usb-remove-restrictions-on-signal-numbers-in-devio.c.patch
usb-power-availability-check-for-berry_charge.patch
usb-usbtmc-indent-braces-disagree-something-else-is-desired.patch
usb-change-interface-to-usb_lock_device_for_reset.patch
usb-fsl_qe_udc-check-for-muram-allocation-errors.patch
usb-powerpc-workaround-for-the-ppc440epx-usbh_23-errata.patch
usb-struct-device-replace-bus_id-with-dev_name-dev_set_name.patch
usb-oxu210hp-hcd.c-struct-device-replace-bus_id-with-dev_name-dev_set_name.patch
usb-usb-storage-add-quirks-module-parameter.patch
usb-add-asynchronous-autosuspend-autoresume-support.patch
usb-add-imx-udc-gadget-driver.patch
usb-add-new-opticon-serial-driver.patch
Importing device-mapper based on v2.6.28-rc4-305-g4ffaf86
$ git checkout quilt/device-mapper
Switched to branch "quilt/device-mapper"
$ git reset --hard 4ffaf869c7780bbdfc11291e5fd4b61dde662b1c
HEAD is now at 4ffaf86 Merge branch 'sched-fixes-for-linus' of git://git.kernel.org/pub/scm/linux/kernel/git/tip/linux-2.6-tip
$ git quiltimport --author Alasdair G Kergon <agk@redhat.com> --patches ../quilt/device-mapper
dm-raid1-flush-workqueue-before-destruction.patch
dm-stripe-fix-init-failure.patch
dm-mpath-avoid-attempting-to-activate-null-path.patch
dm-mpath-warn-if-args-ignored.patch
dm-move-wake_up-into-dm_io_acct.patch
dm-avoid-destroying-table-in-dm_any_congested.patch
dm-consolidate-target-deregistration-error-handling.patch
Unchanged quilt series i2c
Importing jdelvare-hwmon based on 2.6.28-rc4-git2
$ git checkout quilt/jdelvare-hwmon
Switched to branch "quilt/jdelvare-hwmon"
$ git reset --hard f21f237cf55494c3a4209de323281a3b0528da10
HEAD is now at f21f237 Merge branch 'timers-fixes-for-linus' of git://git.kernel.org/pub/scm/linux/kernel/git/tip/linux-2.6-tip
$ git quiltimport --author Jean Delvare <khali@linux-fr.org> --patches ../quilt/jdelvare-hwmon
hwmon-f71882fg-01-use-sensor_device_attribute_2.patch
hwmon-f71882fg-02-misc-cleanups.patch
hwmon-f71882fg-03-add-pwm-support.patch
hwmon-f71882fg-04-style-cleanups.patch
hwmon-f71882fg-05-add-f71862fg-support.patch
hwmon-f71882fg-06-no-io-to-unreserved-ports.patch
hwmon-add-ltc4245-driver.patch
hwmon-dont-overuse-I2C_CLIENT_MODULE_PARM.patch
hwmon-it87-add-it8720f-support.patch
hwmon-i5k_amb-load-automatically-on-all-5000-5400-chipsets.patch
hwmon-k8temp-01-warn-about-errata.patch
hwmon-fschmd-01-cleanup.patch
hwmon-lm70-01-fix-byte-order.patch
hwmon-lm70-02-ti-tmp121-support.patch
Unchanged quilt series kernel-doc
Importing ide based on 45beca08dd8b6d6a65c5ffd730af2eac7a2c7a03
$ git checkout quilt/ide
Switched to branch "quilt/ide"
$ git reset --hard 45beca08dd8b6d6a65c5ffd730af2eac7a2c7a03
HEAD is now at 45beca0 Linux v2.6.28-rc3
$ git quiltimport --author Bartlomiej Zolnierkiewicz <bzolnier@gmail.com> --patches ../quilt/ide
ide-fix-the-ide_release_lock-imbalance.patch
ide-unify-ide_intr-s-exit-points.patch
ide-ide-settings-dont-need-an-ide_lock-held.patch
ide-__ide_port_unregister_devices-doesnt-need-an-ide_lock-held.patch
ide-ide_hwgroup_t-rq-doesnt-need-an-ide_lock-held.patch
ide-push-ide_lock-to-__ide_end_request.patch
ide-ide_lock-__blk_end_request-to-blk_end_request.patch
ide-use-queue-lock-instead-of-ide_lock-when-possible.patch
ide-replace-the-global-ide_lock-spinlock-by-per-hwgroup-spinlocks-v2.patch
Context reduced to (1/1) to apply fragment at 949
ide-cleanup-ide_do_request.patch
ide-cd-remove-obsolete-seek-optimization.patch
ide-dont-execute-the-next-queued-command-from-the-hard-irq-context-v2.patch
ali14xx-doesnt-use-shared-irqs.patch
cmd64x-set-ide_hflag_serialize-explictly-for-cmd646.patch
gayle-set-ide_hflag_serialize-explictly.patch
ide-fix-quirk_list-checking-in-ide_do_request.patch
ide-always-set-nien-on-idle-devices.patch
rz1000-apply-chipset-quirks-early-v2.patch
trm290-add-ide_hflag_trm290-host-flag.patch
cy82c693-remove-superfluous-ide_cy82c693-chipset-type.patch
ide-rework-handling-of-serialized-ports-v2.patch
ide-struct-device-replace-bus_id-with-dev_name()-dev_set_name().patch
ide-respect-current-dma-setting-during-resume.patch
ide-fix-build-for-debug_pm.patch
ide-remove-dead-code-from-drive_is_ready.patch
ide-remove-redundant-code-from-ide_end_drive_cmd.patch
ide-remove-inline-tags-from-ide-probe-c.patch
ide-checkpatch.pl-fixes-for-ide-lib-c.patch
ide-use-ata_dma_-defines-in-ide-dma-sff-c.patch
ide-move-power-management-support-to-ide-pm-c.patch
ide-move-legacy-isa-vlb-ports-handling-to-ide-legacy-c-v2.patch
ide-remove-superfluous-local_irq_save-restore-from-ide_dump_status.patch
ide-push-local_irq_save-restore-to-do_identify.patch
ide-cd-remove-dead-atapi_overlap-setting.patch
tx493x-fix-intendation.patch
ide-remove-chipset-type-fixup-from-ide_host_register.patch
ide-small-ide_register_port-cleanup.patch
ide-factor-out-device-type-classifying-from-do_identify.patch
ide-move-sysfs-support-to-ide-sysfs-c.patch
ide-remove-ide-pm-hack-from-do_ide_request.patch
Unchanged quilt series rr
Unchanged quilt series ttydev
Importing staging based on quilt/usb
$ git checkout quilt/staging
Switched to branch "quilt/staging"
$ git reset --hard 4ecbbbad73ceded043d9e93f50d987112fd59c5d
HEAD is now at 4ecbbba USB: add new opticon serial driver
$ git quiltimport --author Greg KH <greg@kroah.com> --patches ../quilt/staging
staging-kconfig-for-arch-arm-8300-cris.patch
staging-correct-dubious-use-of-x-y.patch
staging-w35und-make-wb35_probe-and-wb35_disconnect-funtions-static.patch
staging-w35und-remove-unused-wb35_open-and-wb35_close-functions.patch
staging-w35und-use-msleep-and-udelay.patch
staging-w35und-remove-the-no-op-pa_stall_execution-macro.patch
staging-w35und-purb-typedef-removal.patch
staging-w35und-reg-queue-struct-typedef-removal.patch
.dotest/patch:348: space before tab in indent.
   		kfree(reg_queue);
warning: 1 line adds whitespace errors.
staging-w35und-wb35reg-struct-typedef-removal.patch
.dotest/patch:546: space before tab in indent.
	        	Wb35Reg_WriteSync(pHwData, 0x1050, pHwData->reg.BB50);
.dotest/patch:559: space before tab in indent.
        	Wb35Reg_WriteSync( pHwData, 0x1050, pHwData->reg.BB50);
.dotest/patch:574: space before tab in indent.
		      	Wb35Reg_WriteSync(pHwData, 0x1050, pHwData->reg.BB50);
warning: 3 lines add whitespace errors.
staging-w35und-padapter-struct-typedef-removal.patch
staging-w35und-merge-wblinux-struct-to-adapter.patch
staging-w35und-wb35_probe-cleanup.patch
staging-w35und-remove-usb_submit_urb-wrapper-function.patch
staging-w35und-remove-usb_alloc_urb-wrapper-function.patch
staging-w35und-remove-dead-code-from-wbusb_f.h.patch
staging-w35und-remove-true-false-boolean-macros.patch
staging-w35und-os_memory_alloc-wrapper-removal.patch
staging-w35und-usb_put_dev-is-missing-from-wb35_disconnect.patch
staging-w35und-remove-macro-magic-from-mlme_getnextpacket.patch
staging-w35und-plug-memory-leak-in-wbsoft_tx.patch
staging-w35und-move-supported-band-initialization-out-of-wb35_probe.patch
staging-w35und-remove-timer-wrappers.patch
staging-w35und-remove-atomic-op-wrappers.patch
staging-w35und-remove-memcpy-memcmp-wrappers.patch
staging-w35und-remove-abs-and-bit-macros.patch
staging-w35und-remove-unused-macros-from-common.h.patch
staging-w35und-remove-unused-link-status-code.patch
staging-w35und-include-cleanup.patch
staging-w35und-remove-some-dead-code.patch
staging-w35und-move-source-files-to-one-directory.patch
.dotest/patch:2903: space before tab in indent.
   		kfree(reg_queue);
warning: 1 line adds whitespace errors.
staging-w35und-move-struct-wbsoft_priv-to-core.h-and-use-it.patch
staging-w35und-remove-adapter-from-struct-_hw_data_t.patch
staging-w35und-clean-up-adapter.h-a-bit.patch
staging-w35und-merge-struct-wb35_adapter-to-struct-wbsoft_priv.patch
staging-w35und-remove-global-struct-ieee80211_hw.patch
staging-w35und-inline-driver_author-and-driver_desc-macros.patch
staging-w35und-clean-up-wblinux.c-a-bit.patch
staging-w35und-remove-unused-shutdowned-member-from-struct-local_para.patch
staging-w35und-move-global-wbsoft_enabled-to-struct-wbsoft_priv.patch
staging-w35und-move-packet_came-to-wb35rx.c.patch
staging-w35und-remove-skb_array-from-struct-wbsoft_priv.patch
staging-w35und-remove-shutdown-from-struct-wbsoft_priv.patch
staging-w35und-make-functions-local-to-mds.c-static.patch
staging-w35und-make-functions-local-to-mlmetxrx.c-static.patch
staging-w35und-remove-dead-code-from-mto.c.patch
staging-w35und-make-functions-local-to-wb35rx.c-static.patch
staging-w35und-make-functions-local-to-wb35tx.c-static.patch
staging-w35und-remove-dead-code-from-wbhal.c.patch
staging-w35und-remove-rxisr.c-as-dead-code.patch
staging-wlan-ng-remove-pci-plx-pcmcia-files.patch
staging-wlan-ng-update-help-text-to-mention-prism3-devices.patch
staging-wlan-ng-delete-pci-plx-pcmcia-specific-code.patch
staging-wlan-ng-make-wlan-ng-use-wext-mode-by-default.patch
staging-wlan-ng-eliminate-more-2.6-kernel-support.patch
staging-wlan-ng-eliminate-all-backwards-compatibility-for-2.6.13-kernels.patch
staging-wlan-ng-eliminate-a-boatload-of-tertiaryap-only-code.patch
staging-wlan-ng-remove-ap-only-code-from-mlme-functions.patch
staging-wlan-ng-get-rid-of-the-mtu-tests-in-the-rx-conversion-path.patch
staging-wlan-ng-eliminate-one-more-rx-mtu-test.patch
staging-wlan-ng-eliminate-local-version.h.patch
staging-wlan-ng-eliminate-usage-of-procfs.patch
staging-wlan-ng-use-standard-kernel-integer-types.patch
staging-wlan-ng-eliminate-all-backwards-compatible-kernel-code.patch
staging-wlan-ng-wireless-extension-support-is-mandatory.patch
staging-wlan-ng-use-wireless_ext-not-config_wireless_ext.patch
staging-wlan-ng-delete-a-large-pile-of-now-unused-code.patch
staging-wlan-ng-delete-a-pile-of-unused-mibs.-and-fix-wext-set_txpower.patch
staging-wlan-ng-consolidate-wlan-ng-into-a-single-module.patch
staging-wlan-ng-purge-all-mibs-not-used-internally.patch
staging-wlan-ng-p80211netdev.c-fix-netdev-alloc-to-prevent-oops-on-device-start.patch
staging-wlan-ng-prism2_usb.c-always-enable-the-card-in-probe_usb.patch
staging-wlan-ng-hfa384x_usb.c-use-newest-version-of-384x_drvr_start.patch
staging-wlan-ng-p80211wext.c-add-latest-changes-remove-extra-nulls-from-wext_handlers.patch
staging-wlan-ng-p80211wext-don-t-set-default-key-id-twice.patch
staging-wlan-ng-hfa384x_usbin_callback-check-for-hardware-removed.patch
staging-wlan-ng-p80211conv.c-copy-code-from-wlan-ng-devel-branch-to-not-drop-packets.patch
staging-wlan-ng-remove-unused-include-version.h.patch
staging-wlan-ng-p80211wext.c-use-array_size.patch
staging-at76_usb-update-drivers-staging-at76_usb-w-mac80211-port.patch
staging-at76_usb-remove-compiler-warnings.patch
staging-at76_usb-fix-up-all-remaining-checkpatch.pl-warnings.patch
staging-poch-block-size-bug-fix.patch
staging-poch-update-todo-list.patch
staging-poch-correct-pages-from-bytes.patch
staging-poch-minor-fixes.patch
staging-poch-fix-build-warnings.patch
staging-poch-rx-control-register-init.patch
staging-poch-fix-user-space-protocol-syncing.patch
staging-poch-fine-grained-locking.patch
staging-sxg-remove-typedefs.patch
staging-sxg-break-the-build-in-a-cleaner-way-when-x86.patch
staging-sxg-update-readme.patch
staging-struct-device-replace-bus_id-with-dev_name-dev_set_name.patch
staging-echo-remove-typedefs.patch
staging-echo-lindent-drivers-staging-echo.patch
staging-go7007-saa7134-updates.patch
staging-go7007-add-sensoray-2250-2251-support.patch
staging-go7007-convert-driver-to-use-video_ioctl2.patch
staging-go7007-annotate-code-pointers.patch
staging-et131x-cleanup-et131x_debug.h-defines.patch
staging-usbip-cleanup-kerneldoc.patch
staging-slicoss-use-kzalloc.patch
staging-slicoss-use-correct-type-for-memory-allcations.patch
staging-slicoss-use-request_firmware.patch
staging-add-agnx-wireless-driver.patch
.dotest/patch:80: space before tab in indent.
 	{ .bitrate = 10, .hw_value = 1, },
.dotest/patch:81: space before tab in indent.
 	{ .bitrate = 20, .hw_value = 2, },
.dotest/patch:82: space before tab in indent.
 	{ .bitrate = 55, .hw_value = 3, },
.dotest/patch:83: space before tab in indent.
 	{ .bitrate = 110, .hw_value = 4,},
.dotest/patch:692: space before tab in indent.
 		reg = ioread32(ctl + AGNX_CIR_TXMCTL);
warning: squelched 11 whitespace errors
warning: 16 lines add whitespace errors.
staging-add-otus-atheros-wireless-network-driver.patch
.dotest/patch:227: space before tab in indent.
    	{
.dotest/patch:2054: space before tab in indent.
            	j = (j + 1) & ZM_AGG_BAW_MASK;
.dotest/patch:2220: space before tab in indent.
    	zmw_enter_critical_section(dev);
.dotest/patch:2221: space before tab in indent.
    	if (((tid_rx->baw_head - tid_rx->baw_tail) & ZM_AGG_BAW_MASK) > 0) {
.dotest/patch:2222: space before tab in indent.
    	    //DbgPrint("head=%d, tail=%d", tid_rx->baw_head, tid_rx->baw_tail);
warning: squelched 211 whitespace errors
warning: 216 lines add whitespace errors.
staging-otus-fix-name-clash.patch
staging-add-rt2860-wireless-driver.patch
.dotest/patch:1154: space before tab in indent.
        	net_dev->name, (ULONG)pci_resource_start(pci_dev, 0),
.dotest/patch:1429: space before tab in indent.
	 		TxIdx : pAd->TxRing[pTxBlk->QueIdx].TxCpuIdx
.dotest/patch:1430: space before tab in indent.
	 		QueIdx: pTxBlk->QueIdx
.dotest/patch:1431: space before tab in indent.
	 		pTxD  : pAd->TxRing[pTxBlk->QueIdx].Cell[TxIdx].AllocVa;
.dotest/patch:1433: space before tab in indent.
	 	> For Rx Alloc:
warning: squelched 1028 whitespace errors
warning: 1033 lines add whitespace errors.
staging-rt2860-use-standard-bit-reverse-function.patch
staging-add-serverengines-benet-10gb-ethernet-driver.patch
staging-benet-build-is-broken-unless-config_netpoll-is-enabled.patch
staging-benet-patch-to-remove-subdirectories.patch
staging-add-comedi-core.patch
.dotest/patch:5817: space before tab in indent.
   	COMEDI_RANGEINFO
warning: 1 line adds whitespace errors.
staging-add-asus_oled-driver.patch
staging-add-the-meilhaus-me-ids-driver-package.patch
.dotest/patch:41828: space before tab in indent.
	   	void *pvContext,
.dotest/patch:41829: space before tab in indent.
	   	int iErrorCode);
.dotest/patch:41833: space before tab in indent.
	   	int iSubdevice,
.dotest/patch:41834: space before tab in indent.
	   	int iChannel,
.dotest/patch:41836: space before tab in indent.
	   	int iValue,
warning: squelched 2 whitespace errors
warning: 7 lines add whitespace errors.
