Importing i2c based on 2.6.38-git17
	quilt series is empty
$ git update-ref refs/heads/quilt/i2c 40471856f2e38e9bfa8d605295e8234421110dd6
Importing jdelvare-hwmon based on 2.6.38-git17
$ git clone -s -l -n -q . ../quilt-tmp
$ cd ../quilt-tmp
$ git reset --hard 40471856f2e38e9bfa8d605295e8234421110dd6
HEAD is now at 4047185 Merge branch 'nfs-for-2.6.39' of git://git.linux-nfs.org/projects/trondmy/nfs-2.6
$ git quiltimport --author Jean Delvare <khali@linux-fr.org> --patches ../quilt/jdelvare-hwmon
hwmon-f71882fg-01-better-array-init.patch
hwmon-f71882fg-02-per-device-fan-and-temp-nr.patch
hwmon-f71882fg-03-device-names.patch
hwmon-f71882fg-04-add-f81865f-support.patch
hwmon-f71882fg-05-add-f71889a-support.patch
$ cd ../next
$ git fetch -f ../quilt-tmp master:quilt/jdelvare-hwmon
From ../quilt-tmp
 + 4a15362...7b44135 master     -> quilt/jdelvare-hwmon  (forced update)
Importing kernel-doc based on 2.6.38-git13
$ cd ../quilt-tmp
$ git reset --hard 6447f55da90b77faec1697d499ed7986bb4f6de6
HEAD is now at 6447f55d Merge branch 'next' of git://git.kernel.org/pub/scm/linux/kernel/git/djbw/async_tx
$ git quiltimport --author Randy Dunlap <randy.dunlap@oracle.com> --patches ../quilt/kernel-doc
docum-kmemleak-update03.patch
kern-signal-typo10.patch
/home/sfr/kernels/next/quilt-tmp/.git/rebase-apply/patch:192: space before tab in indent.
	 	 * so check explicitly for the right codes here.
warning: 1 line adds whitespace errors.
kern-signal-kerndoc11.patch
docum-kernprms-panicvalues.patch
0001-Fix-some-minor-typos.patch
$ cd ../next
$ git fetch -f ../quilt-tmp master:quilt/kernel-doc
From ../quilt-tmp
 + 17f9058...a8a6ee0 master     -> quilt/kernel-doc  (forced update)
Importing rr based on v2.6.38-rc6-93-gef32428
Unchanged quilt series rr
Importing device-mapper based on v2.6.38-rc4-213-g055d219
	quilt series is empty
$ git update-ref refs/heads/quilt/device-mapper 055d219441cc23f631240335fd369b6b5852681a
