Importing driver-core.current based on 2.6.26-rc2-git3
$ git branch -D quilt/driver-core.current
Deleted branch quilt/driver-core.current.
$ git checkout -b quilt/driver-core.current 9604006d283fb67dda5ee9e0e15b7cc6c62e1557
Switched to a new branch "quilt/driver-core.current"
$ git quiltimport --author Greg KH <greg@kroah.com> --patches ../quilt/driver-core.current
block-do_mounts-accept-root-non-existant-partition.patch
kobject-fix-kobject_rename-and-config_sysfs.patch
driver-core-struct-class-remove-children-list.patch
Importing usb.current based on quilt/driver-core.current
$ git branch -D quilt/usb.current
Deleted branch quilt/usb.current.
$ git checkout -b quilt/usb.current quilt/driver-core.current
Switched to a new branch "quilt/usb.current"
$ git quiltimport --author Greg KH <greg@kroah.com> --patches ../quilt/usb.current
usb-add-new-moto_modem-driver-for-some-morotola-phones.patch
usb-create-attributes-before-sending-uevent.patch
usb-add-association.h.patch
usb-add-telstra-nextg-cdma-id-to-option-driver.patch
usb-isp1760-fix-printk-format.patch
usb-fix-integer-as-null-pointer-warnings-found-by-sparse.patch
usb-support-for-the-et502hs-hdspa-modem.patch
usb-support-for-the-et502hs-hdspa-modem-in-option-driver.patch
usb-add-zoom-telephonics-model-3095f-v.92-usb-mini-external-modem-to-cdc-acm.patch
usb-fix-unusual_devs.h-ordering.patch
usb-do-not-handle-device-1410-5010-in-option-driver.patch
usb-fix-compile-warning-in-isp1760.patch
usb-serial-gadget-cleanup-reorg.patch
usb-serial-gadget-remove-needless-data-structure.patch
usb-serial-gadget-simplify-endpoint-handling.patch
usb-serial-gadget-descriptor-cleanup.patch
usb-unusual_devs-add-support-for-gi-0401-sd-card-interface.patch
usb-option-add-new-dell-5520-hsdpa-variant.patch
usb-remove-picdem-fs-usb-demo-device-from-ldusb.patch
usbtest-comment-on-why-this-code-expects-negative-and-positive-errnos.patch
usb-pxa27x_udc-minor-fixes.patch
usb-atmel_usba_udc-fixes-mostly-disconnect.patch
Importing driver-core based on quilt/usb.current
$ git branch -D quilt/driver-core
Deleted branch quilt/driver-core.
$ git checkout -b quilt/driver-core quilt/usb.current
Switched to a new branch "quilt/driver-core"
$ git quiltimport --author Greg KH <greg@kroah.com> --patches ../quilt/driver-core
sysfs-add-sys-dev-char-block-to-lookup-sysfs-path-by-major-minor.patch
kobject-replace-with-in-name.patch
net-convert-the-phy_device-file-to-use-bus_find_device_by_name.patch
pm-introduce-new-top-level-suspend-and-hibernation-callbacks.patch
pm-new-suspend-and-hibernation-callbacks-for-platform-bus-type.patch
pm-new-suspend-and-hibernation-callbacks-for-pci-bus-type.patch
driver-core-remove-kobj_name_len-define.patch
driver-core-remove-device_name_size-define.patch
driver-core-remove-device_id_size-define.patch
driver-core-fix-a-lot-of-printk-usages-of-bus_id.patch
put_device-might_sleep.patch
warn-when-statically-allocated-kobjects-are-used.patch
sysfs-crash-debugging.patch
Importing usb based on quilt/driver-core
$ git branch -D quilt/usb
Deleted branch quilt/usb.
$ git checkout -b quilt/usb quilt/driver-core
Switched to a new branch "quilt/usb"
$ git quiltimport --author Greg KH <greg@kroah.com> --patches ../quilt/usb
usb-use-get_unaligned_-helpers-for-kl5kusb105-driver.patch
ti_usb-kick-firmware-into-user-space.patch
usb-add-new-routine-for-checking-port-resume-type.patch
usb-debounce-before-unregistering.patch
usb-simplify-hub_restart-logic.patch
usb-try-to-salvage-lost-power-sessions.patch
usb-optimize-port-debouncing-during-hub-activation.patch
usb-combine-hub_activate-and-hub_restart.patch
usb-combine-hub_quiesce-and-hub_stop.patch
usb-io_ti-first-cut-at-a-big-clean-up.patch
usb-storage-separate-dynamic-flags-from-fixed-flags.patch
usb-storage-change-remaining-semaphore-to-completion.patch
usb-isp1760-hcd.c-make-2-functions-static.patch
usb-implement-soft-unbinding.patch
usb-storage-implement-soft-unbinding.patch
usb-add-usb_dev_reset_delayed.patch
wusb-documentation.patch
bitmap-add-bitmap_copy_le.patch
wusb-add-usb-specific-wusb-include-files.patch
wusb-add-the-uwb-include-files.patch
uwb-add-the-uwb-stack.patch
wusb-add-whc-rc-radio-control-driver.patch
.dotest/patch:494: space before tab in indent.
 	whcrc->umc_dev = umc_dev;
.dotest/patch:507: space before tab in indent.
 	result = whcrc_setup_rc_umc(whcrc);
.dotest/patch:509: space before tab in indent.
 		dev_err(dev, "Can't setup RC UMC interface: %d\n", result);
.dotest/patch:514: space before tab in indent.
 		dev_err(dev, "Can't setup RC interface: %d\n", result);
.dotest/patch:576: space before tab in indent.
 	.probe = whcrc_probe,
warning: squelched 1 whitespace error
warning: 6 lines add whitespace errors.
wusb-add-hwa-rc-radio-controller-driver.patch
wusb-add-uwb-core-for-wimedia-link-protocol.patch
wusb-add-the-i1480-driver.patch
.dotest/patch:969: space before tab in indent.
 	const struct firmware *fw;
.dotest/patch:1329: space before tab in indent.
 	const struct firmware *fw;
.dotest/patch:3487: space before tab in indent.
    				"Dropping\n", untd_hdr->reserved1);
.dotest/patch:4783: space before tab in indent.
 	/*
warning: 4 lines add whitespace errors.
wusb-add-the-usb-wireless-core-code.patch
wusb-add-the-usb-wusb-cbaf-driver.patch
wusb-add-the-wire-adapter-core.patch
wusb-add-hwa-hc-wireless-host-controller-driver.patch
usb-gotemp.patch
Importing device-mapper based on v2.6.25-rc2
$ git branch -D quilt/device-mapper
Deleted branch quilt/device-mapper.
$ git checkout -b quilt/device-mapper v2.6.25-rc2
Switched to a new branch "quilt/device-mapper"
$ git quiltimport --author Alasdair G Kergon <agk@redhat.com> --patches ../quilt/device-mapper
Importing i2c based on 2.6.26-rc2-git3
$ git branch -D quilt/i2c
Deleted branch quilt/i2c.
$ git checkout -b quilt/i2c 9604006d283fb67dda5ee9e0e15b7cc6c62e1557
Switched to a new branch "quilt/i2c"
$ git quiltimport --author Jean Delvare <khali@linux-fr.org> --patches ../quilt/i2c
i2c-new-co-maintainer.patch
i2c-nforce2-blacklist-1-mainboard.patch
i2c-03-use-module-aliases-media-part-2.patch
i2c-04-kill-old-driver-matching-scheme.patch
i2c-davinci-01-clock-between-7-12-mhz.patch
i2c-davinci-02-move-dev_dbg-statement-for-more-output.patch
i2c-davinci-03-remove-useless-ivr-read.patch
i2c-davinci-04-fix-signal-handling-bug.patch
i2c-davinci-05-initialize-cmd_complete-sooner.patch
i2c-nforce2-add-tyan-s4985-spport.patch
i2c-remove-3-deprecated-bus-drivers.patch
i2c-bfin-twi-update-dependencies.patch
i2c-acpi-check-conflict.patch
Importing kernel-doc based on 2.6.25-git13
$ git branch -D quilt/kernel-doc
Deleted branch quilt/kernel-doc.
$ git checkout -b quilt/kernel-doc a01e035ebb552223c03f2d9138ffc73f2d4d3965
Switched to a new branch "quilt/kernel-doc"
$ git quiltimport --author Randy Dunlap <randy.dunlap@oracle.com> --patches ../quilt/kernel-doc
doc-move-initrd-txt.patch
Importing ide based on commit fc99824c427ed998e3c5e376bd9c640fde1c407c
$ git branch -D quilt/ide
Deleted branch quilt/ide.
$ git checkout -b quilt/ide fc99824c427ed998e3c5e376bd9c640fde1c407c
Switched to a new branch "quilt/ide"
$ git quiltimport --author Bartlomiej Zolnierkiewicz <bzolnier@gmail.com> --patches ../quilt/ide
swarm-ide-fix-up-following-changes-to-ide_hwif_t.patch
ide-make-ide-iops-c-select_mask-static.patch
alim15x3-trivial-cleanup-for-ali_set_pio_mode.patch
alim15x3-remove-stale-warning-about-ati-rs100-northbridge.patch
alim15x3-add-wdc_udma-module-parameter.patch
alim15x3-remove-wdc_ali15x3-config-option.patch
ide-kconfig-couple-of-fixes.patch
cs5520-disable-vdma.patch
ide-remove-obsoleted-idebus-kernel-parameter.patch
ide-remove-obsoleted-hdx-kernel-parameters.patch
ide-cleanup-init_ide_data.patch
ide-remove-obsoleted-ide-parameters.patch
ide-eliminate-fit-macro.patch
ide-tape-use-clamp_t-rather-than-nested-min_t-_max_t.patch
ide-use-get_unaligned_-helpers.patch
ide-set-req_preempt-request-flag-in-ide_do_drive_cmd-users.patch
ide-use-__generic_unplug_device-in-ide_do_drive_cmd.patch
ide-cd-convert-ide_cd_queue_pc-to-use-blk_execute_rq.patch
ide-cd-convert-ide_do_drive_cmd-path-to-use-blk_execute_rq.patch
ide-disk-convert-ide_do_drive_cmd-path-to-use-blk_execute_rq.patch
ide-floppy-convert-ide_do_drive_cmd-path-to-use-blk_execute_rq.patch
ide-taskfile-convert-ide_do_drive_cmd-path-to-use-blk_execute_rq.patch
ide-tape-convert-ide_do_drive_cmd-path-to-use-blk_execute_rq.patch
ide-convert-ide_do_drive_cmd-path-to-use-blk_execute_rq.patch
ide-remove-ide_wait_head_wait-path-in-ide_do_drive_cmd.patch
ide-remove-ide_init_drive_cmd.patch
ide-cd-remove-ide_cd_init_rq.patch
block-convert-pd_special_command-to-use-blk_execute_rq.patch
block-remove-the-checking-for-null-queue-in-blk_put_request.patch
block-unexport-blk_end_sync_rq.patch
ide-remove-try_to_flush_leftover_data.patch
sgiioc4-use-extra_base-instead-of-dma_status-for-dma_handle.patch
ide-remove-commented-out-code-from-ide_config_drive_speed.patch
ide-fix-do_probe-to-use-select_drive.patch
ide-remove-ide_tflag_no_select_mask-taskfile-flag.patch
ide-move-irq-unmasking-out-from-tf_load-method.patch
ide-remove-mmio-flag-from-ide_hwif_t.patch
ide-pass-hwif-instead-of-drive-to-outbsync-method.patch
ide-use-outbsync-in-init_irq.patch
ide-use-outbsync-in-ide_set_irq.patch
ide-remove-drive-ctl.patch
Importing m68k based on 28a4acb48586dc21d2d14a75a7aab7be78b7c83b
$ git branch -D quilt/m68k
Deleted branch quilt/m68k.
$ git checkout -b quilt/m68k 28a4acb48586dc21d2d14a75a7aab7be78b7c83b
Switched to a new branch "quilt/m68k"
$ git quiltimport --author Geert Uytterhoeven <geert@linux-m68k.org> --patches ../quilt/m68k
m68k-convert-access_ok-to-inline-func.diff
m68k-kill-CONFIG_FB_DAFB.diff
m68k-correct-FB_HP300-dependencies.diff
m68k-whippet-serial-no-longer-exists.diff
m68k-vme_scc-globals.diff
m68k-silence-BUG-can-return-warnings.diff
m68k-hp300-breaks-multi-platform.diff
m68k-macide-breaks-multi-platform.diff
m68k-dnfb-breaks-multi-platform.diff
m68k-net-drivers-break-multiplatform.diff
m68k-input-drivers-break-multiplatform.diff
m68k-initcalls-should-return-ENODEV-if-device-not-found.diff
m68k-q40-floppy-is-broken.diff
m68k-update-defconfig.diff
m68k-add-multi_defconfig.diff
m68k-export-m68k_mmutype.diff
Importing rr based on v2.6.26-rc2-129-g9604006
$ git branch -D quilt/rr
Deleted branch quilt/rr.
$ git checkout -b quilt/rr v2.6.26-rc2-129-g9604006
Switched to a new branch "quilt/rr"
$ git quiltimport --author Rusty Russell <rusty@rustcorp.com.au> --patches ../quilt/rr
virtio:net-fix-dangling-packets.patch
stop_machine:make_stop_machine_run_more_virtualization_friendly.patch
virtio:net_add_ethtool_ops_for_sg_gso.patch
virtio:net_allow_receiving_sg_packets.patch
virtio:transport-features.patch
virtio:vring-enhance.patch
lguest:publish-indices.patch
misc:add_all_cpus_option_to_stop_machine_run.patch
stop_machine:simplify.patch
misc:kernel-locking-doc-remove-semaphores.patch
.dotest/patch:61: trailing whitespace.
       and <function>mutex_unlock()</function> to release it.  There is also a 
.dotest/patch:62: trailing whitespace.
       <function>mutex_lock()</function>, which should be avoided, because it 
.dotest/patch:68: trailing whitespace.
       Example: <filename>net/netfilter/nf_sockopt.c</filename> allows 
warning: 3 lines add whitespace errors.
misc:kthread-printf-attribute.patch
misc:cast_if_type.patch
misc:typesafe_cb.patch
misc:stop_machine-typesafe.patch
misc:kthread-typesafe.patch
misc:timer-typesafe.patch
misc:down_nowait.patch
misc:down_nowait-documentation.patch
misc:down_nowait-arch_ia64_kernel_salinfo.patch
misc:down_nowait-drivers_char_snsc.patch
misc:down_nowait-drivers_char_viotape.patch
misc:down_nowait-drivers_infiniband_core_user_mad.patch
misc:down_nowait-drivers_input_serio_hil_mlc.patch
misc:down_nowait-drivers_input_serio_hp_sdc_mlc.patch
misc:down_nowait-drivers_md_dm-raid1.patch
misc:down_nowait-drivers_net_3c527.patch
misc:down_nowait-drivers_net_irda_sir_dev.patch
misc:down_nowait-drivers_net_wireless_airo.patch
misc:down_nowait-drivers_scsi_aacraid_commsup.patch
misc:down_nowait-drivers_usb_core_usb.patch
misc:down_nowait-drivers_usb_gadget_inode.patch
misc:down_nowait-drivers_watchdog_ar7_wdt.patch
misc:down_nowait-drivers_watchdog_it8712f_wdt.patch
misc:down_nowait-drivers_watchdog_s3c2410_wdt.patch
misc:down_nowait-drivers_watchdog_sc1200wdt.patch
misc:down_nowait-drivers_watchdog_scx200_wdt.patch
misc:down_nowait-drivers_watchdog_wdt_pci.patch
misc:down_nowait-fs_reiserfs_journal.patch
misc:down_nowait-xfs.patch
misc:down_nowait-kernel_printk.patch
Importing ldp.next based on quilt/usb
$ git branch -D quilt/ldp.next
Deleted branch quilt/ldp.next.
$ git checkout -b quilt/ldp.next quilt/usb
Switched to a new branch "quilt/ldp.next"
$ git quiltimport --author Greg KH <greg@kroah.com> --patches ../quilt/ldp.next
usb-add-option-hso-driver.patch
usb-add-sensoray-2255-v4l-driver.patch
input-add-appleir-driver.patch
