Importing driver-core.current based on 2.6.36-rc3
Unchanged quilt series driver-core.current
Importing tty.current based on quilt/driver-core.current
$ git clone -s -l -n -q . ../quilt-tmp
$ cd ../quilt-tmp
$ git reset --hard 19c6f11091f56667fc2737bca3751f219268237d
HEAD is now at 19c6f11 sysfs: checking for NULL instead of ERR_PTR
$ git quiltimport --author Greg KH <greg@kroah.com> --patches ../quilt/tty.current
vt-fix-console-corruption-on-driver-hand-over.patch
maintainers-orphan-isicom.patch
serial-fix-port-type-conflict-between-ns16550a-u6_16550a.patch
serial-bfin_sport_uart-restore-transmit-frame-sync-fix.patch
tty-fix-tty_line-must-not-be-equal-to-number-of-allocated-tty-pointers-in-tty-driver.patch
serial-amba-pl010-fix-set_ldisc.patch
serial-mfd-fix-bug-in-serial_hsu_remove.patch
$ cd ../next
$ git fetch -f ../quilt-tmp master:quilt/tty.current
From ../quilt-tmp
 + 5e75b9e...32546ee master     -> quilt/tty.current  (forced update)
Importing usb.current based on quilt/tty.current
$ cd ../quilt-tmp
$ git reset --hard 32546eef5d185a5390d99cc7a09c31f5f3b275db
HEAD is now at 32546ee serial: mfd: fix bug in serial_hsu_remove()
$ git quiltimport --author Greg KH <greg@kroah.com> --patches ../quilt/usb.current
usb-s3c-hsotg-remove-debug-define.patch
usb-ehci-ppc-of-problems-in-unwind.patch
usb-rndis-section-mismatch-fix.patch
usb-fix-kernel-oops-with-g_ether-and-windows.patch
usb-option-fix-incorrect-novatel-entries.patch
usb-cp210x-add-new-device-id.patch
usb-cp210x-add-b-g-h3000-link-cable-id.patch
usb-cp210x-usb-driver-add-usb_device-for-pirelli-dp-l10-mobile.patch
usb-allow-drivers-to-use-allocated-bandwidth-until-unbound.patch
usb-ssu100-turn-off-debug-flag.patch
usb-serial-mos7840-add-usb-id-to-support-the-b-b-electronics-usoptl4-2p.patch
usb-cdc-acm-adding-second-acm-channel-support-for-various-nokia-and-one-samsung-phones.patch
usb-serial-mos7840-add-usb-ids-to-support-more-b-b-usb-rs485-converters.patch
usb-cxacru-use-a-bulk-int-urb-to-access-the-command-endpoint.patch
usb-cdc-acm-add-pseudo-modem-without-at-command-capabilities.patch
usb-cdc-acm-fixing-crash-when-acm-probing-interfaces-with-no-endpoint-descriptors.patch
usb-ftdi_sio-added-custom-pids-for-chamsys-products.patch
usb-musb_debugfs-don-t-use-the-struct-file-private_data-field-with-seq_files.patch
usb-ehci-disable-langwell-penwell-lpm-capability.patch
usb-otg-twl4030-fix-phy-initialization-v1.patch
$ cd ../next
$ git fetch -f ../quilt-tmp master:quilt/usb.current
From ../quilt-tmp
 + 1881507...38a18e4 master     -> quilt/usb.current  (forced update)
Importing staging.current based on quilt/usb.current
$ cd ../quilt-tmp
$ git reset --hard 38a18e420d49934f8ac596444f37f03b8d3a0662
HEAD is now at 38a18e4 USB: otg: twl4030: fix phy initialization(v1)
$ git quiltimport --author Greg KH <greg@kroah.com> --patches ../quilt/staging.current
staging-hv-fix-missing-functions-for-net_device_ops.patch
staging-hv-fixed-bounce-kmap-problem-by-using-correct-index.patch
staging-hv-fixed-the-value-of-the-64bit-hole-inside-ring-buffer.patch
staging-hv-increased-storvsc-ringbuffer-and-max_io_requests.patch
staging-hv-fixed-lockup-problem-with-bounce_buffer-scatter-list.patch
staging-spectra-needs-linux-slab.h.patch
staging-comedi-das08_cs.c-fix-io_req_t-conversion.patch
staging-rt2870sta-add-more-device-ids-from-vendor-drivers.patch
staging-zram-free-device-memory-when-init-fails.patch
staging-spectra-depend-on-x86_mrst.patch
staging-octeon-depends-on-netdevices.patch
staging-wlan-ng-explicitly-set-some-fields-in-cfg80211-interface.patch
revert-staging-batman-adv-adding-netfilter-bridge-hooks.patch
staging-vt6655-fix-buffer-overflow.patch
$ cd ../next
$ git fetch -f ../quilt-tmp master:quilt/staging.current
From ../quilt-tmp
 + 1c2a7ff...7b57bce master     -> quilt/staging.current  (forced update)
Importing i2c based on 2.6.36-rc3
Unchanged quilt series i2c
Importing jdelvare-hwmon based on 2.6.36-rc3
$ cd ../quilt-tmp
$ git reset --hard 2bfc96a127bc1cc94d26bfaa40159966064f9c8c
HEAD is now at 2bfc96a Linux 2.6.36-rc3
$ git quiltimport --author Jean Delvare <khali@linux-fr.org> --patches ../quilt/jdelvare-hwmon
hwmon-lis3lv02d-prevent-NULL-pointer-dereference.patch
hwmon-new-subsystem-maintainers.patch
hwmon-f75375s-01-shift-control-mode-to-the-correct-bit-position.patch
hwmon-f75375s-02-do-not-overwrite-values-read-from-registers.patch
hwmon-k8temp-02-remove-superfluous-cpu-family-check.patch
hwmon-add-tempx_emergency-attribute-to-sysfs-abi.patch
hwmon-lm90-fix-checkpatch-errors.patch
hwmon-lm75-01-make-the-writing-to-sysfs-more-robust.patch
hwmon-lm75-02-trivial-changes-to-pacify-the-checkpatch.patch
$ cd ../next
$ git fetch -f ../quilt-tmp master:quilt/jdelvare-hwmon
From ../quilt-tmp
 + 7be6ce6...780f9aa master     -> quilt/jdelvare-hwmon  (forced update)
Importing kernel-doc based on 2.6.36-rc2
Unchanged quilt series kernel-doc
Importing rr based on v2.6.36-rc3
Unchanged quilt series rr
Importing device-mapper based on v2.6.36-rc1
Unchanged quilt series device-mapper
Importing aoe based on v2.6.31-rc9
Unchanged quilt series aoe
Importing driver-core based on quilt/staging.current
$ cd ../quilt-tmp
$ git reset --hard 7b57bce93bac0f037ccd60414de83298387a97ec
HEAD is now at 7b57bce Staging: vt6655: fix buffer overflow
$ git quiltimport --author Greg KH <greg@kroah.com> --patches ../quilt/driver-core
dynamic-debug-split-out-query-string-parsing-setup-from-proc_write.patch
dynamic-debug-introduce-ddebug_query-boot-parameter.patch
dynamic-debug-initialize-dynamic-debug-earlier-via-arch_initcall.patch
dynamic-debug-introduce-global-fake-module-param-module.ddebug.patch
driver-core-platform-use-drv-driver.bus-instead-of-assuming-platform_bus_type.patch
uio-do-not-use-pci-resources-before-pci_enable_device.patch
driver-core-platform_bus-allow-runtime-override-of-dev_pm_ops.patch
add-packet-hub-driver-for-topcliff-platform-controller-hub.patch
/home/sfr/kernels/next/quilt-tmp/.git/rebase-apply/patch:10: new blank line at EOF.
+
warning: 1 line adds whitespace errors.
pch_phub-fix-build-warnings.patch
driver-core-remove-config_sysfs_deprecated_v2-but-keep-it-for-block-devices.patch
$ cd ../next
$ git fetch -f ../quilt-tmp master:quilt/driver-core
From ../quilt-tmp
 + 40f1db2...ae64982 master     -> quilt/driver-core  (forced update)
Importing tty based on quilt/driver-core
$ cd ../quilt-tmp
$ git reset --hard ae6498257feba1ff75cf0d201324372e229cbcc6
HEAD is now at ae64982 driver core: remove CONFIG_SYSFS_DEPRECATED_V2 but keep it for block devices
$ git quiltimport --author Greg KH <greg@kroah.com> --patches ../quilt/tty
tty-add-tty_struct-dev-pointer-to-corresponding-device-instance.patch
serport-place-serport-serio-device-correctly-in-the-device-tree.patch
serial-mfd-snprintf-returns-largish-values.patch
serial-add-console_poll-support-for-uartlite.patch
tty-remove-__gfp_nofail-from-tty_add_file.patch
ioctl-use-asm-generic-ioctls-h-on-arm
ioctl-use-asm-generic-ioctls-h-on-avr32
ioctl-use-asm-generic-ioctls-h-on-cris
ioctl-use-asm-generic-ioctls-h-on-frv
ioctl-use-asm-generic-ioctls-h-on-h8300
ioctl-use-asm-generic-ioctls-h-on-ia64
ioctl-use-asm-generic-ioctls-h-on-m32r
ioctl-use-asm-generic-ioctls-h-on-m68k
ioctl-use-asm-generic-ioctls-h-on-mn10300
ioctl-use-asm-generic-ioctls-h-on-s390
serial-core-skip-call-set_termios-console_start-when-no_console_suspend.patch
serial-core-restore-termios-settings-when-resume-console-ports.patch
add-ttyprintk-driver.patch
char-mxser-call-pci_disable_device-from-probe-remove.patch
tty_io-check-return-code-of-tty_register_device.patch
$ cd ../next
$ git fetch -f ../quilt-tmp master:quilt/tty
From ../quilt-tmp
 + 5afb896...0fd1d30 master     -> quilt/tty  (forced update)
Importing usb based on quilt/tty
$ cd ../quilt-tmp
$ git reset --hard 0fd1d30515d73225c0b6ced00662185345fc7092
HEAD is now at 0fd1d30 tty_io: check return code of tty_register_device
$ git quiltimport --author Greg KH <greg@kroah.com> --patches ../quilt/usb
usb-add-intel-langwell-usb-otg-transceiver-driver.patch
usb-langwell-usb-client-driver-code-cleanup.patch
/home/sfr/kernels/next/quilt-tmp/.git/rebase-apply/patch:2109: new blank line at EOF.
+
warning: 1 line adds whitespace errors.
usb-langwell-usb-client-endpoint-initialization.patch
usb-langwell-usb-client-phy-low-power-mode-setting.patch
usb-langwell-usb-client-remote-wakeup-support.patch
usb-langwell-usb-client-driver-memory-handling.patch
usb-gadget-dbgp-cleanup-remove-unneeded-check.patch
usb-sam-ba-add-driver-for-atmel-sam-boot-assistant-sam-ba.patch
usb-gadget-verify-vbus-current-before-setting-the-device-self-powered-bit.patch
usb-core-update-comment-to-match-current-function-name.patch
usb-gadget-g_multi-fixed-vendor-and-product-id.patch
usb-gadget-g_ffs-fixed-vendor-and-product-id.patch
usb-gadget-storage-remove-nofua-file-when-unbinding.patch
usb-gadget-mass_storage-optional-scsi-write-fua-bit.patch
usb-gadget-functionfs-code-cleanup.patch
usb-gadget-composite-better-string-override-handling.patch
usb-gadget-mass_storage-moved-strings-handling-code.patch
usb-gadget-g_multi-moved-strings-handling-code-to-composite.patch
usb-revert-usb-gadget-section-mismatch-warning-fixed.patch
usb-gadget-don-t-save-bind-callback-in-struct-usb_gadget_driver.patch
usb-gadget-don-t-save-bind-callback-in-struct-usb_composite_driver.patch
usb-gadget-don-t-save-bind-callback-in-struct-usb_configuration.patch
init.h-add-some-more-documentation-to-__ref-tags.patch
usb-gadget-amd5536udc.c-remove-double-test.patch
usb-output-an-error-message-when-the-pipe-type-doesn-t-match-the-endpoint-type.patch
usb-langwell-remove-unnecessary-return-s-from-void-functions.patch
usb-g_file_storage-don-t-generate-automatic-serial-string.patch
usb-kconfig-fix-typos-in-usb_functionfs-description.patch
usb-ehci-tdi-let-s-tdi_reset-set-host-mode.patch
$ cd ../next
$ git fetch -f ../quilt-tmp master:quilt/usb
From ../quilt-tmp
 + c2f1ceb...b46d464 master     -> quilt/usb  (forced update)
