Importing driver-core.current based on 2.6.29-rc3-git5
	quilt series is empty
$ git update-ref refs/heads/quilt/driver-core.current b1792e367053968f2ddb48bc911d314143ce6242
Importing usb.current based on quilt/driver-core.current
$ git clone -s -l -n -q . ../quilt-tmp
$ cd ../quilt-tmp
$ git reset --hard b1792e367053968f2ddb48bc911d314143ce6242
HEAD is now at b1792e3 Merge branch 'for-linus' of git://git.kernel.org/pub/scm/linux/kernel/git/jbarnes/pci-2.6
$ git quiltimport --author Greg KH <greg@kroah.com> --patches ../quilt/usb.current
usb-fsl_qe_udc-fix-oops-on-qe-udc-probe-failure.patch
usb-fsl_qe_udc-fix-recursive-locking-bug-in-ch9getstatus.patch
usb-fsl_qe_udc-fix-qe-usb-controller-initialization.patch
usb-fsl_qe_udc-fix-disconnects-reporting-during-bus-reset.patch
usb-fsl_qe_udc-fix-muram-corruption-by-disabled-endpoints.patch
usb-fsl_qe_udc-fix-stalled-tx-requests-bug.patch
usb-cdc-acm.c-remove-duplicate-lines-for-mtk-gps-support.patch
revert-usb-option-add-pantech-cards.patch
usb-usb-storage-remove-warn-from-last-sector-hacks.patch
usb-usb-serial-fix-the-aircable_init-failure-path.patch
usb-ftdi_sio-add-support-for-the-ndi-polaris-system.patch
$ cd ../next
$ git fetch -f ../quilt-tmp master:quilt/usb.current
From ../quilt-tmp
   33bfad5..a72bfcd  master     -> quilt/usb.current
Importing driver-core based on quilt/usb.current
$ cd ../quilt-tmp
$ git reset --hard a72bfcdd7f0db7459d562802b9b15523150745a3
HEAD is now at a72bfcd USB: ftdi_sio: add support for the NDI Polaris system
$ git quiltimport --author Greg KH <greg@kroah.com> --patches ../quilt/driver-core
bus_id-edac2.patch
bus_id-spi.patch
bus_id-video2.patch
bus_id-zorro.patch
bus_id-input2.patch
bus_id-mmc2.patch
bus_id-mtd.patch
bus_id-parisc.patch
bus_id-pci.patch
bus_id-rapidio.patch
bus_id-s390.patch
bus_id-serial.patch
bus_id-sh.patch
bus_id-tc.patch
bus_id-pcmcia2.patch
bus_id-rtc2.patch
bus_id-net2.patch
bus_id-drm.patch
bus_id-v4l.patch
bus_id-acpi.patch
bus_id-amba.patch
bus_id-dio.patch
bus_id-dma.patch
bus_id-eisa.patch
bus_id-gpio.patch
bus_id-mca.patch
bus_id-mfd.patch
bus_id-wimax.patch
bus_id-usb.patch
bus_id-ps3.patch
driver-core-get-rid-of-struct-device-s-bus_id-string-array.patch
sysfs-use-standard-magic.h-for-sysfs.patch
sysfs-take-sysfs_mutex-when-fetching-the-root-inode.patch
driver-core-check-bus-match-without-holding-device-lock.patch
platform-make-better-use-of-to_platform_-device-driver-macros.patch
uio-add-name-attributes-for-mappings-and-port-regions.patch
uio-add-the-uio_aec-driver.patch
driver-core-create-a-private-portion-of-struct-device.patch
driver-core-move-klist_children-into-private-structure.patch
driver-core-move-knode_driver-into-private-structure.patch
driver-core-move-knode_bus-into-private-structure.patch
warn-when-statically-allocated-kobjects-are-used.patch
$ cd ../next
$ git fetch -f ../quilt-tmp master:quilt/driver-core
From ../quilt-tmp
 + 205ef15...45ec2aa master     -> quilt/driver-core  (forced update)
Importing usb based on quilt/driver-core
$ cd ../quilt-tmp
$ git reset --hard 45ec2aa83d61a93c61875331fd3301296614d862
HEAD is now at 45ec2aa warn when statically-allocated kobjects are used
$ git quiltimport --author Greg KH <greg@kroah.com> --patches ../quilt/usb
usblp-continuously-poll-for-status.patch
usb-gpio_vbus-add-delayed-vbus_session-calls.patch
usb-pxa27x_udc-factor-pullup-code-to-prepare-otg-transceiver.patch
usb-pxa27x_udc-add-vbus-session-handling.patch
usb-pxa27x_udc-add-otg-transceiver-support.patch
usb-pxa27x_udc-add-vbus_draw-callback.patch
usb-move-definitions-from-usb.h-to-usb-ch9.h.patch
usb-ub-use-usb-api-functions-rather-than-constants.patch
usb-remove-redundant-test-in-pxa27x_udc-and-ftdi_sio.patch
usb-drivers-use-usb-api-functions-rather-than-constants.patch
usb-gadget-remove-duplicated-include.patch
usb-usb-serial-ch341-support-for-dtr-rts-cts.patch
usb-imx_udc-fix-imx-udc-gadget-bugs.patch
usb-imx_udc-fix-imx-udc-gadget-code-style.patch
usb-imx_udc-fix-imx-udc-gadget-ep0-irq-handling.patch
usb-imx_udc-fix-imx-udc-gadget-general-irq-handling.patch
usb-suspend-resume-support-for-option-driver.patch
$ cd ../next
$ git fetch -f ../quilt-tmp master:quilt/usb
From ../quilt-tmp
 + caaaf94...83dbb2f master     -> quilt/usb  (forced update)
Unchanged quilt series device-mapper
Importing i2c based on 2.6.29-rc3-git5
$ cd ../quilt-tmp
$ git reset --hard b1792e367053968f2ddb48bc911d314143ce6242
HEAD is now at b1792e3 Merge branch 'for-linus' of git://git.kernel.org/pub/scm/linux/kernel/git/jbarnes/pci-2.6
$ git quiltimport --author Jean Delvare <khali@linux-fr.org> --patches ../quilt/i2c
i2c-nforce2-add-MCP79-support.patch
eeprom-at24-remove-EXPERIMENTAL.patch
i2c-timeouts-reach-1.patch
$ cd ../next
$ git fetch -f ../quilt-tmp master:quilt/i2c
From ../quilt-tmp
 + 5d2c917...90605ec master     -> quilt/i2c  (forced update)
Unchanged quilt series jdelvare-hwmon
Unchanged quilt series kernel-doc
Unchanged quilt series ide
Unchanged quilt series rr
Unchanged quilt series ttydev
Importing staging based on quilt/usb
$ cd ../quilt-tmp
$ git reset --hard 83dbb2fc53b0d8207d8b0e7dfd46200ee44e50ad
HEAD is now at 83dbb2f USB: suspend/resume support for option driver
$ git quiltimport --author Greg KH <greg@kroah.com> --patches ../quilt/staging
revert-staging-at76_usb-update-drivers-staging-at76_usb-w-mac80211-port.patch
staging-at76_usb-fix-bugs-introduced-by-staging-at76_usb-cleanup-dma-on-stack-issues.patch
staging-android-ram_console-disable-ecc-when-early-init-is-enabled-and-validate-buffer-size.patch
staging-panel-fix-lcd-panel-driver-build-failure.patch
staging-sxg-new-sxg_sgl-design-and-mac-header-changes.patch
/home/sfr/kernels/next/quilt-tmp/.git/rebase-apply/patch:52: space before tab in indent.
 		 * Get out of here
/home/sfr/kernels/next/quilt-tmp/.git/rebase-apply/patch:53: space before tab in indent.
 		 */
warning: 2 lines add whitespace errors.
staging-sxg-typedef-removal-pending-work.patch
staging-sxg-commenting-style-fixes-pending-work.patch
/home/sfr/kernels/next/quilt-tmp/.git/rebase-apply/patch:905: space before tab in indent.
	 	 * XXXTODO - Assuming Link Attention is only being generated
/home/sfr/kernels/next/quilt-tmp/.git/rebase-apply/patch:906: space before tab in indent.
	 	 * for the Link Alarm pin (and not for a XAUI Link Status change)
/home/sfr/kernels/next/quilt-tmp/.git/rebase-apply/patch:907: space before tab in indent.
	 	 * , then it's impossible to get here.  Yet we've gotten here
/home/sfr/kernels/next/quilt-tmp/.git/rebase-apply/patch:908: space before tab in indent.
	 	 * twice (under extreme conditions - bouncing the link up and
/home/sfr/kernels/next/quilt-tmp/.git/rebase-apply/patch:909: space before tab in indent.
	 	 * down many times a second). Needs further investigation.
warning: squelched 1 whitespace error
warning: 6 lines add whitespace errors.
staging-sxg-indentation-fixes-mostly-80-char-lines.patch
/home/sfr/kernels/next/quilt-tmp/.git/rebase-apply/patch:272: space before tab in indent.
			     	     /* Memory write and invalidate */
/home/sfr/kernels/next/quilt-tmp/.git/rebase-apply/patch:484: space before tab in indent.
 			 * to RESET
/home/sfr/kernels/next/quilt-tmp/.git/rebase-apply/patch:485: space before tab in indent.
 			 */
/home/sfr/kernels/next/quilt-tmp/.git/rebase-apply/patch:786: space before tab in indent.
				       	AXGMAC_CFG1_XMT_EN |
/home/sfr/kernels/next/quilt-tmp/.git/rebase-apply/patch:788: space before tab in indent.
				       	AXGMAC_CFG1_RCV_PAUSE |
warning: squelched 9 whitespace errors
warning: 14 lines add whitespace errors.
staging-sxg-receive-code-and-data-structure-cleanups.patch
/home/sfr/kernels/next/quilt-tmp/.git/rebase-apply/patch:57: space before tab in indent.
        	              sizeof(struct sxg_config_mac));
warning: 1 line adds whitespace errors.
staging-sxg-ethtool-framework-and-receive-code-path-changes.patch
/home/sfr/kernels/next/quilt-tmp/.git/rebase-apply/patch:222: space before tab in indent.
 	 * from the FLASH/EEPROM or download file ?
/home/sfr/kernels/next/quilt-tmp/.git/rebase-apply/patch:223: space before tab in indent.
 	 */
/home/sfr/kernels/next/quilt-tmp/.git/rebase-apply/patch:225: space before tab in indent.
 	 * Also check what is the right EEPROM length : EEPROM_SIZE_XFMR or EEPROM_SIZE_NO_XFMR
/home/sfr/kernels/next/quilt-tmp/.git/rebase-apply/patch:226: space before tab in indent.
 	 */
/home/sfr/kernels/next/quilt-tmp/.git/rebase-apply/patch:247: space before tab in indent.
                	memcpy(data + index * ETH_GSTRING_LEN,
warning: squelched 3 whitespace errors
warning: 8 lines add whitespace errors.
staging-sxg-sxg-sgl-related-cleanup-in-data-structures-and-code.patch
/home/sfr/kernels/next/quilt-tmp/.git/rebase-apply/patch:410: space before tab in indent.
       	void                            *temp_RcvBlock;
/home/sfr/kernels/next/quilt-tmp/.git/rebase-apply/patch:411: space before tab in indent.
       	struct list_entry               *ple;
/home/sfr/kernels/next/quilt-tmp/.git/rebase-apply/patch:412: space before tab in indent.
       	struct sxg_rcv_block_hdr        *RcvBlockHdr;
/home/sfr/kernels/next/quilt-tmp/.git/rebase-apply/patch:484: space before tab in indent.
        	iounmap((void *)adapter->HwRegs);
warning: 4 lines add whitespace errors.
staging-sxg-locking-related-changes.-fix-locking-levels.patch
/home/sfr/kernels/next/quilt-tmp/.git/rebase-apply/patch:120: space before tab in indent.
 		ple = RemoveHeadList(&adapter->AllSglBuffers);
/home/sfr/kernels/next/quilt-tmp/.git/rebase-apply/patch:121: space before tab in indent.
 		Sgl = container_of(ple, struct sxg_scatter_gather, AllList);
/home/sfr/kernels/next/quilt-tmp/.git/rebase-apply/patch:122: space before tab in indent.
 		kfree(Sgl);
/home/sfr/kernels/next/quilt-tmp/.git/rebase-apply/patch:168: space before tab in indent.
 	atomic_inc(&adapter->pending_allocations);
/home/sfr/kernels/next/quilt-tmp/.git/rebase-apply/patch:183: space before tab in indent.
 		atomic_dec(&adapter->pending_allocations);
warning: squelched 11 whitespace errors
warning: 16 lines add whitespace errors.
staging-sxg-add-ethtool-functionality-enhancement-and-misc-cleanups.patch
/home/sfr/kernels/next/quilt-tmp/.git/rebase-apply/patch:94: space before tab in indent.
 			if (adapter->stats.rx_missed_errors< 5) {
/home/sfr/kernels/next/quilt-tmp/.git/rebase-apply/patch:218: space before tab in indent.
 	return STATUS_FAILURE;
warning: 2 lines add whitespace errors.
staging-sxg-firmware-updates.patch
staging-sxg-fix-to-load-card-on-low-memory-machines.patch
staging-sxg-fix-build-warnings-in-sxg_ethtool.patch
staging-sxg-remove-firmware-files-from-sgx_ethtool.c.patch
staging-sxg-fix-build-warnings-in-downloadb-firmware-files.patch
staging-sxg-fix-build-warnings-in-sxg.c.patch
staging-sxg-add-multicast-support-for-sahara-sxg-driver.patch
staging-sxg-add-napi-feature-to-sahara-sxg-driver.patch
staging-sxg-cleanup-the-sxg-driver-of-unused-space-and-functions.patch
staging-asus_oled-fix-sparse-warnings-about-using-plain-integer-as-null-pointer.patch
staging-asus_oled-do-not-initialise-statics-to-0-or-null.patch
staging-asus_oled-trailing-statements-should-be-on-next-line.patch
staging-asus_oled-fix-various-checkpatch.pl-issues-regarding-missing-or-obsolete-spaces.patch
staging-asus_oled-do-not-use-assignment-in-if-condition.patch
staging-w35und-remove-unused-header-files.patch
staging-w35und-remove-unnecessary-os_common.h-header-file.patch
staging-w35und-remove-crazy-commented-out-includes.patch
staging-w35und-unify-mto.h-and-mto_f.h-header-files.patch
staging-w35und-convert-code-to-use-eth_alen.patch
staging-w35und-remove-useless-macro-from-common.h.patch
staging-w35und-kill-wbdebug-and-remove-common.h-header-file.patch
staging-w35und-typedef-removal.patch
staging-w35und-remove-hw_data_t-typedef.patch
staging-w35und-remove-mto_func_input-macro-obfuscation.patch
staging-w35und-fix-registration-with-wlan-stack.patch
staging-w35und-fix-usb_control_msg-error-handling-in-wb35_probe.patch
staging-wlan-ng-remove-use-of-__wlan_attrib_pack__.patch
staging-wlan-ng-remove-use-of-wlan_addr_len.patch
staging-wlan-ng-remove-stray-comments-in-header-files.patch
staging-wlan-ng-cleanup-wlan_compat.h-more.patch
staging-wlan-ng-remove-dbfenter-dbfexit-macros.patch
staging-wlan-ng-use-generic-byteorder-macros.patch
staging-wlan-ng-replace-bitx-with-the-generic-bit.patch
staging-wlan-ng-move-urb_async_unlink-and-usb_queue_bulk-out-of-wlan_compat.h.patch
staging-wlan-ng-remove-wlan_log_info.patch
staging-wlan-ng-remove-wlan_max-wlan_min.patch
staging-wlan-ng-replace-wlan_log_notice-with-printk.patch
staging-wlan-ng-replace-wlan_log_error-with-printk.patch
staging-wlan-ng-replace-wlan_log_warning-with-printk.patch
staging-wlan-ng-replace-wlan_isprint-with-generic-isprint.patch
staging-wlan-ng-remove-dead-unused-code-from-p80211types.h.patch
staging-wlan-ng-remove-dead-unused-code-from-p80211hdr.h.patch
staging-wlan-ng-remove-dead-unused-code-from-p80211meta.h.patch
staging-wlan-ng-remove-dead-unused-code-from-hfa384x.h.patch
staging-wlan-ng-remove-dead-unused-code-from-p80211msg.h.patch
staging-wlan-ng-remove-dead-unused-code-from-p80211netdev.h.patch
staging-wlan-ng-remove-dead-unused-code-from-p80211conv.c.patch
staging-wlan-ng-remove-dead-unused-code-from-p80211conv.h.patch
staging-me4000-use-linux-uaccess.h-and-linux-io.h.patch
staging-me4000-return-is-not-a-function-no-parentheses-required.patch
staging-me4000-inline-keyword-should-sit-between-storage-class-and-type.patch
staging-me4000-replace-some-c99-comments.patch
staging-me4000-kfree-is-safe-so-no-extra-checks-needed.patch
staging-me4000-fix-various-checkpatch.pl-warnings-about-bracing.patch
staging-me4000-do-not-use-c99-style-comments.patch
staging-me4000-use-tabs-for-code-indentation.patch
staging-me4000-make-file_operations-const.patch
staging-remove-duplicated-include-s.patch
staging-agnx-move-a-dereference-below-a-null-test.patch
staging-go7007-move-a-dereference-below-a-null-test.patch
staging-comedi-correct-use-of-and.patch
staging-meilhaus-correct-use-of-and.patch
staging-rt2860-rt2870-correct-use-of-and.patch
staging-comedi-use-define_spinlock.patch
staging-meilhaus-use-define_spinlock.patch
staging-go7007-introduce-missing-kfree.patch
staging-comedi-introduce-missing-kfree.patch
staging-comedi-move-a-dereference-below-a-null-test.patch
staging-rt2860-remove-kernel-version-compatibility-wrappers.patch
staging-otus-logical-bit-and-confusion.patch
staging-meilhaus-unsigned-won-t-get-negative-after-subtraction.patch
staging-altpciechdma-null-deref-in-altpciechdma.c-remove.patch
staging-at76_usb-mention-mac80211-port-in-todo-file.patch
staging-otus-use-usb-api-functions-rather-than-constants.patch
staging-rspiusb-use-usb-api-functions-rather-than-constants.patch
staging-slicoss-use-request_firmware.patch
staging-slicoss-remove-the-static-firmware-header-files.patch
staging-slicoss-add-binary-firmware-to-firmware-directory.patch
staging-frontier-make-checkpatch.pl-considerably-happier-with-tranzport-driver.patch
staging-frontier-make-checkpatch.pl-much-happier-with-alphatrack-driver.patch
staging-frontier-removed-now-unused-frontier_compat.h-file.patch
staging-frontier-updated-documentation.patch
staging-frontier-make-checkpatch.pl-happy-with-alphatrack.h.patch
staging-frontier-remove-unused-components-of-the-alphatrack-tranzport-sysfs-interface.patch
staging-dst-core-files.patch
staging-dst-network-state-machine.patch
staging-dst-export-node.patch
staging-dst-thread-pool.patch
staging-dst-transactions.patch
staging-dst-crypto-processing.patch
staging-dst-replace-bus_id-with-dev_set_name.patch
staging-dst-kconfig-and-makefile-changes.patch
staging-dst-kconfig-update.patch
staging-dst-optimize-bio-allocation.patch
staging-dst-extend-thread-pool-exit-conditions.patch
staging-dst-do-not-allow-empty-barriers.patch
staging-dst-kconfig-text-update.patch
staging-dst-fix-build-dependancy.patch
staging-add-stlc45xx-wi-fi-driver-for-stlc4550-4560.patch
staging-add-aten2011-usb-to-serial-converter-driver.patch
/home/sfr/kernels/next/quilt-tmp/.git/rebase-apply/patch:332: space before tab in indent.
 	if (minor == SERIAL_TTY_NO_MINOR)
/home/sfr/kernels/next/quilt-tmp/.git/rebase-apply/patch:379: space before tab in indent.
 	if (minor == SERIAL_TTY_NO_MINOR)
/home/sfr/kernels/next/quilt-tmp/.git/rebase-apply/patch:386: space before tab in indent.
        	Wval=(((__u16)port->number - (__u16)(minor))+1)<<8;
/home/sfr/kernels/next/quilt-tmp/.git/rebase-apply/patch:393: space before tab in indent.
	 	//	Wval= 0x100;
/home/sfr/kernels/next/quilt-tmp/.git/rebase-apply/patch:394: space before tab in indent.
        	Wval=(((__u16)port->number - (__u16)(minor))+1)<<8;
warning: squelched 116 whitespace errors
warning: 121 lines add whitespace errors.
staging-aten2011-run-lindent.patch
staging-aten2011-move-.h-files-into-the-driver.patch
/home/sfr/kernels/next/quilt-tmp/.git/rebase-apply/patch:395: space before tab in indent.
        			unsigned int set, unsigned int clear);
/home/sfr/kernels/next/quilt-tmp/.git/rebase-apply/patch:409: space before tab in indent.
        			unsigned int set, unsigned int clear);
warning: 2 lines add whitespace errors.
staging-aten2011-remove-kernel-version-dependencies.patch
staging-aten2011-fix-up-comments-by-removing-most-of-them.patch
staging-aten2011-remove-unneeded-defines.patch
staging-aten2011-remove-function-prototypes.patch
staging-aten2011-fix-up-sparse-warnings.patch
staging-aten2011-remove-unused-fields-from-structures.patch
staging-aten2011-clean-up-init-and-exit-functions.patch
staging-aten2011-remove-paranoia-check-functions.patch
staging-aten2011-fix-up-the-set_reg_sync-function.patch
staging-aten2011-fix-up-the-get_reg_sync-function.patch
staging-aten2011-fix-up-the-set_uart_reg-function.patch
staging-aten2011-fix-up-the-get_uart_reg-function.patch
staging-aten2011-delete-the-dump_serial_port-function.patch
staging-aten2011-remove-wrappers-around-serial-get-and-put-data-functions.patch
staging-aten2011-fix-up-c-comments.patch
staging-aten2011-remove-dprintk-macro.patch
staging-aten2011-s-__function__-__func__.patch
staging-aten2011-fix-checkpatch-errors-and-warnings.patch
staging-add-b3dfg-driver.patch
staging-b3dfg-fixups-and-improvements.patch
staging-b3dfg-prepare-b3dfg-for-submission-upstream.patch
$ cd ../next
$ git fetch -f ../quilt-tmp master:quilt/staging
From ../quilt-tmp
 + c35faa6...0f050d7 master     -> quilt/staging  (forced update)
