Importing driver-core.current based on 2.6.35-rc3
	quilt series is empty
$ git update-ref refs/heads/quilt/driver-core.current 7e27d6e778cd87b6f2415515d7127eba53fe5d02
Importing tty.current based on quilt/driver-core.current
	quilt series is empty
$ git update-ref refs/heads/quilt/tty.current 7e27d6e778cd87b6f2415515d7127eba53fe5d02
Importing usb.current based on quilt/tty.current
$ git clone -s -l -n -q . ../quilt-tmp
$ cd ../quilt-tmp
$ git reset --hard 7e27d6e778cd87b6f2415515d7127eba53fe5d02
HEAD is now at 7e27d6e Linux 2.6.35-rc3
$ git quiltimport --author Greg KH <greg@kroah.com> --patches ../quilt/usb.current
usb-g_serial-don-t-set-low_latency-flag.patch
usb-g_serial-fix-tty-cleanup-on-unload.patch
usb-gadget-g_fs-possible-invalid-pointer-reference-bug-fixed.patch
usb-xhci-fix-bug-in-link-trb-activation-change.patch
usb-r8a66597-fix-failure-in-change-of-status.patch
$ cd ../next
$ git fetch -f ../quilt-tmp master:quilt/usb.current
From ../quilt-tmp
   e44a21b..3559748  master     -> quilt/usb.current
Importing staging.current based on quilt/usb.current
$ cd ../quilt-tmp
$ git reset --hard 35597487ffe148682fd6c2fc798b43f5ab2387c5
HEAD is now at 3559748 USB: r8a66597: Fix failure in change of status
$ git quiltimport --author Greg KH <greg@kroah.com> --patches ../quilt/staging.current
staging-usbip-usbip_common-kill-rx-thread-on-tx-thread-creation-error.patch
staging-batman-adv-return-efault-on-copy_to_user-errors.patch
staging-batman-adv-fix-function-prototype.patch
staging-mrst-touchscreen-fix-dereferencing-free-memory.patch
$ cd ../next
$ git fetch -f ../quilt-tmp master:quilt/staging.current
From ../quilt-tmp
 + acf550e...5797060 master     -> quilt/staging.current  (forced update)
Importing i2c based on 2.6.35-rc3
Unchanged quilt series i2c
Importing jdelvare-hwmon based on 2.6.35-rc3
$ cd ../quilt-tmp
$ git reset --hard 7e27d6e778cd87b6f2415515d7127eba53fe5d02
HEAD is now at 7e27d6e Linux 2.6.35-rc3
$ git quiltimport --author Jean Delvare <khali@linux-fr.org> --patches ../quilt/jdelvare-hwmon
hwmon-k10temp-refine-erratum-319-detection.patch
hwmon-i5k_amb-fix-sysfs-attribute-for-lockdep.patch
hwmon-ltc4245-expose-all-gpio-pins-as-analog-voltages.patch
hwmon-emc1403-add-power-support.patch
hwmon-lm75-add-suspend-and-resume.patch
hwmon-it87-labels-for-internal-voltages.patch
$ cd ../next
$ git fetch -f ../quilt-tmp master:quilt/jdelvare-hwmon
From ../quilt-tmp
 + 4f14ca0...b954e65 master     -> quilt/jdelvare-hwmon  (forced update)
Importing kernel-doc based on 2.6.34-git8
Unchanged quilt series kernel-doc
Importing rr based on v2.6.35-rc1-194-gaef4b9a
Unchanged quilt series rr
Importing device-mapper based on v2.6.34
Unchanged quilt series device-mapper
Importing aoe based on v2.6.31-rc9
Unchanged quilt series aoe
Importing driver-core based on quilt/staging.current
$ cd ../quilt-tmp
$ git reset --hard 57970606ec7134fb6122a09c2ffc4fdef18f7b68
HEAD is now at 5797060 Staging: mrst-touchscreen: fix dereferencing free memory
$ git quiltimport --author Greg KH <greg@kroah.com> --patches ../quilt/driver-core
hwmon-add-driver-for-smsc-emc2103-temperature-monitor-and-fan-controller.patch
uio-remove-irqf_disabled-flag-from-uio_pdrv_genirq.c.patch
uio-remove-irqf_disabled-from-uio_sercos3.c.patch
uio-remove-irqf_disabled-flag-from-uio_cif.c.patch
hotplug-support-kernel-hotplug-sysctl-variable-when-config_net.patch
driver-core-internal-struct-dma_coherent_mem-change-type-of-a-member.patch
$ cd ../next
$ git fetch -f ../quilt-tmp master:quilt/driver-core
From ../quilt-tmp
 + acf550e...04afbcf master     -> quilt/driver-core  (forced update)
Importing tty based on quilt/driver-core
$ cd ../quilt-tmp
$ git reset --hard 04afbcfa5d241eaa33f7823f39c2784c826e9f2c
HEAD is now at 04afbcf Driver core: internal struct dma_coherent_mem, change type of a member.
$ git quiltimport --author Greg KH <greg@kroah.com> --patches ../quilt/tty
n_gsm.c-removed-duplicated-includes.patch
serial-there-s-no-config-console.patch
$ cd ../next
$ git fetch -f ../quilt-tmp master:quilt/tty
From ../quilt-tmp
 + acf550e...5d1640c master     -> quilt/tty  (forced update)
Importing usb based on quilt/tty
$ cd ../quilt-tmp
$ git reset --hard 5d1640cf8f84ca81cef2c428c2301cbf4bb241a4
HEAD is now at 5d1640c serial: There's no config CONSOLE
$ git quiltimport --author Greg KH <greg@kroah.com> --patches ../quilt/usb
usb-fix-failure-path-in-usb_add_hcd.patch
usb-don-t-stop-root-hub-status-polls-too-soon.patch
usb-add-check-to-detect-host-controller-hardware-removal.patch
usb-uhci-acquire-spinlock-before-calling-start_rh.patch
usb-speedtouch-fixed-brace-and-spacing-coding-style-issues.patch
usb-speedtouch-fixed-more-brace-and-spacing-coding-style-issues.patch
usb-xhci-remove-obsolete-debugging-printk.patch
usb-iuu_phoenix-add-support-for-different-baud-rates.patch
usb-ehci-make-config_usb_ehci_tt_newsched-default-to-y.patch
usb-gadget-use-memdup_user.patch
usb-documentation-usb-ehci.txt-checkpatch-cleanup.patch
usb-documentation-usb-hotplug.txt-checkpatch-cleanup.patch
usb-documentation-usb-linux.inf-checkpatch-cleanup.patch
usb-core-driver-fix-coding-styles.patch
usb-core-endpoint-fix-coding-styles.patch
usb-otg.h-fix-the-mixup-in-parameters-order.patch
usb-host-eliminate-null-dereference.patch
usb-isd200.c-remove-unnecessary-kmalloc-cast.patch
$ cd ../next
$ git fetch -f ../quilt-tmp master:quilt/usb
From ../quilt-tmp
 + acf550e...5839baa master     -> quilt/usb  (forced update)
