Importing driver-core.current based on eaa5eec739637f32f8733d528ff0b94fd62b1214
Unchanged quilt series driver-core.current
Importing tty.current based on quilt/driver-core.current
Unchanged quilt series tty.current
Importing usb.current based on quilt/tty.current
Unchanged quilt series usb.current
Importing staging.current based on quilt/usb.current
Unchanged quilt series staging.current
Importing i2c based on 2.6.33-git12
$ git clone -s -l -n -q . ../quilt-tmp
$ cd ../quilt-tmp
$ git reset --hard 66b89159c25a47d2177743526c61b5ada7acc39e
HEAD is now at 66b8915 Merge git://git.kernel.org/pub/scm/linux/kernel/git/joern/logfs
$ git quiltimport --author Jean Delvare <khali@linux-fr.org> --patches ../quilt/i2c
i2c-powermac-less-verbose.patch
i2c-i801-01-no-block-buffer-for-i2c-block-write.patch
i2c-i801-02-new-parameter-to-disable-features.patch
i2c-i801-03-default-to-all-features-present.patch
i2c-scx200_acb-make-pci-device-ids-constant.patch
i2c-scmi-support-ibm-smbus-cmi-devices.patch
i2c-scmi-provide-module-aliases-for-automatic-loading.patch
$ cd ../next
$ git fetch -f ../quilt-tmp master:quilt/i2c
From ../quilt-tmp
 + cf32b7c...4c3dfa4 master     -> quilt/i2c  (forced update)
Importing jdelvare-hwmon based on 2.6.33-git12
	quilt series is empty
$ git update-ref refs/heads/quilt/jdelvare-hwmon 66b89159c25a47d2177743526c61b5ada7acc39e
Importing kernel-doc based on 2.6.33-rc3-git5
Unchanged quilt series kernel-doc
Importing rr based on v2.6.33-rc7-10-g6339204
Unchanged quilt series rr
Importing device-mapper based on v2.6.33-5070-g64ba992
$ cd ../quilt-tmp
$ git reset --hard 64ba9926759792cf7b95f823402e2781edd1b5d4
HEAD is now at 64ba992 Merge branch 'for-linus' of git://git.open-osd.org/linux-open-osd
$ git quiltimport --author Alasdair G Kergon <agk@redhat.com> --patches ../quilt/device-mapper
dm-mpath-pass-struct-pgpath-to-pg-init-done.patch
dm-mpath-skip-activate_path-for-failed-paths.patch
dm-table-remove-dm_get-from-dm_table_get_md.patch
dm-document-when-snapshot-has-finished-merging.patch
dm-mpath-avoid-storing-private-suspended-state.patch
dm-mpath-hold-io-until-all-pg_inits-completed.patch
dm-mpath-wait-for-pg_init-completion-when-suspending.patch
dm-mpath-refactor-pg_init.patch
dm-raid1-always-return-error-if-all-legs-fail.patch
dm-ioctl-only-issue-uevent-on-resume-if-state-changed.patch
dm-table-remove-unused-dm_get_device-range-parameters.patch
dm-free-dm_io-before-bio_endio-not-after.patch
dm-ioctl-introduce-flag-indicating-uevent-was-generated.patch
dm-eliminate-some-holes-data-structures.patch
dm-raid1-fix-deadlock-when-suspending-failed-device.patch
dm-add-flakey-target.patch
/home/sfr/kernels/next/quilt-tmp/.git/rebase-apply/patch:14: new blank line at EOF.
+
warning: 1 line adds whitespace errors.
$ cd ../next
$ git fetch -f ../quilt-tmp master:quilt/device-mapper
From ../quilt-tmp
 + 2f057f1...1ef37bd master     -> quilt/device-mapper  (forced update)
Importing aoe based on v2.6.31-rc9
Unchanged quilt series aoe
Importing driver-core based on quilt/staging.current
Unchanged quilt series driver-core
Importing tty based on quilt/driver-core
Unchanged quilt series tty
Importing usb based on quilt/tty
Unchanged quilt series usb
Importing staging based on quilt/usb
Unchanged quilt series staging
