Importing driver-core.current based on 2.6.36
	quilt series is empty
$ git update-ref refs/heads/quilt/driver-core.current f6f94e2ab1b33f0082ac22d71f66385a60d8157f
Importing tty.current based on quilt/driver-core.current
	quilt series is empty
$ git update-ref refs/heads/quilt/tty.current f6f94e2ab1b33f0082ac22d71f66385a60d8157f
Importing usb.current based on quilt/tty.current
	quilt series is empty
$ git update-ref refs/heads/quilt/usb.current f6f94e2ab1b33f0082ac22d71f66385a60d8157f
Importing staging.current based on quilt/usb.current
	quilt series is empty
$ git update-ref refs/heads/quilt/staging.current f6f94e2ab1b33f0082ac22d71f66385a60d8157f
Importing i2c based on 2.6.36-rc8-git4
Unchanged quilt series i2c
Importing jdelvare-hwmon based on 2.6.36-rc8-git4
Unchanged quilt series jdelvare-hwmon
Importing kernel-doc based on 2.6.36-rc2
Unchanged quilt series kernel-doc
Importing rr based on v2.6.36-rc7-185-g53eeb64
Unchanged quilt series rr
Importing device-mapper based on block/for-next
Unchanged quilt series device-mapper
Importing aoe based on v2.6.31-rc9
Unchanged quilt series aoe
Importing driver-core based on quilt/staging.current
$ git clone -s -l -n -q . ../quilt-tmp
$ cd ../quilt-tmp
$ git reset --hard f6f94e2ab1b33f0082ac22d71f66385a60d8157f
HEAD is now at f6f94e2 Linux 2.6.36
$ git quiltimport --author Greg KH <greg@kroah.com> --patches ../quilt/driver-core
dynamic-debug-split-out-query-string-parsing-setup-from-proc_write.patch
dynamic-debug-introduce-ddebug_query-boot-parameter.patch
dynamic-debug-initialize-dynamic-debug-earlier-via-arch_initcall.patch
driver-core-platform-use-drv-driver.bus-instead-of-assuming-platform_bus_type.patch
uio-do-not-use-pci-resources-before-pci_enable_device.patch
driver-core-platform_bus-allow-runtime-override-of-dev_pm_ops.patch
add-packet-hub-driver-for-topcliff-platform-controller-hub.patch
/home/sfr/kernels/next/quilt-tmp/.git/rebase-apply/patch:10: new blank line at EOF.
+
warning: 1 line adds whitespace errors.
pch_phub-fix-build-warnings.patch
debugfs-mark-me-as-the-maintainer.patch
base-platform-safe-handling-for-null-platform-data-and-resources.patch
base-platform-simplifications-for-null-platform-data-resources-handling.patch
driver-core-remove-config_sysfs_deprecated_v2-but-keep-it-for-block-devices.patch
sysfs-allow-boot-time-switching-between-deprecated-and-modern-sysfs-layout.patch
uio-fix-lack-of-locking-in-init_uio_class.patch
uio-don-t-clear-driver-data.patch
uio-cleanup-irq-handling.patch
uio-support-2-minor_bits-minors.patch
uio-statically-allocate-uio_class-and-use-class-.dev_attrs.patch
fw_loader-fix-kconfig-dependency-warning-on-hotplug.patch
sysfs-fail-bin-file-mmap-if-vma-close-is-implemented.patch
sysfs-only-access-bin-file-vm_ops-with-the-active-lock.patch
driver-core-base-change-to-new-flag-variable.patch
driver-core-fix-build-for-config_block-not-enabled.patch
kobject-introduce-kset_find_obj_hinted.patch
driver-core-introduce-find_memory_block_hinted-which-utilizes-kset_find_obj_hinted.patch
driver-core-convert-link_mem_sections-to-use-find_memory_block_hinted.patch
hpilo-despecificate-driver-from-ilo-generation.patch
driver-core-move-find_memory_block-routine.patch
driver-core-add-mutex-for-adding-removing-memory-blocks.patch
driver-core-add-section-count-to-memory_block-struct.patch
driver-core-display-error-codes-when-class-suspend-fails.patch
$ cd ../next
$ git fetch -f ../quilt-tmp master:quilt/driver-core
From ../quilt-tmp
 + 6dde0fd...3c0e1b8 master     -> quilt/driver-core  (forced update)
Importing tty based on quilt/driver-core
$ cd ../quilt-tmp
$ git reset --hard 3c0e1b8b4b3e6ab068d74dd318d31f351d566c0e
HEAD is now at 3c0e1b8 driver core: Display error codes when class suspend fails
$ git quiltimport --author Greg KH <greg@kroah.com> --patches ../quilt/tty
tty-add-tty_struct-dev-pointer-to-corresponding-device-instance.patch
serport-place-serport-serio-device-correctly-in-the-device-tree.patch
serial-mfd-snprintf-returns-largish-values.patch
serial-add-console_poll-support-for-uartlite.patch
tty-remove-__gfp_nofail-from-tty_add_file.patch
ioctl-use-asm-generic-ioctls-h-on-arm
ioctl-use-asm-generic-ioctls-h-on-avr32
ioctl-use-asm-generic-ioctls-h-on-cris
ioctl-use-asm-generic-ioctls-h-on-frv
ioctl-use-asm-generic-ioctls-h-on-h8300
ioctl-use-asm-generic-ioctls-h-on-ia64
ioctl-use-asm-generic-ioctls-h-on-m32r
ioctl-use-asm-generic-ioctls-h-on-m68k
ioctl-use-asm-generic-ioctls-h-on-mn10300
ioctl-use-asm-generic-ioctls-h-on-s390
serial-core-skip-call-set_termios-console_start-when-no_console_suspend.patch
serial-core-restore-termios-settings-when-resume-console-ports.patch
add-ttyprintk-driver.patch
char-mxser-call-pci_disable_device-from-probe-remove.patch
tty_io-check-return-code-of-tty_register_device.patch
serial-mrst_max3110-some-code-cleanup.patch
serial-mrst_max3110-make-the-irq-option-runtime.patch
serial-max3107-fix-memory-leaks-when-returning-on-error.patch
tty-make-tiocgicount-a-handler.patch
/home/sfr/kernels/next/quilt-tmp/.git/rebase-apply/patch:47: space before tab in indent.
        	if (retval != -EINVAL)
warning: 1 line adds whitespace errors.
tty-convert-the-usb-drivers-to-the-new-icount-interface.patch
tty-icount-changeover-for-other-main-devices.patch
tty-fix-warning-left-over-from-tiocgicount-changes.patch
tty-add-a-new-file-proc-tty-consoles.patch
vcs-add-poll-fasync-support.patch
vcs-invoke-the-vt-update-callback-when-dev-vcs-is-written-to.patch
tty-maintainers-add-drivers-serial-jsm-as-maintained-driver.patch
serial-8250-don-t-delay-after-transmitter-is-ready.patch
serial-mark-the-8250-driver-as-maintained.patch
serial-factor-out-uart_poll_timeout-from-8250-driver.patch
altera_uart-add-support-for-polling-mode-irq-less.patch
altera_uart-add-support-for-getting-mapbase-and-irq-from-resources.patch
altera_uart-add-support-for-different-address-strides.patch
altera_uart-make-it-possible-to-use-altera-uart-and-8250-ports-together.patch
altera_uart-fixup-type-usage-of-port-flags.patch
altera_uart-fix-missing-prototype-for-registering-an-early-console.patch
altera_uart-don-t-use-plain-integer-as-null-pointer.patch
8250-allow-platforms-to-override-pm-hook.patch
alchemy-add-uart-pm-methods.patch
jsm-remove-the-uart-port-on-errors.patch
serial-mfd-add-more-baud-rates-support.patch
serial-imx-check-that-the-buffer-is-non-empty-before-sending-it-out.patch
serial-abstraction-for-8250-legacy-ports.patch
serial-bfin_sport_uart-speed-up-sport-rx-sample-rate-to-be-3-faster.patch
$ cd ../next
$ git fetch -f ../quilt-tmp master:quilt/tty
From ../quilt-tmp
 + f08af00...fc795c4 master     -> quilt/tty  (forced update)
Importing usb based on quilt/tty
$ cd ../quilt-tmp
$ git reset --hard fc795c4c4f8ff219e7a56d2210f114db52ff5e7a
HEAD is now at fc795c4 serial: bfin_sport_uart: speed up sport RX sample rate to be 3% faster
$ git quiltimport --author Greg KH <greg@kroah.com> --patches ../quilt/usb
usb-add-intel-langwell-usb-otg-transceiver-driver.patch
usb-langwell-usb-client-driver-code-cleanup.patch
/home/sfr/kernels/next/quilt-tmp/.git/rebase-apply/patch:2109: new blank line at EOF.
+
warning: 1 line adds whitespace errors.
usb-langwell-usb-client-endpoint-initialization.patch
usb-langwell-usb-client-phy-low-power-mode-setting.patch
usb-langwell-usb-client-remote-wakeup-support.patch
usb-langwell-usb-client-driver-memory-handling.patch
usb-gadget-dbgp-cleanup-remove-unneeded-check.patch
usb-sam-ba-add-driver-for-atmel-sam-boot-assistant-sam-ba.patch
usb-gadget-verify-vbus-current-before-setting-the-device-self-powered-bit.patch
usb-core-update-comment-to-match-current-function-name.patch
usb-gadget-g_multi-fixed-vendor-and-product-id.patch
usb-gadget-g_ffs-fixed-vendor-and-product-id.patch
usb-gadget-storage-remove-nofua-file-when-unbinding.patch
usb-gadget-mass_storage-optional-scsi-write-fua-bit.patch
usb-gadget-functionfs-code-cleanup.patch
usb-gadget-composite-better-string-override-handling.patch
usb-gadget-mass_storage-moved-strings-handling-code.patch
usb-gadget-g_multi-moved-strings-handling-code-to-composite.patch
usb-revert-usb-gadget-section-mismatch-warning-fixed.patch
usb-gadget-don-t-save-bind-callback-in-struct-usb_gadget_driver.patch
usb-gadget-don-t-save-bind-callback-in-struct-usb_composite_driver.patch
usb-gadget-don-t-save-bind-callback-in-struct-usb_configuration.patch
init.h-add-some-more-documentation-to-__ref-tags.patch
usb-gadget-amd5536udc.c-remove-double-test.patch
usb-output-an-error-message-when-the-pipe-type-doesn-t-match-the-endpoint-type.patch
usb-langwell-remove-unnecessary-return-s-from-void-functions.patch
usb-g_file_storage-don-t-generate-automatic-serial-string.patch
usb-kconfig-fix-typos-in-usb_functionfs-description.patch
usb-ehci-tdi-let-s-tdi_reset-set-host-mode.patch
usb-gadget-rndis-fix-up-coding-style-issues-in-the-file.patch
drivers-usb-ftdi-elan-sema.patch
usb-otg-add-common-data-structure-for-intel-mid-platform-langwell-penwell.patch
usb-otg-langwell-update-otg-kconfig-and-driver-version.patch
usb-r8a66597-udc-initialize-uninitialized-variable-fix-compile-warning.patch
usb-change-acm_iad_descriptor-bfunctionprotocol-to-usb_cdc_acm_proto_at_v25ter.patch
usb-ohci-sm501-add-iounmap-on-error-path.patch
ohci-work-around-for-nvidia-shutdown-problem.patch
usb-gadget-composite-prevent-oops-for-non-standard-control-request.patch
usb-isp1362-hcd-removes-config_usb_otg-dependent-code.patch
usb-gadget-remove-pr_-level-uses-of-kern_-level.patch
usb-option-add-more-zte-modem-usb-id-s.patch
uwb-use-pm-format-to-print-mac-address.patch
usb-teach-devices-file-about-wireless-and-superspeed-usb.patch
usb-host-oxu210hp-hcd-use-static-const-char-const-where-possible.patch
usb-ftdi_sio-add-pid-for-accesio-products.patch
usb-omap-ohci-missing-driver-unregister-in-module-exit.patch
usb-cp210x-add-renesas-rx-stick-device-id.patch
usb-option-add-new-onda-vendor-id-and-product-id-for-onda-mt825up.patch
usb-cdc.h-ncm-typo-and-style-fixes.patch
revert-usb-ncm-added-ncm.h-with-auxiliary-definitions.patch
usb-cdc.h-ncm-add-missed-constants-and-structures.patch
usb-atmel_usba_udc-force-vbus_pin-at-einval-when-gpio_request-failled.patch
usb-serial-enable-usb-autosuspend-by-default-on-qcserial.patch
usb-ftdi_sio-revert-usb-ftdi_sio-fix-dtr-rts-line-modes.patch
usb-cdc.h-ncm-fix-one-more-typo.patch
usb-qcserial-enable-diagnostics-monitor-and-gps-ports-on-gobi-2000.patch
usb-storage-use-usb_-prefix-instead-of-us_-prefix.patch
usb-move-usb-storage-definitions-to-their-own-header-file.patch
usb-add-uas-driver.patch
usb-gadget-file_storage-reuse-definitions-from-a-header-file.patch
usb-driver-for-meywa-denki-kayac-yurex.patch
/home/sfr/kernels/next/quilt-tmp/.git/rebase-apply/patch:33: new blank line at EOF.
+
warning: 1 line adds whitespace errors.
usb-yurex-assign-a-real-minor-number-to-the-driver.patch
usb-yurex-fix-memory-leak-and-corrupted-messages.patch
usb-musb-make-dbg-calls-actually-depend-on-config_usb_musb_debug.patch
usb-musb-introduce-da8xx-omap-l1x-glue-layer.patch
usb-musb-support-iso-high-bandwidth-for-gadget-mode.patch
usb-musb-musbhsdma-increase-max_len-to-1mb.patch
usb-musb-host-unmap-the-buffer-for-pio-data-transfers.patch
usb-musb-change-to-direct-addr-in-context-save-restore.patch
usb-musb-host-support-dma-transfers-greater-than-max-channel-length.patch
usb-musb-suppress-warning-about-unused-flags.patch
usb-musb-gadget-kill-unreachable-code-in-musb_g_rx.patch
usb-musb-ignore-spurious-sessreq-interrupts.patch
usb-musb-gadget-fix-zlp-sending-in-musb_g_tx-v1.patch
usb-musb-gadget-only-enable-autoclear-in-double-buffered-case.patch
usb-change-to-new-flag-variable.patch
usb-cdc-acm-fix-code-indentation.patch
usb-add-more-empty-functions-in-otg.h.patch
usb-add-pid-for-ftdi-based-opendcc-hardware.patch
usb-add-platform-glue-driver-for-fsl-usb-dr-controller.patch
usb-add-usb-ehci-support-for-mpc5121-soc.patch
usb-musb-fix-kernel-warning-oops-when-unloading-module-in-otg-mode.patch
usb-musb-blackfin-call-usb_nop_xceiv_unregister-in-musb_platform_exit.patch
usb-musb-blackfin-call-gpio_free-on-error-path-in-musb_platform_init.patch
usb-uhci-add-native-scatter-gather-support-v1.patch
usb-langwell_udc-fix-big-file-transfer-issue.patch
usb-langwell_udc-cancel-pending-requests-when-controller-is-suspended.patch
usb-disable-endpoints-after-unbinding-interfaces-not-before.patch
usb-usbtest-fix-coding-style.patch
usb-usbtest-ensure-correct-isoc-data-length.patch
usb-imx21-hcd-remove-unused-variable.patch
usb-imx21-hcd-refactor-hardware-data-memory-management.patch
usb-imx21-hcd-fix-isochronous-endpoint-idle.patch
usb-introduce-unmap_urb_setup_for_dma.patch
usb-imx21-hcd-accept-arbitary-transfer-buffer-alignement.patch
usb-gadget-goku_udc-fix-error-path.patch
scsi-sr-add-no_read_disc_info-scsi_device-flag.patch
usb-storage-add-new-no_read_disc_info-quirk.patch
scsi-sd-add-a-no_read_capacity_16-scsi_device-flag.patch
usb-storage-add-new-no_read_capacity_16-quirk.patch
usb-do-not-print-eshutdown-message-if-usb-at-otg-device-mode.patch
usb-cp210x-add-wago-750-923-service-cable-device-id.patch
usb-core-endpoint-fix-error-path.patch
usb-gadget-dummy_hcd-fix-error-path.patch
usb-makefile-cleanup.patch
usb-gadget-storage-reuse-definitions-from-scsi.h-header-file.patch
usb-usb3.0-ch9-definitions.patch
usb-ftdi_sio-new-vid-pids-for-various-papouch-devices.patch
usb-visor-fix-initialisation-of-ux50-th55-devices.patch
usb-iowarrior-don-t-trust-report_size-for-buffer-size.patch
usb-ftdi_sio-set-device-latency-timeout-at-port-probe.patch
usb-opticon-fix-long-standing-bugs-in-opticon-driver.patch
usb-opticon-add-opticon-opn2001-write-support.patch
usb-opticon-whitespace-fixes-in-opticon-driver.patch
usb-otg-ulpi-improve-ulpi-phy-detection.patch
usb-otg-ulpi-extend-id-s-table.patch
usb-r8a66597-hcd-change-mistake-of-the-outsw-function.patch
usb-xhci-add-pointer-to-udev-in-struct-xhci_virt_device.patch
usb-xhci-change-xhci_reset_device-to-allocate-new-device.patch
usb-core-use-kernel-assigned-address-for-devices-under-xhci.patch
usb-fix-issue-with-usb-3.0-devices-after-system-resume.patch
usb-xhci-port-power-management-implementation.patch
usb-xhci-port-remote-wakeup-implementation.patch
usb-xhci-bus-power-management-implementation.patch
usb-xhci-pci-power-management-implementation.patch
usb-accept-some-invalid-ep0-maxpacket-values.patch
usb-xhci-fix-compile-error-when-config_pm-n.patch
usb-isp116x-hcd-use-resource_size-instead-of-defining-its-own-resource_len-macro.patch
usb-isp1362-hcd-use-resource_size-instead-of-defining-its-own-resource_len-macro.patch
usb-ohci-sh-use-resource_size-instead-of-defining-its-own-resource_len-macro.patch
usb-fix-linker-errors-with-config_pm-n.patch
usb-am35x-add-musb-support.patch
usb-musb-add-musb-support-for-am35x.patch
usb-musb-am35x-workaround-for-fifo-read-issue.patch
usb-ftdi_sio-add-device-ids-for-sciencescope.patch
mxc_udc-add-workaround-for-engcm09152-for-i.mx35.patch
usb-r8a66597-udc-add-processing-when-usb-was-removed.patch
usb-gadget-fix-kconfig-warning.patch
usb-imx21-hcd-fix-off-by-one-resource-size-calculation.patch
$ cd ../next
$ git fetch -f ../quilt-tmp master:quilt/usb
From ../quilt-tmp
 + 925b861...ef43230 master     -> quilt/usb  (forced update)
