Importing driver-core.current based on eaa5eec739637f32f8733d528ff0b94fd62b1214
	quilt series is empty
$ git update-ref refs/heads/quilt/driver-core.current eaa5eec739637f32f8733d528ff0b94fd62b1214
Importing tty.current based on quilt/driver-core.current
	quilt series is empty
$ git update-ref refs/heads/quilt/tty.current eaa5eec739637f32f8733d528ff0b94fd62b1214
Importing usb.current based on quilt/tty.current
	quilt series is empty
$ git update-ref refs/heads/quilt/usb.current eaa5eec739637f32f8733d528ff0b94fd62b1214
Importing staging.current based on quilt/usb.current
	quilt series is empty
$ git update-ref refs/heads/quilt/staging.current eaa5eec739637f32f8733d528ff0b94fd62b1214
Importing i2c based on 2.6.33-git9
$ git clone -s -l -n -q . ../quilt-tmp
$ cd ../quilt-tmp
$ git reset --hard eaa5eec739637f32f8733d528ff0b94fd62b1214
HEAD is now at eaa5eec Merge branch 'for-linus' of git://git.kernel.org/pub/scm/linux/kernel/git/bp/bp
$ git quiltimport --author Jean Delvare <khali@linux-fr.org> --patches ../quilt/i2c
i2c-powermac-less-verbose.patch
i2c-i801-01-no-block-buffer-for-i2c-block-write.patch
i2c-i801-02-new-parameter-to-disable-features.patch
i2c-i801-03-default-to-all-features-present.patch
i2c-scx200_acb-make-pci-device-ids-constant.patch
i2c-scmi-support-ibm-smbus-cmi-devices.patch
i2c-scmi-provide-module-aliases-for-automatic-loading.patch
$ cd ../next
$ git fetch -f ../quilt-tmp master:quilt/i2c
From ../quilt-tmp
 + 79f482c...cf32b7c master     -> quilt/i2c  (forced update)
Importing jdelvare-hwmon based on 2.6.33-git9
$ cd ../quilt-tmp
$ git reset --hard eaa5eec739637f32f8733d528ff0b94fd62b1214
HEAD is now at eaa5eec Merge branch 'for-linus' of git://git.kernel.org/pub/scm/linux/kernel/git/bp/bp
$ git quiltimport --author Jean Delvare <khali@linux-fr.org> --patches ../quilt/jdelvare-hwmon
hwmon-lm90-01-add-w83l771-support.patch
hwmon-lm90-02-restore-config-on-exit.patch
hwmon-lm90-03-add-smbus-alert-support.patch
hwmon-it87-01-expose-auto-mode.patch
hwmon-it87-02-expose-pwm-temp-mappings.patch
hwmon-it87-03-fan-attributes-in-arrays.patch
hwmon-it87-04-create-vid-attr-by-group.patch
hwmon-it87-05-add-beep-support.patch
hwmon-it87-06-checkpatch-cleanup.patch
hwmon-it87-07-use-strict_strtol.patch
hwmon-it87-08-new-maintainer.patch
hwmon-it87-09-drop-datasheet-links.patch
hwmon-it87-10-old-automatic-fan-speed-control.patch
hwmon-it87-11-validate-auto-pwm-settings.patch
hwmon-g760a-make-rpm_from_cnt-static.patch
hwmon-w83793-add-watchdog-support.patch
hwmon-add-driver-for-adt7411-voltage-temperature-sensor.patch
hwmon-adt7411-improve-locking.patch
hwmon-driver-for-andigilog-asc7621-family-monitoring-chips.patch
hwmon-tmp421-01-restore-missing-inputs.patch
hwmon-tmp421-02-fix-temperature-value-mask.patch
hwmon-fix-off-by-one-kind-values.patch
$ cd ../next
$ git fetch -f ../quilt-tmp master:quilt/jdelvare-hwmon
From ../quilt-tmp
 + b977f3a...bb7106e master     -> quilt/jdelvare-hwmon  (forced update)
Importing kernel-doc based on 2.6.33-rc3-git5
Unchanged quilt series kernel-doc
Importing rr based on v2.6.33-rc7-10-g6339204
Unchanged quilt series rr
Importing device-mapper based on v2.6.33-rc8-38-g8862627
Unchanged quilt series device-mapper
Importing aoe based on v2.6.31-rc9
Unchanged quilt series aoe
Importing driver-core based on quilt/staging.current
$ cd ../quilt-tmp
$ git reset --hard eaa5eec739637f32f8733d528ff0b94fd62b1214
HEAD is now at eaa5eec Merge branch 'for-linus' of git://git.kernel.org/pub/scm/linux/kernel/git/bp/bp
$ git quiltimport --author Greg KH <greg@kroah.com> --patches ../quilt/driver-core
driver-core-fix-race-condition-in-get_device_parent.patch
kobject-example-spelling-fixes.patch
kset-example-spelling-fixes.patch
driver-core-add-platform_create_bundle-helper.patch
driver-core-make-platform_device_id-table-const.patch
sysdev-pass-attribute-in-sysdev_class-attributes-show-store.patch
/home/sfr/kernels/next/quilt-tmp/.git/rebase-apply/patch:76: space before tab in indent.
				      	struct sysdev_class_attribute *attr,
/home/sfr/kernels/next/quilt-tmp/.git/rebase-apply/patch:205: space before tab in indent.
	 		struct sysdev_class_attribute *attr, char *buf)	\
warning: 2 lines add whitespace errors.
sysdev-convert-node-driver-class-attributes-to-be-data-driven.patch
sysdev-convert-cpu-driver-sysdev-class-attributes.patch
sysfs-add-sysfs_add-remove_files-utility-functions.patch
sysfs-add-attribute-array-to-sysdev-classes.patch
sysdev-convert-node-driver.patch
sysdev-use-sysdev_class-attribute-arrays-in-node-driver.patch
/home/sfr/kernels/next/quilt-tmp/.git/rebase-apply/patch:53: space before tab in indent.
 	BUILD_BUG_ON(ARRAY_SIZE(node_state_attr) != NR_NODE_STATES);
/home/sfr/kernels/next/quilt-tmp/.git/rebase-apply/patch:54: space before tab in indent.
 	BUILD_BUG_ON(ARRAY_SIZE(node_state_attrs)-1 != NR_NODE_STATES);
warning: 2 lines add whitespace errors.
sysdev-add-sysdev_create-remove_files.patch
sysdev-fix-type-of-sysdev-class-attribute-in-memory-driver.patch
sysdev-fix-missing-s390-conversion.patch
sysdev-add-attribute-argument-to-class_attribute-show-store.patch
driver-core-add-class_attr_string-for-simple-read-only-string.patch
/home/sfr/kernels/next/quilt-tmp/.git/rebase-apply/patch:13: space before tab in indent.
                        	char *buf)
warning: 1 line adds whitespace errors.
driver-core-convert-some-drivers-to-class_attr_string.patch
/home/sfr/kernels/next/quilt-tmp/.git/rebase-apply/patch:215: space before tab in indent.
		 	ASUS_OLED_UNDERSCORE_NAME " " ASUS_OLED_VERSION);
warning: 1 line adds whitespace errors.
driver-core-devtmpfs-reset-inode-permissions-before-unlinking.patch
driver-core-devtmpfs-remove-experimental-and-enable-it-by-default.patch
driver-core-disable-sbin-hotplug-by-default.patch
driver-core-require-valid-action-string-in-uevent-trigger.patch
sysfs-cache-the-last-sysfs_dirent-to-improve-readdir-scalability-v2.patch
driver-core-firmware_class-remove-base.h-header-inclusion.patch
kobject-constify-struct-kset_uevent_ops.patch
howto-updates-on-subsystem-trees-patchwork-next-vs.-mm.patch
sysdev-fix-up-the-probe-release-attributes.patch
driver-core-constify-struct-sysfs_ops-in-struct-kobj_type.patch
driver-core-make-struct-platform_driver.id_table-const.patch
platform-drivers-move-probe-to-.devinit.text-in-arch-arm.patch
platform-drivers-move-probe-to-.devinit.text-in-drivers-scsi.patch
platform-drivers-move-probe-to-.devinit.text-in-drivers-video.patch
x86-move-hp-wmi-s-probe-function-to-.devinit.text.patch
i2c-move-i2c_omap-s-probe-function-to-.devinit.text.patch
w1-move-omap_hdq-s-probe-function-to-.devinit.text.patch
media-move-omap24xxcam-s-probe-function-to-.devinit.text.patch
auxdisplay-move-cfag12864bfb-s-probe-function-to-.devinit.text.patch
uio-add-a-driver-for-hilscher-netx-based-fieldbus-cards.patch
uio-minor-kconfig-fixes.patch
uio-remove-smx-cryptengine-driver.patch
driver-core-fix-first-line-of-kernel-doc-for-a-few-functions.patch
sysfs-remove-sysfs_get-put_active_two.patch
sysfs-only-take-active-references-on-attributes.patch
sysfs-use-one-lockdep-class-per-sysfs-attribute.patch
sysfs-use-sysfs_attr_init-and-sysfs_bin_attr_init-on-dynamic-attributes.patch
sysfs-document-sysfs_attr_init-and-sysfs_bin_attr_init.patch
sysfs-use-sysfs_attr_init-and-sysfs_bin_attr_init-on-module-dynamic-attributes.patch
sysfs-windfarm-init-sysfs-attributes.patch
sysfs-serialize-updates-to-the-vfs-inode.patch
sysfs-pack-sysfs_dirent-more-tightly.patch
sysfs-implement-sysfs_rename_link.patch
driver-core-use-sysfs_rename_link-in-device_rename.patch
sysfs-pass-super_block-to-sysfs_get_inode.patch
sysfs-kill-unused-sysfs_sb-variable.patch
sysfs-fix-for-thinko-with-sysfs_bin_attr_init.patch
driver-core-create-lock-unlock-functions-for-struct-device.patch
drivers-base-convert-sema.patch
msi-laptop-support-standard-ec-66-62-command-on-msi-notebook-and-nebook.patch
msi-laptop-add-threeg-sysfs-file-for-support-query-3g-state-by-standard-66-62-ec-command.patch
msi-laptop-support-some-msi-3g-netbook-that-is-need-load-scm.patch
msi-laptop-add-resume-method-for-set-the-scm-load-again.patch
msi-laptop-detect-3g-device-exists-by-standard-ec-command.patch
msi-laptop-depends-on-rfkill.patch
$ cd ../next
$ git fetch -f ../quilt-tmp master:quilt/driver-core
From ../quilt-tmp
 + 26576ad...3adb180 master     -> quilt/driver-core  (forced update)
Importing tty based on quilt/driver-core
	quilt series is empty
$ git update-ref refs/heads/quilt/tty 3adb180e7e6d90dd486f13c02c378956053be8dc
Importing usb based on quilt/tty
	quilt series is empty
$ git update-ref refs/heads/quilt/usb 3adb180e7e6d90dd486f13c02c378956053be8dc
Importing staging based on quilt/usb
$ cd ../quilt-tmp
$ git reset --hard 3adb180e7e6d90dd486f13c02c378956053be8dc
HEAD is now at 3adb180 msi-laptop: depends on RFKILL
$ git quiltimport --author Greg KH <greg@kroah.com> --patches ../quilt/staging
staging-comedi-pcmad-cleanup-code-indent-warning-messages.patch
staging-comedi-pcmad-cleanup-remove-unneeded-braces.patch
staging-comedi-pcmad-cleanup-printk-warnings.patch
staging-dream-add-missing-include-files.patch
/home/sfr/kernels/next/quilt-tmp/.git/rebase-apply/patch:56: new blank line at EOF.
+
/home/sfr/kernels/next/quilt-tmp/.git/rebase-apply/patch:551: new blank line at EOF.
+
/home/sfr/kernels/next/quilt-tmp/.git/rebase-apply/patch:1504: new blank line at EOF.
+
warning: 3 lines add whitespace errors.
staging-dream-fix-memory-leak-in-camera-error-path.patch
staging-dream-remove-duplicated-include.patch
staging-otus-fix-some-sparse-warnings.patch
staging-otus-fix-branch-in-zfprotrspsim.patch
staging-vme-correct-vme_user-error-message-typo.patch
staging-vme-allow-override-of-geographical-address-on-tsi148.patch
staging-vme-allow-override-of-geographical-address-on-ca91c142.patch
staging-vme-fix-checkpatch-errors-on-vme-core.patch
staging-vme-remove-old-structures-for-implemented-features.patch
staging-vme-allow-drivers-to-co-exist.patch
staging-slicoss-convert-to-netdev_tx_t.patch
staging-slicoss-check-for-valid-hw-address.patch
staging-slicoss-no-need-type-casting-when-using-netdev_priv.patch
staging-slicoss-no-need-to-check-pointer-in-debugfs_remove.patch
staging-slicoss-use-dev-stats-rather-than-adapter-stats.patch
staging-slicoss-use-pci_device_table.patch
staging-slicoss-use-compare_ether_addr.patch
staging-slicoss-use-pci_set_consistent_dma_mask.patch
staging-rtl8187x-use-pm-for-mac-address-output.patch
staging-mimio-fix-checkpatch.pl-spacing-errors.patch
staging-mimio-remove-dead-code.patch
staging-mimio-checkpatch.pl-line-80-chars-fixes.patch
staging-asus_oled-add-defines-for-asus-vendor_id-and-device_id-to-be-consistent-with-hid-ids.h.patch
staging-batman-adv-replace-internal-logging-mechanism.patch
staging-batman-adv-refactor-routing.c.patch
staging-batman-adv-stop-persistent-warnings-if-a-device-is-deactivated.patch
staging-batman-adv-always-receive-when-discarding.patch
staging-batman-adv-split-originator-handling-parts-out-of-routing.c.patch
/home/sfr/kernels/next/quilt-tmp/.git/rebase-apply/patch:30: new blank line at EOF.
+
/home/sfr/kernels/next/quilt-tmp/.git/rebase-apply/patch:276: new blank line at EOF.
+
warning: 2 lines add whitespace errors.
staging-batman-adv-fix-the-naming-of-the-debug-option.patch
staging-iio-checkinclude.pl-fix.patch
staging-wlags49_h2-remove-duplicated-include.patch
staging-remove-unused-include-linux-version.h.patch
staging-rtl8192e-fix-some-codingstyle-issues.patch
staging-rtl9192e-fix-power-usage-issues.patch
/home/sfr/kernels/next/quilt-tmp/.git/rebase-apply/patch:564: space before tab in indent.
        	ieee->ieee80211_ips_leave(ieee->dev);
/home/sfr/kernels/next/quilt-tmp/.git/rebase-apply/patch:1238: space before tab in indent.
	   	     (memcmp(net->bssid, BELKINF5D82334V3_RALINK, 3)==0) ||
/home/sfr/kernels/next/quilt-tmp/.git/rebase-apply/patch:1247: space before tab in indent.
    		    //(memcmp(net->bssid, NETGEAR834Bv2_BROADCOM, 3)==0) ||
/home/sfr/kernels/next/quilt-tmp/.git/rebase-apply/patch:1698: space before tab in indent.
				  		// IPS should go to this.
/home/sfr/kernels/next/quilt-tmp/.git/rebase-apply/patch:2147: space before tab in indent.
	 	else
warning: squelched 5 whitespace errors
warning: 10 lines add whitespace errors.
staging-rtl8192e-fix-more-coding-style-issues.patch
staging-rtl8192e-code-style-fix-for-r819xe_phyreg.h.patch
staging-rtl8192e-code-style-fixes-for-r819xe_phy.h.patch
staging-rtl8192e-small-code-fixes-for-r819xe_firmware.c.patch
staging-add-dt3155-driver.patch
/home/sfr/kernels/next/quilt-tmp/.git/rebase-apply/patch:20: new blank line at EOF.
+
/home/sfr/kernels/next/quilt-tmp/.git/rebase-apply/patch:350: new blank line at EOF.
+
/home/sfr/kernels/next/quilt-tmp/.git/rebase-apply/patch:451: new blank line at EOF.
+
/home/sfr/kernels/next/quilt-tmp/.git/rebase-apply/patch:3158: new blank line at EOF.
+
warning: 4 lines add whitespace errors.
staging-dt3155-add-needed-include.patch
staging-dt3155-add-todo-file.patch
staging-dt3155-add-it-to-the-build.patch
/home/sfr/kernels/next/quilt-tmp/.git/rebase-apply/patch:10: new blank line at EOF.
+
warning: 1 line adds whitespace errors.
staging-udlfb-add-dynamic-modeset-support.patch
staging-fix-misspelling-of-successful-and-variants.patch
staging-fix-misspelling-of-should-and-shouldn-t-in-comments.patch
staging-fix-misspelling-of-invocation-in-comment.patch
staging-w35und-convert-typedef-local_para-to-struct-wb_local_para.patch
staging-w35und-convert-typedef-radiooff-to-struct-radio_off.patch
staging-w35und-remove-unused-typedef-_eventlog.patch
staging-w35und-convert-typedef-chaninfo-to-struct-chan_info.patch
staging-w35und-remove-unused-typedef-chan_list.patch
staging-w35und-remove-unused-typedef-txretry_rec.patch
staging-w35und-remove-unused-typedef-rxlayer1.patch
staging-w35und-remove-unused-typedefs-mlme_deauthreq_para-and-mlme_disassocreq_para.patch
staging-s5k3e2fx.c-simplify-complexity-by-factoring.patch
staging-rtl8192su-build-should-select-wireless_ext.patch
staging-rtl8192su-use-z-format-qualifier-for-output-of-sizeof.patch
staging-prism2-usb-build-should-select-wireless_ext.patch
staging-wlan-ng-initialise-mibitem.patch
staging-dt3155-coding-style-cleanups-for-allocator-code.patch
staging-dt3155-coding-style-cleanups-for-the-.h-files.patch
staging-remove-the-b3dfg-driver.patch
staging-p9auth-remove-driver-from-tree.patch
staging-altpciechdma-remove-driver.patch
staging-add-broadcom-crystal-hd-driver.patch
/home/sfr/kernels/next/quilt-tmp/.git/rebase-apply/patch:836: new blank line at EOF.
+
/home/sfr/kernels/next/quilt-tmp/.git/rebase-apply/patch:954: new blank line at EOF.
+
/home/sfr/kernels/next/quilt-tmp/.git/rebase-apply/patch:17579: new blank line at EOF.
+
/home/sfr/kernels/next/quilt-tmp/.git/rebase-apply/patch:18362: new blank line at EOF.
+
/home/sfr/kernels/next/quilt-tmp/.git/rebase-apply/patch:19742: new blank line at EOF.
+
warning: 5 lines add whitespace errors.
staging-rtl8192u-ieee80211-add-missing-parentheses.patch
staging-rt2860-test-off-by-one-in-rtmpasicsendcommandtomcu.patch
staging-batman-adv-remove-null-pointer-check.patch
staging-batman-adv-update-readme-for-latest-kernel.patch
staging-batman-adv-replace-kern_debug-with-bat_dbg.patch
staging-batman-adv-initialize-static-hash-iterators.patch
staging-batman-adv-consistent-spelling-of-neighbors.patch
staging-batman-adv-use-forw_bcast_list_lock-always-with-disabled-interrupts.patch
staging-batman-adv-fixes-rounding-issues-in-vis.c.patch
staging-batman-adv-fix-minor-orig-table-layout-bug.patch
staging-batman-adv-moving-vis-output-formats-out-of-the-kernel.patch
staging-batman-adv-remove-obsoleted-vis_format-proc-file.patch
staging-batman-adv-splitting-proc-vis-file-into-vis_server-and-vis_data.patch
staging-batman-adv-check-all-kmalloc-s.patch
staging-batman-adv-receive-packets-directly-using-skbs.patch
staging-batman-adv-allow-the-mac-address-to-be-set.patch
staging-batman-adv-use-printk-pm-for-mac-addresses.patch
staging-batman-adv-remove-compat.h.patch
staging-batman-adv-dont-deactivate-aggregation-on-wrong-input.patch
staging-hv-remove-unneeded-onhostrescan-callback.patch
staging-hv-storvsc_drv-move-unused-functions.patch
staging-hv-remove-unneeded-onhostreset-callback.patch
staging-hv-remove-unneeded-onopen-callback.patch
staging-hv-remove-unneeded-onclose-callback.patch
staging-hv-remove-xen-legacy-code-and-check-for-hyper-v.patch
staging-hv-fix-various-coding-style-issues-in-ringbuffer.c.patch
staging-hv-add-proper-versioning-to-hv-drivers.patch
staging-hv-rename-struct-device_context-and-re-arrange-the-fields-inside.patch
staging-hv-fix-brace-coding-style-issue-in-channel.c.patch
staging-hv-add-a-pci-device-table.patch
staging-hv-match-on-dmi-values-to-know-if-we-should-run.patch
staging-dt3155-use-pci_get_device.patch
staging-rt2870-rtusb_probe-should-be-in-section-__devinit.patch
staging-rt2870-remove-unnecessary-forward-declarations.patch
staging-rtl8192e-print-the-elements-of-tx_pn-and-rx_pn-not-the-arrays-themselves.patch
staging-rtl8192e-remove-some-functions-from-the-__exit-section.patch
staging-rtl8192su-rtl8192u-use-min_t-in-store_debug_level.patch
staging-dt3155-remove-compat-code.patch
staging-ramzswap-minor-spelling-fixes.patch
staging-comedi-off-by-one-in-dodevconfig.patch
staging-comedi-reorder-check-in-pcmmio_attach.patch
staging-cx25821-fix-double-unlock-in-medusa_video_init.patch
staging-cx25821-off-by-one-in-cx25821_enum_input.patch
staging-otus-off-by-one-in-usbdrvwext_siwessid.patch
staging-et131x_netdev.c-use-pm-to-shown-mac-address.patch
staging-r8192e_core.c-use-pm-to-shown-mac-address.patch
r8192u_core.c-use-pm-to-shown-mac-address.patch
staging-vt6655-device_main.c-use-pm-to-shown-mac-address.patch
staging-rtl8192su-buffer-overflow-in-r8192u_core.c.patch
staging-rar-fix-all-coding-style-issues.patch
staging-otus-80211core-fix-confusion.patch
staging-sep-fix-build-problems-from-header-changes.patch
staging-sep-fix-use-of-legacy-ioctl-fop.patch
staging-pohmelfs-remove-uses-of-nipquad-use-pi4.patch
staging-pohmelfs-avoid-null-dereference.patch
staging-fixed-pohmelfs-regression-because-of-per-bdi-writeback.patch
staging-batman-adv-update-the-readme-for-mainline-usage.patch
staging-v56655-add-missing-parentheses-in-comment.patch
staging-cx25821-avoid-null-pointer-dereference.patch
staging-asus_oled-add-null-test-for-kmalloc.patch
staging-otus-add-select-wext_priv-to-kconfig-to-prevent-build-failure.patch
staging-rtl8192u-add-select-wext_priv-to-kconfig-to-prevent-build-failure.patch
staging-wlan-ng-add-select-wext_priv-to-kconfig-to-prevent-build-failure.patch
staging-crystalhd-add-missing-fixes-for-userspace-lib-build.patch
staging-crystalhd-trim-register-defines.patch
staging-otus-dont-mix-declarations-and-code.patch
staging-otus-remove-unused-variables.patch
staging-otus-remove-unused-constants.patch
staging-otus-fix-zm_seq_debug-macro-for-no-debug-case.patch
staging-otus-zftkipinit-increment-another-pointer.patch
staging-iio-ensure-mutex-is-correctly-unlocked-in-__iio_push_event.patch
staging-iio-fix-incorrect-existence-check-for-a-shared-event-pointer.patch
staging-make-pci-device-id-constant.patch
staging-make-usb-device-id-constant.patch
staging-make-i2c-device-id-constant.patch
staging-ramzswap-free-memory-when-create_device-is-failed.patch
staging-rt2860-use-skb_tail_pointer.patch
staging-rtl8192e-use-skb_tail_pointer.patch
staging-rtl8192u-dont-use-mhard-float.patch
staging-otus-fix-assignment-makes-integer-from-pointer-without-a-cast-warnings.patch
staging-vme-tsi148-depend-on-virt_to_bus.patch
staging-dream-htc-dream-camera-not-need-sizeof.patch
staging-declare-module_firmware-in-various-drivers.patch
staging-sep-include-driver-name-in-firmware-filenames.patch
staging-sep-declare-module_firmware.patch
staging-wlags49-don-t-use-custom-implementation-of-atoi.patch
staging-fix-typos-enalbe-enable.patch
staging-fix-typos-selct-select.patch
staging-fix-typos-aquire-acquire.patch
staging-fix-typos-couter-counter.patch
staging-sm7xx-remove-the-buggy-2d-acceleration-support.patch
staging-rtl8192u-ieee80211-currentmpdudensity-assigned-to-itself-in-htusedefaultsetting.patch
staging-comedi-adq12b-checkpatch-cleanups.patch
staging-comedi-c6xdigio-checkpatch-cleanups.patch
staging-comedi-rti800-checkpatch-cleanups.patch
staging-go7007-eliminate-useless-code.patch
staging-comedi-pcl711-checkpatch-cleanups.patch
staging-comedi-pcl724-checkpatch-cleanups.patch
staging-comedi-pcl725-checkpatch-cleanups.patch
staging-comedi-pcl730-checkpatch-cleanups.patch
staging-comedi-g1-3-status-registers-not-read-in-ni_gpct_to_660x_register.patch
staging-comedi-pcl812-correct-ai-scan-counting.patch
staging-comedi-pcl816-correct-ai-scan-counting.patch
staging-comedi-pcl818-correct-ai-scan-counting-and-channel-checks.patch
staging-comedi-adv_pci1710-correct-ai-scan-count-and-channel-checks.patch
staging-comedi-adv_pci1710-remove-unneeded-chanlist_len-check.patch
staging-comedi-pcl812-update-mux-for-multi-channel-ai-command.patch
staging-comedi-pcl816-check-channel-list-in-ai-command-test.patch
staging-comedi-pcl818-remove-unneeded-chanlist_len-check.patch
staging-rt2860-sta_ioctl.c-two-branches-the-same-in-rt_ioctl_giwscan.patch
staging-serqt_usb2-two-branches-the-same-in-qt_set_termios.patch
staging-rt2870sta-constify-rtusbmultiwrite-rtusbfirmwarewrite.patch
staging-rt-2860-2870-sta-use-request_firmware-to-load-firmware.patch
staging-rtl8187se-fix-if-statement.patch
staging-crystalhd-fix-build-on-powerpc.patch
staging-et131x-kill-off-the-fbr_num_des-type.patch
staging-et131x-kill-of-fbr_word2.patch
staging-et131x-fbr_desc-is-now-only-sane-types.patch
/home/sfr/kernels/next/quilt-tmp/.git/rebase-apply/patch:90: space before tab in indent.
                		            INDEX10(rx_local->local_Fbr1_full);
warning: 1 line adds whitespace errors.
staging-et131x-clean-up-rxdma_csr.patch
/home/sfr/kernels/next/quilt-tmp/.git/rebase-apply/patch:151: space before tab in indent.
        	if ((csr & 0x00020000) != 0) {
warning: 1 line adds whitespace errors.
staging-et131x-kill-off-the-rxdma-type.patch
staging-et131x-kill-exp_rom.patch
staging-et131x-global_t-is-now-sane-so-kill-the-global_t-itself.patch
staging-et131x-kill-off-txdma_t.patch
staging-et131x-kill-off-mmc_t.patch
staging-et131x-kill-mac_stat_t.patch
staging-et131x-clean-up-the-rx-status-word-types.patch
staging-et131x-kill-off-the-rx-interrupt-state-enum.patch
staging-et131x-rx_status_block_t-is-now-clean.patch
staging-et131x-fix-rx_status-typing.patch
/home/sfr/kernels/next/quilt-tmp/.git/rebase-apply/patch:42: space before tab in indent.
        	rx_ring->rx_status_block = NULL;
warning: 1 line adds whitespace errors.
staging-et131x-clean-up-the-fbr-lookup-table.patch
staging-et131x-clean-up-the-pkt_desc_stat_t-types.patch
staging-et131x-kill-off-rx_ring_t.patch
staging-et131x-kill-mp_err_counters-which-is-unused.patch
staging-et131x-kill-unused-error-defines.patch
staging-et131x-collapse-all-the-function-definitions-into-one-place.patch
/home/sfr/kernels/next/quilt-tmp/.git/rebase-apply/patch:767: new blank line at EOF.
+
warning: 1 line adds whitespace errors.
staging-et131x-kil-the-txmac-type.patch
staging-et131x-kill-txmac-err-count-typedef.patch
staging-et131x-kill-off-the-txmac_err_t-type.patch
staging-et13x-kill-off-txmac_err_int_t.patch
staging-et131x-kill-rxmac-crc-fields.patch
staging-et131x-kill-off-rxmac_pf_ctrl_t.patch
staging-et131x-kill-of-the-mcif-types.patch
staging-et131x-kill-off-the-rxq_diag-types.patch
staging-et131x-kill-the-space_avail-type.patch
staging-et131x-kill-mif_ctl_t.patch
staging-et131x-kill-the-rxmac-error_reg_t.patch
staging-et131x-kill-off-the-rxmac-ctrl-type.patch
staging-et131x_kill-mac_stat_t.patch
staging-usbip-minor-code-cleanup.patch
staging-usbip-use-print_hex_dump-instead-of-open-coding-it.patch
staging-usbip-cleanup-removing-dead-code.patch
staging-usbip-seperate-usbip-config-debug-from-config_usb_debug.patch
staging-otus-fix-memory-leak.patch
staging-r8187se-fix-a-faulty-if-and-do-additional-cleanups.patch
staging-ramzswap-use-lock-for-64-bit-stats.patch
staging-ramzswap-flush-block-device-before-reset.patch
staging-ramzswap-set-block-size-to-page_size.patch
staging-ramzswap-return-proper-error-code-on-device-create-failure.patch
staging-ramzswap-remove-redundant-check-for-zero-page.patch
staging-ramzswap-handle-case-for-invalid-backing-swap.patch
staging-ramzswap-update-copyright-notice.patch
staging-comedi-pcm3724-checkpatch-cleanups.patch
staging-comedi-pcm3730-checkpatch-cleanups.patch
staging-comedi-poc-checkpatch-cleanups.patch
staging-comedi-ni_660x-checkpatch-cleanups.patch
staging-comedi-ni_670x-checkpatch-cleanups.patch
staging-comedi-ni_65xx-checkpatch-cleanups.patch
staging-comedi-fl512-checkpatch-cleanups.patch
staging-comedi-adq12b-checkpatch-cleanups-2.patch
staging-fix-continuation-line-formats.patch
staging-wlan-ng-fix-to-allow-driver-to-be-built-on-2.6.33-rc6.patch
staging-fix-more-continuation-line-formats.patch
staging-comedi-fix-brace-coding-style-issues-in-ni_labpc.c.patch
staging-comedi-fix-brace-coding-style-in-comedi_fops.c.patch
staging-rtl8192e-fix-spacing-style-issues-in-r8180_93cx6.c.patch
staging-rt2860-correct-onstack-wait_queue_head-declaration.patch
staging-samsung-laptop-fix-coding-style-issues.patch
staging-comedi-dt2815-checkpatch-cleanups.patch
staging-comedi-rti802-checkpatch-cleanups.patch
staging-comedi-ni_pcidio-checkpatch-cleanups.patch
staging-comedi-ssc_dnp-fixed-a-brace-coding-style-issue.patch
staging-dt3155-fix-build-warnings.patch
staging-dt3155-coding-cleanups-for-dt3155_io.h.patch
staging-dt3155-replace-u_char-usage.patch
staging-dt3155-replace-u_int-and-u_long-usage.patch
staging-dt3155-fix-coding-style-issues-in-dt3155_io.c.patch
staging-mimio-remove-the-mimio-driver.patch
staging-rar_register-renaming-driver-to-rar_register.patch
/home/sfr/kernels/next/quilt-tmp/.git/rebase-apply/patch:995: new blank line at EOF.
+
warning: 1 line adds whitespace errors.
staging-rar_register-renaming-directory-to-rar_register.patch
/home/sfr/kernels/next/quilt-tmp/.git/rebase-apply/patch:1066: new blank line at EOF.
+
warning: 1 line adds whitespace errors.
staging-rar_register-provide-better-explanation-in-kconfig.patch
staging-rar_register-fix-checkpatch-errors-and-debug-header-file.patch
staging-rar_register-fix-checkpatch-errors-and-debug-program-file.patch
staging-rar_register-add-suspend-and-resume-functions.patch
staging-comedi-rti800-more-checkpatch-cleanups.patch
staging-dream-codestyle-fix.patch
staging-dream-another-codestyle-patch.patch
staging-dream-more-code-style-fixes.patch
staging-r8187se-change-to-use-common-eeprom-routines-in-eeprom_93cx.patch
staging-r8187se-fix-for-led-not-following-radio-switch.patch
staging-vt6655-add-missing-curly-braces.patch
staging-comedi-bracing-fix-to-ni_atmio.c.patch
staging-wlan-ng-clean-up-assignments-in-if-statements.patch
staging-wlan-ng-multiple-safe-style-cleanups.patch
staging-r8187se-remove-write_phy-routine.patch
staging-r8187se-remove-two-private-variables-that-have-a-fixed-value.patch
staging-r8187se-remove-dead-code-from-r8185b_init.c.patch
staging-udlfb-checkpatch-cleanup.patch
staging-udlfb-reorganize-function-order.patch
staging-udlfb-pre-allocated-urb-list-helpers.patch
staging-udlfb-clean-up-function-naming.patch
staging-udlfb-add-functions-to-expose-sysfs-metrics-and-controls.patch
staging-udlfb-rework-startup-and-teardown-to-fix-race-conditions.patch
/home/sfr/kernels/next/quilt-tmp/.git/rebase-apply/patch:474: new blank line at EOF.
+
warning: 1 line adds whitespace errors.
staging-udlfb-improved-rendering-performance.patch
staging-udlfb-support-for-fbdev-mmap-clients-defio.patch
staging-udlfb-explicit-dependencies-and-warnings.patch
staging-udlfb-remove-printk-and-small-cleanup.patch
staging-rtl8187se-needs-semaphore.h.patch
staging-vme-renaming-following-split-of-ge-fanuc-joint-venture.patch
staging-vme-attribute-testing-for-dma-request.patch
staging-vme-enable-drivers-to-handle-more-than-one-bridge.patch
staging-vme-make-vme_master_resource-naming-bus-neutral.patch
staging-vme-add-location-monitor-support-for-ca91cx42.patch
staging-vme-add-ca91cx42-dma-support.patch
staging-vme-correct-ca91cx42-resource-handling.patch
staging-vme-add-ca91cx42-rmw-support.patch
staging-vme-ca91cx42-slot-detection.patch
staging-vme-remove-legacy-unsupported-code.patch
staging-vme-llseek-support-in-user-driver.patch
staging-vme-use-a24-when-requesting-slave-resource.patch
staging-vme-allocate-memory-buffers-for-master-windows.patch
staging-vme-vmivme-7805-board-support.patch
/home/sfr/kernels/next/quilt-tmp/.git/rebase-apply/patch:48: new blank line at EOF.
+
/home/sfr/kernels/next/quilt-tmp/.git/rebase-apply/patch:175: new blank line at EOF.
+
warning: 2 lines add whitespace errors.
staging-comedi-fix-brace-and-80-character-coding-style-issue-in-ni_daq_700.c.patch
staging-iio-staticise-non-exported-functions.patch
staging-batman-adv-depend-on-net-instead-of-packet-in-kconfig.patch
staging-batman-adv-don-t-lock-while-sending-packets.patch
staging-batman-adv-avoid-having-the-same-error-message-more-than-once.patch
staging-batman-adv-remove-obsolete-variables.patch
staging-batman-adv-atomic-variable-for-vis-srv-activation.patch
staging-batman-adv-fix-skbuff-leak-in-vis-code.patch
staging-batman-adv-avoid-crash-on-memory-allocation-error.patch
staging-batman-adv-fix-module-initialization.patch
staging-comedi-fix-coding-style-issues-in-ni_labpc.c.patch
staging-comedi-aio_iiro_16-checkpatch-cleanups.patch
staging-comedi-amplc_dio200-checkpatch-cleanups.patch
staging-comedi-amplc_pc236-checkpatch-cleanups.patch
staging-comedi-serial2002-fix-filp_open-usage.patch
staging-comedi-increased-timeout-for-digital-output-dma-loading.patch
staging-line6-variax.c-fixed-a-space-a-x-a-b-coding-style-issue.patch
staging-rtl8192-needs-semaphore.h.patch
staging-fix-wlan-ng-printk-format-warning.patch
staging-pohmelfs-fix-write_inode-parameter-warning.patch
staging-wlan-ng-fixed-line-length-issues-in-prism2usb.c.patch
staging-crystalhd-misc-improvements-for-crystalhd_lnx.c.patch
staging-make-drivers-use-spin_lock_init.patch
staging-rtl8192su-remove-firmware-from-r8192su_hwimg.c.patch
staging-rtl8192su-fix-for-rtl819xu-error-tx-urb-for-zero-byte-xxx-error-2.patch
staging-rtl8192su-re-enable-tx-stats.patch
staging-rtl8192su-use-list_for_each_safe-in-ieee80211_crypto_deinit.patch
staging-cleanup-useless-headers.patch
staging-comedi-amplc_pci224.c-coding-style-cleanups.patch
staging-comedi-addi_amcc_s5920.c-checkpatch-cleanup.patch
staging-comedi-addi_common.h-checkpatch-cleanup.patch
staging-comedi-hwdrv_apci1032.c-checkpatch-cleanup.patch
staging-comedi-cb_pcidas.c-checkpatch-cleanup.patch
staging-comedi-cb_pcidda.c-checkpatch-cleanup.patch
staging-comedi-cb_pcidio.c-checkpatch-cleanup.patch
staging-comedi-cb_pcimdas.c-checkpatch-cleanup.patch
staging-comedi-cb_pcimdda.c-checkpatch-cleanup.patch
staging-comedi-contec_pci_dio.c-checkpatch-cleanup.patch
staging-comedi-das08_cs.c-checkpatch-cleanup.patch
staging-comedi-hwdrv_apci3120.c-checkpatch-cleanup.patch
staging-comedi-das6402.c-checkpatch-cleanup.patch
staging-comedi-cb_pcimdas.c-more-checkpatch-cleanup.patch
staging-comedi-dmm32at.c-checkpatch-cleanup.patch
staging-comedi-dt2801.c-checkpatch-cleanup.patch
staging-arlan-arlan.h-checkpatch-cleanup.patch
staging-rt3070-md4.h-checkpatch-cleanup.patch
staging-arlan-makefile-checkpatch-cleanup.patch
staging-arlan-arlan.h-more-checkpatch-cleanup.patch
staging-comedi-drivers.c-checkpatch-cleanup.patch
staging-dt3155-revert-u_long-to-u64-usage.patch
$ cd ../next
$ git fetch -f ../quilt-tmp master:quilt/staging
From ../quilt-tmp
 + 9a355bd...7116368 master     -> quilt/staging  (forced update)
