Unchanged quilt series driver-core.current
Unchanged quilt series usb.current
Unchanged quilt series driver-core
Importing usb based on quilt/driver-core
$ git checkout quilt/usb
Switched to branch "quilt/usb"
$ git reset --hard 8a0907c9ce89413f5ffb1aaa2fc73b00ca6732ff
HEAD is now at 8a0907c warn when statically-allocated kobjects are used
$ git quiltimport --author Greg KH <greg@kroah.com> --patches ../quilt/usb
usb-clean-up-redundant-tests-on-unsigned.patch
usb-use-pci_ioremap_bar-in-drivers-usb.patch
usb-avoid-20ms-delay-in-ehci-resume.patch
usb-host-oxford-oxu210hp-hcd-driver.patch
usb-protect-hcd.h-from-multiple-inclusions.patch
usb-avoid-needless-address-taking-of-function-parameters.patch
usb-straighten-out-inline-code-in-sysfs.c.patch
usb-ehci-pci-quirks.c-don-t-wait-so-long-for-bios-handoff.patch
usb-wusb-annotate-association-types-withe-proper-endianness.patch
usb-remove-restrictions-on-signal-numbers-in-devio.c.patch
usb-power-availability-check-for-berry_charge.patch
usb-usbtmc-indent-braces-disagree-something-else-is-desired.patch
usb-change-interface-to-usb_lock_device_for_reset.patch
usb-fsl_qe_udc-check-for-muram-allocation-errors.patch
usb-powerpc-workaround-for-the-ppc440epx-usbh_23-errata.patch
usb-struct-device-replace-bus_id-with-dev_name-dev_set_name.patch
usb-oxu210hp-hcd.c-struct-device-replace-bus_id-with-dev_name-dev_set_name.patch
usb-usb-storage-add-quirks-module-parameter.patch
usb-add-asynchronous-autosuspend-autoresume-support.patch
usb-introduce-usb_queue_reset-to-do-resets-from-atomic-contexts-v7.patch
usb-convert-ohci-pnx4008-to-a-new-style-i2c-driver.patch
usb-m66592-and-r8a66597-resource-changes.patch
usb-gadget-pxa27x_udc.c-cleanup-kernel-doc.patch
usb-serial-ipw.c-mark-__init-__exit-for-usb_ipw_-init-exit.patch
usb-allow-usbmon-as-a-module-even-if-usbcore-is-builtin.patch
usb-announce-new-devices-earlier.patch
usb-storage-clean-up-unusual_devs.h.patch
usb-usb-storage-remove-us-sensebuf.patch
usb-storage-devices-and-sat.patch
usb-storage-flag-devices-known-to-support-sane_sense.patch
usb-g_file_storage-add-cd-rom-emulation.patch
usb-usb-storage-merge-cb-and-cbi-transport-routines.patch
usb-usb-storage-merge-atapi-and-qic-157-protocol-routines.patch
usb-storage-set-bounce-limit-for-non-dma-capable-host-controllers.patch
usb-don-t-use-__module_param_call.patch
usb-gadget-change-simple_strtol-to-simple_strtoul.patch
usb-gadget-mips-ci13xxx_udc.patch
usb-musb-sysfs-mode-updates.patch
usb-musb-build-fixes-for-davinci.patch
usb-musb-minor-locking-fix.patch
usb-musb-host-side-diagnostics-tweaks.patch
usb-musb-add-musb-git-tree-to-maintainers-entry.patch
usb-musb-check-if-set_irq_wake-succeded-and-remember-it.patch
usb-gadget-pxa25x_udc-vbus-sense-initialization.patch
usb-gadget-s3c2410_udc-uses-standard-gpio-calls.patch
usb-move-isp1301_omap-to-drivers-usb-otg.patch
usb-otg-gpio_vbus-transceiver-stub.patch
usb-otg-add-otg_put_transceiver.patch
usb-otg-sharable-otg-transceiver-ops.patch
usb-utilize-round_jiffies_up_relative.patch
usb-enhance-usage-of-pm_message_t.patch
usb-serial-usb_debug-make-static.patch
usb-gadget-don-t-wait-for-completion-twice.patch
usbmon-drop-bogus-0t-from-usbmon.txt.patch
usb-documentation-usb-gadget_serial.txt-update-to-match-driver-use_acm-behaviour.patch
usb-fix-comment-about-endianness-of-descriptors.patch
usb-isp1760-use-a-specific-plx-bridge-instead-of-any-bdridge.patch
usb-isp1760-fix-probe-in-pci-glue-code.patch
usb-serial-fix-up-urb-status-usage.patch
usb-add-imx-udc-gadget-driver.patch
usb-add-new-opticon-serial-driver.patch
usb-add-siemens_mpi-usb-serial-stub-driver.patch
Unchanged quilt series device-mapper
Unchanged quilt series i2c
Importing jdelvare-hwmon based on 2.6.28-rc8-git2
$ git checkout quilt/jdelvare-hwmon
Switched to branch "quilt/jdelvare-hwmon"
$ git reset --hard 5279585ff2bedc8180da5bdf8aa3ff1736466de2
HEAD is now at 5279585 Merge branch 'merge' of git://git.kernel.org/pub/scm/linux/kernel/git/jwboyer/powerpc-4xx
$ git quiltimport --author Jean Delvare <khali@linux-fr.org> --patches ../quilt/jdelvare-hwmon
hwmon-f71882fg-01-use-sensor_device_attribute_2.patch
hwmon-f71882fg-02-misc-cleanups.patch
hwmon-f71882fg-03-add-pwm-support.patch
hwmon-f71882fg-04-style-cleanups.patch
hwmon-f71882fg-05-add-f71862fg-support.patch
hwmon-f71882fg-06-no-io-to-unreserved-ports.patch
hwmon-f71882fg-07-f8000-prep.patch
hwmon-f71882fg-08-fix-store-functions.patch
hwmon-f71882fg-09-simplify-hyst-functions.patch
hwmon-f71882fg-10-check-for-powerdown.patch
hwmon-f71882fg-11-separate-max-crit-alarm-and-beep.patch
hwmon-f71882fg-12-remove-fan_mode-modoption.patch
hwmon-f71882fg-13-add-f8000-support.patch
hwmon-f71882fg-14-add-f71862fg-pwm3.patch
hwmon-f71882fg-15-fix-f8000-auto_channels_temp.patch
hwmon-add-ltc4245-driver.patch
hwmon-dont-overuse-I2C_CLIENT_MODULE_PARM.patch
hwmon-it87-add-it8720f-support.patch
hwmon-i5k_amb-load-automatically-on-all-5000-5400-chipsets.patch
hwmon-k8temp-01-warn-about-errata.patch
hwmon-fschmd-01-cleanup.patch
hwmon-fschmd-02-watchdog-v4.patch
hwmon-fschmd-03-deprecate-pos-her.patch
hwmon-lm70-01-fix-byte-order.patch
hwmon-lm70-02-ti-tmp121-support.patch
hwmon-acpi-check-conflict.patch
hwmon-typos.patch
Unchanged quilt series kernel-doc
Unchanged quilt series ide
Importing rr based on rr_cpumask/master
$ git checkout quilt/rr
Switched to branch "quilt/rr"
$ git reset --hard 7be7585393d311866653564fbcd10a3232773c0b
HEAD is now at 7be7585 cpumask: Use all NR_CPUS bits unless CONFIG_CPUMASK_OFFSTACK
$ git quiltimport --author Rusty Russell <rusty@rustcorp.com.au> --patches ../quilt/rr
cpumask:smp_call_function_many-up-fix.patch
virtio:pci_queue_allocation_not_page_aligned.patch
virtio:struct_device_replace_bus_id_with_dev_name_dev_set_name.patch
virtio:VIRTIO_PCI_QUEUE_ADDR_SHIFT.patch
virtio:rename-vring-pagesize-to-align.patch
virtio:VIRTIO_PCI_VRING_ALIGN.patch
virtio:LGUEST_VRING_ALIGN.patch
virtio:KVM_S390_VIRTIO_RING_ALIGN.patch
virtio:virtqueue-hand-in-vqalign.patch
virtio:balloon_avoid_Linux_page_size.patch
virtio:block-no-max-segment-size-by-default.patch
virtio:block-dynamic-max-segments.patch
virtio:blk_fix_type_warning.patch
virtio:net_large_tx_mtu_support.patch
virtio:console_support_console_resizing.patch
virtio:kvm_s390_implement_config_changed_for_on_s390.patch
/home/sfr/kernels/next/next/.git/rebase-apply/patch:19: space before tab in indent.
 	subcode = S390_lowcore.cpu_addr;
warning: 1 line adds whitespace errors.
lguest:move_the_initial_guest_page_table_creation_code_to_the_host.patch
module:remove_config_kmod.patch
Context reduced to (2/2) to apply fragment at 909
module:compare-sym-values-for-export-mark-in-proc-kallsyms.patch
module:print_unload_info-no-proc.patch
bitmap:test-for-constant.patch
6cc88bc4.patch
cpumask:for_each_cpu-in-cpumask.h.patch
cpumask:cpu_online_mask-etc-as-primary.patch
cpumask:convert-cpumask.h.patch
cpumask:out-of-line-accessors.patch
cpumask:smp_call_function_many.patch
cpumask:arch_send_call_function_ipi_mask-core.patch
cpumask:fix-impossible-percpu-accesses-pnp.patch
cpumask:fix-impossible-percpu-accesses-m32r.patch
cpumask:fix-impossible-percpu-accesses-x86.patch
cpumask:infiniband-avoid-NR_CPUS-iteration.patch
cpumask:convert-drivers_infiniband_ehca.patch
cpumask:convert-drivers_infiniband_ipath.patch
cpumask:use-nr_cpu_ids-in-seq_cpumask.patch
cpumask:cpumask_of_node-x86.patch
cpumask:cpumask_of_node-sparc.patch
cpumask:cpumask_of_node-sh.patch
cpumask:cpumask_of_node-powerpc.patch
cpumask:cpumask_of_node-ia64.patch
cpumask:cpumask_of_node-ia64-fix.patch
cpumask:cpumask_of_node-mips.patch
cpumask:cpumask_of_node-alpha.patch
cpumask:all-ops-compare-against-nr_cpu_ids-core.patch
cpumask:all-ops-compare-against-nr_cpu_ids-net.patch
cpumask:CONFIG_NR_CPUS-always.patch
cpumask:use-cpumap-accessors-core.patch
parisc:remove-cpu_online_map-declaration.patch
avr32:__fls.patch
blackfin:__fls.patch
m68k:__fls.patch
m68knommu:__fls.patch
bitmap:find_last_bit.patch
bitmap:find_last_bit-fix.patch
cpumask:use-find_last_bit.patch
misc:work_on_cpu-acpi.patch
misc:work_on_cpu-dcdbas.patch
misc:work_on_cpu-pci.patch
misc:work_on_cpu-powerpc-sysfs.patch
cpumask:cpu_coregroup_mask-x86.patch
cpumask:cpu_coregroup_mask-sparc.patch
cpumask:cpu_coregroup_mask-s390.patch
cpumask:use-cpu_coregroup_mask.patch
cpumask:topology_core_cpumask-and-topology_thread_cpumask-x86.patch
cpumask:topology_core_cpumask-and-topology_thread_cpumask-sparc.patch
cpumask:topology_core_cpumask-and-topology_thread_cpumask-s390.patch
cpumask:topology_core_cpumask-and-topology_thread_cpumask-powerpc.patch
cpumask:topology_core_cpumask-and-topology_thread_cpumask-ia64.patch
cpumask:use-topology_core_cpumask-and-topology_thread_cpumask.patch
Importing ttydev based on cefb3d02cad6fae49369cdde24526c4c4806b20f
$ git checkout quilt/ttydev
Switched to branch "quilt/ttydev"
$ git reset --hard cefb3d02cad6fae49369cdde24526c4c4806b20f
HEAD is now at cefb3d0 Merge branch 'merge' of git://git.kernel.org/pub/scm/linux/kernel/git/galak/powerpc
$ git quiltimport --author Alan Cox <alan@lxorguk.ukuu.org.uk> --patches ../quilt/ttydev
blackfin-kgdb
blackfin-sir-stopfix
blackfin-clean-early
blackfin-rxtx-lock
blackfin-clear-bi
n-tty-bkl-drop
/home/sfr/kernels/next/next/.git/rebase-apply/patch:120: trailing whitespace.
	
/home/sfr/kernels/next/next/.git/rebase-apply/patch:340: trailing whitespace.
			
/home/sfr/kernels/next/next/.git/rebase-apply/patch:590: trailing whitespace.
	
/home/sfr/kernels/next/next/.git/rebase-apply/patch:974: trailing whitespace.
	
/home/sfr/kernels/next/next/.git/rebase-apply/patch:1044: trailing whitespace.
	
warning: 5 lines add whitespace errors.
n-tty-clean
pty-remove-pts-global
pty-per-mount-allocated
pty-per-mount-config
pty-option-parsing
pty-pts-multiple-instances
pty-mknod-ptmx
pty-get-init-pts-sb
pty-pts-enable-multiple
pty-multiple-doc
/home/sfr/kernels/next/next/.git/rebase-apply/patch:98: space before tab in indent.
   	- adding ptmxmode mount option to devpts entry in /etc/fstab, or
/home/sfr/kernels/next/next/.git/rebase-apply/patch:142: trailing whitespace.
   
warning: 2 lines add whitespace errors.
pty-devpts-tidy
tty-trivial-usb-sierra-format
tty-sparse-warning-driver-lookup
pty-simplify-resize
n-tty-fix-control
n-tty-full-checks
n-tty-bell
tty-usb-close-race
devpts-fix-unused-function-warning
tty-serial-fix-tornado
tty-serial-use-const
tty-usb-console-devcon
tty-wrap-credentials
ppp-tty-hang
tty-port-extract-cd
/home/sfr/kernels/next/next/.git/rebase-apply/patch:804: trailing whitespace.
	
/home/sfr/kernels/next/next/.git/rebase-apply/patch:1332: trailing whitespace.
	
/home/sfr/kernels/next/next/.git/rebase-apply/patch:1334: space before tab in indent.
 	usc_get_serial_signals(info);
/home/sfr/kernels/next/next/.git/rebase-apply/patch:1410: space before tab in indent.
 		if (!(port->flags & ASYNC_CLOSING) && (do_clocal || dcd))
/home/sfr/kernels/next/next/.git/rebase-apply/patch:1481: space before tab in indent.
 	get_signals(info);
warning: squelched 4 whitespace errors
warning: 9 lines add whitespace errors.
tty-rio-ckmalloc-must-die
tty-port-extract-raise-dtr
/home/sfr/kernels/next/next/.git/rebase-apply/patch:156: space before tab in indent.
 	usc_set_serial_signals(info);
/home/sfr/kernels/next/next/.git/rebase-apply/patch:202: space before tab in indent.
 	set_signals(info);
warning: 2 lines add whitespace errors.
tty-isicom-relock
/home/sfr/kernels/next/next/.git/rebase-apply/patch:136: space before tab in indent.
 	set_signals(info);
warning: 1 line adds whitespace errors.
tty-genser-relock
/home/sfr/kernels/next/next/.git/rebase-apply/patch:52: trailing whitespace.
	
/home/sfr/kernels/next/next/.git/rebase-apply/patch:63: space before tab in indent.
        	port->flags |= ASYNC_NORMAL_ACTIVE;
warning: 2 lines add whitespace errors.
tty-rocketport-flags
tty-riscom8-relock
tty-mxser-relock
tty-port-block_til_ready
/home/sfr/kernels/next/next/.git/rebase-apply/patch:348: trailing whitespace.
 
/home/sfr/kernels/next/next/.git/rebase-apply/patch:429: trailing whitespace.
	
warning: 2 lines add whitespace errors.
tty-istallion-rework
/home/sfr/kernels/next/next/.git/rebase-apply/patch:149: space before tab in indent.
 	spin_lock_irqsave(&stli_lock, flags);
warning: 1 line adds whitespace errors.
tty-stallion-rework
tty-esp-remove
tty-port-zerobaudopen
tty-port-close
/home/sfr/kernels/next/next/.git/rebase-apply/patch:103: trailing whitespace.
	
/home/sfr/kernels/next/next/.git/rebase-apply/patch:464: trailing whitespace.
	   as we don't yet have everyone using refcounts */	
/home/sfr/kernels/next/next/.git/rebase-apply/patch:507: trailing whitespace.
	
/home/sfr/kernels/next/next/.git/rebase-apply/patch:510: trailing whitespace.
	
/home/sfr/kernels/next/next/.git/rebase-apply/patch:622: trailing whitespace.
	if (tty_port_close_start(&info->port, tty, filp) == 0)			 
warning: squelched 2 whitespace errors
warning: 7 lines add whitespace errors.
tty-oxsemi-baud-base
tty-usb-tdrain-fix
tty-n-tty-sigio
tty-pty-wakeup
tty-cleanup-flag-abuse
tty-net-drivercasts
tty-drivercasts
tty-nozomi-kref
tty-kref-hso
tty-hso-fix-termios
tty-hso-modem
tty-epca-relock
tty-epca-refcount
tty-epca-portops
tty-rocket-relock
tty-rocket-flags
tty-rocket-kref
tty-rocket-portfuncs
/home/sfr/kernels/next/next/.git/rebase-apply/patch:136: trailing whitespace.
	
warning: 1 line adds whitespace errors.
tty-synclink_cs-port
/home/sfr/kernels/next/next/.git/rebase-apply/patch:136: space before tab in indent.
	 	tx_start(info, tty);
/home/sfr/kernels/next/next/.git/rebase-apply/patch:405: space before tab in indent.
  		if (capable(CAP_SYS_ADMIN) && tty)
/home/sfr/kernels/next/next/.git/rebase-apply/patch:443: space before tab in indent.
 	if (!tty || tty->termios->c_cflag & HUPCL) {
/home/sfr/kernels/next/next/.git/rebase-apply/patch:543: space before tab in indent.
	 	tx_start(info, tty);
/home/sfr/kernels/next/next/.git/rebase-apply/patch:552: space before tab in indent.
		 	tx_start(info, tty);
warning: squelched 7 whitespace errors
warning: 12 lines add whitespace errors.
tty-usb-lock-drop
/home/sfr/kernels/next/next/.git/rebase-apply/patch:30: space before tab in indent.
	    	unlock_kernel();
warning: 1 line adds whitespace errors.
tty-ioctl-includes
tty-blackfin-function
tty-serial-move-port
tty-serial-fix-port-init
tty-serial-8250-regops
tty-serial-8250-fixed
tty-serial-8250-octeon
tty-usb-sprogii
tty-move-port-kfree
tty-cyclades-fix-probe-leak
tty-ircomm-tweaks
tty-gigaset-poll
tty-hso-fix-modem-check
tty-hso-maintainer
Unchanged quilt series staging
Unchanged quilt series driver-core.current
Unchanged quilt series usb.current
Unchanged quilt series driver-core
Unchanged quilt series usb
Unchanged quilt series device-mapper
Unchanged quilt series i2c
Unchanged quilt series jdelvare-hwmon
Unchanged quilt series kernel-doc
Unchanged quilt series ide
Unchanged quilt series rr
Unchanged quilt series ttydev
Importing staging based on quilt/usb
$ git checkout quilt/staging
Switched to branch "quilt/staging"
$ git reset --hard dae8d865632b776874f032d45d7064cea1b08362
HEAD is now at dae8d86 USB: add siemens_mpi usb-serial "stub" driver
$ git quiltimport --author Greg KH <greg@kroah.com> --patches ../quilt/staging
staging-move-staging-drivers-back-to-staging-specific-menu.patch
staging-kconfig-for-arch-arm-8300-cris.patch
staging-correct-dubious-use-of-x-y.patch
staging-w35und-make-wb35_probe-and-wb35_disconnect-funtions-static.patch
staging-w35und-remove-unused-wb35_open-and-wb35_close-functions.patch
staging-w35und-use-msleep-and-udelay.patch
staging-w35und-remove-the-no-op-pa_stall_execution-macro.patch
staging-w35und-purb-typedef-removal.patch
staging-w35und-reg-queue-struct-typedef-removal.patch
/home/sfr/kernels/next/next/.git/rebase-apply/patch:348: space before tab in indent.
   		kfree(reg_queue);
warning: 1 line adds whitespace errors.
staging-w35und-wb35reg-struct-typedef-removal.patch
/home/sfr/kernels/next/next/.git/rebase-apply/patch:546: space before tab in indent.
	        	Wb35Reg_WriteSync(pHwData, 0x1050, pHwData->reg.BB50);
/home/sfr/kernels/next/next/.git/rebase-apply/patch:559: space before tab in indent.
        	Wb35Reg_WriteSync( pHwData, 0x1050, pHwData->reg.BB50);
/home/sfr/kernels/next/next/.git/rebase-apply/patch:574: space before tab in indent.
		      	Wb35Reg_WriteSync(pHwData, 0x1050, pHwData->reg.BB50);
warning: 3 lines add whitespace errors.
staging-w35und-padapter-struct-typedef-removal.patch
staging-w35und-merge-wblinux-struct-to-adapter.patch
staging-w35und-wb35_probe-cleanup.patch
staging-w35und-remove-usb_submit_urb-wrapper-function.patch
staging-w35und-remove-usb_alloc_urb-wrapper-function.patch
staging-w35und-remove-dead-code-from-wbusb_f.h.patch
staging-w35und-remove-true-false-boolean-macros.patch
staging-w35und-os_memory_alloc-wrapper-removal.patch
staging-w35und-usb_put_dev-is-missing-from-wb35_disconnect.patch
staging-w35und-remove-macro-magic-from-mlme_getnextpacket.patch
staging-w35und-plug-memory-leak-in-wbsoft_tx.patch
staging-w35und-move-supported-band-initialization-out-of-wb35_probe.patch
staging-w35und-remove-timer-wrappers.patch
staging-w35und-remove-atomic-op-wrappers.patch
staging-w35und-remove-memcpy-memcmp-wrappers.patch
staging-w35und-remove-abs-and-bit-macros.patch
staging-w35und-remove-unused-macros-from-common.h.patch
staging-w35und-remove-unused-link-status-code.patch
staging-w35und-include-cleanup.patch
staging-w35und-remove-some-dead-code.patch
staging-w35und-move-source-files-to-one-directory.patch
/home/sfr/kernels/next/next/.git/rebase-apply/patch:2903: space before tab in indent.
   		kfree(reg_queue);
warning: 1 line adds whitespace errors.
staging-w35und-move-struct-wbsoft_priv-to-core.h-and-use-it.patch
staging-w35und-remove-adapter-from-struct-_hw_data_t.patch
staging-w35und-clean-up-adapter.h-a-bit.patch
staging-w35und-merge-struct-wb35_adapter-to-struct-wbsoft_priv.patch
staging-w35und-remove-global-struct-ieee80211_hw.patch
staging-w35und-inline-driver_author-and-driver_desc-macros.patch
staging-w35und-clean-up-wblinux.c-a-bit.patch
staging-w35und-remove-unused-shutdowned-member-from-struct-local_para.patch
staging-w35und-move-global-wbsoft_enabled-to-struct-wbsoft_priv.patch
staging-w35und-move-packet_came-to-wb35rx.c.patch
staging-w35und-remove-skb_array-from-struct-wbsoft_priv.patch
staging-w35und-remove-shutdown-from-struct-wbsoft_priv.patch
staging-w35und-make-functions-local-to-mds.c-static.patch
staging-w35und-make-functions-local-to-mlmetxrx.c-static.patch
staging-w35und-remove-dead-code-from-mto.c.patch
staging-w35und-make-functions-local-to-wb35rx.c-static.patch
staging-w35und-make-functions-local-to-wb35tx.c-static.patch
staging-w35und-remove-dead-code-from-wbhal.c.patch
staging-w35und-remove-rxisr.c-as-dead-code.patch
staging-w35und-fix-kconfig.patch
staging-wlan-ng-remove-pci-plx-pcmcia-files.patch
staging-wlan-ng-update-help-text-to-mention-prism3-devices.patch
staging-wlan-ng-delete-pci-plx-pcmcia-specific-code.patch
staging-wlan-ng-make-wlan-ng-use-wext-mode-by-default.patch
staging-wlan-ng-eliminate-more-2.6-kernel-support.patch
staging-wlan-ng-eliminate-all-backwards-compatibility-for-2.6.13-kernels.patch
staging-wlan-ng-eliminate-a-boatload-of-tertiaryap-only-code.patch
staging-wlan-ng-remove-ap-only-code-from-mlme-functions.patch
staging-wlan-ng-get-rid-of-the-mtu-tests-in-the-rx-conversion-path.patch
staging-wlan-ng-eliminate-one-more-rx-mtu-test.patch
staging-wlan-ng-eliminate-local-version.h.patch
staging-wlan-ng-eliminate-usage-of-procfs.patch
staging-wlan-ng-use-standard-kernel-integer-types.patch
staging-wlan-ng-eliminate-all-backwards-compatible-kernel-code.patch
staging-wlan-ng-wireless-extension-support-is-mandatory.patch
staging-wlan-ng-use-wireless_ext-not-config_wireless_ext.patch
staging-wlan-ng-delete-a-large-pile-of-now-unused-code.patch
staging-wlan-ng-delete-a-pile-of-unused-mibs.-and-fix-wext-set_txpower.patch
staging-wlan-ng-consolidate-wlan-ng-into-a-single-module.patch
staging-wlan-ng-purge-all-mibs-not-used-internally.patch
staging-wlan-ng-p80211netdev.c-fix-netdev-alloc-to-prevent-oops-on-device-start.patch
staging-wlan-ng-prism2_usb.c-always-enable-the-card-in-probe_usb.patch
staging-wlan-ng-hfa384x_usb.c-use-newest-version-of-384x_drvr_start.patch
staging-wlan-ng-p80211wext.c-add-latest-changes-remove-extra-nulls-from-wext_handlers.patch
staging-wlan-ng-p80211wext-don-t-set-default-key-id-twice.patch
staging-wlan-ng-hfa384x_usbin_callback-check-for-hardware-removed.patch
staging-wlan-ng-p80211conv.c-copy-code-from-wlan-ng-devel-branch-to-not-drop-packets.patch
staging-wlan-ng-remove-unused-include-version.h.patch
staging-wlan-ng-p80211wext.c-use-array_size.patch
staging-wlan-ng-fix-compiler-warnings.patch
staging-wlan-ng-skb_p80211_to_ether-payload_length-is-unsigned-check-before-subtraction.patch
staging-at76_usb-update-drivers-staging-at76_usb-w-mac80211-port.patch
staging-at76_usb-remove-compiler-warnings.patch
staging-at76_usb-fix-up-all-remaining-checkpatch.pl-warnings.patch
staging-poch-block-size-bug-fix.patch
staging-poch-update-todo-list.patch
staging-poch-correct-pages-from-bytes.patch
staging-poch-minor-fixes.patch
staging-poch-fix-build-warnings.patch
staging-poch-rx-control-register-init.patch
staging-poch-fix-user-space-protocol-syncing.patch
staging-poch-fine-grained-locking.patch
staging-sxg-remove-typedefs.patch
staging-sxg-break-the-build-in-a-cleaner-way-when-x86.patch
staging-sxg-update-readme.patch
staging-struct-device-replace-bus_id-with-dev_name-dev_set_name.patch
staging-echo-remove-typedefs.patch
staging-echo-lindent-drivers-staging-echo.patch
staging-go7007-saa7134-updates.patch
staging-go7007-add-sensoray-2250-2251-support.patch
staging-go7007-convert-driver-to-use-video_ioctl2.patch
staging-go7007-annotate-code-pointers.patch
staging-go7007-fix-minor-build-warnings.patch
staging-et131x-cleanup-et131x_debug.h-defines.patch
staging-et131x-fix-build-failure.patch
staging-et131x-remove-unused-variable-in-et1310_tx.c.patch
staging-usbip-cleanup-kerneldoc.patch
staging-slicoss-use-kzalloc.patch
staging-slicoss-use-correct-type-for-memory-allcations.patch
staging-slicoss-use-request_firmware.patch
staging-add-agnx-wireless-driver.patch
/home/sfr/kernels/next/next/.git/rebase-apply/patch:80: space before tab in indent.
 	{ .bitrate = 10, .hw_value = 1, },
/home/sfr/kernels/next/next/.git/rebase-apply/patch:81: space before tab in indent.
 	{ .bitrate = 20, .hw_value = 2, },
/home/sfr/kernels/next/next/.git/rebase-apply/patch:82: space before tab in indent.
 	{ .bitrate = 55, .hw_value = 3, },
/home/sfr/kernels/next/next/.git/rebase-apply/patch:83: space before tab in indent.
 	{ .bitrate = 110, .hw_value = 4,},
/home/sfr/kernels/next/next/.git/rebase-apply/patch:692: space before tab in indent.
 		reg = ioread32(ctl + AGNX_CIR_TXMCTL);
warning: squelched 11 whitespace errors
warning: 16 lines add whitespace errors.
staging-agnx-fix-build-warnings.patch
staging-add-otus-atheros-wireless-network-driver.patch
/home/sfr/kernels/next/next/.git/rebase-apply/patch:228: space before tab in indent.
    	{
/home/sfr/kernels/next/next/.git/rebase-apply/patch:2055: space before tab in indent.
            	j = (j + 1) & ZM_AGG_BAW_MASK;
/home/sfr/kernels/next/next/.git/rebase-apply/patch:2221: space before tab in indent.
    	zmw_enter_critical_section(dev);
/home/sfr/kernels/next/next/.git/rebase-apply/patch:2222: space before tab in indent.
    	if (((tid_rx->baw_head - tid_rx->baw_tail) & ZM_AGG_BAW_MASK) > 0) {
/home/sfr/kernels/next/next/.git/rebase-apply/patch:2223: space before tab in indent.
    	    //DbgPrint("head=%d, tail=%d", tid_rx->baw_head, tid_rx->baw_tail);
warning: squelched 211 whitespace errors
warning: 216 lines add whitespace errors.
staging-otus-fix-name-clash.patch
staging-otus-fix-urb-callback-function-type.patch
staging-otus-remove-dependence-on-kernel-version.patch
staging-add-rt2860-wireless-driver.patch
/home/sfr/kernels/next/next/.git/rebase-apply/patch:1155: space before tab in indent.
        	net_dev->name, (ULONG)pci_resource_start(pci_dev, 0),
/home/sfr/kernels/next/next/.git/rebase-apply/patch:1430: space before tab in indent.
	 		TxIdx : pAd->TxRing[pTxBlk->QueIdx].TxCpuIdx
/home/sfr/kernels/next/next/.git/rebase-apply/patch:1431: space before tab in indent.
	 		QueIdx: pTxBlk->QueIdx
/home/sfr/kernels/next/next/.git/rebase-apply/patch:1432: space before tab in indent.
	 		pTxD  : pAd->TxRing[pTxBlk->QueIdx].Cell[TxIdx].AllocVa;
/home/sfr/kernels/next/next/.git/rebase-apply/patch:1434: space before tab in indent.
	 	> For Rx Alloc:
warning: squelched 1028 whitespace errors
warning: 1033 lines add whitespace errors.
staging-rt2860-use-standard-bit-reverse-function.patch
staging-rtl2860-fix-minor-compiler-warnings.patch
staging-rt2860-enable-wpa_supplicant-support.patch
staging-add-serverengines-benet-10gb-ethernet-driver.patch
staging-benet-build-is-broken-unless-config_netpoll-is-enabled.patch
staging-benet-patch-to-remove-subdirectories.patch
staging-benet-fix-build-errors-when-config_netpoll-is-off.patch
staging-benet-fix-build-error.patch
staging-benet-patch-to-use-offsetof-instead-of-amap_byte_offset.patch
staging-benet-fix-problems-reported-by-checkpatch.patch
staging-benet-cleanup-a-check-while-posting-rx-buffers.patch
staging-add-comedi-core.patch
/home/sfr/kernels/next/next/.git/rebase-apply/patch:5817: space before tab in indent.
   	COMEDI_RANGEINFO
warning: 1 line adds whitespace errors.
staging-comedi-fix-up-a-lot-of-checkpatch.pl-warnings.patch
staging-comedi-fix-checkpatch.pl-errors-in-comedi_fops.c.patch
staging-comedi-fix-build-error-in-comedilib.h.patch
staging-comedi-add-kcomedilib-to-the-tree.patch
staging-comedi-set-up-infrastructure-for-individual-drivers.patch
staging-comedi-add-local-copy-of-interrupt.h.patch
staging-comedi-add-pci-and-usb-wrapper-header-files.patch
staging-comedi-comedi-driver-common-function-module.patch
staging-comedi-add-mite-comedi-pci-driver.patch
staging-comedi-add-usb-usbdux-driver.patch
staging-comedi-add-usb-usbduxfast-driver.patch
staging-comedi-add-usb-dt9812-driver.patch
staging-comedi-add-comedi_bond-driver.patch
staging-comedi-add-comedi_test-driver.patch
staging-comedi-add-comedi_parport-driver.patch
staging-comedi-dt9812-fix-up-a-lot-of-coding-style-issues.patch
staging-comedi-dt9812-remove-dt9812.h.patch
staging-comedi-dt9812-remove-typedefs.patch
staging-comedi-dt9812-fix-sparse-warnings.patch
staging-comedi-usbdux-remove-kernel-version-checks.patch
staging-comedi-usbdux-code-style-cleanups.patch
staging-comedi-usbdux-remove-comments.patch
staging-comedi-usbdux-fix-up-printk-calls.patch
staging-comedi-usbdux-remove-checkpatch.pl-warnings.patch
staging-comedi-usbdux-remove-typedef.patch
staging-comedi-usbdux-remove-comedi-usb-wrappers.patch
staging-comedi-usbduxfast-remove-comedi-usb-wrappers.patch
staging-comedi-dt9812-remove-ifdef-that-is-not-needed.patch
staging-comedi-remove-usb-wrappers.patch
staging-comedi-remove-pci-wrappers.patch
staging-comedi-add-icp_multi-driver.patch
staging-comedi-add-me4000-driver.patch
staging-comedi-fix-checkpatch.pl-issues-in-comedi_bond.c.patch
staging-comedi-fix-checkpatch.pl-issues-in-comedi_fc.c.patch
staging-comedi-remove-typedefs-from-comedi_bond.c.patch
staging-comedi-fix-sparse-issues-in-comedi_bond.c.patch
staging-comedi-fix-checkpatch.pl-issues-in-comedi_test.c.patch
staging-comedi-fix-sparse-issues-in-comedi_test.c.patch
staging-comedi-remove-typedefs-from-comedi_test.c.patch
staging-comedi-fix-comedi_parport.c-checkpatch.pl-issues.patch
staging-comedi-fix-comedi_fc.h-checkpatch.pl-issues.patch
staging-comedi-fix-comedi_pci.h-checkpatch.pl-issues.patch
staging-comedi-comedi_pci.h-remove-unneeded-wrapper.patch
staging-comedi-comedi_pci.h-remove-comedi_pci_enable_no_regions.patch
staging-comedi-comedi_pci.h-remove-comedi_pci_disable_no_regions.patch
staging-comedi-add-s626-driver.patch
staging-comedi-add-rtd520-driver.patch
staging-comedi-add-me_daq-driver.patch
staging-comedi-me_daq-fix-checkpatch.pl-issues.patch
staging-comedi-me_daq-remove-typedefs.patch
staging-comedi-me_daq-fix-sparse-issues.patch
staging-comedi-fix-checkpatch.pl-warning-in-interrupt.h.patch
staging-comedi-fix-build-if-config_proc_fs-is-not-set.patch
staging-add-asus_oled-driver.patch
staging-asus_oled-fix-build-dependancy.patch
staging-add-the-meilhaus-me-ids-driver-package.patch
/home/sfr/kernels/next/next/.git/rebase-apply/patch:41828: space before tab in indent.
	   	void *pvContext,
/home/sfr/kernels/next/next/.git/rebase-apply/patch:41829: space before tab in indent.
	   	int iErrorCode);
/home/sfr/kernels/next/next/.git/rebase-apply/patch:41833: space before tab in indent.
	   	int iSubdevice,
/home/sfr/kernels/next/next/.git/rebase-apply/patch:41834: space before tab in indent.
	   	int iChannel,
/home/sfr/kernels/next/next/.git/rebase-apply/patch:41836: space before tab in indent.
	   	int iValue,
warning: squelched 2 whitespace errors
warning: 7 lines add whitespace errors.
staging-meilhaus-fix-__symbol_get-problems.patch
staging-add-lcd-panel-driver.patch
staging-panel-major-checkpatch-cleanup.patch
staging-panel-remove-ifdefs-and-code-for-pre-2.6-kernels.patch
staging-panel-remove-support-for-smartcards.patch
staging-add-driver-for-altera-pci-express-chaining-dma-reference-design.patch
/home/sfr/kernels/next/next/.git/rebase-apply/patch:487: space before tab in indent.
		  	} else {
warning: 1 line adds whitespace errors.
staging-add-rtl8187se-driver.patch
/home/sfr/kernels/next/next/.git/rebase-apply/patch:83: trailing whitespace.
#ifndef __INC_DOT11D_H
/home/sfr/kernels/next/next/.git/rebase-apply/patch:84: trailing whitespace.
#define __INC_DOT11D_H
/home/sfr/kernels/next/next/.git/rebase-apply/patch:85: trailing whitespace.

/home/sfr/kernels/next/next/.git/rebase-apply/patch:86: trailing whitespace.
#include "ieee80211.h"
/home/sfr/kernels/next/next/.git/rebase-apply/patch:87: trailing whitespace.

warning: squelched 2324 whitespace errors
warning: 2329 lines add whitespace errors.
staging-rtl8187se-remove-unneeded-files.patch
staging-rtl8187se-make-the-built-module-be-the-proper-name.patch
staging-rtl8187se-remove-duplicate-pci-ids.patch
staging-me4000-switch-to-list_for_each.patch
staging-usbip-switch-to-list_for_each_entry.patch
