Importing driver-core.current based on 2.6.36-rc7
Unchanged quilt series driver-core.current
Importing tty.current based on quilt/driver-core.current
Unchanged quilt series tty.current
Importing usb.current based on quilt/tty.current
Unchanged quilt series usb.current
Importing staging.current based on quilt/usb.current
Unchanged quilt series staging.current
Importing i2c based on 2.6.36-rc7-git4
Unchanged quilt series i2c
Importing jdelvare-hwmon based on 2.6.36-rc7-git4
$ git clone -s -l -n -q . ../quilt-tmp
$ cd ../quilt-tmp
$ git reset --hard 0acc1b2afb6ded060b7d6b1b5e6ac8a00ec47547
HEAD is now at 0acc1b2 Merge branch 'kvm-updates/2.6.36' of git://git.kernel.org/pub/scm/virt/kvm/kvm
$ git quiltimport --author Jean Delvare <khali@linux-fr.org> --patches ../quilt/jdelvare-hwmon
hwmon-lm85-01-use-right-freq-table-for-ADT7468.patch
hwmon-k8temp-02-remove-superfluous-cpu-family-check.patch
hwmon-add-tempx_emergency-attribute-to-sysfs-abi.patch
hwmon-lm90-01-fix-checkpatch-errors.patch
hwmon-lm90-02-introduce-device-feature-bits.patch
hwmon-lm90-03-introduce-function-to-delete-sysfs-files.patch
hwmon-lm90-04-simplify-set_temp11-register-calculations.patch
hwmon-lm90-05-add-explicit-support-for-max6659.patch
hwmon-lm90-06-add-support-for-extra-features-of-max6659.patch
hwmon-lm90-07-add-support-for-max6695-and-max6696.patch
hwmon-lm90-08-rearrange-code-to-no-longer-require-forward-declarations.patch
hwmon-lm90-09-introduce-chip-parameter-structure.patch
hwmon-lm90-10-introduce-capability-flag-to-indicate-broken-alert-functionality.patch
hwmon-lm90-11-add-support-for-update_interval-sysfs-attribute.patch
hwmon-lm90-12-add-old-w83l771-support.patch
hwmon-lm75-01-make-the-writing-to-sysfs-more-robust.patch
hwmon-lm75-02-trivial-changes-to-pacify-the-checkpatch.patch
hwmon-s3c-hwmon-01-use-a-real-mutex.patch
hwmon-s3c-hwmon-02-depend-on-s3c_adc.patch
hwmon-w83795-01-new-driver.patch
hwmon-w83795-02-misc-cleanups.patch
hwmon-w83795-03-drop-duplicate-enum.patch
hwmon-w83795-04-refactor-bank-selection.patch
hwmon-w83795-05-improve-detection.patch
hwmon-w83795-06-refactor-file-removal.patch
hwmon-w83795-07-refactor-file-creation.patch
hwmon-w83795-08-merge-file-creation-and-removal.patch
hwmon-w83795-09-use-2D-arrays-for-attributes.patch
hwmon-w83795-10-dedicated-arrays-for-pwm-attr.patch
hwmon-w83795-11-move-target-speed-to-pwm.patch
hwmon-w83795-12-add-const-markers.patch
hwmon-w83795-13-conditional-start-mon.patch
hwmon-w83795-14-fix-vin-gain.patch
hwmon-w83795-15-cleanup-probe.patch
hwmon-w83795-16-fix-fan-LSB-readings.patch
hwmon-w83795-17-support-dynamic-limits-for-in0-2.patch
hwmon-w83795-18-fix-PWM-duty-cycle-freq-attr.patch
hwmon-w83795-19-rename-temp-files.patch
hwmon-w83795-20-fix-handling-of-negative-temperatures.patch
hwmon-w83795-21-report-peci-tbase.patch
hwmon-w83795-22-rework-beep_enable.patch
hwmon-w83795-23-avoid-reading-the-same-register-twice.patch
hwmon-w83795-24-get-rid-of-VRLSB_SHIFT.patch
hwmon-w83795-25-fix-parity-checks.patch
hwmon-w83795-26-drop-REST_VLT-constants.patch
hwmon-w83795-27-clean-up-num-constants.patch
hwmon-w83795-28-clean-up-show-store-temp-mode.patch
hwmon-w83795-29-dont-pre-read-regs-we-will-update.patch
hwmon-w83795-30-improve-W83795_REG_PWM-efficiency.patch
hwmon-w83795-31-pack-register-loops.patch
hwmon-w83795-32-move-register-reads-to-functions.patch
hwmon-w83795-33-delay-reading-limits.patch
hwmon-w83795-34-delay-reading-pwm-config.patch
hwmon-w83795-35-use-dev_get_drvdata-when-possible.patch
hwmon-w83795-36-fix-in-min-max-LSB-readings.patch
hwmon-pcf8591-01-register-hwmon.patch
hwmon-pcf8591-02-dont-detect.patch
hwmon-move-hdaps-driver-to-x86.patch
hwmon-move-ams-driver-to-macintosh.patch
hwmon-i2c-addresses-are-constant.patch
hwmon-lm85-02-document-ADT7468-as-supported.patch
hwmon-lm85-03-add-high-freq-ADT7468-pwm-mode.patch
hwmon-remove-many-experimental-flags.patch
$ cd ../next
$ git fetch -f ../quilt-tmp master:quilt/jdelvare-hwmon
From ../quilt-tmp
 + 70154f8...bac5a9c master     -> quilt/jdelvare-hwmon  (forced update)
Importing kernel-doc based on 2.6.36-rc2
Unchanged quilt series kernel-doc
Importing rr based on v2.6.36-rc7-185-g53eeb64
$ cd ../quilt-tmp
$ git reset --hard 53eeb64e808971207350386121f4bab12fa2f45f
HEAD is now at 53eeb64 Merge branch 'fixes' of git://git.kernel.org/pub/scm/linux/kernel/git/djbw/async_tx
$ git quiltimport --author Rusty Russell <rusty@rustcorp.com.au> --patches ../quilt/rr
module:_trivial_fix_compiler_warning_in_kernel_s_c.patch
virtio:console_reset_vdev_before_removing_device.patch
virtio:console_remove_control_vq_data_only_if_using_multiport_support.patch
virtio:console_check_if_portdev_is_valid_in_send_control_msg.patch
virtio:console_un_block_reads_on_chardev_close.patch
virtio:console_unblock_poll_on_port_hot_unplug.patch
Context reduced to (1/1) to apply fragment at 654
virtio:console_make_read_return_enodev_on_hot_unplug.patch
virtio:console_make_write_return_enodev_on_hot_unplug.patch
virtio:console_remove_port_should_return_void.patch
virtio:console_open_use_a_common_path_for_error_handling.patch
virtio:console_add_a_list_of_portdevs_that_are_active.patch
virtio:console_add_a_find_port_by_devt_function.patch
virtio:console_use_cdev_alloc_instead_of_cdev_init.patch
virtio:console_add_reference_counting_for_port_struct.patch
virtio:console_reference_counting_portdev_structs_is_not_needed.patch
virtio:console_send_sigio_to_processes_that_request_it_for_host_events.patch
virtio:console_send_sigio_on_new_data_arrival_on_ports.patch
virtio:console_send_sigio_in_case_of_port_unplug.patch
virtio:console_disable_lseek_2_for_port_file_operations.patch
virtio:blk_remove_bkl_leftovers.patch
Context reduced to (2/2) to apply fragment at 222
misc:_1_re_more_modaliases_patchtool.patch
$ cd ../next
$ git fetch -f ../quilt-tmp master:quilt/rr
From ../quilt-tmp
 + 8a60a6f...18d5fef master     -> quilt/rr  (forced update)
Importing device-mapper based on block/for-next
	quilt series is empty
$ git update-ref refs/heads/quilt/device-mapper 76b45dde2c58b952a6d8d0eec97dd79835a7f301
Importing aoe based on v2.6.31-rc9
Unchanged quilt series aoe
Importing driver-core based on quilt/staging.current
Unchanged quilt series driver-core
Importing tty based on quilt/driver-core
$ cd ../quilt-tmp
$ git reset --hard 1ebb8eb186a5f1fd44ab17efaa4bd6e47adba005
HEAD is now at 1ebb8eb driver core: Convert link_mem_sections to use find_memory_block_hinted.
$ git quiltimport --author Greg KH <greg@kroah.com> --patches ../quilt/tty
tty-add-tty_struct-dev-pointer-to-corresponding-device-instance.patch
serport-place-serport-serio-device-correctly-in-the-device-tree.patch
serial-mfd-snprintf-returns-largish-values.patch
serial-add-console_poll-support-for-uartlite.patch
tty-remove-__gfp_nofail-from-tty_add_file.patch
ioctl-use-asm-generic-ioctls-h-on-arm
ioctl-use-asm-generic-ioctls-h-on-avr32
ioctl-use-asm-generic-ioctls-h-on-cris
ioctl-use-asm-generic-ioctls-h-on-frv
ioctl-use-asm-generic-ioctls-h-on-h8300
ioctl-use-asm-generic-ioctls-h-on-ia64
ioctl-use-asm-generic-ioctls-h-on-m32r
ioctl-use-asm-generic-ioctls-h-on-m68k
ioctl-use-asm-generic-ioctls-h-on-mn10300
ioctl-use-asm-generic-ioctls-h-on-s390
serial-core-skip-call-set_termios-console_start-when-no_console_suspend.patch
serial-core-restore-termios-settings-when-resume-console-ports.patch
add-ttyprintk-driver.patch
char-mxser-call-pci_disable_device-from-probe-remove.patch
tty_io-check-return-code-of-tty_register_device.patch
serial-mrst_max3110-some-code-cleanup.patch
serial-mrst_max3110-make-the-irq-option-runtime.patch
serial-max3107-fix-memory-leaks-when-returning-on-error.patch
tty-make-tiocgicount-a-handler.patch
/home/sfr/kernels/next/quilt-tmp/.git/rebase-apply/patch:47: space before tab in indent.
        	if (retval != -EINVAL)
warning: 1 line adds whitespace errors.
tty-convert-the-usb-drivers-to-the-new-icount-interface.patch
tty-icount-changeover-for-other-main-devices.patch
tty-fix-warning-left-over-from-tiocgicount-changes.patch
tty-add-a-new-file-proc-tty-consoles.patch
vcs-add-poll-fasync-support.patch
vcs-invoke-the-vt-update-callback-when-dev-vcs-is-written-to.patch
tty-maintainers-add-drivers-serial-jsm-as-maintained-driver.patch
serial-8250-don-t-delay-after-transmitter-is-ready.patch
serial-mark-the-8250-driver-as-maintained.patch
serial-factor-out-uart_poll_timeout-from-8250-driver.patch
altera_uart-add-support-for-polling-mode-irq-less.patch
altera_uart-add-support-for-getting-mapbase-and-irq-from-resources.patch
altera_uart-add-support-for-different-address-strides.patch
altera_uart-make-it-possible-to-use-altera-uart-and-8250-ports-together.patch
altera_uart-fixup-type-usage-of-port-flags.patch
altera_uart-fix-missing-prototype-for-registering-an-early-console.patch
altera_uart-don-t-use-plain-integer-as-null-pointer.patch
8250-allow-platforms-to-override-pm-hook.patch
alchemy-add-uart-pm-methods.patch
jsm-remove-the-uart-port-on-errors.patch
serial-mfd-add-more-baud-rates-support.patch
serial-imx-check-that-the-buffer-is-non-empty-before-sending-it-out.patch
$ cd ../next
$ git fetch -f ../quilt-tmp master:quilt/tty
From ../quilt-tmp
 + f00b99c...fe73ed0 master     -> quilt/tty  (forced update)
Importing usb based on quilt/tty
$ cd ../quilt-tmp
$ git reset --hard fe73ed0b731806004207ba3b55e9080cf78a6baf
HEAD is now at fe73ed0 serial/imx: check that the buffer is non-empty before sending it out
$ git quiltimport --author Greg KH <greg@kroah.com> --patches ../quilt/usb
usb-add-intel-langwell-usb-otg-transceiver-driver.patch
usb-langwell-usb-client-driver-code-cleanup.patch
/home/sfr/kernels/next/quilt-tmp/.git/rebase-apply/patch:2109: new blank line at EOF.
+
warning: 1 line adds whitespace errors.
usb-langwell-usb-client-endpoint-initialization.patch
usb-langwell-usb-client-phy-low-power-mode-setting.patch
usb-langwell-usb-client-remote-wakeup-support.patch
usb-langwell-usb-client-driver-memory-handling.patch
usb-gadget-dbgp-cleanup-remove-unneeded-check.patch
usb-sam-ba-add-driver-for-atmel-sam-boot-assistant-sam-ba.patch
usb-gadget-verify-vbus-current-before-setting-the-device-self-powered-bit.patch
usb-core-update-comment-to-match-current-function-name.patch
usb-gadget-g_multi-fixed-vendor-and-product-id.patch
usb-gadget-g_ffs-fixed-vendor-and-product-id.patch
usb-gadget-storage-remove-nofua-file-when-unbinding.patch
usb-gadget-mass_storage-optional-scsi-write-fua-bit.patch
usb-gadget-functionfs-code-cleanup.patch
usb-gadget-composite-better-string-override-handling.patch
usb-gadget-mass_storage-moved-strings-handling-code.patch
usb-gadget-g_multi-moved-strings-handling-code-to-composite.patch
usb-revert-usb-gadget-section-mismatch-warning-fixed.patch
usb-gadget-don-t-save-bind-callback-in-struct-usb_gadget_driver.patch
usb-gadget-don-t-save-bind-callback-in-struct-usb_composite_driver.patch
usb-gadget-don-t-save-bind-callback-in-struct-usb_configuration.patch
init.h-add-some-more-documentation-to-__ref-tags.patch
usb-gadget-amd5536udc.c-remove-double-test.patch
usb-output-an-error-message-when-the-pipe-type-doesn-t-match-the-endpoint-type.patch
usb-langwell-remove-unnecessary-return-s-from-void-functions.patch
usb-g_file_storage-don-t-generate-automatic-serial-string.patch
usb-kconfig-fix-typos-in-usb_functionfs-description.patch
usb-ehci-tdi-let-s-tdi_reset-set-host-mode.patch
usb-gadget-rndis-fix-up-coding-style-issues-in-the-file.patch
drivers-usb-ftdi-elan-sema.patch
usb-otg-add-common-data-structure-for-intel-mid-platform-langwell-penwell.patch
usb-otg-langwell-update-otg-kconfig-and-driver-version.patch
usb-r8a66597-udc-initialize-uninitialized-variable-fix-compile-warning.patch
usb-change-acm_iad_descriptor-bfunctionprotocol-to-usb_cdc_acm_proto_at_v25ter.patch
usb-ohci-sm501-add-iounmap-on-error-path.patch
ohci-work-around-for-nvidia-shutdown-problem.patch
usb-gadget-composite-prevent-oops-for-non-standard-control-request.patch
usb-isp1362-hcd-removes-config_usb_otg-dependent-code.patch
usb-gadget-remove-pr_-level-uses-of-kern_-level.patch
usb-option-add-more-zte-modem-usb-id-s.patch
uwb-use-pm-format-to-print-mac-address.patch
usb-teach-devices-file-about-wireless-and-superspeed-usb.patch
usb-host-oxu210hp-hcd-use-static-const-char-const-where-possible.patch
usb-ftdi_sio-add-pid-for-accesio-products.patch
usb-omap-ohci-missing-driver-unregister-in-module-exit.patch
usb-cp210x-add-renesas-rx-stick-device-id.patch
usb-option-add-new-onda-vendor-id-and-product-id-for-onda-mt825up.patch
usb-cdc.h-ncm-typo-and-style-fixes.patch
revert-usb-ncm-added-ncm.h-with-auxiliary-definitions.patch
usb-cdc.h-ncm-add-missed-constants-and-structures.patch
usb-atmel_usba_udc-force-vbus_pin-at-einval-when-gpio_request-failled.patch
usb-serial-enable-usb-autosuspend-by-default-on-qcserial.patch
usb-ftdi_sio-revert-usb-ftdi_sio-fix-dtr-rts-line-modes.patch
usb-cdc.h-ncm-fix-one-more-typo.patch
usb-qcserial-enable-diagnostics-monitor-and-gps-ports-on-gobi-2000.patch
usb-storage-use-usb_-prefix-instead-of-us_-prefix.patch
usb-move-usb-storage-definitions-to-their-own-header-file.patch
usb-add-uas-driver.patch
usb-gadget-file_storage-reuse-definitions-from-a-header-file.patch
usb-driver-for-meywa-denki-kayac-yurex.patch
/home/sfr/kernels/next/quilt-tmp/.git/rebase-apply/patch:33: new blank line at EOF.
+
warning: 1 line adds whitespace errors.
usb-yurex-assign-a-real-minor-number-to-the-driver.patch
usb-yurex-fix-memory-leak-and-corrupted-messages.patch
usb-musb-make-dbg-calls-actually-depend-on-config_usb_musb_debug.patch
usb-musb-introduce-da8xx-omap-l1x-glue-layer.patch
usb-musb-support-iso-high-bandwidth-for-gadget-mode.patch
usb-musb-musbhsdma-increase-max_len-to-1mb.patch
usb-musb-host-unmap-the-buffer-for-pio-data-transfers.patch
usb-musb-change-to-direct-addr-in-context-save-restore.patch
usb-musb-host-support-dma-transfers-greater-than-max-channel-length.patch
usb-musb-suppress-warning-about-unused-flags.patch
usb-musb-gadget-kill-unreachable-code-in-musb_g_rx.patch
usb-musb-ignore-spurious-sessreq-interrupts.patch
usb-musb-gadget-fix-zlp-sending-in-musb_g_tx-v1.patch
usb-musb-gadget-only-enable-autoclear-in-double-buffered-case.patch
usb-change-to-new-flag-variable.patch
usb-cdc-acm-fix-code-indentation.patch
usb-add-more-empty-functions-in-otg.h.patch
usb-add-pid-for-ftdi-based-opendcc-hardware.patch
usb-add-platform-glue-driver-for-fsl-usb-dr-controller.patch
usb-add-usb-ehci-support-for-mpc5121-soc.patch
usb-musb-fix-kernel-warning-oops-when-unloading-module-in-otg-mode.patch
usb-musb-blackfin-call-usb_nop_xceiv_unregister-in-musb_platform_exit.patch
usb-musb-blackfin-call-gpio_free-on-error-path-in-musb_platform_init.patch
usb-uhci-add-native-scatter-gather-support-v1.patch
usb-langwell_udc-fix-big-file-transfer-issue.patch
usb-langwell_udc-cancel-pending-requests-when-controller-is-suspended.patch
usb-disable-endpoints-after-unbinding-interfaces-not-before.patch
usb-usbtest-fix-coding-style.patch
usb-usbtest-ensure-correct-isoc-data-length.patch
usb-imx21-hcd-remove-unused-variable.patch
usb-imx21-hcd-refactor-hardware-data-memory-management.patch
usb-imx21-hcd-fix-isochronous-endpoint-idle.patch
usb-introduce-unmap_urb_setup_for_dma.patch
usb-imx21-hcd-accept-arbitary-transfer-buffer-alignement.patch
usb-gadget-goku_udc-fix-error-path.patch
scsi-sr-add-no_read_disc_info-scsi_device-flag.patch
usb-storage-add-new-no_read_disc_info-quirk.patch
scsi-sd-add-a-no_read_capacity_16-scsi_device-flag.patch
usb-storage-add-new-no_read_capacity_16-quirk.patch
usb-do-not-print-eshutdown-message-if-usb-at-otg-device-mode.patch
usb-cp210x-add-wago-750-923-service-cable-device-id.patch
usb-core-endpoint-fix-error-path.patch
usb-gadget-dummy_hcd-fix-error-path.patch
usb-makefile-cleanup.patch
usb-gadget-storage-reuse-definitions-from-scsi.h-header-file.patch
usb-usb3.0-ch9-definitions.patch
usb-ftdi_sio-new-vid-pids-for-various-papouch-devices.patch
usb-visor-fix-initialisation-of-ux50-th55-devices.patch
usb-iowarrior-don-t-trust-report_size-for-buffer-size.patch
usb-ftdi_sio-set-device-latency-timeout-at-port-probe.patch
usb-opticon-fix-long-standing-bugs-in-opticon-driver.patch
usb-opticon-add-opticon-opn2001-write-support.patch
usb-opticon-whitespace-fixes-in-opticon-driver.patch
usb-otg-ulpi-improve-ulpi-phy-detection.patch
usb-otg-ulpi-extend-id-s-table.patch
usb-r8a66597-hcd-change-mistake-of-the-outsw-function.patch
usb-xhci-add-pointer-to-udev-in-struct-xhci_virt_device.patch
usb-xhci-change-xhci_reset_device-to-allocate-new-device.patch
usb-core-use-kernel-assigned-address-for-devices-under-xhci.patch
usb-fix-issue-with-usb-3.0-devices-after-system-resume.patch
usb-xhci-port-power-management-implementation.patch
usb-xhci-port-remote-wakeup-implementation.patch
usb-xhci-bus-power-management-implementation.patch
usb-xhci-pci-power-management-implementation.patch
usb-accept-some-invalid-ep0-maxpacket-values.patch
$ cd ../next
$ git fetch -f ../quilt-tmp master:quilt/usb
From ../quilt-tmp
 + 9dc24ca...6c21737 master     -> quilt/usb  (forced update)
