Importing driver-core.current based on 2.6.35-rc1
Unchanged quilt series driver-core.current
Importing tty.current based on quilt/driver-core.current
Unchanged quilt series tty.current
Importing usb.current based on quilt/tty.current
Unchanged quilt series usb.current
Importing staging.current based on quilt/usb.current
Unchanged quilt series staging.current
Importing i2c based on 2.6.35-rc1-git1
$ git clone -s -l -n -q . ../quilt-tmp
$ cd ../quilt-tmp
$ git reset --hard aef4b9aaae1decc775778903922bd0075cce7a88
HEAD is now at aef4b9a Merge branch 'next' of git://git.kernel.org/pub/scm/linux/kernel/git/benh/powerpc
$ git quiltimport --author Jean Delvare <khali@linux-fr.org> --patches ../quilt/i2c
i2c-documentation-checkpatch-cleanup.patch
i2c-core-01-share-address-probing-code.patch
i2c-core-02-check-for-address-validity.patch
i2c-core-03-document-invalid-addresses.patch
i2c-core-04-rename-i2c_check_addr.patch
i2c-busses-move-two-drivers-to-embedded-section.patch
i2c-remove-all-i2c_set_clientdata-client-null-in-drivers.patch
i2c-dev-01-remove-unnecessary-kmalloc-casts.patch
i2c-dev-02-use-memdup_user.patch
$ cd ../next
$ git fetch -f ../quilt-tmp master:quilt/i2c
From ../quilt-tmp
 + 7ace3b1...c288f74 master     -> quilt/i2c  (forced update)
Importing jdelvare-hwmon based on 2.6.35-rc1-git1
$ cd ../quilt-tmp
$ git reset --hard aef4b9aaae1decc775778903922bd0075cce7a88
HEAD is now at aef4b9a Merge branch 'next' of git://git.kernel.org/pub/scm/linux/kernel/git/benh/powerpc
$ git quiltimport --author Jean Delvare <khali@linux-fr.org> --patches ../quilt/jdelvare-hwmon
hwmon-k10temp-refine-erratum-319-detection.patch
hwmon-ltc4245-expose-all-gpio-pins-as-analog-voltages.patch
hwmon-emc1403-add-power-support.patch
$ cd ../next
$ git fetch -f ../quilt-tmp master:quilt/jdelvare-hwmon
From ../quilt-tmp
 + 303c97b...abc1c6f master     -> quilt/jdelvare-hwmon  (forced update)
Importing kernel-doc based on 2.6.34-git8
Unchanged quilt series kernel-doc
Importing rr based on v2.6.35-rc1-194-gaef4b9a
$ cd ../quilt-tmp
$ git reset --hard aef4b9aaae1decc775778903922bd0075cce7a88
HEAD is now at aef4b9a Merge branch 'next' of git://git.kernel.org/pub/scm/linux/kernel/git/benh/powerpc
$ git quiltimport --author Rusty Russell <rusty@rustcorp.com.au> --patches ../quilt/rr
module:make_the_usage_lists_be_two_way.patch
module:make_the_usage_lists_be_two_way-fix.patch
module:move-sysfs-init-to-end.patch
module:sysfs-function-cleanup.patch
module:reduce-locking.patch
module:reduce-locking-find-fix.patch
module:reduce-locking-verify-fix.patch
module:fix-libcrc32-waiting-bug.patch
module:unload_init_cleanup.patch
module:refactor-load-module-1.patch
module:refactor-load-module-2.patch
module:refactor-load-module-3.patch
module:refactor-load-module-4.patch
module:refactor-load-module-5.patch
virtio:blk_fix_minimum_number_of_s_g_elements.patch
virtio:console_fix_crash_when_hot_unplugging_a_port_and_read_is_blocked.patch
virtio:console_fix_crash_when_port_is_unplugged_and_blocked_for_write.patch
misc:fix-email.patch
kernel-params_c-check-null-for-non-bool.diff
param:neaten-param.c-exports.patch
param:param_ops.patch
param:param_ops-for-hvc_iucv-driver.patch
param:param_ops-modpost-complaint-silence.patch
param:add-free-hook.patch
param:use-free-hook-for-charp.patch
param:params-are-const.patch
param:kernel_param_lock.patch
param:documentation.patch
param:remove-useless-writable-charp.patch
param:lock-charp-simple.patch
param:lock-charp-myri10ge.patch
param:lock-charp-if_sdio.patch
param:ipmi_watchdog.patch
param:cleanup-ide.patch
param:cleanup-mptbase.patch
param:acpi-use-ops.patch
$ cd ../next
$ git fetch -f ../quilt-tmp master:quilt/rr
From ../quilt-tmp
 + e549b52...3d8ca64 master     -> quilt/rr  (forced update)
Importing device-mapper based on v2.6.34
Unchanged quilt series device-mapper
Importing aoe based on v2.6.31-rc9
Unchanged quilt series aoe
Importing driver-core based on quilt/staging.current
Unchanged quilt series driver-core
Importing tty based on quilt/driver-core
Unchanged quilt series tty
Importing usb based on quilt/tty
Unchanged quilt series usb
