Importing i2c based on 2.6.37-rc8-git5
$ git clone -s -l -n -q . ../quilt-tmp
$ cd ../quilt-tmp
$ git reset --hard 989d873fc5b6a96695b97738dea8d9f02a60f8ab
HEAD is now at 989d873 Merge master.kernel.org:/home/rmk/linux-2.6-arm
$ git quiltimport --author Jean Delvare <khali@linux-fr.org> --patches ../quilt/i2c
i2c-i801-include-linux-slab-h.patch
i2c-nforce2-remove-unnecessary-cast-of-pci_get_drvdata.patch
i2c-add-generic-i2c-multiplexer-using-gpio-api.patch
i2c-algo-bit-01-refactor-adapter-registration.patch
i2c-algo-bit-02-warn-about-read-only-SCL.patch
i2c-helpers-make-client-const.patch
$ cd ../next
$ git fetch -f ../quilt-tmp master:quilt/i2c
From ../quilt-tmp
 + 0c0e593...7b9da90 master     -> quilt/i2c  (forced update)
Importing jdelvare-hwmon based on 2.6.37-rc8-git5
Unchanged quilt series jdelvare-hwmon
Importing kernel-doc based on 2.6.37-rc4
Unchanged quilt series kernel-doc
Importing rr based on v2.6.37-rc5
Unchanged quilt series rr
Importing device-mapper based on v2.6.37-rc6-186-ge5fcdb7
$ cd ../quilt-tmp
$ git reset --hard e5fcdb7ed856b714c878ad470040fe832cbe462b
HEAD is now at e5fcdb7 Merge branch 'tty-linus' of git://git.kernel.org/pub/scm/linux/kernel/git/gregkh/tty-2.6
$ git quiltimport --author Alasdair G Kergon <agk@redhat.com> --patches ../quilt/device-mapper
dm-dont-take-i_mutex-to-change-device-size.patch
dm-mpath-disable-blk_abort_queue.patch
dm-io-remove-BIO_RW_SYNCIO-flag-from-kcopyd.patch
dm-ioctl-allow-rename-to-fill-empty-uuid.patch
dm-raid1-support-discard.patch
dm-remove-dm_mutex-after-bkl-conversion.patch
dm-crypt-set-key-size-early.patch
dm-log-userspace-trap-all-failed-log-construction-errors.patch
dm-kcopyd-delay-unplugging.patch
dm-log-userspace-split-flush-queue.patch
dm-log-userspace-group-clear-and-mark-requests.patch
dm-log-userspace-add-version-number-to-comms.patch
$ cd ../next
$ git fetch -f ../quilt-tmp master:quilt/device-mapper
From ../quilt-tmp
 + 96ae22d...221d51a master     -> quilt/device-mapper  (forced update)
