Unchanged quilt series driver-core.current
Unchanged quilt series usb.current
Unchanged quilt series driver-core
Unchanged quilt series usb
Unchanged quilt series device-mapper
Importing i2c based on 2.6.26-rc7-git1
$ git checkout quilt/i2c
Switched to branch "quilt/i2c"
$ git reset --hard 481c5346d0981940ee63037eb53e4e37b0735c10
HEAD is now at 481c534 Slab: Fix memory leak in fallback_alloc()
$ git quiltimport --author Jean Delvare <khali@linux-fr.org> --patches ../quilt/i2c
i2c-documentation-fix-device-matching-description.patch
i2c-use-class_for_each_device.patch
i2c-davinci-01-clock-between-7-12-mhz.patch
i2c-davinci-02-move-dev_dbg-statement-for-more-output.patch
i2c-davinci-03-remove-useless-ivr-read.patch
i2c-davinci-04-fix-signal-handling-bug.patch
i2c-davinci-05-initialize-cmd_complete-sooner.patch
i2c-nforce2-add-tyan-s4985-spport.patch
i2c-remove-3-deprecated-bus-drivers.patch
i2c-bfin-twi-update-dependencies.patch
i2c-document-standard-fault-codes.patch
i2c-core-remove-useless-include.patch
i2c-core-return-proper-error-codes.patch
i2c-group-bus-drivers.patch
i2c-delete-i2c_smbus_write_quick.patch
i2c-update-refs-to-smbus_access.patch
i2c-kerneldoc-for-most-i-o-calls.patch
i2c-i2c_use_client-defends-against-null.patch
i2c-adapters-return-proper-error-codes.patch
i2c-piix4-more-cleanups.patch
i2c-bus-fix-handling-of-unsupported-transactions.patch
i2c-pca-algo-fix-errorcode.patch
i2c-pca-platform-fix-errorcode.patch
i2c-core-use-list_for_each_entry_safe.patch
i2c-simplify-i2c_del_driver.patch
i2c-add-intel-sch-i2c-smbus-support.patch
i2c-push-ioctl-bkl-down-into-the-i2c-code.patch
i2c-add-support-for-i2c-bus-on-freescale-cpm1-cpm2-controllers.patch
i2c-add-maintainer-entry-for-i2c-cpm.patch
i2c-01-fb-drivers-declare-ddc-class.patch
i2c-02-bus-drivers-declare-spd-class.patch
i2c-03-eeprom-should-not-probe-all-adapters.patch
i2c-eeprom-use-word-read-transactions.patch
i2c-core-simplify-i2c_device_probe.patch
i2c-ibm_iic-remove-deprecated-ocp-style-part.patch
i2c-ibm_iic-enable-driver-for-all-ppc4xx-variants-in-arch-powerpc.patch
i2c-pxa-initialize-early.patch
i2c-deprecate-the-legacy-gpio-drivers.patch
i2c-algo-pcf-lab_mdelay.patch
i2c-algo-pcf-drop-unused-fields.patch
i2c-i801-01-less-verbose-debug.patch
i2c-i801-02-report-arbitration-loss.patch
i2c-i801-03-rename-temp-to-status.patch
i2c-i801-04-fix-handling-of-error-conditions.patch
i2c-sibyte-swarm-i2c-board-initialization.patch
i2c-ocores-basic-pm-support.patch
i2c-acpi-check-conflict.patch
i2c-drop-stray-references-to-lm_sensors.patch
i2c-clean-up-old-chip-drivers.patch
i2c-core-add-detection-capability-to-new-style-drivers.patch
i2c-eeprom-convert-to-new-style.patch
i2c-pcf8591-convert-to-new-style.patch
i2c-pcf8574-convert-to-new-style.patch
i2c-pcf8575-convert-to-new-style.patch
i2c-pca9539-convert-to-new-style.patch
i2c-max6875-convert-to-new-style.patch
i2c-isp1301_omap-convert-to-new-style-part-1.patch
i2c-isp1301_omap-convert-to-new-style-part-2.patch
w1-ds2482-convert-to-new-style.patch
video-matrox-maven-fix-error-path.patch
video-matrox-clean-up-i2c-templates.patch
video-matrox-maven-convert-to-new-style.patch
Context reduced to (1/1) to apply fragment at 45
hwmon-adm1025-convert-to-new-style.patch
hwmon-f75375s-drop-legacy-driver.patch
hwmon-lm63-convert-to-new-style.patch
hwmon-lm77-convert-to-new-style.patch
hwmon-lm80-convert-to-new-style.patch
hwmon-lm83-convert-to-new-style.patch
hwmon-lm90-convert-to-new-style.patch
hwmon-lm92-convert-to-new-style.patch
hwmon-max1619-convert-to-new-style.patch
Unchanged quilt series kernel-doc
Unchanged quilt series ide
Unchanged quilt series m68k
Importing rr based on v2.6.26-rc6-93-g0665190
$ git checkout quilt/rr
Switched to branch "quilt/rr"
$ git reset --hard 066519068ad2fbe98c7f45552b1f592903a9c8c8
HEAD is now at 0665190 Merge git://git.kernel.org/pub/scm/linux/kernel/git/bart/ide-2.6
$ git quiltimport --author Rusty Russell <rusty@rustcorp.com.au> --patches ../quilt/rr
lguest:network-counters.patch
virtio:net-no-notify-on-full.patch
module:generic-symbol-iterator.patch
module:reorder_struct_to_save_space_on_64_bit_builds.patch
module:shrink-struct-module.patch
module:longs-to-ints.patch
misc:sched_setscheduler-nocheck.patch
virtio:use_bus_type_probe_and_remove_methods.patch
virtio:fix_net_xmit_of_freed_skb_bug.patch
lguest:don_t_leak_dev_zero_fd.patch
lguest:support_assigning_a_mac_address.patch
lguest:support_assigning_a_mac_address-minor-changes.patch
lguest:rng.patch
lguest:use_cpu_capability_accessors.patch
misc:hvc_console_rework_setup_to_replace_irq_functions_with_callbacks.patch
virtio:console_use_virtqueue_notification_for_hvc_console.patch
virtio:s390_use_console_for_kvm_on_s390.patch
virtio:net_add_ethtool_ops_for_sg_gso.patch
virtio:net_allow_receiving_sg_packets.patch
virtio:net_set_net_f_guest_csum_feature.patch
virtio:net-recycle-unused-pages.patch
virtio:transport-features.patch
virtio:vring-enhance.patch
lguest:publish-indices.patch
virtio:blk_check_for_hardsector_size_from_host.patch
lguest:net-no-recv-exit.patch
lguest:net-defer-kick.patch
misc:tun-gso-csum-features.patch
misc:tun_hold_rtnl_lock_while_changing_dev_features.patch
misc:tun-gso-header.patch
lguest:remove-network-no-buffer-warning.patch
lguest:gso.patch
lguest:enlarge-rings.patch
misc:add_all_cpus_option_to_stop_machine_run.patch
stop_machine:simplify.patch
misc:kernel-locking-doc-remove-semaphores.patch
.dotest/patch:61: trailing whitespace.
       and <function>mutex_unlock()</function> to release it.  There is also a 
.dotest/patch:62: trailing whitespace.
       <function>mutex_lock()</function>, which should be avoided, because it 
.dotest/patch:68: trailing whitespace.
       Example: <filename>net/netfilter/nf_sockopt.c</filename> allows 
warning: 3 lines add whitespace errors.
misc:kthread-printf-attribute.patch
misc:cast_if_type.patch
misc:typesafe_cb.patch
misc:stop_machine-typesafe.patch
misc:kthread-typesafe.patch
misc:timer-typesafe.patch
misc:introduce-down_nowait.patch
misc:down_nowait.patch
misc:down_nowait-documentation.patch
misc:down_nowait-arch_ia64_kernel_salinfo.patch
misc:down_nowait-drivers_char_snsc.patch
misc:down_nowait-drivers_char_viotape.patch
misc:down_nowait-drivers_infiniband_core_user_mad.patch
misc:down_nowait-drivers_input_serio_hil_mlc.patch
misc:down_nowait-drivers_input_serio_hp_sdc_mlc.patch
misc:down_nowait-drivers_md_dm-raid1.patch
misc:down_nowait-drivers_net_3c527.patch
misc:down_nowait-drivers_net_irda_sir_dev.patch
misc:down_nowait-drivers_net_wireless_airo.patch
misc:down_nowait-drivers_scsi_aacraid_commsup.patch
misc:down_nowait-drivers_usb_core_usb.patch
misc:down_nowait-drivers_usb_gadget_inode.patch
misc:down_nowait-fs_reiserfs_journal.patch
misc:down_nowait-xfs.patch
misc:down_nowait-kernel_printk.patch
